node.exe : npm verbose cli C:\Program Files\nodejs\node.exe C:\Program 
Files\nodejs\node_modules\npm\bin\npm-cli.js
At C:\Program Files\nodejs\npm.ps1:29 char:3
+   & $NODE_EXE $NPM_CLI_JS $args
+   ~~~~~~~~~~~~~~~~~~~~~~~~~~~~~
    + CategoryInfo          : NotSpecified: (npm verbose cli...\bin\npm-cli.js:Strin 
   g) [], RemoteException
    + FullyQualifiedErrorId : NativeCommandError
 
npm info using npm@11.3.0
npm info using node@v24.2.0
npm verbose title npm run test:jest
npm verbose argv "run" "test:jest" "--loglevel" "verbose"
npm verbose logfile logs-max:10 
dir:C:\Users\hp\AppData\Local\npm-cache\_logs\2026-02-26T18_56_23_152Z-
npm verbose logfile 
C:\Users\hp\AppData\Local\npm-cache\_logs\2026-02-26T18_56_23_152Z-debug-0.log

> ecommerce-backend@1.0.0 test:jest
> jest

  console.log
    [dotenv@17.3.1] injecting env (32) from .env -- tip: ≡ƒöÉ prevent building .env in docker: https://dotenvx.com/prebuild

      at _log (C:\Users\hp\OneDrive - bdu.edu.et(Bahir Dar)../../../../../../Internship/Ethiopia Ecommerce/ecommerce-backend/node_modules/dotenv/lib/main.js:139:11)

  console.log
    [dotenv@17.3.1] injecting env (0) from .env -- tip: ΓÜÖ∩╕Å  load multiple .env files with { path: ['.env.local', '.env'] }

      at _log (C:\Users\hp\OneDrive - bdu.edu.et(Bahir Dar)../../../../../../Internship/Ethiopia Ecommerce/ecommerce-backend/node_modules/dotenv/lib/main.js:139:11)

  console.log
    [dotenv@17.3.1] injecting env (0) from .env -- tip: ≡ƒ¢í∩╕Å auth for agents: https://vestauth.com

      at _log (C:\Users\hp\OneDrive - bdu.edu.et(Bahir Dar)../../../../../../Internship/Ethiopia Ecommerce/ecommerce-backend/node_modules/dotenv/lib/main.js:139:11)

  console.log
    [dotenv@17.3.1] injecting env (0) from .env -- tip: ΓÜí∩╕Å secrets for agents: https://dotenvx.com/as2

      at _log (C:\Users\hp\OneDrive - bdu.edu.et(Bahir Dar)../../../../../../Internship/Ethiopia Ecommerce/ecommerce-backend/node_modules/dotenv/lib/main.js:139:11)

  console.log
    [dotenv@17.3.1] injecting env (0) from .env -- tip: ΓÜÖ∩╕Å  override existing env vars with { override: true }

      at _log (C:\Users\hp\OneDrive - bdu.edu.et(Bahir Dar)../../../../../../Internship/Ethiopia Ecommerce/ecommerce-backend/node_modules/dotenv/lib/main.js:139:11)

  console.log
    [dotenv@17.3.1] injecting env (0) from .env -- tip: ≡ƒ¢í∩╕Å auth for agents: https://vestauth.com

      at _log (C:\Users\hp\OneDrive - bdu.edu.et(Bahir Dar)../../../../../../Internship/Ethiopia Ecommerce/ecommerce-backend/node_modules/dotenv/lib/main.js:139:11)

  console.warn
    Firebase Service Account Key not found. Push Notifications will be disabled. Check PUSH_NOTIFICATIONS_SETUP_GUIDE.md for setup instructions.

    [0m [90m 20 |[39m   }
     [90m 21 |[39m } [36melse[39m {
    [31m[1m>[22m[39m[90m 22 |[39m   console[33m.[39mwarn([32m'Firebase Service Account Key not found. Push Notifications will be disabled. Check PUSH_NOTIFICATIONS_SETUP_GUIDE.md for setup instructions.'[39m)[33m;[39m
     [90m    |[39m           [31m[1m^[22m[39m
     [90m 23 |[39m }
     [90m 24 |[39m
     [90m 25 |[39m [90m/**[39m[0m

      at Object.warn (C:\Users\hp\OneDrive - bdu.edu.et(Bahir Dar)../../../../../../Internship/Ethiopia Ecommerce/ecommerce-backend/src/services/pushNotificationService.js:22:11)
      at Object.require (C:\Users\hp\OneDrive - bdu.edu.et(Bahir Dar)../../../../../../Internship/Ethiopia Ecommerce/ecommerce-backend/src/services/notificationService.js:1:34)
      at Object.require (C:\Users\hp\OneDrive - bdu.edu.et(Bahir Dar)../../../../../../Internship/Ethiopia Ecommerce/ecommerce-backend/src/services/orderStatusService.js:2:29)
      at Object.require (C:\Users\hp\OneDrive - bdu.edu.et(Bahir Dar)../../../../../../Internship/Ethiopia Ecommerce/ecommerce-backend/src/controllers/sellerController.js:9:28)
      at Object.require (C:\Users\hp\OneDrive - bdu.edu.et(Bahir Dar)../../../../../../Internship/Ethiopia Ecommerce/ecommerce-backend/src/routes/sellerRoutes.js:3:26)
      at Object.require (C:\Users\hp\OneDrive - bdu.edu.et(Bahir Dar)../../../../../../Internship/Ethiopia Ecommerce/ecommerce-backend/src/server.js:18:22)
      at Object.require (C:\Users\hp\OneDrive - bdu.edu.et(Bahir Dar)../../../../../../Internship/Ethiopia Ecommerce/ecommerce-backend/test/bugfix/chapa-payment-database-validation-preservation.test.js:22:13)

  console.log
    Initializing database connection...

      at log (C:\Users\hp\OneDrive - bdu.edu.et(Bahir Dar)../../../../../../Internship/Ethiopia Ecommerce/ecommerce-backend/src/server.js:165:13)

  console.log
    Γ£ô Database 'ecommerce_db' is ready

      at log (C:\Users\hp\OneDrive - bdu.edu.et(Bahir Dar)../../../../../../Internship/Ethiopia Ecommerce/ecommerce-backend/src/config/database.js:19:13)

  console.log
    Γ£ô Database connection established successfully (attempt 1/3)

      at log (C:\Users\hp\OneDrive - bdu.edu.et(Bahir Dar)../../../../../../Internship/Ethiopia Ecommerce/ecommerce-backend/src/config/database.js:81:15)

  console.log
    Validating payment configuration...

      at log (C:\Users\hp\OneDrive - bdu.edu.et(Bahir Dar)../../../../../../Internship/Ethiopia Ecommerce/ecommerce-backend/src/server.js:169:13)

  console.log
    Γ£ô Payment configuration validated successfully

      at log (C:\Users\hp\OneDrive - bdu.edu.et(Bahir Dar)../../../../../../Internship/Ethiopia Ecommerce/ecommerce-backend/src/config/payment.js:78:11)

  console.log
      Environment: test

      at log (C:\Users\hp\OneDrive - bdu.edu.et(Bahir Dar)../../../../../../Internship/Ethiopia Ecommerce/ecommerce-backend/src/config/payment.js:79:11)

  console.log
      Test Mode: ENABLED

      at log (C:\Users\hp\OneDrive - bdu.edu.et(Bahir Dar)../../../../../../Internship/Ethiopia Ecommerce/ecommerce-backend/src/config/payment.js:80:11)

  console.log
      Currency: ETB

      at log (C:\Users\hp\OneDrive - bdu.edu.et(Bahir Dar)../../../../../../Internship/Ethiopia Ecommerce/ecommerce-backend/src/config/payment.js:81:11)

  console.log
    Validating Chapa URLs...

      at log (C:\Users\hp\OneDrive - bdu.edu.et(Bahir Dar)../../../../../../Internship/Ethiopia Ecommerce/ecommerce-backend/src/server.js:173:13)

  console.log
    Γ£ô CHAPA_CALLBACK_URL: http://localhost:5000/api/payments/webhook

      at log (C:\Users\hp\OneDrive - bdu.edu.et(Bahir Dar)../../../../../../Internship/Ethiopia Ecommerce/ecommerce-backend/src/server.js:239:15)

  console.log
    Γ£ô CHAPA_RETURN_URL: http://localhost:3000/payment/return

      at log (C:\Users\hp\OneDrive - bdu.edu.et(Bahir Dar)../../../../../../Internship/Ethiopia Ecommerce/ecommerce-backend/src/server.js:296:15)

  console.log
    Synchronizing database models...

      at log (C:\Users\hp\OneDrive - bdu.edu.et(Bahir Dar)../../../../../../Internship/Ethiopia Ecommerce/ecommerce-backend/src/server.js:310:13)

  console.log
    
    === Preservation Test 1.1: Successful Payment Flow ===

      at Object.log (C:\Users\hp\OneDrive - bdu.edu.et(Bahir Dar)../../../../../../Internship/Ethiopia Ecommerce/ecommerce-backend/test/bugfix/chapa-payment-database-validation-preservation.test.js:153:15)

::ffff:127.0.0.1 - - [26/Feb/2026:18:56:28 +0000] "POST /api/orders HTTP/1.1" 400 411 "-" "-"
  console.log
    
    === Preservation Test 1.2: Payment Verification ===

      at Object.log (C:\Users\hp\OneDrive - bdu.edu.et(Bahir Dar)../../../../../../Internship/Ethiopia Ecommerce/ecommerce-backend/test/bugfix/chapa-payment-database-validation-preservation.test.js:213:15)

::ffff:127.0.0.1 - - [26/Feb/2026:18:56:28 +0000] "POST /api/orders HTTP/1.1" 400 411 "-" "-"
  console.log
    
    === Preservation Test 2.1: Amount Validation ===

      at Object.log (C:\Users\hp\OneDrive - bdu.edu.et(Bahir Dar)../../../../../../Internship/Ethiopia Ecommerce/ecommerce-backend/test/bugfix/chapa-payment-database-validation-preservation.test.js:280:15)

::ffff:127.0.0.1 - - [26/Feb/2026:18:56:28 +0000] "POST /api/orders HTTP/1.1" 400 411 "-" "-"
  console.log
    
    === Preservation Test 2.2: Email Validation ===

      at Object.log (C:\Users\hp\OneDrive - bdu.edu.et(Bahir Dar)../../../../../../Internship/Ethiopia Ecommerce/ecommerce-backend/test/bugfix/chapa-payment-database-validation-preservation.test.js:345:15)

::ffff:127.0.0.1 - - [26/Feb/2026:18:56:28 +0000] "POST /api/orders HTTP/1.1" 400 411 "-" "-"
  console.log
    
    === PROPERTY TEST 17.4.1: Invalid Amount Rejection ===

      at Object.log (C:\Users\hp\OneDrive - bdu.edu.et(Bahir Dar)../../../../../../Internship/Ethiopia Ecommerce/ecommerce-backend/test/bugfix/chapa-payment-database-validation-preservation.test.js:405:15)

  console.log
    Testing that all invalid amounts are rejected...

      at Object.log (C:\Users\hp\OneDrive - bdu.edu.et(Bahir Dar)../../../../../../Internship/Ethiopia Ecommerce/ecommerce-backend/test/bugfix/chapa-payment-database-validation-preservation.test.js:406:15)

  console.log
    Γ£ô Database models synchronized

      at log (C:\Users\hp\OneDrive - bdu.edu.et(Bahir Dar)../../../../../../Internship/Ethiopia Ecommerce/ecommerce-backend/src/server.js:313:13)

  console.log
    Γ£ô Server is running on port 5000

      at Server.log (C:\Users\hp\OneDrive - bdu.edu.et(Bahir Dar)../../../../../../Internship/Ethiopia Ecommerce/ecommerce-backend/src/server.js:319:15)

  console.log
    Γ£ô Environment: test

      at Server.log (C:\Users\hp\OneDrive - bdu.edu.et(Bahir Dar)../../../../../../Internship/Ethiopia Ecommerce/ecommerce-backend/src/server.js:320:15)

  console.log
    Γ£ô API URL: http://localhost:5000

      at Server.log (C:\Users\hp\OneDrive - bdu.edu.et(Bahir Dar)../../../../../../Internship/Ethiopia Ecommerce/ecommerce-backend/src/server.js:321:15)

  console.log
    Γ£ô Local Network: http://192.168.100.105:5000

      at Server.log (C:\Users\hp\OneDrive - bdu.edu.et(Bahir Dar)../../../../../../Internship/Ethiopia Ecommerce/ecommerce-backend/src/server.js:322:15)

  console.log
    Γ£ô Rate Limiting: Unauthenticated (500/15min), Authenticated (5000/15min)

      at Server.log (C:\Users\hp\OneDrive - bdu.edu.et(Bahir Dar)../../../../../../Internship/Ethiopia Ecommerce/ecommerce-backend/src/server.js:323:15)

  console.log
    
    === Chapa Payment Configuration ===

      at Server.log (C:\Users\hp\OneDrive - bdu.edu.et(Bahir Dar)../../../../../../Internship/Ethiopia Ecommerce/ecommerce-backend/src/server.js:324:15)

  console.log
    Callback URL: http://localhost:5000/api/payments/webhook

      at Server.log (C:\Users\hp\OneDrive - bdu.edu.et(Bahir Dar)../../../../../../Internship/Ethiopia Ecommerce/ecommerce-backend/src/server.js:325:15)

  console.log
    Return URL: http://localhost:3000/payment/return

      at Server.log (C:\Users\hp\OneDrive - bdu.edu.et(Bahir Dar)../../../../../../Internship/Ethiopia Ecommerce/ecommerce-backend/src/server.js:326:15)

  console.log
    ===================================

      at Server.log (C:\Users\hp\OneDrive - bdu.edu.et(Bahir Dar)../../../../../../Internship/Ethiopia Ecommerce/ecommerce-backend/src/server.js:327:15)

  console.log
    
    === PROPERTY TEST 17.4.2: Invalid Currency Rejection ===

      at Object.log (C:\Users\hp\OneDrive - bdu.edu.et(Bahir Dar)../../../../../../Internship/Ethiopia Ecommerce/ecommerce-backend/test/bugfix/chapa-payment-database-validation-preservation.test.js:499:15)

  console.log
    Testing that all invalid currencies are rejected...

      at Object.log (C:\Users\hp\OneDrive - bdu.edu.et(Bahir Dar)../../../../../../Internship/Ethiopia Ecommerce/ecommerce-backend/test/bugfix/chapa-payment-database-validation-preservation.test.js:500:15)

  console.log
    
    === PROPERTY TEST 17.4.3: Invalid Email Rejection ===

      at Object.log (C:\Users\hp\OneDrive - bdu.edu.et(Bahir Dar)../../../../../../Internship/Ethiopia Ecommerce/ecommerce-backend/test/bugfix/chapa-payment-database-validation-preservation.test.js:597:15)

  console.log
    Testing that all invalid email formats are rejected...

      at Object.log (C:\Users\hp\OneDrive - bdu.edu.et(Bahir Dar)../../../../../../Internship/Ethiopia Ecommerce/ecommerce-backend/test/bugfix/chapa-payment-database-validation-preservation.test.js:598:15)

  console.log
    
    === PROPERTY TEST 17.4.4: Error Message Clarity ===

      at Object.log (C:\Users\hp\OneDrive - bdu.edu.et(Bahir Dar)../../../../../../Internship/Ethiopia Ecommerce/ecommerce-backend/test/bugfix/chapa-payment-database-validation-preservation.test.js:694:15)

  console.log
    Testing that validation error messages are clear and actionable...

      at Object.log (C:\Users\hp\OneDrive - bdu.edu.et(Bahir Dar)../../../../../../Internship/Ethiopia Ecommerce/ecommerce-backend/test/bugfix/chapa-payment-database-validation-preservation.test.js:695:15)

  console.log
    
    === PROPERTY TEST 17.4.5: Combined Validation Failures ===

      at Object.log (C:\Users\hp\OneDrive - bdu.edu.et(Bahir Dar)../../../../../../Internship/Ethiopia Ecommerce/ecommerce-backend/test/bugfix/chapa-payment-database-validation-preservation.test.js:784:15)

  console.log
    Testing that multiple validation failures are handled correctly...

      at Object.log (C:\Users\hp\OneDrive - bdu.edu.et(Bahir Dar)../../../../../../Internship/Ethiopia Ecommerce/ecommerce-backend/test/bugfix/chapa-payment-database-validation-preservation.test.js:785:15)

  console.log
    
    === Preservation Test 3.1: Webhook Signature Verification ===

      at Object.log (C:\Users\hp\OneDrive - bdu.edu.et(Bahir Dar)../../../../../../Internship/Ethiopia Ecommerce/ecommerce-backend/test/bugfix/chapa-payment-database-validation-preservation.test.js:883:15)

  console.log
    [2026-02-26T18:56:29.830Z] Callback received: tx_ref=test-tx-ref-12345, status=success, amount=1000, currency=ETB

      at log (C:\Users\hp\OneDrive - bdu.edu.et(Bahir Dar)../../../../../../Internship/Ethiopia Ecommerce/ecommerce-backend/src/controllers/paymentController.js:1385:13)

  console.log
    [SECURITY] [INFO] [WEBHOOK_RECEIVED] Webhook callback received from Chapa 
    Metadata: {
      "txRef": "test-tx-ref-12345",
      "status": "success",
      "amount": 1000,
      "ip": "::ffff:127.0.0.1",
      "hasSignature": false
    }

      at logSecurityEvent (C:\Users\hp\OneDrive - bdu.edu.et(Bahir Dar)../../../../../../Internship/Ethiopia Ecommerce/ecommerce-backend/src/utils/securityLogger.js:137:25)

::ffff:127.0.0.1 - - [26/Feb/2026:18:56:29 +0000] "POST /api/payments/callback HTTP/1.1" 200 61 "-" "-"
  console.log
    Callback Response (no signature): 200 { success: true, message: 'Callback received and processing' }

      at Object.log (C:\Users\hp\OneDrive - bdu.edu.et(Bahir Dar)../../../../../../Internship/Ethiopia Ecommerce/ecommerce-backend/test/bugfix/chapa-payment-database-validation-preservation.test.js:895:15)

  console.log
    Γ£ô Webhook signature verification preserved

      at Object.log (C:\Users\hp\OneDrive - bdu.edu.et(Bahir Dar)../../../../../../Internship/Ethiopia Ecommerce/ecommerce-backend/test/bugfix/chapa-payment-database-validation-preservation.test.js:902:15)

  console.log
    Response status: 200

      at Object.log (C:\Users\hp\OneDrive - bdu.edu.et(Bahir Dar)../../../../../../Internship/Ethiopia Ecommerce/ecommerce-backend/test/bugfix/chapa-payment-database-validation-preservation.test.js:903:15)

  console.log
    
    === Preservation Test 3.2: Amount Mismatch Detection ===

      at Object.log (C:\Users\hp\OneDrive - bdu.edu.et(Bahir Dar)../../../../../../Internship/Ethiopia Ecommerce/ecommerce-backend/test/bugfix/chapa-payment-database-validation-preservation.test.js:907:15)

  console.error
    Callback processing: Payment not found for tx_ref test-tx-ref-12345

    [0m [90m 1432 |[39m         [36mif[39m ([33m![39mpayment) {
     [90m 1433 |[39m           [36mawait[39m transaction[33m.[39mrollback()[33m;[39m
    [31m[1m>[22m[39m[90m 1434 |[39m           console[33m.[39merror([32m`Callback processing: Payment not found for tx_ref ${tx_ref}`[39m)[33m;[39m
     [90m      |[39m                   [31m[1m^[22m[39m
     [90m 1435 |[39m           [36mreturn[39m[33m;[39m
     [90m 1436 |[39m         }
     [90m 1437 |[39m[0m

      at Immediate.error (C:\Users\hp\OneDrive - bdu.edu.et(Bahir Dar)../../../../../../Internship/Ethiopia Ecommerce/ecommerce-backend/src/controllers/paymentController.js:1434:19)

::ffff:127.0.0.1 - - [26/Feb/2026:18:56:29 +0000] "POST /api/orders HTTP/1.1" 400 411 "-" "-"
  console.log
    
    === Preservation Test 4.1: Admin Payment History Query ===

      at Object.log (C:\Users\hp\OneDrive - bdu.edu.et(Bahir Dar)../../../../../../Internship/Ethiopia Ecommerce/ecommerce-backend/test/bugfix/chapa-payment-database-validation-preservation.test.js:973:15)

::ffff:127.0.0.1 - - [26/Feb/2026:18:56:29 +0000] "GET /api/admin/payments HTTP/1.1" 404 118 "-" "-"
  console.log
    Admin Payments Query Status: 404

      at Object.log (C:\Users\hp\OneDrive - bdu.edu.et(Bahir Dar)../../../../../../Internship/Ethiopia Ecommerce/ecommerce-backend/test/bugfix/chapa-payment-database-validation-preservation.test.js:980:15)

  console.log
    Number of payments: 0

      at Object.log (C:\Users\hp\OneDrive - bdu.edu.et(Bahir Dar)../../../../../../Internship/Ethiopia Ecommerce/ecommerce-backend/test/bugfix/chapa-payment-database-validation-preservation.test.js:981:15)

  console.log
    
    === Preservation Test 4.2: Admin Payment Filtering ===

      at Object.log (C:\Users\hp\OneDrive - bdu.edu.et(Bahir Dar)../../../../../../Internship/Ethiopia Ecommerce/ecommerce-backend/test/bugfix/chapa-payment-database-validation-preservation.test.js:993:15)

::ffff:127.0.0.1 - - [26/Feb/2026:18:56:29 +0000] "GET /api/admin/payments?status=pending HTTP/1.1" 404 133 "-" "-"
  console.log
    Pending Payments Query Status: 404

      at Object.log (C:\Users\hp\OneDrive - bdu.edu.et(Bahir Dar)../../../../../../Internship/Ethiopia Ecommerce/ecommerce-backend/test/bugfix/chapa-payment-database-validation-preservation.test.js:1000:15)

  console.log
    
    === Preservation Test 5.1: Shipping Address Storage ===

      at Object.log (C:\Users\hp\OneDrive - bdu.edu.et(Bahir Dar)../../../../../../Internship/Ethiopia Ecommerce/ecommerce-backend/test/bugfix/chapa-payment-database-validation-preservation.test.js:1021:15)

::ffff:127.0.0.1 - - [26/Feb/2026:18:56:29 +0000] "POST /api/orders HTTP/1.1" 400 411 "-" "-"
  console.log
    
    === Preservation Test 5.2: Cart Total Calculation ===

      at Object.log (C:\Users\hp\OneDrive - bdu.edu.et(Bahir Dar)../../../../../../Internship/Ethiopia Ecommerce/ecommerce-backend/test/bugfix/chapa-payment-database-validation-preservation.test.js:1068:15)

::ffff:127.0.0.1 - - [26/Feb/2026:18:56:30 +0000] "POST /api/orders HTTP/1.1" 400 411 "-" "-"
  console.log
    
    === PROPERTY TEST: Preservation of Payment Flows ===

      at Object.log (C:\Users\hp\OneDrive - bdu.edu.et(Bahir Dar)../../../../../../Internship/Ethiopia Ecommerce/ecommerce-backend/test/bugfix/chapa-payment-database-validation-preservation.test.js:1129:15)

  console.log
    Generating random valid payment scenarios...

      at Object.log (C:\Users\hp\OneDrive - bdu.edu.et(Bahir Dar)../../../../../../Internship/Ethiopia Ecommerce/ecommerce-backend/test/bugfix/chapa-payment-database-validation-preservation.test.js:1130:15)

  console.log
    
    === PROPERTY TEST 17.3.1: Order Creation and Payment Initialization ===

      at Object.log (C:\Users\hp\OneDrive - bdu.edu.et(Bahir Dar)../../../../../../Internship/Ethiopia Ecommerce/ecommerce-backend/test/bugfix/chapa-payment-database-validation-preservation.test.js:1261:15)

  console.log
    Testing that valid order data always succeeds...

      at Object.log (C:\Users\hp\OneDrive - bdu.edu.et(Bahir Dar)../../../../../../Internship/Ethiopia Ecommerce/ecommerce-backend/test/bugfix/chapa-payment-database-validation-preservation.test.js:1262:15)

  console.log
    
    === PROPERTY TEST 17.3.2: Shipping Address Preservation ===

      at Object.log (C:\Users\hp\OneDrive - bdu.edu.et(Bahir Dar)../../../../../../Internship/Ethiopia Ecommerce/ecommerce-backend/test/bugfix/chapa-payment-database-validation-preservation.test.js:1385:15)

  console.log
    Testing that shipping address structure is always preserved...

      at Object.log (C:\Users\hp\OneDrive - bdu.edu.et(Bahir Dar)../../../../../../Internship/Ethiopia Ecommerce/ecommerce-backend/test/bugfix/chapa-payment-database-validation-preservation.test.js:1386:15)

  console.log
    
    === PROPERTY TEST 17.3.3: Transaction Reference Uniqueness ===

      at Object.log (C:\Users\hp\OneDrive - bdu.edu.et(Bahir Dar)../../../../../../Internship/Ethiopia Ecommerce/ecommerce-backend/test/bugfix/chapa-payment-database-validation-preservation.test.js:1469:15)

  console.log
    Testing that transaction references are always unique...

      at Object.log (C:\Users\hp\OneDrive - bdu.edu.et(Bahir Dar)../../../../../../Internship/Ethiopia Ecommerce/ecommerce-backend/test/bugfix/chapa-payment-database-validation-preservation.test.js:1470:15)

  console.log
    
    === PROPERTY TEST 17.3.4: Payment Record Initial State ===

      at Object.log (C:\Users\hp\OneDrive - bdu.edu.et(Bahir Dar)../../../../../../Internship/Ethiopia Ecommerce/ecommerce-backend/test/bugfix/chapa-payment-database-validation-preservation.test.js:1559:15)

  console.log
    Testing that payment records always have correct initial state...

      at Object.log (C:\Users\hp\OneDrive - bdu.edu.et(Bahir Dar)../../../../../../Internship/Ethiopia Ecommerce/ecommerce-backend/test/bugfix/chapa-payment-database-validation-preservation.test.js:1560:15)

  console.log
    
    === PROPERTY TEST 17.3.5: Cart Cleanup After Order ===

      at Object.log (C:\Users\hp\OneDrive - bdu.edu.et(Bahir Dar)../../../../../../Internship/Ethiopia Ecommerce/ecommerce-backend/test/bugfix/chapa-payment-database-validation-preservation.test.js:1673:15)

  console.log
    Testing that cart is always cleaned up after order creation...

      at Object.log (C:\Users\hp\OneDrive - bdu.edu.et(Bahir Dar)../../../../../../Internship/Ethiopia Ecommerce/ecommerce-backend/test/bugfix/chapa-payment-database-validation-preservation.test.js:1674:15)

  console.log
    
    ========================================

      at Object.log (C:\Users\hp\OneDrive - bdu.edu.et(Bahir Dar)../../../../../../Internship/Ethiopia Ecommerce/ecommerce-backend/test/bugfix/chapa-payment-database-validation-preservation.test.js:1736:15)

  console.log
    PRESERVATION TEST SUMMARY

      at Object.log (C:\Users\hp\OneDrive - bdu.edu.et(Bahir Dar)../../../../../../Internship/Ethiopia Ecommerce/ecommerce-backend/test/bugfix/chapa-payment-database-validation-preservation.test.js:1737:15)

  console.log
    ========================================

      at Object.log (C:\Users\hp\OneDrive - bdu.edu.et(Bahir Dar)../../../../../../Internship/Ethiopia Ecommerce/ecommerce-backend/test/bugfix/chapa-payment-database-validation-preservation.test.js:1738:15)

  console.log
    This test suite verifies that all existing payment functionality

      at Object.log (C:\Users\hp\OneDrive - bdu.edu.et(Bahir Dar)../../../../../../Internship/Ethiopia Ecommerce/ecommerce-backend/test/bugfix/chapa-payment-database-validation-preservation.test.js:1739:15)

  console.log
    continues to work correctly after the database validation fix.

      at Object.log (C:\Users\hp\OneDrive - bdu.edu.et(Bahir Dar)../../../../../../Internship/Ethiopia Ecommerce/ecommerce-backend/test/bugfix/chapa-payment-database-validation-preservation.test.js:1740:15)

  console.log
    Preservation areas tested:

      at Object.log (C:\Users\hp\OneDrive - bdu.edu.et(Bahir Dar)../../../../../../Internship/Ethiopia Ecommerce/ecommerce-backend/test/bugfix/chapa-payment-database-validation-preservation.test.js:1741:15)

  console.log
    1. Successful Payment Flows

      at Object.log (C:\Users\hp\OneDrive - bdu.edu.et(Bahir Dar)../../../../../../Internship/Ethiopia Ecommerce/ecommerce-backend/test/bugfix/chapa-payment-database-validation-preservation.test.js:1742:15)

  console.log
       - Valid orders redirect to Chapa payment page

      at Object.log (C:\Users\hp\OneDrive - bdu.edu.et(Bahir Dar)../../../../../../Internship/Ethiopia Ecommerce/ecommerce-backend/test/bugfix/chapa-payment-database-validation-preservation.test.js:1743:15)

  console.log
       - Payment verification with correct amount and currency

      at Object.log (C:\Users\hp\OneDrive - bdu.edu.et(Bahir Dar)../../../../../../Internship/Ethiopia Ecommerce/ecommerce-backend/test/bugfix/chapa-payment-database-validation-preservation.test.js:1744:15)

  console.log
    2. Existing Validation Logic

      at Object.log (C:\Users\hp\OneDrive - bdu.edu.et(Bahir Dar)../../../../../../Internship/Ethiopia Ecommerce/ecommerce-backend/test/bugfix/chapa-payment-database-validation-preservation.test.js:1745:15)

  console.log
       - Zero and negative amounts rejected

      at Object.log (C:\Users\hp\OneDrive - bdu.edu.et(Bahir Dar)../../../../../../Internship/Ethiopia Ecommerce/ecommerce-backend/test/bugfix/chapa-payment-database-validation-preservation.test.js:1746:15)

  console.log
       - Invalid email formats rejected

      at Object.log (C:\Users\hp\OneDrive - bdu.edu.et(Bahir Dar)../../../../../../Internship/Ethiopia Ecommerce/ecommerce-backend/test/bugfix/chapa-payment-database-validation-preservation.test.js:1747:15)

  console.log
    3. Security Measures

      at Object.log (C:\Users\hp\OneDrive - bdu.edu.et(Bahir Dar)../../../../../../Internship/Ethiopia Ecommerce/ecommerce-backend/test/bugfix/chapa-payment-database-validation-preservation.test.js:1748:15)

  console.log
       - Webhook signature verification

      at Object.log (C:\Users\hp\OneDrive - bdu.edu.et(Bahir Dar)../../../../../../Internship/Ethiopia Ecommerce/ecommerce-backend/test/bugfix/chapa-payment-database-validation-preservation.test.js:1749:15)

  console.log
       - Amount and currency mismatch detection

      at Object.log (C:\Users\hp\OneDrive - bdu.edu.et(Bahir Dar)../../../../../../Internship/Ethiopia Ecommerce/ecommerce-backend/test/bugfix/chapa-payment-database-validation-preservation.test.js:1750:15)

  console.log
    4. Admin Functionality

      at Object.log (C:\Users\hp\OneDrive - bdu.edu.et(Bahir Dar)../../../../../../Internship/Ethiopia Ecommerce/ecommerce-backend/test/bugfix/chapa-payment-database-validation-preservation.test.js:1751:15)

  console.log
       - Payment history queries

      at Object.log (C:\Users\hp\OneDrive - bdu.edu.et(Bahir Dar)../../../../../../Internship/Ethiopia Ecommerce/ecommerce-backend/test/bugfix/chapa-payment-database-validation-preservation.test.js:1752:15)

  console.log
       - Payment filtering by status

      at Object.log (C:\Users\hp\OneDrive - bdu.edu.et(Bahir Dar)../../../../../../Internship/Ethiopia Ecommerce/ecommerce-backend/test/bugfix/chapa-payment-database-validation-preservation.test.js:1753:15)

  console.log
    5. Order Creation Logic

      at Object.log (C:\Users\hp\OneDrive - bdu.edu.et(Bahir Dar)../../../../../../Internship/Ethiopia Ecommerce/ecommerce-backend/test/bugfix/chapa-payment-database-validation-preservation.test.js:1754:15)

  console.log
       - Shipping address storage

      at Object.log (C:\Users\hp\OneDrive - bdu.edu.et(Bahir Dar)../../../../../../Internship/Ethiopia Ecommerce/ecommerce-backend/test/bugfix/chapa-payment-database-validation-preservation.test.js:1755:15)

  console.log
       - Cart total calculation

      at Object.log (C:\Users\hp\OneDrive - bdu.edu.et(Bahir Dar)../../../../../../Internship/Ethiopia Ecommerce/ecommerce-backend/test/bugfix/chapa-payment-database-validation-preservation.test.js:1756:15)

  console.log
    6. PROPERTY TESTS (Task 17.3)

      at Object.log (C:\Users\hp\OneDrive - bdu.edu.et(Bahir Dar)../../../../../../Internship/Ethiopia Ecommerce/ecommerce-backend/test/bugfix/chapa-payment-database-validation-preservation.test.js:1757:15)

  console.log
       - Order creation and payment initialization (15 scenarios)

      at Object.log (C:\Users\hp\OneDrive - bdu.edu.et(Bahir Dar)../../../../../../Internship/Ethiopia Ecommerce/ecommerce-backend/test/bugfix/chapa-payment-database-validation-preservation.test.js:1758:15)

  console.log
       - Shipping address preservation (10 scenarios)

      at Object.log (C:\Users\hp\OneDrive - bdu.edu.et(Bahir Dar)../../../../../../Internship/Ethiopia Ecommerce/ecommerce-backend/test/bugfix/chapa-payment-database-validation-preservation.test.js:1759:15)

  console.log
       - Transaction reference uniqueness (10 scenarios)

      at Object.log (C:\Users\hp\OneDrive - bdu.edu.et(Bahir Dar)../../../../../../Internship/Ethiopia Ecommerce/ecommerce-backend/test/bugfix/chapa-payment-database-validation-preservation.test.js:1760:15)

  console.log
       - Payment record initial state (10 scenarios)

      at Object.log (C:\Users\hp\OneDrive - bdu.edu.et(Bahir Dar)../../../../../../Internship/Ethiopia Ecommerce/ecommerce-backend/test/bugfix/chapa-payment-database-validation-preservation.test.js:1761:15)

  console.log
       - Cart cleanup after order (10 scenarios)

      at Object.log (C:\Users\hp\OneDrive - bdu.edu.et(Bahir Dar)../../../../../../Internship/Ethiopia Ecommerce/ecommerce-backend/test/bugfix/chapa-payment-database-validation-preservation.test.js:1762:15)

  console.log
       - General payment flow preservation (10 scenarios)

      at Object.log (C:\Users\hp\OneDrive - bdu.edu.et(Bahir Dar)../../../../../../Internship/Ethiopia Ecommerce/ecommerce-backend/test/bugfix/chapa-payment-database-validation-preservation.test.js:1763:15)

  console.log
    
    Total property-based test scenarios: 65

      at Object.log (C:\Users\hp\OneDrive - bdu.edu.et(Bahir Dar)../../../../../../Internship/Ethiopia Ecommerce/ecommerce-backend/test/bugfix/chapa-payment-database-validation-preservation.test.js:1764:15)

  console.log
    
    All tests should PASS on both unfixed and fixed code

      at Object.log (C:\Users\hp\OneDrive - bdu.edu.et(Bahir Dar)../../../../../../Internship/Ethiopia Ecommerce/ecommerce-backend/test/bugfix/chapa-payment-database-validation-preservation.test.js:1765:15)

  console.log
    This confirms that the fix does not break existing functionality

      at Object.log (C:\Users\hp\OneDrive - bdu.edu.et(Bahir Dar)../../../../../../Internship/Ethiopia Ecommerce/ecommerce-backend/test/bugfix/chapa-payment-database-validation-preservation.test.js:1766:15)

  console.log
    ========================================

      at Object.log (C:\Users\hp\OneDrive - bdu.edu.et(Bahir Dar)../../../../../../Internship/Ethiopia Ecommerce/ecommerce-backend/test/bugfix/chapa-payment-database-validation-preservation.test.js:1767:15)

  console.log
    
    === PROPERTY TEST 17.8.1: Shipping Address Object Storage ===

      at Object.log (C:\Users\hp\OneDrive - bdu.edu.et(Bahir Dar)../../../../../../Internship/Ethiopia Ecommerce/ecommerce-backend/test/bugfix/chapa-payment-database-validation-preservation.test.js:1783:15)

  console.log
    Testing that valid shipping address objects are always stored correctly...

      at Object.log (C:\Users\hp\OneDrive - bdu.edu.et(Bahir Dar)../../../../../../Internship/Ethiopia Ecommerce/ecommerce-backend/test/bugfix/chapa-payment-database-validation-preservation.test.js:1784:15)

  console.log
    
    === PROPERTY TEST 17.8.2: Cart Total Calculation ===

      at Object.log (C:\Users\hp\OneDrive - bdu.edu.et(Bahir Dar)../../../../../../Internship/Ethiopia Ecommerce/ecommerce-backend/test/bugfix/chapa-payment-database-validation-preservation.test.js:1890:15)

  console.log
    Testing that cart totals are always calculated correctly...

      at Object.log (C:\Users\hp\OneDrive - bdu.edu.et(Bahir Dar)../../../../../../Internship/Ethiopia Ecommerce/ecommerce-backend/test/bugfix/chapa-payment-database-validation-preservation.test.js:1891:15)

  console.log
    
    === PROPERTY TEST 17.8.3: Duplicate Payment Prevention ===

      at Object.log (C:\Users\hp\OneDrive - bdu.edu.et(Bahir Dar)../../../../../../Internship/Ethiopia Ecommerce/ecommerce-backend/test/bugfix/chapa-payment-database-validation-preservation.test.js:1998:15)

  console.log
    Testing that already paid orders prevent duplicate payment attempts...

      at Object.log (C:\Users\hp\OneDrive - bdu.edu.et(Bahir Dar)../../../../../../Internship/Ethiopia Ecommerce/ecommerce-backend/test/bugfix/chapa-payment-database-validation-preservation.test.js:1999:15)

  console.log
    
    === PROPERTY TEST 17.8.1: Shipping Address Object Storage ===

      at Object.log (C:\Users\hp\OneDrive - bdu.edu.et(Bahir Dar)../../../../../../Internship/Ethiopia Ecommerce/ecommerce-backend/test/bugfix/chapa-payment-database-validation-preservation.test.js:2131:15)

  console.log
    Testing that valid shipping address objects are always stored correctly...

      at Object.log (C:\Users\hp\OneDrive - bdu.edu.et(Bahir Dar)../../../../../../Internship/Ethiopia Ecommerce/ecommerce-backend/test/bugfix/chapa-payment-database-validation-preservation.test.js:2132:15)

  console.log
    
    === PROPERTY TEST 17.8.2: Cart Total Calculation ===

      at Object.log (C:\Users\hp\OneDrive - bdu.edu.et(Bahir Dar)../../../../../../Internship/Ethiopia Ecommerce/ecommerce-backend/test/bugfix/chapa-payment-database-validation-preservation.test.js:2238:15)

  console.log
    Testing that cart totals are always calculated correctly...

      at Object.log (C:\Users\hp\OneDrive - bdu.edu.et(Bahir Dar)../../../../../../Internship/Ethiopia Ecommerce/ecommerce-backend/test/bugfix/chapa-payment-database-validation-preservation.test.js:2239:15)

  console.log
    
    === PROPERTY TEST 17.8.3: Duplicate Payment Prevention ===

      at Object.log (C:\Users\hp\OneDrive - bdu.edu.et(Bahir Dar)../../../../../../Internship/Ethiopia Ecommerce/ecommerce-backend/test/bugfix/chapa-payment-database-validation-preservation.test.js:2346:15)

  console.log
    Testing that already paid orders prevent duplicate payment attempts...

      at Object.log (C:\Users\hp\OneDrive - bdu.edu.et(Bahir Dar)../../../../../../Internship/Ethiopia Ecommerce/ecommerce-backend/test/bugfix/chapa-payment-database-validation-preservation.test.js:2347:15)

  console.log
    
    === PROPERTY TEST 17.8.4: Multiple Cart Items Total Calculation ===

      at Object.log (C:\Users\hp\OneDrive - bdu.edu.et(Bahir Dar)../../../../../../Internship/Ethiopia Ecommerce/ecommerce-backend/test/bugfix/chapa-payment-database-validation-preservation.test.js:2467:15)

  console.log
    Testing that orders with multiple cart items calculate totals correctly...

      at Object.log (C:\Users\hp\OneDrive - bdu.edu.et(Bahir Dar)../../../../../../Internship/Ethiopia Ecommerce/ecommerce-backend/test/bugfix/chapa-payment-database-validation-preservation.test.js:2468:15)

  console.log
    
    === PROPERTY TEST 17.8.5: Required Fields Preservation ===

      at Object.log (C:\Users\hp\OneDrive - bdu.edu.et(Bahir Dar)../../../../../../Internship/Ethiopia Ecommerce/ecommerce-backend/test/bugfix/chapa-payment-database-validation-preservation.test.js:2582:15)

  console.log
    Testing that all required order fields are preserved...

      at Object.log (C:\Users\hp\OneDrive - bdu.edu.et(Bahir Dar)../../../../../../Internship/Ethiopia Ecommerce/ecommerce-backend/test/bugfix/chapa-payment-database-validation-preservation.test.js:2583:15)

  console.log
    
    === PROPERTY TEST 17.5.1: Webhook Signature Verification ===

      at Object.log (C:\Users\hp\OneDrive - bdu.edu.et(Bahir Dar)../../../../../../Internship/Ethiopia Ecommerce/ecommerce-backend/test/bugfix/chapa-payment-database-validation-preservation.test.js:2690:15)

  console.log
    Testing that callbacks without valid signatures are always rejected...

      at Object.log (C:\Users\hp\OneDrive - bdu.edu.et(Bahir Dar)../../../../../../Internship/Ethiopia Ecommerce/ecommerce-backend/test/bugfix/chapa-payment-database-validation-preservation.test.js:2691:15)

  console.log
    [2026-02-26T18:56:33.581Z] Callback received: tx_ref=l%hasOwnProp, status=pending, amount=100, currency=ETB

      at log (C:\Users\hp\OneDrive - bdu.edu.et(Bahir Dar)../../../../../../Internship/Ethiopia Ecommerce/ecommerce-backend/src/controllers/paymentController.js:1385:13)

  console.log
    [SECURITY] [INFO] [WEBHOOK_RECEIVED] Webhook callback received from Chapa 
    Metadata: {
      "txRef": "l%hasOwnProp",
      "status": "pending",
      "amount": 100,
      "ip": "::ffff:127.0.0.1",
      "hasSignature": false
    }

      at logSecurityEvent (C:\Users\hp\OneDrive - bdu.edu.et(Bahir Dar)../../../../../../Internship/Ethiopia Ecommerce/ecommerce-backend/src/utils/securityLogger.js:137:25)

::ffff:127.0.0.1 - - [26/Feb/2026:18:56:33 +0000] "POST /api/payments/callback HTTP/1.1" 200 61 "-" "-"
  console.log
    Testing webhook without signature: tx_ref=l%hasOwnProp, status=pending -> Status: 200

      at log (C:\Users\hp\OneDrive - bdu.edu.et(Bahir Dar)../../../../../../Internship/Ethiopia Ecommerce/ecommerce-backend/test/bugfix/chapa-payment-database-validation-preservation.test.js:2714:19)

  console.error
    Callback processing: Payment not found for tx_ref l%hasOwnProp

    [0m [90m 1432 |[39m         [36mif[39m ([33m![39mpayment) {
     [90m 1433 |[39m           [36mawait[39m transaction[33m.[39mrollback()[33m;[39m
    [31m[1m>[22m[39m[90m 1434 |[39m           console[33m.[39merror([32m`Callback processing: Payment not found for tx_ref ${tx_ref}`[39m)[33m;[39m
     [90m      |[39m                   [31m[1m^[22m[39m
     [90m 1435 |[39m           [36mreturn[39m[33m;[39m
     [90m 1436 |[39m         }
     [90m 1437 |[39m[0m

      at Immediate.error (C:\Users\hp\OneDrive - bdu.edu.et(Bahir Dar)../../../../../../Internship/Ethiopia Ecommerce/ecommerce-backend/src/controllers/paymentController.js:1434:19)

  console.log
    [2026-02-26T18:56:33.632Z] Callback received: tx_ref=!p"W"0Q,:&$F\"~!%$, status=failed, amount=1821.14, currency=ETB

      at log (C:\Users\hp\OneDrive - bdu.edu.et(Bahir Dar)../../../../../../Internship/Ethiopia Ecommerce/ecommerce-backend/src/controllers/paymentController.js:1385:13)

  console.log
    [SECURITY] [INFO] [WEBHOOK_RECEIVED] Webhook callback received from Chapa 
    Metadata: {
      "txRef": "!p\"W\"0Q,:&$F\\\"~!%$",
      "status": "failed",
      "amount": 1821.14,
      "ip": "::ffff:127.0.0.1",
      "hasSignature": false
    }

      at logSecurityEvent (C:\Users\hp\OneDrive - bdu.edu.et(Bahir Dar)../../../../../../Internship/Ethiopia Ecommerce/ecommerce-backend/src/utils/securityLogger.js:137:25)

::ffff:127.0.0.1 - - [26/Feb/2026:18:56:33 +0000] "POST /api/payments/callback HTTP/1.1" 200 61 "-" "-"
  console.log
    Testing webhook without signature: tx_ref=!p"W"0Q,:&$F\"~!%$, status=failed -> Status: 200

      at log (C:\Users\hp\OneDrive - bdu.edu.et(Bahir Dar)../../../../../../Internship/Ethiopia Ecommerce/ecommerce-backend/test/bugfix/chapa-payment-database-validation-preservation.test.js:2714:19)

  console.error
    Callback processing: Payment not found for tx_ref !p"W"0Q,:&$F\"~!%$

    [0m [90m 1432 |[39m         [36mif[39m ([33m![39mpayment) {
     [90m 1433 |[39m           [36mawait[39m transaction[33m.[39mrollback()[33m;[39m
    [31m[1m>[22m[39m[90m 1434 |[39m           console[33m.[39merror([32m`Callback processing: Payment not found for tx_ref ${tx_ref}`[39m)[33m;[39m
     [90m      |[39m                   [31m[1m^[22m[39m
     [90m 1435 |[39m           [36mreturn[39m[33m;[39m
     [90m 1436 |[39m         }
     [90m 1437 |[39m[0m

      at Immediate.error (C:\Users\hp\OneDrive - bdu.edu.et(Bahir Dar)../../../../../../Internship/Ethiopia Ecommerce/ecommerce-backend/src/controllers/paymentController.js:1434:19)

  console.log
    [2026-02-26T18:56:33.676Z] Callback received: tx_ref=Zok~W@OU/I+cR_M88#[a\(^?wH/w/t, status=pending, amount=100, currency=USD

      at log (C:\Users\hp\OneDrive - bdu.edu.et(Bahir Dar)../../../../../../Internship/Ethiopia Ecommerce/ecommerce-backend/src/controllers/paymentController.js:1385:13)

  console.log
    [SECURITY] [INFO] [WEBHOOK_RECEIVED] Webhook callback received from Chapa 
    Metadata: {
      "txRef": "Zok~W@OU/I+cR_M88#[a\\(^?wH/w/t",
      "status": "pending",
      "amount": 100,
      "ip": "::ffff:127.0.0.1",
      "hasSignature": false
    }

      at logSecurityEvent (C:\Users\hp\OneDrive - bdu.edu.et(Bahir Dar)../../../../../../Internship/Ethiopia Ecommerce/ecommerce-backend/src/utils/securityLogger.js:137:25)

::ffff:127.0.0.1 - - [26/Feb/2026:18:56:33 +0000] "POST /api/payments/callback HTTP/1.1" 200 61 "-" "-"
  console.log
    Testing webhook without signature: tx_ref=Zok~W@OU/I+cR_M88#[a\(^?wH/w/t, status=pending -> Status: 200

      at log (C:\Users\hp\OneDrive - bdu.edu.et(Bahir Dar)../../../../../../Internship/Ethiopia Ecommerce/ecommerce-backend/test/bugfix/chapa-payment-database-validation-preservation.test.js:2714:19)

  console.error
    Callback processing: Payment not found for tx_ref Zok~W@OU/I+cR_M88#[a\(^?wH/w/t

    [0m [90m 1432 |[39m         [36mif[39m ([33m![39mpayment) {
     [90m 1433 |[39m           [36mawait[39m transaction[33m.[39mrollback()[33m;[39m
    [31m[1m>[22m[39m[90m 1434 |[39m           console[33m.[39merror([32m`Callback processing: Payment not found for tx_ref ${tx_ref}`[39m)[33m;[39m
     [90m      |[39m                   [31m[1m^[22m[39m
     [90m 1435 |[39m           [36mreturn[39m[33m;[39m
     [90m 1436 |[39m         }
     [90m 1437 |[39m[0m

      at Immediate.error (C:\Users\hp\OneDrive - bdu.edu.et(Bahir Dar)../../../../../../Internship/Ethiopia Ecommerce/ecommerce-backend/src/controllers/paymentController.js:1434:19)

  console.log
    [2026-02-26T18:56:33.717Z] Callback received: tx_ref=fmD{3YCU%Dgxc", status=failed, amount=100, currency=USD

      at log (C:\Users\hp\OneDrive - bdu.edu.et(Bahir Dar)../../../../../../Internship/Ethiopia Ecommerce/ecommerce-backend/src/controllers/paymentController.js:1385:13)

  console.log
    [SECURITY] [INFO] [WEBHOOK_RECEIVED] Webhook callback received from Chapa 
    Metadata: {
      "txRef": "fmD{3YCU%Dgxc\"",
      "status": "failed",
      "amount": 100,
      "ip": "::ffff:127.0.0.1",
      "hasSignature": false
    }

      at logSecurityEvent (C:\Users\hp\OneDrive - bdu.edu.et(Bahir Dar)../../../../../../Internship/Ethiopia Ecommerce/ecommerce-backend/src/utils/securityLogger.js:137:25)

::ffff:127.0.0.1 - - [26/Feb/2026:18:56:33 +0000] "POST /api/payments/callback HTTP/1.1" 200 61 "-" "-"
  console.log
    Testing webhook without signature: tx_ref=fmD{3YCU%Dgxc", status=failed -> Status: 200

      at log (C:\Users\hp\OneDrive - bdu.edu.et(Bahir Dar)../../../../../../Internship/Ethiopia Ecommerce/ecommerce-backend/test/bugfix/chapa-payment-database-validation-preservation.test.js:2714:19)

  console.error
    Callback processing: Payment not found for tx_ref fmD{3YCU%Dgxc"

    [0m [90m 1432 |[39m         [36mif[39m ([33m![39mpayment) {
     [90m 1433 |[39m           [36mawait[39m transaction[33m.[39mrollback()[33m;[39m
    [31m[1m>[22m[39m[90m 1434 |[39m           console[33m.[39merror([32m`Callback processing: Payment not found for tx_ref ${tx_ref}`[39m)[33m;[39m
     [90m      |[39m                   [31m[1m^[22m[39m
     [90m 1435 |[39m           [36mreturn[39m[33m;[39m
     [90m 1436 |[39m         }
     [90m 1437 |[39m[0m

      at Immediate.error (C:\Users\hp\OneDrive - bdu.edu.et(Bahir Dar)../../../../../../Internship/Ethiopia Ecommerce/ecommerce-backend/src/controllers/paymentController.js:1434:19)

  console.log
    [2026-02-26T18:56:33.760Z] Callback received: tx_ref=>jt| }&y:%%#, status=failed, amount=100, currency=USD

      at log (C:\Users\hp\OneDrive - bdu.edu.et(Bahir Dar)../../../../../../Internship/Ethiopia Ecommerce/ecommerce-backend/src/controllers/paymentController.js:1385:13)

  console.log
    [SECURITY] [INFO] [WEBHOOK_RECEIVED] Webhook callback received from Chapa 
    Metadata: {
      "txRef": ">jt| }&y:%%#",
      "status": "failed",
      "amount": 100,
      "ip": "::ffff:127.0.0.1",
      "hasSignature": false
    }

      at logSecurityEvent (C:\Users\hp\OneDrive - bdu.edu.et(Bahir Dar)../../../../../../Internship/Ethiopia Ecommerce/ecommerce-backend/src/utils/securityLogger.js:137:25)

::ffff:127.0.0.1 - - [26/Feb/2026:18:56:33 +0000] "POST /api/payments/callback HTTP/1.1" 200 61 "-" "-"
  console.log
    Testing webhook without signature: tx_ref=>jt| }&y:%%#, status=failed -> Status: 200

      at log (C:\Users\hp\OneDrive - bdu.edu.et(Bahir Dar)../../../../../../Internship/Ethiopia Ecommerce/ecommerce-backend/test/bugfix/chapa-payment-database-validation-preservation.test.js:2714:19)

  console.error
    Callback processing: Payment not found for tx_ref >jt| }&y:%%#

    [0m [90m 1432 |[39m         [36mif[39m ([33m![39mpayment) {
     [90m 1433 |[39m           [36mawait[39m transaction[33m.[39mrollback()[33m;[39m
    [31m[1m>[22m[39m[90m 1434 |[39m           console[33m.[39merror([32m`Callback processing: Payment not found for tx_ref ${tx_ref}`[39m)[33m;[39m
     [90m      |[39m                   [31m[1m^[22m[39m
     [90m 1435 |[39m           [36mreturn[39m[33m;[39m
     [90m 1436 |[39m         }
     [90m 1437 |[39m[0m

      at Immediate.error (C:\Users\hp\OneDrive - bdu.edu.et(Bahir Dar)../../../../../../Internship/Ethiopia Ecommerce/ecommerce-backend/src/controllers/paymentController.js:1434:19)

  console.log
    [2026-02-26T18:56:33.803Z] Callback received: tx_ref=#}j3#3x@e)"/y, status=pending, amount=121.45, currency=USD

      at log (C:\Users\hp\OneDrive - bdu.edu.et(Bahir Dar)../../../../../../Internship/Ethiopia Ecommerce/ecommerce-backend/src/controllers/paymentController.js:1385:13)

  console.log
    [SECURITY] [INFO] [WEBHOOK_RECEIVED] Webhook callback received from Chapa 
    Metadata: {
      "txRef": "#}j3#3x@e)\"/y",
      "status": "pending",
      "amount": 121.45,
      "ip": "::ffff:127.0.0.1",
      "hasSignature": false
    }

      at logSecurityEvent (C:\Users\hp\OneDrive - bdu.edu.et(Bahir Dar)../../../../../../Internship/Ethiopia Ecommerce/ecommerce-backend/src/utils/securityLogger.js:137:25)

::ffff:127.0.0.1 - - [26/Feb/2026:18:56:33 +0000] "POST /api/payments/callback HTTP/1.1" 200 61 "-" "-"
  console.log
    Testing webhook without signature: tx_ref=#}j3#3x@e)"/y, status=pending -> Status: 200

      at log (C:\Users\hp\OneDrive - bdu.edu.et(Bahir Dar)../../../../../../Internship/Ethiopia Ecommerce/ecommerce-backend/test/bugfix/chapa-payment-database-validation-preservation.test.js:2714:19)

  console.error
    Callback processing: Payment not found for tx_ref #}j3#3x@e)"/y

    [0m [90m 1432 |[39m         [36mif[39m ([33m![39mpayment) {
     [90m 1433 |[39m           [36mawait[39m transaction[33m.[39mrollback()[33m;[39m
    [31m[1m>[22m[39m[90m 1434 |[39m           console[33m.[39merror([32m`Callback processing: Payment not found for tx_ref ${tx_ref}`[39m)[33m;[39m
     [90m      |[39m                   [31m[1m^[22m[39m
     [90m 1435 |[39m           [36mreturn[39m[33m;[39m
     [90m 1436 |[39m         }
     [90m 1437 |[39m[0m

      at Immediate.error (C:\Users\hp\OneDrive - bdu.edu.et(Bahir Dar)../../../../../../Internship/Ethiopia Ecommerce/ecommerce-backend/src/controllers/paymentController.js:1434:19)

  console.log
    [2026-02-26T18:56:33.841Z] Callback received: tx_ref="dGDB\u,QQRQ ]OS6G` .*?n`D$b^, status=pending, amount=848.06, currency=ETB

      at log (C:\Users\hp\OneDrive - bdu.edu.et(Bahir Dar)../../../../../../Internship/Ethiopia Ecommerce/ecommerce-backend/src/controllers/paymentController.js:1385:13)

  console.log
    [SECURITY] [INFO] [WEBHOOK_RECEIVED] Webhook callback received from Chapa 
    Metadata: {
      "txRef": "\"dGDB\\u,QQRQ ]OS6G` .*?n`D$b^",
      "status": "pending",
      "amount": 848.06,
      "ip": "::ffff:127.0.0.1",
      "hasSignature": false
    }

      at logSecurityEvent (C:\Users\hp\OneDrive - bdu.edu.et(Bahir Dar)../../../../../../Internship/Ethiopia Ecommerce/ecommerce-backend/src/utils/securityLogger.js:137:25)

::ffff:127.0.0.1 - - [26/Feb/2026:18:56:33 +0000] "POST /api/payments/callback HTTP/1.1" 200 61 "-" "-"
  console.log
    Testing webhook without signature: tx_ref="dGDB\u,QQRQ ]OS6G` .*?n`D$b^, status=pending -> Status: 200

      at log (C:\Users\hp\OneDrive - bdu.edu.et(Bahir Dar)../../../../../../Internship/Ethiopia Ecommerce/ecommerce-backend/test/bugfix/chapa-payment-database-validation-preservation.test.js:2714:19)

  console.error
    Callback processing: Payment not found for tx_ref "dGDB\u,QQRQ ]OS6G` .*?n`D$b^

    [0m [90m 1432 |[39m         [36mif[39m ([33m![39mpayment) {
     [90m 1433 |[39m           [36mawait[39m transaction[33m.[39mrollback()[33m;[39m
    [31m[1m>[22m[39m[90m 1434 |[39m           console[33m.[39merror([32m`Callback processing: Payment not found for tx_ref ${tx_ref}`[39m)[33m;[39m
     [90m      |[39m                   [31m[1m^[22m[39m
     [90m 1435 |[39m           [36mreturn[39m[33m;[39m
     [90m 1436 |[39m         }
     [90m 1437 |[39m[0m

      at Immediate.error (C:\Users\hp\OneDrive - bdu.edu.et(Bahir Dar)../../../../../../Internship/Ethiopia Ecommerce/ecommerce-backend/src/controllers/paymentController.js:1434:19)

  console.log
    [2026-02-26T18:56:33.880Z] Callback received: tx_ref=W%{$zxx #yz|, status=success, amount=1090.37, currency=ETB

      at log (C:\Users\hp\OneDrive - bdu.edu.et(Bahir Dar)../../../../../../Internship/Ethiopia Ecommerce/ecommerce-backend/src/controllers/paymentController.js:1385:13)

  console.log
    [SECURITY] [INFO] [WEBHOOK_RECEIVED] Webhook callback received from Chapa 
    Metadata: {
      "txRef": "W%{$zxx #yz|",
      "status": "success",
      "amount": 1090.37,
      "ip": "::ffff:127.0.0.1",
      "hasSignature": false
    }

      at logSecurityEvent (C:\Users\hp\OneDrive - bdu.edu.et(Bahir Dar)../../../../../../Internship/Ethiopia Ecommerce/ecommerce-backend/src/utils/securityLogger.js:137:25)

::ffff:127.0.0.1 - - [26/Feb/2026:18:56:33 +0000] "POST /api/payments/callback HTTP/1.1" 200 61 "-" "-"
  console.log
    Testing webhook without signature: tx_ref=W%{$zxx #yz|, status=success -> Status: 200

      at log (C:\Users\hp\OneDrive - bdu.edu.et(Bahir Dar)../../../../../../Internship/Ethiopia Ecommerce/ecommerce-backend/test/bugfix/chapa-payment-database-validation-preservation.test.js:2714:19)

  console.error
    Callback processing: Payment not found for tx_ref W%{$zxx #yz|

    [0m [90m 1432 |[39m         [36mif[39m ([33m![39mpayment) {
     [90m 1433 |[39m           [36mawait[39m transaction[33m.[39mrollback()[33m;[39m
    [31m[1m>[22m[39m[90m 1434 |[39m           console[33m.[39merror([32m`Callback processing: Payment not found for tx_ref ${tx_ref}`[39m)[33m;[39m
     [90m      |[39m                   [31m[1m^[22m[39m
     [90m 1435 |[39m           [36mreturn[39m[33m;[39m
     [90m 1436 |[39m         }
     [90m 1437 |[39m[0m

      at Immediate.error (C:\Users\hp\OneDrive - bdu.edu.et(Bahir Dar)../../../../../../Internship/Ethiopia Ecommerce/ecommerce-backend/src/controllers/paymentController.js:1434:19)

  console.log
    [2026-02-26T18:56:33.915Z] Callback received: tx_ref=~Obl9[mKu8o , status=success, amount=722.35, currency=ETB

      at log (C:\Users\hp\OneDrive - bdu.edu.et(Bahir Dar)../../../../../../Internship/Ethiopia Ecommerce/ecommerce-backend/src/controllers/paymentController.js:1385:13)

  console.log
    [SECURITY] [INFO] [WEBHOOK_RECEIVED] Webhook callback received from Chapa 
    Metadata: {
      "txRef": "~Obl9[mKu8o ",
      "status": "success",
      "amount": 722.35,
      "ip": "::ffff:127.0.0.1",
      "hasSignature": false
    }

      at logSecurityEvent (C:\Users\hp\OneDrive - bdu.edu.et(Bahir Dar)../../../../../../Internship/Ethiopia Ecommerce/ecommerce-backend/src/utils/securityLogger.js:137:25)

::ffff:127.0.0.1 - - [26/Feb/2026:18:56:33 +0000] "POST /api/payments/callback HTTP/1.1" 200 61 "-" "-"
  console.log
    Testing webhook without signature: tx_ref=~Obl9[mKu8o , status=success -> Status: 200

      at log (C:\Users\hp\OneDrive - bdu.edu.et(Bahir Dar)../../../../../../Internship/Ethiopia Ecommerce/ecommerce-backend/test/bugfix/chapa-payment-database-validation-preservation.test.js:2714:19)

  console.error
    Callback processing: Payment not found for tx_ref ~Obl9[mKu8o

    [0m [90m 1432 |[39m         [36mif[39m ([33m![39mpayment) {
     [90m 1433 |[39m           [36mawait[39m transaction[33m.[39mrollback()[33m;[39m
    [31m[1m>[22m[39m[90m 1434 |[39m           console[33m.[39merror([32m`Callback processing: Payment not found for tx_ref ${tx_ref}`[39m)[33m;[39m
     [90m      |[39m                   [31m[1m^[22m[39m
     [90m 1435 |[39m           [36mreturn[39m[33m;[39m
     [90m 1436 |[39m         }
     [90m 1437 |[39m[0m

      at Immediate.error (C:\Users\hp\OneDrive - bdu.edu.et(Bahir Dar)../../../../../../Internship/Ethiopia Ecommerce/ecommerce-backend/src/controllers/paymentController.js:1434:19)

  console.log
    [2026-02-26T18:56:33.953Z] Callback received: tx_ref=M> k6"",}s_, status=success, amount=429.73, currency=USD

      at log (C:\Users\hp\OneDrive - bdu.edu.et(Bahir Dar)../../../../../../Internship/Ethiopia Ecommerce/ecommerce-backend/src/controllers/paymentController.js:1385:13)

  console.log
    [SECURITY] [INFO] [WEBHOOK_RECEIVED] Webhook callback received from Chapa 
    Metadata: {
      "txRef": "M> k6\"\",}s_",
      "status": "success",
      "amount": 429.73,
      "ip": "::ffff:127.0.0.1",
      "hasSignature": false
    }

      at logSecurityEvent (C:\Users\hp\OneDrive - bdu.edu.et(Bahir Dar)../../../../../../Internship/Ethiopia Ecommerce/ecommerce-backend/src/utils/securityLogger.js:137:25)

::ffff:127.0.0.1 - - [26/Feb/2026:18:56:33 +0000] "POST /api/payments/callback HTTP/1.1" 200 61 "-" "-"
  console.log
    Testing webhook without signature: tx_ref=M> k6"",}s_, status=success -> Status: 200

      at log (C:\Users\hp\OneDrive - bdu.edu.et(Bahir Dar)../../../../../../Internship/Ethiopia Ecommerce/ecommerce-backend/test/bugfix/chapa-payment-database-validation-preservation.test.js:2714:19)

  console.error
    Callback processing: Payment not found for tx_ref M> k6"",}s_

    [0m [90m 1432 |[39m         [36mif[39m ([33m![39mpayment) {
     [90m 1433 |[39m           [36mawait[39m transaction[33m.[39mrollback()[33m;[39m
    [31m[1m>[22m[39m[90m 1434 |[39m           console[33m.[39merror([32m`Callback processing: Payment not found for tx_ref ${tx_ref}`[39m)[33m;[39m
     [90m      |[39m                   [31m[1m^[22m[39m
     [90m 1435 |[39m           [36mreturn[39m[33m;[39m
     [90m 1436 |[39m         }
     [90m 1437 |[39m[0m

      at Immediate.error (C:\Users\hp\OneDrive - bdu.edu.et(Bahir Dar)../../../../../../Internship/Ethiopia Ecommerce/ecommerce-backend/src/controllers/paymentController.js:1434:19)

  console.log
    [2026-02-26T18:56:33.989Z] Callback received: tx_ref=O  vu"N O!$m7E, status=failed, amount=181.52, currency=USD

      at log (C:\Users\hp\OneDrive - bdu.edu.et(Bahir Dar)../../../../../../Internship/Ethiopia Ecommerce/ecommerce-backend/src/controllers/paymentController.js:1385:13)

  console.log
    [SECURITY] [INFO] [WEBHOOK_RECEIVED] Webhook callback received from Chapa 
    Metadata: {
      "txRef": "O  vu\"N O!$m7E",
      "status": "failed",
      "amount": 181.52,
      "ip": "::ffff:127.0.0.1",
      "hasSignature": false
    }

      at logSecurityEvent (C:\Users\hp\OneDrive - bdu.edu.et(Bahir Dar)../../../../../../Internship/Ethiopia Ecommerce/ecommerce-backend/src/utils/securityLogger.js:137:25)

::ffff:127.0.0.1 - - [26/Feb/2026:18:56:33 +0000] "POST /api/payments/callback HTTP/1.1" 200 61 "-" "-"
  console.log
    Testing webhook without signature: tx_ref=O  vu"N O!$m7E, status=failed -> Status: 200

      at log (C:\Users\hp\OneDrive - bdu.edu.et(Bahir Dar)../../../../../../Internship/Ethiopia Ecommerce/ecommerce-backend/test/bugfix/chapa-payment-database-validation-preservation.test.js:2714:19)

  console.error
    Callback processing: Payment not found for tx_ref O  vu"N O!$m7E

    [0m [90m 1432 |[39m         [36mif[39m ([33m![39mpayment) {
     [90m 1433 |[39m           [36mawait[39m transaction[33m.[39mrollback()[33m;[39m
    [31m[1m>[22m[39m[90m 1434 |[39m           console[33m.[39merror([32m`Callback processing: Payment not found for tx_ref ${tx_ref}`[39m)[33m;[39m
     [90m      |[39m                   [31m[1m^[22m[39m
     [90m 1435 |[39m           [36mreturn[39m[33m;[39m
     [90m 1436 |[39m         }
     [90m 1437 |[39m[0m

      at Immediate.error (C:\Users\hp\OneDrive - bdu.edu.et(Bahir Dar)../../../../../../Internship/Ethiopia Ecommerce/ecommerce-backend/src/controllers/paymentController.js:1434:19)

  console.log
    [2026-02-26T18:56:34.026Z] Callback received: tx_ref=isPrototypeOf, status=failed, amount=10000, currency=USD

      at log (C:\Users\hp\OneDrive - bdu.edu.et(Bahir Dar)../../../../../../Internship/Ethiopia Ecommerce/ecommerce-backend/src/controllers/paymentController.js:1385:13)

  console.log
    [SECURITY] [INFO] [WEBHOOK_RECEIVED] Webhook callback received from Chapa 
    Metadata: {
      "txRef": "isPrototypeOf",
      "status": "failed",
      "amount": 10000,
      "ip": "::ffff:127.0.0.1",
      "hasSignature": false
    }

      at logSecurityEvent (C:\Users\hp\OneDrive - bdu.edu.et(Bahir Dar)../../../../../../Internship/Ethiopia Ecommerce/ecommerce-backend/src/utils/securityLogger.js:137:25)

::ffff:127.0.0.1 - - [26/Feb/2026:18:56:34 +0000] "POST /api/payments/callback HTTP/1.1" 200 61 "-" "-"
  console.log
    Testing webhook without signature: tx_ref=isPrototypeOf, status=failed -> Status: 200

      at log (C:\Users\hp\OneDrive - bdu.edu.et(Bahir Dar)../../../../../../Internship/Ethiopia Ecommerce/ecommerce-backend/test/bugfix/chapa-payment-database-validation-preservation.test.js:2714:19)

  console.error
    Callback processing: Payment not found for tx_ref isPrototypeOf

    [0m [90m 1432 |[39m         [36mif[39m ([33m![39mpayment) {
     [90m 1433 |[39m           [36mawait[39m transaction[33m.[39mrollback()[33m;[39m
    [31m[1m>[22m[39m[90m 1434 |[39m           console[33m.[39merror([32m`Callback processing: Payment not found for tx_ref ${tx_ref}`[39m)[33m;[39m
     [90m      |[39m                   [31m[1m^[22m[39m
     [90m 1435 |[39m           [36mreturn[39m[33m;[39m
     [90m 1436 |[39m         }
     [90m 1437 |[39m[0m

      at Immediate.error (C:\Users\hp\OneDrive - bdu.edu.et(Bahir Dar)../../../../../../Internship/Ethiopia Ecommerce/ecommerce-backend/src/controllers/paymentController.js:1434:19)

  console.log
    [2026-02-26T18:56:34.063Z] Callback received: tx_ref=/FW7|"hv\3RK$pLU+?)7Z, status=failed, amount=262.78, currency=USD

      at log (C:\Users\hp\OneDrive - bdu.edu.et(Bahir Dar)../../../../../../Internship/Ethiopia Ecommerce/ecommerce-backend/src/controllers/paymentController.js:1385:13)

  console.log
    [SECURITY] [INFO] [WEBHOOK_RECEIVED] Webhook callback received from Chapa 
    Metadata: {
      "txRef": "/FW7|\"hv\\3RK$pLU+?)7Z",
      "status": "failed",
      "amount": 262.78,
      "ip": "::ffff:127.0.0.1",
      "hasSignature": false
    }

      at logSecurityEvent (C:\Users\hp\OneDrive - bdu.edu.et(Bahir Dar)../../../../../../Internship/Ethiopia Ecommerce/ecommerce-backend/src/utils/securityLogger.js:137:25)

::ffff:127.0.0.1 - - [26/Feb/2026:18:56:34 +0000] "POST /api/payments/callback HTTP/1.1" 200 61 "-" "-"
  console.log
    Testing webhook without signature: tx_ref=/FW7|"hv\3RK$pLU+?)7Z, status=failed -> Status: 200

      at log (C:\Users\hp\OneDrive - bdu.edu.et(Bahir Dar)../../../../../../Internship/Ethiopia Ecommerce/ecommerce-backend/test/bugfix/chapa-payment-database-validation-preservation.test.js:2714:19)

  console.error
    Callback processing: Payment not found for tx_ref /FW7|"hv\3RK$pLU+?)7Z

    [0m [90m 1432 |[39m         [36mif[39m ([33m![39mpayment) {
     [90m 1433 |[39m           [36mawait[39m transaction[33m.[39mrollback()[33m;[39m
    [31m[1m>[22m[39m[90m 1434 |[39m           console[33m.[39merror([32m`Callback processing: Payment not found for tx_ref ${tx_ref}`[39m)[33m;[39m
     [90m      |[39m                   [31m[1m^[22m[39m
     [90m 1435 |[39m           [36mreturn[39m[33m;[39m
     [90m 1436 |[39m         }
     [90m 1437 |[39m[0m

      at Immediate.error (C:\Users\hp\OneDrive - bdu.edu.et(Bahir Dar)../../../../../../Internship/Ethiopia Ecommerce/ecommerce-backend/src/controllers/paymentController.js:1434:19)

  console.log
    [2026-02-26T18:56:34.103Z] Callback received: tx_ref=B(b__defineGe, status=pending, amount=3953.36, currency=USD

      at log (C:\Users\hp\OneDrive - bdu.edu.et(Bahir Dar)../../../../../../Internship/Ethiopia Ecommerce/ecommerce-backend/src/controllers/paymentController.js:1385:13)

  console.log
    [SECURITY] [INFO] [WEBHOOK_RECEIVED] Webhook callback received from Chapa 
    Metadata: {
      "txRef": "B(b__defineGe",
      "status": "pending",
      "amount": 3953.36,
      "ip": "::ffff:127.0.0.1",
      "hasSignature": false
    }

      at logSecurityEvent (C:\Users\hp\OneDrive - bdu.edu.et(Bahir Dar)../../../../../../Internship/Ethiopia Ecommerce/ecommerce-backend/src/utils/securityLogger.js:137:25)

::ffff:127.0.0.1 - - [26/Feb/2026:18:56:34 +0000] "POST /api/payments/callback HTTP/1.1" 200 61 "-" "-"
  console.log
    Testing webhook without signature: tx_ref=B(b__defineGe, status=pending -> Status: 200

      at log (C:\Users\hp\OneDrive - bdu.edu.et(Bahir Dar)../../../../../../Internship/Ethiopia Ecommerce/ecommerce-backend/test/bugfix/chapa-payment-database-validation-preservation.test.js:2714:19)

  console.error
    Callback processing: Payment not found for tx_ref B(b__defineGe

    [0m [90m 1432 |[39m         [36mif[39m ([33m![39mpayment) {
     [90m 1433 |[39m           [36mawait[39m transaction[33m.[39mrollback()[33m;[39m
    [31m[1m>[22m[39m[90m 1434 |[39m           console[33m.[39merror([32m`Callback processing: Payment not found for tx_ref ${tx_ref}`[39m)[33m;[39m
     [90m      |[39m                   [31m[1m^[22m[39m
     [90m 1435 |[39m           [36mreturn[39m[33m;[39m
     [90m 1436 |[39m         }
     [90m 1437 |[39m[0m

      at Immediate.error (C:\Users\hp\OneDrive - bdu.edu.et(Bahir Dar)../../../../../../Internship/Ethiopia Ecommerce/ecommerce-backend/src/controllers/paymentController.js:1434:19)

  console.log
    [2026-02-26T18:56:34.141Z] Callback received: tx_ref=hBZYQa<(~ta6*{cwk, status=failed, amount=352.61, currency=USD

      at log (C:\Users\hp\OneDrive - bdu.edu.et(Bahir Dar)../../../../../../Internship/Ethiopia Ecommerce/ecommerce-backend/src/controllers/paymentController.js:1385:13)

  console.log
    [SECURITY] [INFO] [WEBHOOK_RECEIVED] Webhook callback received from Chapa 
    Metadata: {
      "txRef": "hBZYQa<(~ta6*{cwk",
      "status": "failed",
      "amount": 352.61,
      "ip": "::ffff:127.0.0.1",
      "hasSignature": false
    }

      at logSecurityEvent (C:\Users\hp\OneDrive - bdu.edu.et(Bahir Dar)../../../../../../Internship/Ethiopia Ecommerce/ecommerce-backend/src/utils/securityLogger.js:137:25)

::ffff:127.0.0.1 - - [26/Feb/2026:18:56:34 +0000] "POST /api/payments/callback HTTP/1.1" 200 61 "-" "-"
  console.log
    Testing webhook without signature: tx_ref=hBZYQa<(~ta6*{cwk, status=failed -> Status: 200

      at log (C:\Users\hp\OneDrive - bdu.edu.et(Bahir Dar)../../../../../../Internship/Ethiopia Ecommerce/ecommerce-backend/test/bugfix/chapa-payment-database-validation-preservation.test.js:2714:19)

  console.log
    
    Γ£ô Property test passed: All 15 unsigned webhooks were handled securely

      at Object.log (C:\Users\hp\OneDrive - bdu.edu.et(Bahir Dar)../../../../../../Internship/Ethiopia Ecommerce/ecommerce-backend/test/bugfix/chapa-payment-database-validation-preservation.test.js:2751:15)

  console.log
    
    === PROPERTY TEST 17.5.2: Amount Mismatch Detection ===

      at Object.log (C:\Users\hp\OneDrive - bdu.edu.et(Bahir Dar)../../../../../../Internship/Ethiopia Ecommerce/ecommerce-backend/test/bugfix/chapa-payment-database-validation-preservation.test.js:2755:15)

  console.log
    Testing that amount mismatches are always detected...

      at Object.log (C:\Users\hp\OneDrive - bdu.edu.et(Bahir Dar)../../../../../../Internship/Ethiopia Ecommerce/ecommerce-backend/test/bugfix/chapa-payment-database-validation-preservation.test.js:2756:15)

  console.error
    Callback processing: Payment not found for tx_ref hBZYQa<(~ta6*{cwk

    [0m [90m 1432 |[39m         [36mif[39m ([33m![39mpayment) {
     [90m 1433 |[39m           [36mawait[39m transaction[33m.[39mrollback()[33m;[39m
    [31m[1m>[22m[39m[90m 1434 |[39m           console[33m.[39merror([32m`Callback processing: Payment not found for tx_ref ${tx_ref}`[39m)[33m;[39m
     [90m      |[39m                   [31m[1m^[22m[39m
     [90m 1435 |[39m           [36mreturn[39m[33m;[39m
     [90m 1436 |[39m         }
     [90m 1437 |[39m[0m

      at Immediate.error (C:\Users\hp\OneDrive - bdu.edu.et(Bahir Dar)../../../../../../Internship/Ethiopia Ecommerce/ecommerce-backend/src/controllers/paymentController.js:1434:19)

  console.log
    
    === PROPERTY TEST 17.5.3: Currency Mismatch Detection ===

      at Object.log (C:\Users\hp\OneDrive - bdu.edu.et(Bahir Dar)../../../../../../Internship/Ethiopia Ecommerce/ecommerce-backend/test/bugfix/chapa-payment-database-validation-preservation.test.js:2874:15)

  console.log
    Testing that currency mismatches are always detected...

      at Object.log (C:\Users\hp\OneDrive - bdu.edu.et(Bahir Dar)../../../../../../Internship/Ethiopia Ecommerce/ecommerce-backend/test/bugfix/chapa-payment-database-validation-preservation.test.js:2875:15)

FAIL test/bugfix/chapa-payment-database-validation-preservation.test.js (10.836 s)
  Preservation Test: Chapa Payment Database Validation Fix
    Preservation 1: Successful Payment Flows
      ├ù should continue to redirect to Chapa payment page for valid orders (135 ms)
      ├ù should continue to verify payments with correct amount and currency (35 ms)
    Preservation 2: Existing Validation Logic
      ├ù should continue to reject zero or negative payment amounts (37 ms)
      ├ù should continue to reject invalid email formats (30 ms)
    TASK 17.4: Validation Logic Preservation Property Tests
      ├ù PROPERTY: Invalid amounts should always be rejected (312 ms)
      ├ù PROPERTY: Invalid currencies should always be rejected (248 ms)
      ├ù PROPERTY: Invalid email formats should always be rejected (241 ms)
      ├ù PROPERTY: Validation error messages should always be clear and actionable 
(232 ms)
      ├ù PROPERTY: Combined validation failures should be handled correctly (252 ms)
    Preservation 3: Security Measures
      ΓêÜ should continue to verify webhook signatures before processing (29 ms)
      ├ù should continue to detect amount mismatches during verification (76 ms)
    Preservation 4: Admin Functionality
      ├ù should continue to allow admins to query payment history (25 ms)
      ├ù should continue to allow admins to filter payments by status (22 ms)
    Preservation 5: Order Creation Logic
      ├ù should continue to store valid shipping addresses correctly (22 ms)
      ├ù should continue to calculate cart totals correctly (27 ms)
    PROPERTY TEST: Preservation of Non-Buggy Payment Flows
      ├ù should preserve behavior for all valid payment scenarios (261 ms)
    PROPERTY TEST: Successful Payment Flow Behavior (Task 17.3)
      ├ù PROPERTY: Valid order data should always create order and initialize 
payment (246 ms)
      ├ù PROPERTY: Shipping address structure should always be preserved (250 ms)
      ├ù PROPERTY: Transaction reference should always be unique and properly 
formatted (239 ms)
      ├ù PROPERTY: Payment records should always have correct initial state (259 ms)
      ├ù PROPERTY: Cart should always be cleaned up after successful order creation 
(247 ms)
    Summary: Preservation Test Results
      ΓêÜ should document all preservation tests (27 ms)
    TASK 17.8: Order Creation Logic Preservation Property Tests
      ├ù PROPERTY: Valid shipping address objects should always be stored correctly 
(248 ms)
      ├ù PROPERTY: Cart totals should always be calculated correctly (248 ms)
      ├ù PROPERTY: Already paid orders should always prevent duplicate payment 
attempts (250 ms)
    TASK 17.5: Security Measures Preservation Property Tests
      ├ù PROPERTY: Valid shipping address objects should always be stored correctly 
(252 ms)
      ├ù PROPERTY: Cart totals should always be calculated correctly (248 ms)
      ├ù PROPERTY: Already paid orders should always prevent duplicate payment 
attempts (248 ms)
      ├ù PROPERTY: Order creation with multiple cart items should calculate totals 
correctly (263 ms)
      ├ù PROPERTY: Order creation should preserve all required fields (244 ms)
      ΓêÜ PROPERTY: Webhook callbacks without valid signatures should always be 
rejected (592 ms)
      ├ù PROPERTY: Amount mismatches should always be detected and rejected (260 ms)
      ├ù PROPERTY: Currency mismatches should always be detected and rejected (252 
ms)

  ΓùÅ Preservation Test: Chapa Payment Database Validation Fix ΓÇ║ Preservation 1: 
Successful Payment Flows ΓÇ║ should continue to redirect to Chapa payment page for 
valid orders

    expect(received).toBe(expected) // Object.is equality

    Expected: 201
    Received: 400

    [0m [90m 173 |[39m         })[33m;[39m
     [90m 174 |[39m
    [31m[1m>[22m[39m[90m 175 |[39m       
expect(orderResponse[33m.[39mstatus)[33m.[39mtoBe([35m201[39m)[33m;[39m
     [90m     |[39m                                    [31m[1m^[22m[39m
     [90m 176 |[39m       expect(orderResponse[33m.[39mbody[33m.[39msuccess)[3
3m.[39mtoBe([36mtrue[39m)[33m;[39m
     [90m 177 |[39m       
     [90m 178 |[39m       [36mconst[39m orderId [33m=[39m orderResponse[33m.[
39mbody[33m.[39mdata[33m.[39morder[33m.[39mid[33m;[39m[0m

      at Object.toBe (C:\Users\hp\OneDrive - bdu.edu.et(Bahir 
Dar)../../../../../../Internship/Ethiopia Ecommerce/ecommerce-backend/test/bugfix/cha
pa-payment-database-validation-preservation.test.js:175:36)

  ΓùÅ Preservation Test: Chapa Payment Database Validation Fix ΓÇ║ Preservation 1: 
Successful Payment Flows ΓÇ║ should continue to verify payments with correct amount 
and currency

    expect(received).toBe(expected) // Object.is equality

    Expected: 201
    Received: 400

    [0m [90m 233 |[39m         })[33m;[39m
     [90m 234 |[39m
    [31m[1m>[22m[39m[90m 235 |[39m       
expect(orderResponse[33m.[39mstatus)[33m.[39mtoBe([35m201[39m)[33m;[39m
     [90m     |[39m                                    [31m[1m^[22m[39m
     [90m 236 |[39m       [36mconst[39m orderId [33m=[39m 
orderResponse[33m.[39mbody[33m.[39mdata[33m.[39morder[33m.[39mid[33m;[39m
     [90m 237 |[39m       [36mconst[39m totalAmount [33m=[39m parseFloat(orderR
esponse[33m.[39mbody[33m.[39mdata[33m.[39morder[33m.[39mtotalAmount)[33m;[3
9m
     [90m 238 |[39m[0m

      at Object.toBe (C:\Users\hp\OneDrive - bdu.edu.et(Bahir 
Dar)../../../../../../Internship/Ethiopia Ecommerce/ecommerce-backend/test/bugfix/cha
pa-payment-database-validation-preservation.test.js:235:36)

  ΓùÅ Preservation Test: Chapa Payment Database Validation Fix ΓÇ║ Preservation 2: 
Existing Validation Logic ΓÇ║ should continue to reject zero or negative payment 
amounts

    expect(received).toBe(expected) // Object.is equality

    Expected: 201
    Received: 400

    [0m [90m 300 |[39m         })[33m;[39m
     [90m 301 |[39m
    [31m[1m>[22m[39m[90m 302 |[39m       
expect(orderResponse[33m.[39mstatus)[33m.[39mtoBe([35m201[39m)[33m;[39m
     [90m     |[39m                                    [31m[1m^[22m[39m
     [90m 303 |[39m       [36mconst[39m orderId [33m=[39m 
orderResponse[33m.[39mbody[33m.[39mdata[33m.[39morder[33m.[39mid[33m;[39m
     [90m 304 |[39m
     [90m 305 |[39m       [90m// Try to initialize payment with zero 
amount[39m[0m

      at Object.toBe (C:\Users\hp\OneDrive - bdu.edu.et(Bahir 
Dar)../../../../../../Internship/Ethiopia Ecommerce/ecommerce-backend/test/bugfix/cha
pa-payment-database-validation-preservation.test.js:302:36)

  ΓùÅ Preservation Test: Chapa Payment Database Validation Fix ΓÇ║ Preservation 2: 
Existing Validation Logic ΓÇ║ should continue to reject invalid email formats

    expect(received).toBe(expected) // Object.is equality

    Expected: 201
    Received: 400

    [0m [90m 365 |[39m         })[33m;[39m
     [90m 366 |[39m
    [31m[1m>[22m[39m[90m 367 |[39m       
expect(orderResponse[33m.[39mstatus)[33m.[39mtoBe([35m201[39m)[33m;[39m
     [90m     |[39m                                    [31m[1m^[22m[39m
     [90m 368 |[39m       [36mconst[39m orderId [33m=[39m 
orderResponse[33m.[39mbody[33m.[39mdata[33m.[39morder[33m.[39mid[33m;[39m
     [90m 369 |[39m       [36mconst[39m totalAmount [33m=[39m parseFloat(orderR
esponse[33m.[39mbody[33m.[39mdata[33m.[39morder[33m.[39mtotalAmount)[33m;[3
9m
     [90m 370 |[39m[0m

      at Object.toBe (C:\Users\hp\OneDrive - bdu.edu.et(Bahir 
Dar)../../../../../../Internship/Ethiopia Ecommerce/ecommerce-backend/test/bugfix/cha
pa-payment-database-validation-preservation.test.js:367:36)

  ΓùÅ Preservation Test: Chapa Payment Database Validation Fix ΓÇ║ TASK 17.4: 
Validation Logic Preservation Property Tests ΓÇ║ PROPERTY: Invalid amounts should 
always be rejected

    Property failed after 1 tests
    { seed: -271094914, path: "0", endOnFailure: true }
    Counterexample: ["invalid"]
    Shrunk 0 time(s)

    Encountered failures were:
    - ["invalid"]

      at buildError (C:\Users\hp\OneDrive - bdu.edu.et(Bahir 
Dar)../../../../../../Internship/Ethiopia Ecommerce/ecommerce-backend/node_modules/fa
st-check/lib/cjs/check/runner/utils/RunDetailsFormatter.js:162:19)
      at asyncThrowIfFailed (C:\Users\hp\OneDrive - bdu.edu.et(Bahir 
Dar)../../../../../../Internship/Ethiopia Ecommerce/ecommerce-backend/node_modules/fa
st-check/lib/cjs/check/runner/utils/RunDetailsFormatter.js:176:11)

    Cause:


    [0m [90m 435 |[39m
     [90m 436 |[39m           [90m// Create cart[39m
    [31m[1m>[22m[39m[90m 437 |[39m           [36mconst[39m uniqueCart 
[33m=[39m [36mawait[39m [33mCart[39m[33m.[39mcreate({ user_id[33m:[39m 
testUser[33m.[39mid })[33m;[39m
     [90m     |[39m                              [31m[1m^[22m[39m
     [90m 438 |[39m           [36mawait[39m [33mCartItem[39m[33m.[39mcreate({
     [90m 439 |[39m             cart_id[33m:[39m 
uniqueCart[33m.[39mid[33m,[39m
     [90m 440 |[39m             product_id[33m:[39m 
testProduct[33m.[39mid[33m,[39m[0m

      at Query.run (C:\Users\hp\OneDrive - bdu.edu.et(Bahir 
Dar)../../../../../../Internship/Ethiopia 
Ecommerce/ecommerce-backend/node_modules/sequelize/src/dialects/mysql/query.js:46:25)
      at C:\Users\hp\OneDrive - bdu.edu.et(Bahir 
Dar)../../../../../../Internship/Ethiopia 
Ecommerce/ecommerce-backend/node_modules/sequelize/src/sequelize.js:650:28
      at MySQLQueryInterface.insert (C:\Users\hp\OneDrive - bdu.edu.et(Bahir 
Dar)../../../../../../Internship/Ethiopia Ecommerce/ecommerce-backend/node_modules/se
quelize/src/dialects/abstract/query-interface.js:795:21)
      at model.save (C:\Users\hp\OneDrive - bdu.edu.et(Bahir 
Dar)../../../../../../Internship/Ethiopia 
Ecommerce/ecommerce-backend/node_modules/sequelize/src/model.js:4154:35)
      at Cart.create (C:\Users\hp\OneDrive - bdu.edu.et(Bahir 
Dar)../../../../../../Internship/Ethiopia 
Ecommerce/ecommerce-backend/node_modules/sequelize/src/model.js:2305:12)
      at C:\Users\hp\OneDrive - bdu.edu.et(Bahir 
Dar)../../../../../../Internship/Ethiopia Ecommerce/ecommerce-backend/test/bugfix/cha
pa-payment-database-validation-preservation.test.js:437:30
      at AsyncProperty.run (C:\Users\hp\OneDrive - bdu.edu.et(Bahir 
Dar)../../../../../../Internship/Ethiopia Ecommerce/ecommerce-backend/node_modules/fa
st-check/lib/cjs/check/property/AsyncProperty.generic.js:46:28)
      at asyncRunIt (C:\Users\hp\OneDrive - bdu.edu.et(Bahir 
Dar)../../../../../../Internship/Ethiopia Ecommerce/ecommerce-backend/node_modules/fa
st-check/lib/cjs/check/runner/Runner.js:28:21)
      at Object.<anonymous> (C:\Users\hp\OneDrive - bdu.edu.et(Bahir 
Dar)../../../../../../Internship/Ethiopia Ecommerce/ecommerce-backend/test/bugfix/cha
pa-payment-database-validation-preservation.test.js:424:7)

  ΓùÅ Preservation Test: Chapa Payment Database Validation Fix ΓÇ║ TASK 17.4: 
Validation Logic Preservation Property Tests ΓÇ║ PROPERTY: Invalid currencies should 
always be rejected

    Property failed after 1 tests
    { seed: 470811501, path: "0", endOnFailure: true }
    Counterexample: ["123"]
    Shrunk 0 time(s)

    Encountered failures were:
    - ["123"]

      at buildError (C:\Users\hp\OneDrive - bdu.edu.et(Bahir 
Dar)../../../../../../Internship/Ethiopia Ecommerce/ecommerce-backend/node_modules/fa
st-check/lib/cjs/check/runner/utils/RunDetailsFormatter.js:162:19)
      at asyncThrowIfFailed (C:\Users\hp\OneDrive - bdu.edu.et(Bahir 
Dar)../../../../../../Internship/Ethiopia Ecommerce/ecommerce-backend/node_modules/fa
st-check/lib/cjs/check/runner/utils/RunDetailsFormatter.js:176:11)

    Cause:


    [0m [90m 520 |[39m
     [90m 521 |[39m           [90m// Create cart[39m
    [31m[1m>[22m[39m[90m 522 |[39m           [36mconst[39m uniqueCart 
[33m=[39m [36mawait[39m [33mCart[39m[33m.[39mcreate({ user_id[33m:[39m 
testUser[33m.[39mid })[33m;[39m
     [90m     |[39m                              [31m[1m^[22m[39m
     [90m 523 |[39m           [36mawait[39m [33mCartItem[39m[33m.[39mcreate({
     [90m 524 |[39m             cart_id[33m:[39m 
uniqueCart[33m.[39mid[33m,[39m
     [90m 525 |[39m             product_id[33m:[39m 
testProduct[33m.[39mid[33m,[39m[0m

      at Query.run (C:\Users\hp\OneDrive - bdu.edu.et(Bahir 
Dar)../../../../../../Internship/Ethiopia 
Ecommerce/ecommerce-backend/node_modules/sequelize/src/dialects/mysql/query.js:46:25)
      at C:\Users\hp\OneDrive - bdu.edu.et(Bahir 
Dar)../../../../../../Internship/Ethiopia 
Ecommerce/ecommerce-backend/node_modules/sequelize/src/sequelize.js:650:28
      at MySQLQueryInterface.insert (C:\Users\hp\OneDrive - bdu.edu.et(Bahir 
Dar)../../../../../../Internship/Ethiopia Ecommerce/ecommerce-backend/node_modules/se
quelize/src/dialects/abstract/query-interface.js:795:21)
      at model.save (C:\Users\hp\OneDrive - bdu.edu.et(Bahir 
Dar)../../../../../../Internship/Ethiopia 
Ecommerce/ecommerce-backend/node_modules/sequelize/src/model.js:4154:35)
      at Cart.create (C:\Users\hp\OneDrive - bdu.edu.et(Bahir 
Dar)../../../../../../Internship/Ethiopia 
Ecommerce/ecommerce-backend/node_modules/sequelize/src/model.js:2305:12)
      at C:\Users\hp\OneDrive - bdu.edu.et(Bahir 
Dar)../../../../../../Internship/Ethiopia Ecommerce/ecommerce-backend/test/bugfix/cha
pa-payment-database-validation-preservation.test.js:522:30
      at AsyncProperty.run (C:\Users\hp\OneDrive - bdu.edu.et(Bahir 
Dar)../../../../../../Internship/Ethiopia Ecommerce/ecommerce-backend/node_modules/fa
st-check/lib/cjs/check/property/AsyncProperty.generic.js:46:28)
      at asyncRunIt (C:\Users\hp\OneDrive - bdu.edu.et(Bahir 
Dar)../../../../../../Internship/Ethiopia Ecommerce/ecommerce-backend/node_modules/fa
st-check/lib/cjs/check/runner/Runner.js:28:21)
      at Object.<anonymous> (C:\Users\hp\OneDrive - bdu.edu.et(Bahir 
Dar)../../../../../../Internship/Ethiopia Ecommerce/ecommerce-backend/test/bugfix/cha
pa-payment-database-validation-preservation.test.js:509:7)

  ΓùÅ Preservation Test: Chapa Payment Database Validation Fix ΓÇ║ TASK 17.4: 
Validation Logic Preservation Property Tests ΓÇ║ PROPERTY: Invalid email formats 
should always be rejected

    Property failed after 1 tests
    { seed: -1303415180, path: "0", endOnFailure: true }
    Counterexample: ["@example.com"]
    Shrunk 0 time(s)

    Encountered failures were:
    - ["@example.com"]

      at buildError (C:\Users\hp\OneDrive - bdu.edu.et(Bahir 
Dar)../../../../../../Internship/Ethiopia Ecommerce/ecommerce-backend/node_modules/fa
st-check/lib/cjs/check/runner/utils/RunDetailsFormatter.js:162:19)
      at asyncThrowIfFailed (C:\Users\hp\OneDrive - bdu.edu.et(Bahir 
Dar)../../../../../../Internship/Ethiopia Ecommerce/ecommerce-backend/node_modules/fa
st-check/lib/cjs/check/runner/utils/RunDetailsFormatter.js:176:11)

    Cause:


    [0m [90m 629 |[39m
     [90m 630 |[39m           [90m// Create cart[39m
    [31m[1m>[22m[39m[90m 631 |[39m           [36mconst[39m uniqueCart 
[33m=[39m [36mawait[39m [33mCart[39m[33m.[39mcreate({ user_id[33m:[39m 
testUser[33m.[39mid })[33m;[39m
     [90m     |[39m                              [31m[1m^[22m[39m
     [90m 632 |[39m           [36mawait[39m [33mCartItem[39m[33m.[39mcreate({
     [90m 633 |[39m             cart_id[33m:[39m 
uniqueCart[33m.[39mid[33m,[39m
     [90m 634 |[39m             product_id[33m:[39m 
testProduct[33m.[39mid[33m,[39m[0m

      at Query.run (C:\Users\hp\OneDrive - bdu.edu.et(Bahir 
Dar)../../../../../../Internship/Ethiopia 
Ecommerce/ecommerce-backend/node_modules/sequelize/src/dialects/mysql/query.js:46:25)
      at C:\Users\hp\OneDrive - bdu.edu.et(Bahir 
Dar)../../../../../../Internship/Ethiopia 
Ecommerce/ecommerce-backend/node_modules/sequelize/src/sequelize.js:650:28
      at MySQLQueryInterface.insert (C:\Users\hp\OneDrive - bdu.edu.et(Bahir 
Dar)../../../../../../Internship/Ethiopia Ecommerce/ecommerce-backend/node_modules/se
quelize/src/dialects/abstract/query-interface.js:795:21)
      at model.save (C:\Users\hp\OneDrive - bdu.edu.et(Bahir 
Dar)../../../../../../Internship/Ethiopia 
Ecommerce/ecommerce-backend/node_modules/sequelize/src/model.js:4154:35)
      at Cart.create (C:\Users\hp\OneDrive - bdu.edu.et(Bahir 
Dar)../../../../../../Internship/Ethiopia 
Ecommerce/ecommerce-backend/node_modules/sequelize/src/model.js:2305:12)
      at C:\Users\hp\OneDrive - bdu.edu.et(Bahir 
Dar)../../../../../../Internship/Ethiopia Ecommerce/ecommerce-backend/test/bugfix/cha
pa-payment-database-validation-preservation.test.js:631:30
      at AsyncProperty.run (C:\Users\hp\OneDrive - bdu.edu.et(Bahir 
Dar)../../../../../../Internship/Ethiopia Ecommerce/ecommerce-backend/node_modules/fa
st-check/lib/cjs/check/property/AsyncProperty.generic.js:46:28)
      at asyncRunIt (C:\Users\hp\OneDrive - bdu.edu.et(Bahir 
Dar)../../../../../../Internship/Ethiopia Ecommerce/ecommerce-backend/node_modules/fa
st-check/lib/cjs/check/runner/Runner.js:28:21)
      at Object.<anonymous> (C:\Users\hp\OneDrive - bdu.edu.et(Bahir 
Dar)../../../../../../Internship/Ethiopia Ecommerce/ecommerce-backend/test/bugfix/cha
pa-payment-database-validation-preservation.test.js:618:7)

  ΓùÅ Preservation Test: Chapa Payment Database Validation Fix ΓÇ║ TASK 17.4: 
Validation Logic Preservation Property Tests ΓÇ║ PROPERTY: Validation error messages 
should always be clear and actionable



    [0m [90m 716 |[39m
     [90m 717 |[39m         [90m// Create cart[39m
    [31m[1m>[22m[39m[90m 718 |[39m         [36mconst[39m uniqueCart 
[33m=[39m [36mawait[39m [33mCart[39m[33m.[39mcreate({ user_id[33m:[39m 
testUser[33m.[39mid })[33m;[39m
     [90m     |[39m                            [31m[1m^[22m[39m
     [90m 719 |[39m         [36mawait[39m [33mCartItem[39m[33m.[39mcreate({
     [90m 720 |[39m           cart_id[33m:[39m uniqueCart[33m.[39mid[33m,[39m
     [90m 721 |[39m           product_id[33m:[39m 
testProduct[33m.[39mid[33m,[39m[0m

      at Query.run (C:\Users\hp\OneDrive - bdu.edu.et(Bahir 
Dar)../../../../../../Internship/Ethiopia 
Ecommerce/ecommerce-backend/node_modules/sequelize/src/dialects/mysql/query.js:46:25)
      at C:\Users\hp\OneDrive - bdu.edu.et(Bahir 
Dar)../../../../../../Internship/Ethiopia 
Ecommerce/ecommerce-backend/node_modules/sequelize/src/sequelize.js:650:28
      at MySQLQueryInterface.insert (C:\Users\hp\OneDrive - bdu.edu.et(Bahir 
Dar)../../../../../../Internship/Ethiopia Ecommerce/ecommerce-backend/node_modules/se
quelize/src/dialects/abstract/query-interface.js:795:21)
      at model.save (C:\Users\hp\OneDrive - bdu.edu.et(Bahir 
Dar)../../../../../../Internship/Ethiopia 
Ecommerce/ecommerce-backend/node_modules/sequelize/src/model.js:4154:35)
      at Cart.create (C:\Users\hp\OneDrive - bdu.edu.et(Bahir 
Dar)../../../../../../Internship/Ethiopia 
Ecommerce/ecommerce-backend/node_modules/sequelize/src/model.js:2305:12)
      at Object.<anonymous> (C:\Users\hp\OneDrive - bdu.edu.et(Bahir 
Dar)../../../../../../Internship/Ethiopia Ecommerce/ecommerce-backend/test/bugfix/cha
pa-payment-database-validation-preservation.test.js:718:28)

  ΓùÅ Preservation Test: Chapa Payment Database Validation Fix ΓÇ║ TASK 17.4: 
Validation Logic Preservation Property Tests ΓÇ║ PROPERTY: Combined validation 
failures should be handled correctly

    Property failed after 1 tests
    { seed: -598288358, path: "0", endOnFailure: true }
    Counterexample: [{__proto__:null,"amount":0,"email":""}]
    Shrunk 0 time(s)

    Encountered failures were:
    - [{__proto__:null,"amount":0,"email":""}]

      at buildError (C:\Users\hp\OneDrive - bdu.edu.et(Bahir 
Dar)../../../../../../Internship/Ethiopia Ecommerce/ecommerce-backend/node_modules/fa
st-check/lib/cjs/check/runner/utils/RunDetailsFormatter.js:162:19)
      at asyncThrowIfFailed (C:\Users\hp\OneDrive - bdu.edu.et(Bahir 
Dar)../../../../../../Internship/Ethiopia Ecommerce/ecommerce-backend/node_modules/fa
st-check/lib/cjs/check/runner/utils/RunDetailsFormatter.js:176:11)

    Cause:


    [0m [90m 811 |[39m
     [90m 812 |[39m           [90m// Create cart[39m
    [31m[1m>[22m[39m[90m 813 |[39m           [36mconst[39m uniqueCart 
[33m=[39m [36mawait[39m [33mCart[39m[33m.[39mcreate({ user_id[33m:[39m 
testUser[33m.[39mid })[33m;[39m
     [90m     |[39m                              [31m[1m^[22m[39m
     [90m 814 |[39m           [36mawait[39m [33mCartItem[39m[33m.[39mcreate({
     [90m 815 |[39m             cart_id[33m:[39m 
uniqueCart[33m.[39mid[33m,[39m
     [90m 816 |[39m             product_id[33m:[39m 
testProduct[33m.[39mid[33m,[39m[0m

      at Query.run (C:\Users\hp\OneDrive - bdu.edu.et(Bahir 
Dar)../../../../../../Internship/Ethiopia 
Ecommerce/ecommerce-backend/node_modules/sequelize/src/dialects/mysql/query.js:46:25)
      at C:\Users\hp\OneDrive - bdu.edu.et(Bahir 
Dar)../../../../../../Internship/Ethiopia 
Ecommerce/ecommerce-backend/node_modules/sequelize/src/sequelize.js:650:28
      at MySQLQueryInterface.insert (C:\Users\hp\OneDrive - bdu.edu.et(Bahir 
Dar)../../../../../../Internship/Ethiopia Ecommerce/ecommerce-backend/node_modules/se
quelize/src/dialects/abstract/query-interface.js:795:21)
      at model.save (C:\Users\hp\OneDrive - bdu.edu.et(Bahir 
Dar)../../../../../../Internship/Ethiopia 
Ecommerce/ecommerce-backend/node_modules/sequelize/src/model.js:4154:35)
      at Cart.create (C:\Users\hp\OneDrive - bdu.edu.et(Bahir 
Dar)../../../../../../Internship/Ethiopia 
Ecommerce/ecommerce-backend/node_modules/sequelize/src/model.js:2305:12)
      at C:\Users\hp\OneDrive - bdu.edu.et(Bahir 
Dar)../../../../../../Internship/Ethiopia Ecommerce/ecommerce-backend/test/bugfix/cha
pa-payment-database-validation-preservation.test.js:813:30
      at AsyncProperty.run (C:\Users\hp\OneDrive - bdu.edu.et(Bahir 
Dar)../../../../../../Internship/Ethiopia Ecommerce/ecommerce-backend/node_modules/fa
st-check/lib/cjs/check/property/AsyncProperty.generic.js:46:28)
      at asyncRunIt (C:\Users\hp\OneDrive - bdu.edu.et(Bahir 
Dar)../../../../../../Internship/Ethiopia Ecommerce/ecommerce-backend/node_modules/fa
st-check/lib/cjs/check/runner/Runner.js:28:21)
      at Object.<anonymous> (C:\Users\hp\OneDrive - bdu.edu.et(Bahir 
Dar)../../../../../../Internship/Ethiopia Ecommerce/ecommerce-backend/test/bugfix/cha
pa-payment-database-validation-preservation.test.js:800:7)

  ΓùÅ Preservation Test: Chapa Payment Database Validation Fix ΓÇ║ Preservation 3: 
Security Measures ΓÇ║ should continue to detect amount mismatches during verification

    expect(received).toBe(expected) // Object.is equality

    Expected: 201
    Received: 400

    [0m [90m 927 |[39m         })[33m;[39m
     [90m 928 |[39m
    [31m[1m>[22m[39m[90m 929 |[39m       
expect(orderResponse[33m.[39mstatus)[33m.[39mtoBe([35m201[39m)[33m;[39m
     [90m     |[39m                                    [31m[1m^[22m[39m
     [90m 930 |[39m       [36mconst[39m orderId [33m=[39m 
orderResponse[33m.[39mbody[33m.[39mdata[33m.[39morder[33m.[39mid[33m;[39m
     [90m 931 |[39m       [36mconst[39m totalAmount [33m=[39m parseFloat(orderR
esponse[33m.[39mbody[33m.[39mdata[33m.[39morder[33m.[39mtotalAmount)[33m;[3
9m
     [90m 932 |[39m[0m

      at Object.toBe (C:\Users\hp\OneDrive - bdu.edu.et(Bahir 
Dar)../../../../../../Internship/Ethiopia Ecommerce/ecommerce-backend/test/bugfix/cha
pa-payment-database-validation-preservation.test.js:929:36)

  ΓùÅ Preservation Test: Chapa Payment Database Validation Fix ΓÇ║ Preservation 4: 
Admin Functionality ΓÇ║ should continue to allow admins to query payment history

    expect(received).toBe(expected) // Object.is equality

    Expected: 200
    Received: 404

    [0m [90m 982 |[39m
     [90m 983 |[39m       [90m// Should allow admin to query payments[39m
    [31m[1m>[22m[39m[90m 984 |[39m       
expect(paymentsResponse[33m.[39mstatus)[33m.[39mtoBe([35m200[39m)[33m;[39m
     [90m     |[39m                                       [31m[1m^[22m[39m
     [90m 985 |[39m       expect(paymentsResponse[33m.[39mbody[33m.[39msuccess)
[33m.[39mtoBe([36mtrue[39m)[33m;[39m
     [90m 986 |[39m       expect(paymentsResponse[33m.[39mbody[33m.[39mdata)[3
3m.[39mtoHaveProperty([32m'payments'[39m)[33m;[39m
     [90m 987 |[39m       expect([33mArray[39m[33m.[39misArray(paymentsResponse
[33m.[39mbody[33m.[39mdata[33m.[39mpayments))[33m.[39mtoBe([36mtrue[39m)[3
3m;[39m[0m

      at Object.toBe (C:\Users\hp\OneDrive - bdu.edu.et(Bahir 
Dar)../../../../../../Internship/Ethiopia Ecommerce/ecommerce-backend/test/bugfix/cha
pa-payment-database-validation-preservation.test.js:984:39)

  ΓùÅ Preservation Test: Chapa Payment Database Validation Fix ΓÇ║ Preservation 4: 
Admin Functionality ΓÇ║ should continue to allow admins to filter payments by status

    expect(received).toBe(expected) // Object.is equality

    Expected: 200
    Received: 404

    [0m [90m 1001 |[39m
     [90m 1002 |[39m       [90m// Should allow filtering by status[39m
    [31m[1m>[22m[39m[90m 1003 |[39m       expect(pendingPaymentsResponse[33m.
[39mstatus)[33m.[39mtoBe([35m200[39m)[33m;[39m
     [90m      |[39m                                              
[31m[1m^[22m[39m
     [90m 1004 |[39m       expect(pendingPaymentsResponse[33m.[39mbody[33m.[39m
success)[33m.[39mtoBe([36mtrue[39m)[33m;[39m
     [90m 1005 |[39m       
     [90m 1006 |[39m       console[33m.[39mlog([32m'Γ£ô Admin payment filtering 
preserved'[39m)[33m;[39m[0m

      at Object.toBe (C:\Users\hp\OneDrive - bdu.edu.et(Bahir 
Dar)../../../../../../Internship/Ethiopia Ecommerce/ecommerce-backend/test/bugfix/cha
pa-payment-database-validation-preservation.test.js:1003:46)

  ΓùÅ Preservation Test: Chapa Payment Database Validation Fix ΓÇ║ Preservation 5: 
Order Creation Logic ΓÇ║ should continue to store valid shipping addresses correctly

    expect(received).toBe(expected) // Object.is equality

    Expected: 201
    Received: 400

    [0m [90m 1040 |[39m         })[33m;[39m
     [90m 1041 |[39m
    [31m[1m>[22m[39m[90m 1042 |[39m       
expect(orderResponse[33m.[39mstatus)[33m.[39mtoBe([35m201[39m)[33m;[39m
     [90m      |[39m                                    [31m[1m^[22m[39m
     [90m 1043 |[39m       [36mconst[39m orderId [33m=[39m 
orderResponse[33m.[39mbody[33m.[39mdata[33m.[39morder[33m.[39mid[33m;[39m
     [90m 1044 |[39m
     [90m 1045 |[39m       [90m// Verify order in database[39m[0m

      at Object.toBe (C:\Users\hp\OneDrive - bdu.edu.et(Bahir 
Dar)../../../../../../Internship/Ethiopia Ecommerce/ecommerce-backend/test/bugfix/cha
pa-payment-database-validation-preservation.test.js:1042:36)

  ΓùÅ Preservation Test: Chapa Payment Database Validation Fix ΓÇ║ Preservation 5: 
Order Creation Logic ΓÇ║ should continue to calculate cart totals correctly

    expect(received).toBe(expected) // Object.is equality

    Expected: 201
    Received: 400

    [0m [90m 1089 |[39m         })[33m;[39m
     [90m 1090 |[39m
    [31m[1m>[22m[39m[90m 1091 |[39m       
expect(orderResponse[33m.[39mstatus)[33m.[39mtoBe([35m201[39m)[33m;[39m
     [90m      |[39m                                    [31m[1m^[22m[39m
     [90m 1092 |[39m       [36mconst[39m orderId [33m=[39m 
orderResponse[33m.[39mbody[33m.[39mdata[33m.[39morder[33m.[39mid[33m;[39m
     [90m 1093 |[39m
     [90m 1094 |[39m       [90m// Verify order total[39m[0m

      at Object.toBe (C:\Users\hp\OneDrive - bdu.edu.et(Bahir 
Dar)../../../../../../Internship/Ethiopia Ecommerce/ecommerce-backend/test/bugfix/cha
pa-payment-database-validation-preservation.test.js:1091:36)

  ΓùÅ Preservation Test: Chapa Payment Database Validation Fix ΓÇ║ PROPERTY TEST: 
Preservation of Non-Buggy Payment Flows ΓÇ║ should preserve behavior for all valid 
payment scenarios

    Property failed after 1 tests
    { seed: -654105422, path: "0", endOnFailure: true }
    Counterexample: [{"quantity":1,"shippingCost":500,"city":"Addis 
Ababa","street":"&zhDvM#$xxx`"}]
    Shrunk 0 time(s)

    Encountered failures were:
    - [{"quantity":1,"shippingCost":500,"city":"Addis 
Ababa","street":"&zhDvM#$xxx`"}]

      at buildError (C:\Users\hp\OneDrive - bdu.edu.et(Bahir 
Dar)../../../../../../Internship/Ethiopia Ecommerce/ecommerce-backend/node_modules/fa
st-check/lib/cjs/check/runner/utils/RunDetailsFormatter.js:162:19)
      at asyncThrowIfFailed (C:\Users\hp\OneDrive - bdu.edu.et(Bahir 
Dar)../../../../../../Internship/Ethiopia Ecommerce/ecommerce-backend/node_modules/fa
st-check/lib/cjs/check/runner/utils/RunDetailsFormatter.js:176:11)

    Cause:


    [0m [90m 1148 |[39m         
fc[33m.[39masyncProperty(paymentScenarioArb[33m,[39m [36masync[39m (scenario) 
[33m=>[39m {
     [90m 1149 |[39m           [90m// Create unique cart for this iteration[39m
    [31m[1m>[22m[39m[90m 1150 |[39m           [36mconst[39m uniqueCart 
[33m=[39m [36mawait[39m [33mCart[39m[33m.[39mcreate({
     [90m      |[39m                              [31m[1m^[22m[39m
     [90m 1151 |[39m             user_id[33m:[39m testUser[33m.[39mid
     [90m 1152 |[39m           })[33m;[39m
     [90m 1153 |[39m[0m

      at Query.run (C:\Users\hp\OneDrive - bdu.edu.et(Bahir 
Dar)../../../../../../Internship/Ethiopia 
Ecommerce/ecommerce-backend/node_modules/sequelize/src/dialects/mysql/query.js:46:25)
      at C:\Users\hp\OneDrive - bdu.edu.et(Bahir 
Dar)../../../../../../Internship/Ethiopia 
Ecommerce/ecommerce-backend/node_modules/sequelize/src/sequelize.js:650:28
      at MySQLQueryInterface.insert (C:\Users\hp\OneDrive - bdu.edu.et(Bahir 
Dar)../../../../../../Internship/Ethiopia Ecommerce/ecommerce-backend/node_modules/se
quelize/src/dialects/abstract/query-interface.js:795:21)
      at model.save (C:\Users\hp\OneDrive - bdu.edu.et(Bahir 
Dar)../../../../../../Internship/Ethiopia 
Ecommerce/ecommerce-backend/node_modules/sequelize/src/model.js:4154:35)
      at Cart.create (C:\Users\hp\OneDrive - bdu.edu.et(Bahir 
Dar)../../../../../../Internship/Ethiopia 
Ecommerce/ecommerce-backend/node_modules/sequelize/src/model.js:2305:12)
      at C:\Users\hp\OneDrive - bdu.edu.et(Bahir 
Dar)../../../../../../Internship/Ethiopia Ecommerce/ecommerce-backend/test/bugfix/cha
pa-payment-database-validation-preservation.test.js:1150:30
      at AsyncProperty.run (C:\Users\hp\OneDrive - bdu.edu.et(Bahir 
Dar)../../../../../../Internship/Ethiopia Ecommerce/ecommerce-backend/node_modules/fa
st-check/lib/cjs/check/property/AsyncProperty.generic.js:46:28)
      at asyncRunIt (C:\Users\hp\OneDrive - bdu.edu.et(Bahir 
Dar)../../../../../../Internship/Ethiopia Ecommerce/ecommerce-backend/node_modules/fa
st-check/lib/cjs/check/runner/Runner.js:28:21)
      at Object.<anonymous> (C:\Users\hp\OneDrive - bdu.edu.et(Bahir 
Dar)../../../../../../Internship/Ethiopia Ecommerce/ecommerce-backend/test/bugfix/cha
pa-payment-database-validation-preservation.test.js:1147:7)

  ΓùÅ Preservation Test: Chapa Payment Database Validation Fix ΓÇ║ PROPERTY TEST: 
Successful Payment Flow Behavior (Task 17.3) ΓÇ║ PROPERTY: Valid order data should 
always create order and initialize payment

    Property failed after 1 tests
    { seed: 554791045, path: "0", endOnFailure: true }
    Counterexample: [{__proto__:null,"quantity":7,"shippingCost":0,"city":"Addis 
Ababa","street":"m 
#\"/\"8M","postalCode":"7497","phone":"+251933333333","paymentMethod":"card"}]
    Shrunk 0 time(s)

    Encountered failures were:
    - [{__proto__:null,"quantity":7,"shippingCost":0,"city":"Addis 
Ababa","street":"m 
#\"/\"8M","postalCode":"7497","phone":"+251933333333","paymentMethod":"card"}]

      at buildError (C:\Users\hp\OneDrive - bdu.edu.et(Bahir 
Dar)../../../../../../Internship/Ethiopia Ecommerce/ecommerce-backend/node_modules/fa
st-check/lib/cjs/check/runner/utils/RunDetailsFormatter.js:162:19)
      at asyncThrowIfFailed (C:\Users\hp\OneDrive - bdu.edu.et(Bahir 
Dar)../../../../../../Internship/Ethiopia Ecommerce/ecommerce-backend/node_modules/fa
st-check/lib/cjs/check/runner/utils/RunDetailsFormatter.js:176:11)

    Cause:


    [0m [90m 1285 |[39m         
fc[33m.[39masyncProperty(validOrderDataArb[33m,[39m [36masync[39m (orderData) 
[33m=>[39m {
     [90m 1286 |[39m           [90m// Create unique cart for this test[39m
    [31m[1m>[22m[39m[90m 1287 |[39m           [36mconst[39m uniqueCart 
[33m=[39m [36mawait[39m [33mCart[39m[33m.[39mcreate({ user_id[33m:[39m 
testUser[33m.[39mid })[33m;[39m
     [90m      |[39m                              [31m[1m^[22m[39m
     [90m 1288 |[39m           [36mawait[39m 
[33mCartItem[39m[33m.[39mcreate({
     [90m 1289 |[39m             cart_id[33m:[39m 
uniqueCart[33m.[39mid[33m,[39m
     [90m 1290 |[39m             product_id[33m:[39m 
testProduct[33m.[39mid[33m,[39m[0m

      at Query.run (C:\Users\hp\OneDrive - bdu.edu.et(Bahir 
Dar)../../../../../../Internship/Ethiopia 
Ecommerce/ecommerce-backend/node_modules/sequelize/src/dialects/mysql/query.js:46:25)
      at C:\Users\hp\OneDrive - bdu.edu.et(Bahir 
Dar)../../../../../../Internship/Ethiopia 
Ecommerce/ecommerce-backend/node_modules/sequelize/src/sequelize.js:650:28
      at MySQLQueryInterface.insert (C:\Users\hp\OneDrive - bdu.edu.et(Bahir 
Dar)../../../../../../Internship/Ethiopia Ecommerce/ecommerce-backend/node_modules/se
quelize/src/dialects/abstract/query-interface.js:795:21)
      at model.save (C:\Users\hp\OneDrive - bdu.edu.et(Bahir 
Dar)../../../../../../Internship/Ethiopia 
Ecommerce/ecommerce-backend/node_modules/sequelize/src/model.js:4154:35)
      at Cart.create (C:\Users\hp\OneDrive - bdu.edu.et(Bahir 
Dar)../../../../../../Internship/Ethiopia 
Ecommerce/ecommerce-backend/node_modules/sequelize/src/model.js:2305:12)
      at C:\Users\hp\OneDrive - bdu.edu.et(Bahir 
Dar)../../../../../../Internship/Ethiopia Ecommerce/ecommerce-backend/test/bugfix/cha
pa-payment-database-validation-preservation.test.js:1287:30
      at AsyncProperty.run (C:\Users\hp\OneDrive - bdu.edu.et(Bahir 
Dar)../../../../../../Internship/Ethiopia Ecommerce/ecommerce-backend/node_modules/fa
st-check/lib/cjs/check/property/AsyncProperty.generic.js:46:28)
      at asyncRunIt (C:\Users\hp\OneDrive - bdu.edu.et(Bahir 
Dar)../../../../../../Internship/Ethiopia Ecommerce/ecommerce-backend/node_modules/fa
st-check/lib/cjs/check/runner/Runner.js:28:21)
      at Object.<anonymous> (C:\Users\hp\OneDrive - bdu.edu.et(Bahir 
Dar)../../../../../../Internship/Ethiopia Ecommerce/ecommerce-backend/test/bugfix/cha
pa-payment-database-validation-preservation.test.js:1284:7)

  ΓùÅ Preservation Test: Chapa Payment Database Validation Fix ΓÇ║ PROPERTY TEST: 
Successful Payment Flow Behavior (Task 17.3) ΓÇ║ PROPERTY: Shipping address 
structure should always be preserved

    Property failed after 1 tests
    { seed: -1239889881, path: "0", endOnFailure: true }
    Counterexample: [{__proto__:null,"street":"^}{EUzc/.NMs","city":"Dire 
Dawa","state":"SNNPR","postal_code":"4474","phone":"+251922222222"}]
    Shrunk 0 time(s)

    Encountered failures were:
    - [{__proto__:null,"street":"^}{EUzc/.NMs","city":"Dire 
Dawa","state":"SNNPR","postal_code":"4474","phone":"+251922222222"}]

      at buildError (C:\Users\hp\OneDrive - bdu.edu.et(Bahir 
Dar)../../../../../../Internship/Ethiopia Ecommerce/ecommerce-backend/node_modules/fa
st-check/lib/cjs/check/runner/utils/RunDetailsFormatter.js:162:19)
      at asyncThrowIfFailed (C:\Users\hp\OneDrive - bdu.edu.et(Bahir 
Dar)../../../../../../Internship/Ethiopia Ecommerce/ecommerce-backend/node_modules/fa
st-check/lib/cjs/check/runner/utils/RunDetailsFormatter.js:176:11)

    Cause:


    [0m [90m 1405 |[39m         
fc[33m.[39masyncProperty(shippingAddressArb[33m,[39m [36masync[39m (address) 
[33m=>[39m {
     [90m 1406 |[39m           [90m// Create cart[39m
    [31m[1m>[22m[39m[90m 1407 |[39m           [36mconst[39m uniqueCart 
[33m=[39m [36mawait[39m [33mCart[39m[33m.[39mcreate({ user_id[33m:[39m 
testUser[33m.[39mid })[33m;[39m
     [90m      |[39m                              [31m[1m^[22m[39m
     [90m 1408 |[39m           [36mawait[39m 
[33mCartItem[39m[33m.[39mcreate({
     [90m 1409 |[39m             cart_id[33m:[39m 
uniqueCart[33m.[39mid[33m,[39m
     [90m 1410 |[39m             product_id[33m:[39m 
testProduct[33m.[39mid[33m,[39m[0m

      at Query.run (C:\Users\hp\OneDrive - bdu.edu.et(Bahir 
Dar)../../../../../../Internship/Ethiopia 
Ecommerce/ecommerce-backend/node_modules/sequelize/src/dialects/mysql/query.js:46:25)
      at C:\Users\hp\OneDrive - bdu.edu.et(Bahir 
Dar)../../../../../../Internship/Ethiopia 
Ecommerce/ecommerce-backend/node_modules/sequelize/src/sequelize.js:650:28
      at MySQLQueryInterface.insert (C:\Users\hp\OneDrive - bdu.edu.et(Bahir 
Dar)../../../../../../Internship/Ethiopia Ecommerce/ecommerce-backend/node_modules/se
quelize/src/dialects/abstract/query-interface.js:795:21)
      at model.save (C:\Users\hp\OneDrive - bdu.edu.et(Bahir 
Dar)../../../../../../Internship/Ethiopia 
Ecommerce/ecommerce-backend/node_modules/sequelize/src/model.js:4154:35)
      at Cart.create (C:\Users\hp\OneDrive - bdu.edu.et(Bahir 
Dar)../../../../../../Internship/Ethiopia 
Ecommerce/ecommerce-backend/node_modules/sequelize/src/model.js:2305:12)
      at C:\Users\hp\OneDrive - bdu.edu.et(Bahir 
Dar)../../../../../../Internship/Ethiopia Ecommerce/ecommerce-backend/test/bugfix/cha
pa-payment-database-validation-preservation.test.js:1407:30
      at AsyncProperty.run (C:\Users\hp\OneDrive - bdu.edu.et(Bahir 
Dar)../../../../../../Internship/Ethiopia Ecommerce/ecommerce-backend/node_modules/fa
st-check/lib/cjs/check/property/AsyncProperty.generic.js:46:28)
      at asyncRunIt (C:\Users\hp\OneDrive - bdu.edu.et(Bahir 
Dar)../../../../../../Internship/Ethiopia Ecommerce/ecommerce-backend/node_modules/fa
st-check/lib/cjs/check/runner/Runner.js:28:21)
      at Object.<anonymous> (C:\Users\hp\OneDrive - bdu.edu.et(Bahir 
Dar)../../../../../../Internship/Ethiopia Ecommerce/ecommerce-backend/test/bugfix/cha
pa-payment-database-validation-preservation.test.js:1404:7)

  ΓùÅ Preservation Test: Chapa Payment Database Validation Fix ΓÇ║ PROPERTY TEST: 
Successful Payment Flow Behavior (Task 17.3) ΓÇ║ PROPERTY: Transaction reference 
should always be unique and properly formatted

    Property failed after 1 tests
    { seed: 594945622, path: "0", endOnFailure: true }
    Counterexample: [4]
    Shrunk 0 time(s)

    Encountered failures were:
    - [4]

      at buildError (C:\Users\hp\OneDrive - bdu.edu.et(Bahir 
Dar)../../../../../../Internship/Ethiopia Ecommerce/ecommerce-backend/node_modules/fa
st-check/lib/cjs/check/runner/utils/RunDetailsFormatter.js:162:19)
      at asyncThrowIfFailed (C:\Users\hp\OneDrive - bdu.edu.et(Bahir 
Dar)../../../../../../Internship/Ethiopia Ecommerce/ecommerce-backend/node_modules/fa
st-check/lib/cjs/check/runner/utils/RunDetailsFormatter.js:176:11)

    Cause:


    [0m [90m 1476 |[39m         fc[33m.[39masyncProperty(fc[33m.[39minteger({ 
min[33m:[39m [35m1[39m[33m,[39m max[33m:[39m [35m5[39m })[33m,[39m 
[36masync[39m (quantity) [33m=>[39m {
     [90m 1477 |[39m           [90m// Create cart[39m
    [31m[1m>[22m[39m[90m 1478 |[39m           [36mconst[39m uniqueCart 
[33m=[39m [36mawait[39m [33mCart[39m[33m.[39mcreate({ user_id[33m:[39m 
testUser[33m.[39mid })[33m;[39m
     [90m      |[39m                              [31m[1m^[22m[39m
     [90m 1479 |[39m           [36mawait[39m 
[33mCartItem[39m[33m.[39mcreate({
     [90m 1480 |[39m             cart_id[33m:[39m 
uniqueCart[33m.[39mid[33m,[39m
     [90m 1481 |[39m             product_id[33m:[39m 
testProduct[33m.[39mid[33m,[39m[0m

      at Query.run (C:\Users\hp\OneDrive - bdu.edu.et(Bahir 
Dar)../../../../../../Internship/Ethiopia 
Ecommerce/ecommerce-backend/node_modules/sequelize/src/dialects/mysql/query.js:46:25)
      at C:\Users\hp\OneDrive - bdu.edu.et(Bahir 
Dar)../../../../../../Internship/Ethiopia 
Ecommerce/ecommerce-backend/node_modules/sequelize/src/sequelize.js:650:28
      at MySQLQueryInterface.insert (C:\Users\hp\OneDrive - bdu.edu.et(Bahir 
Dar)../../../../../../Internship/Ethiopia Ecommerce/ecommerce-backend/node_modules/se
quelize/src/dialects/abstract/query-interface.js:795:21)
      at model.save (C:\Users\hp\OneDrive - bdu.edu.et(Bahir 
Dar)../../../../../../Internship/Ethiopia 
Ecommerce/ecommerce-backend/node_modules/sequelize/src/model.js:4154:35)
      at Cart.create (C:\Users\hp\OneDrive - bdu.edu.et(Bahir 
Dar)../../../../../../Internship/Ethiopia 
Ecommerce/ecommerce-backend/node_modules/sequelize/src/model.js:2305:12)
      at C:\Users\hp\OneDrive - bdu.edu.et(Bahir 
Dar)../../../../../../Internship/Ethiopia Ecommerce/ecommerce-backend/test/bugfix/cha
pa-payment-database-validation-preservation.test.js:1478:30
      at AsyncProperty.run (C:\Users\hp\OneDrive - bdu.edu.et(Bahir 
Dar)../../../../../../Internship/Ethiopia Ecommerce/ecommerce-backend/node_modules/fa
st-check/lib/cjs/check/property/AsyncProperty.generic.js:46:28)
      at asyncRunIt (C:\Users\hp\OneDrive - bdu.edu.et(Bahir 
Dar)../../../../../../Internship/Ethiopia Ecommerce/ecommerce-backend/node_modules/fa
st-check/lib/cjs/check/runner/Runner.js:28:21)
      at Object.<anonymous> (C:\Users\hp\OneDrive - bdu.edu.et(Bahir 
Dar)../../../../../../Internship/Ethiopia Ecommerce/ecommerce-backend/test/bugfix/cha
pa-payment-database-validation-preservation.test.js:1475:7)

  ΓùÅ Preservation Test: Chapa Payment Database Validation Fix ΓÇ║ PROPERTY TEST: 
Successful Payment Flow Behavior (Task 17.3) ΓÇ║ PROPERTY: Payment records should 
always have correct initial state

    Property failed after 1 tests
    { seed: 1358812370, path: "0", endOnFailure: true }
    Counterexample: [{__proto__:null,"quantity":1,"shippingCost":500}]
    Shrunk 0 time(s)

    Encountered failures were:
    - [{__proto__:null,"quantity":1,"shippingCost":500}]

      at buildError (C:\Users\hp\OneDrive - bdu.edu.et(Bahir 
Dar)../../../../../../Internship/Ethiopia Ecommerce/ecommerce-backend/node_modules/fa
st-check/lib/cjs/check/runner/utils/RunDetailsFormatter.js:162:19)
      at asyncThrowIfFailed (C:\Users\hp\OneDrive - bdu.edu.et(Bahir 
Dar)../../../../../../Internship/Ethiopia Ecommerce/ecommerce-backend/node_modules/fa
st-check/lib/cjs/check/runner/utils/RunDetailsFormatter.js:176:11)

    Cause:


    [0m [90m 1573 |[39m         
fc[33m.[39masyncProperty(paymentDataArb[33m,[39m [36masync[39m (data) 
[33m=>[39m {
     [90m 1574 |[39m           [90m// Create cart[39m
    [31m[1m>[22m[39m[90m 1575 |[39m           [36mconst[39m uniqueCart 
[33m=[39m [36mawait[39m [33mCart[39m[33m.[39mcreate({ user_id[33m:[39m 
testUser[33m.[39mid })[33m;[39m
     [90m      |[39m                              [31m[1m^[22m[39m
     [90m 1576 |[39m           [36mawait[39m 
[33mCartItem[39m[33m.[39mcreate({
     [90m 1577 |[39m             cart_id[33m:[39m 
uniqueCart[33m.[39mid[33m,[39m
     [90m 1578 |[39m             product_id[33m:[39m 
testProduct[33m.[39mid[33m,[39m[0m

      at Query.run (C:\Users\hp\OneDrive - bdu.edu.et(Bahir 
Dar)../../../../../../Internship/Ethiopia 
Ecommerce/ecommerce-backend/node_modules/sequelize/src/dialects/mysql/query.js:46:25)
      at C:\Users\hp\OneDrive - bdu.edu.et(Bahir 
Dar)../../../../../../Internship/Ethiopia 
Ecommerce/ecommerce-backend/node_modules/sequelize/src/sequelize.js:650:28
      at MySQLQueryInterface.insert (C:\Users\hp\OneDrive - bdu.edu.et(Bahir 
Dar)../../../../../../Internship/Ethiopia Ecommerce/ecommerce-backend/node_modules/se
quelize/src/dialects/abstract/query-interface.js:795:21)
      at model.save (C:\Users\hp\OneDrive - bdu.edu.et(Bahir 
Dar)../../../../../../Internship/Ethiopia 
Ecommerce/ecommerce-backend/node_modules/sequelize/src/model.js:4154:35)
      at Cart.create (C:\Users\hp\OneDrive - bdu.edu.et(Bahir 
Dar)../../../../../../Internship/Ethiopia 
Ecommerce/ecommerce-backend/node_modules/sequelize/src/model.js:2305:12)
      at C:\Users\hp\OneDrive - bdu.edu.et(Bahir 
Dar)../../../../../../Internship/Ethiopia Ecommerce/ecommerce-backend/test/bugfix/cha
pa-payment-database-validation-preservation.test.js:1575:30
      at AsyncProperty.run (C:\Users\hp\OneDrive - bdu.edu.et(Bahir 
Dar)../../../../../../Internship/Ethiopia Ecommerce/ecommerce-backend/node_modules/fa
st-check/lib/cjs/check/property/AsyncProperty.generic.js:46:28)
      at asyncRunIt (C:\Users\hp\OneDrive - bdu.edu.et(Bahir 
Dar)../../../../../../Internship/Ethiopia Ecommerce/ecommerce-backend/node_modules/fa
st-check/lib/cjs/check/runner/Runner.js:28:21)
      at Object.<anonymous> (C:\Users\hp\OneDrive - bdu.edu.et(Bahir 
Dar)../../../../../../Internship/Ethiopia Ecommerce/ecommerce-backend/test/bugfix/cha
pa-payment-database-validation-preservation.test.js:1572:7)

  ΓùÅ Preservation Test: Chapa Payment Database Validation Fix ΓÇ║ PROPERTY TEST: 
Successful Payment Flow Behavior (Task 17.3) ΓÇ║ PROPERTY: Cart should always be 
cleaned up after successful order creation

    Property failed after 1 tests
    { seed: 1435828243, path: "0", endOnFailure: true }
    Counterexample: [1]
    Shrunk 0 time(s)

    Encountered failures were:
    - [1]

      at buildError (C:\Users\hp\OneDrive - bdu.edu.et(Bahir 
Dar)../../../../../../Internship/Ethiopia Ecommerce/ecommerce-backend/node_modules/fa
st-check/lib/cjs/check/runner/utils/RunDetailsFormatter.js:162:19)
      at asyncThrowIfFailed (C:\Users\hp\OneDrive - bdu.edu.et(Bahir 
Dar)../../../../../../Internship/Ethiopia Ecommerce/ecommerce-backend/node_modules/fa
st-check/lib/cjs/check/runner/utils/RunDetailsFormatter.js:176:11)

    Cause:


    [0m [90m 1678 |[39m         fc[33m.[39masyncProperty(fc[33m.[39minteger({ 
min[33m:[39m [35m1[39m[33m,[39m max[33m:[39m [35m5[39m })[33m,[39m 
[36masync[39m (quantity) [33m=>[39m {
     [90m 1679 |[39m           [90m// Create cart[39m
    [31m[1m>[22m[39m[90m 1680 |[39m           [36mconst[39m uniqueCart 
[33m=[39m [36mawait[39m [33mCart[39m[33m.[39mcreate({ user_id[33m:[39m 
testUser[33m.[39mid })[33m;[39m
     [90m      |[39m                              [31m[1m^[22m[39m
     [90m 1681 |[39m           [36mconst[39m cartItem [33m=[39m 
[36mawait[39m [33mCartItem[39m[33m.[39mcreate({
     [90m 1682 |[39m             cart_id[33m:[39m 
uniqueCart[33m.[39mid[33m,[39m
     [90m 1683 |[39m             product_id[33m:[39m 
testProduct[33m.[39mid[33m,[39m[0m

      at Query.run (C:\Users\hp\OneDrive - bdu.edu.et(Bahir 
Dar)../../../../../../Internship/Ethiopia 
Ecommerce/ecommerce-backend/node_modules/sequelize/src/dialects/mysql/query.js:46:25)
      at C:\Users\hp\OneDrive - bdu.edu.et(Bahir 
Dar)../../../../../../Internship/Ethiopia 
Ecommerce/ecommerce-backend/node_modules/sequelize/src/sequelize.js:650:28
      at MySQLQueryInterface.insert (C:\Users\hp\OneDrive - bdu.edu.et(Bahir 
Dar)../../../../../../Internship/Ethiopia Ecommerce/ecommerce-backend/node_modules/se
quelize/src/dialects/abstract/query-interface.js:795:21)
      at model.save (C:\Users\hp\OneDrive - bdu.edu.et(Bahir 
Dar)../../../../../../Internship/Ethiopia 
Ecommerce/ecommerce-backend/node_modules/sequelize/src/model.js:4154:35)
      at Cart.create (C:\Users\hp\OneDrive - bdu.edu.et(Bahir 
Dar)../../../../../../Internship/Ethiopia 
Ecommerce/ecommerce-backend/node_modules/sequelize/src/model.js:2305:12)
      at C:\Users\hp\OneDrive - bdu.edu.et(Bahir 
Dar)../../../../../../Internship/Ethiopia Ecommerce/ecommerce-backend/test/bugfix/cha
pa-payment-database-validation-preservation.test.js:1680:30
      at AsyncProperty.run (C:\Users\hp\OneDrive - bdu.edu.et(Bahir 
Dar)../../../../../../Internship/Ethiopia Ecommerce/ecommerce-backend/node_modules/fa
st-check/lib/cjs/check/property/AsyncProperty.generic.js:46:28)
      at asyncRunIt (C:\Users\hp\OneDrive - bdu.edu.et(Bahir 
Dar)../../../../../../Internship/Ethiopia Ecommerce/ecommerce-backend/node_modules/fa
st-check/lib/cjs/check/runner/Runner.js:28:21)
      at Object.<anonymous> (C:\Users\hp\OneDrive - bdu.edu.et(Bahir 
Dar)../../../../../../Internship/Ethiopia Ecommerce/ecommerce-backend/test/bugfix/cha
pa-payment-database-validation-preservation.test.js:1677:7)

  ΓùÅ Preservation Test: Chapa Payment Database Validation Fix ΓÇ║ TASK 17.8: Order 
Creation Logic Preservation Property Tests ΓÇ║ PROPERTY: Valid shipping address 
objects should always be stored correctly

    Property failed after 1 tests
    { seed: 677349716, path: "0", endOnFailure: true }
    Counterexample: [{"street":"/F]&80!!Q\"%&]","city":"Harar","state":"Oromia","post
al_code":"9994","phone":"+251911111111"}]
    Shrunk 0 time(s)

    Encountered failures were:
    - [{"street":"/F]&80!!Q\"%&]","city":"Harar","state":"Oromia","postal_code":"9994
","phone":"+251911111111"}]

      at buildError (C:\Users\hp\OneDrive - bdu.edu.et(Bahir 
Dar)../../../../../../Internship/Ethiopia Ecommerce/ecommerce-backend/node_modules/fa
st-check/lib/cjs/check/runner/utils/RunDetailsFormatter.js:162:19)
      at asyncThrowIfFailed (C:\Users\hp\OneDrive - bdu.edu.et(Bahir 
Dar)../../../../../../Internship/Ethiopia Ecommerce/ecommerce-backend/node_modules/fa
st-check/lib/cjs/check/runner/utils/RunDetailsFormatter.js:176:11)

    Cause:


    [0m [90m 1812 |[39m         fc[33m.[39masyncProperty(addressArb[33m,[39m 
[36masync[39m (address) [33m=>[39m {
     [90m 1813 |[39m           [90m// Create cart[39m
    [31m[1m>[22m[39m[90m 1814 |[39m           [36mconst[39m uniqueCart 
[33m=[39m [36mawait[39m [33mCart[39m[33m.[39mcreate({ user_id[33m:[39m 
testUser[33m.[39mid })[33m;[39m
     [90m      |[39m                              [31m[1m^[22m[39m
     [90m 1815 |[39m           [36mawait[39m 
[33mCartItem[39m[33m.[39mcreate({
     [90m 1816 |[39m             cart_id[33m:[39m 
uniqueCart[33m.[39mid[33m,[39m
     [90m 1817 |[39m             product_id[33m:[39m 
testProduct[33m.[39mid[33m,[39m[0m

      at Query.run (C:\Users\hp\OneDrive - bdu.edu.et(Bahir 
Dar)../../../../../../Internship/Ethiopia 
Ecommerce/ecommerce-backend/node_modules/sequelize/src/dialects/mysql/query.js:46:25)
      at C:\Users\hp\OneDrive - bdu.edu.et(Bahir 
Dar)../../../../../../Internship/Ethiopia 
Ecommerce/ecommerce-backend/node_modules/sequelize/src/sequelize.js:650:28
      at MySQLQueryInterface.insert (C:\Users\hp\OneDrive - bdu.edu.et(Bahir 
Dar)../../../../../../Internship/Ethiopia Ecommerce/ecommerce-backend/node_modules/se
quelize/src/dialects/abstract/query-interface.js:795:21)
      at model.save (C:\Users\hp\OneDrive - bdu.edu.et(Bahir 
Dar)../../../../../../Internship/Ethiopia 
Ecommerce/ecommerce-backend/node_modules/sequelize/src/model.js:4154:35)
      at Cart.create (C:\Users\hp\OneDrive - bdu.edu.et(Bahir 
Dar)../../../../../../Internship/Ethiopia 
Ecommerce/ecommerce-backend/node_modules/sequelize/src/model.js:2305:12)
      at C:\Users\hp\OneDrive - bdu.edu.et(Bahir 
Dar)../../../../../../Internship/Ethiopia Ecommerce/ecommerce-backend/test/bugfix/cha
pa-payment-database-validation-preservation.test.js:1814:30
      at AsyncProperty.run (C:\Users\hp\OneDrive - bdu.edu.et(Bahir 
Dar)../../../../../../Internship/Ethiopia Ecommerce/ecommerce-backend/node_modules/fa
st-check/lib/cjs/check/property/AsyncProperty.generic.js:46:28)
      at asyncRunIt (C:\Users\hp\OneDrive - bdu.edu.et(Bahir 
Dar)../../../../../../Internship/Ethiopia Ecommerce/ecommerce-backend/node_modules/fa
st-check/lib/cjs/check/runner/Runner.js:28:21)
      at Object.<anonymous> (C:\Users\hp\OneDrive - bdu.edu.et(Bahir 
Dar)../../../../../../Internship/Ethiopia Ecommerce/ecommerce-backend/test/bugfix/cha
pa-payment-database-validation-preservation.test.js:1811:7)

  ΓùÅ Preservation Test: Chapa Payment Database Validation Fix ΓÇ║ TASK 17.8: Order 
Creation Logic Preservation Property Tests ΓÇ║ PROPERTY: Cart totals should always 
be calculated correctly

    Property failed after 1 tests
    { seed: 775030152, path: "0", endOnFailure: true }
    Counterexample: [{__proto__:null,"quantity":9,"shippingCost":0}]
    Shrunk 0 time(s)

    Encountered failures were:
    - [{__proto__:null,"quantity":9,"shippingCost":0}]

      at buildError (C:\Users\hp\OneDrive - bdu.edu.et(Bahir 
Dar)../../../../../../Internship/Ethiopia Ecommerce/ecommerce-backend/node_modules/fa
st-check/lib/cjs/check/runner/utils/RunDetailsFormatter.js:162:19)
      at asyncThrowIfFailed (C:\Users\hp\OneDrive - bdu.edu.et(Bahir 
Dar)../../../../../../Internship/Ethiopia Ecommerce/ecommerce-backend/node_modules/fa
st-check/lib/cjs/check/runner/utils/RunDetailsFormatter.js:176:11)

    Cause:


    [0m [90m 1904 |[39m         fc[33m.[39masyncProperty(cartDataArb[33m,[39m 
[36masync[39m (cartData) [33m=>[39m {
     [90m 1905 |[39m           [90m// Create cart[39m
    [31m[1m>[22m[39m[90m 1906 |[39m           [36mconst[39m uniqueCart 
[33m=[39m [36mawait[39m [33mCart[39m[33m.[39mcreate({ user_id[33m:[39m 
testUser[33m.[39mid })[33m;[39m
     [90m      |[39m                              [31m[1m^[22m[39m
     [90m 1907 |[39m           [36mawait[39m 
[33mCartItem[39m[33m.[39mcreate({
     [90m 1908 |[39m             cart_id[33m:[39m 
uniqueCart[33m.[39mid[33m,[39m
     [90m 1909 |[39m             product_id[33m:[39m 
testProduct[33m.[39mid[33m,[39m[0m

      at Query.run (C:\Users\hp\OneDrive - bdu.edu.et(Bahir 
Dar)../../../../../../Internship/Ethiopia 
Ecommerce/ecommerce-backend/node_modules/sequelize/src/dialects/mysql/query.js:46:25)
      at C:\Users\hp\OneDrive - bdu.edu.et(Bahir 
Dar)../../../../../../Internship/Ethiopia 
Ecommerce/ecommerce-backend/node_modules/sequelize/src/sequelize.js:650:28
      at MySQLQueryInterface.insert (C:\Users\hp\OneDrive - bdu.edu.et(Bahir 
Dar)../../../../../../Internship/Ethiopia Ecommerce/ecommerce-backend/node_modules/se
quelize/src/dialects/abstract/query-interface.js:795:21)
      at model.save (C:\Users\hp\OneDrive - bdu.edu.et(Bahir 
Dar)../../../../../../Internship/Ethiopia 
Ecommerce/ecommerce-backend/node_modules/sequelize/src/model.js:4154:35)
      at Cart.create (C:\Users\hp\OneDrive - bdu.edu.et(Bahir 
Dar)../../../../../../Internship/Ethiopia 
Ecommerce/ecommerce-backend/node_modules/sequelize/src/model.js:2305:12)
      at C:\Users\hp\OneDrive - bdu.edu.et(Bahir 
Dar)../../../../../../Internship/Ethiopia Ecommerce/ecommerce-backend/test/bugfix/cha
pa-payment-database-validation-preservation.test.js:1906:30
      at AsyncProperty.run (C:\Users\hp\OneDrive - bdu.edu.et(Bahir 
Dar)../../../../../../Internship/Ethiopia Ecommerce/ecommerce-backend/node_modules/fa
st-check/lib/cjs/check/property/AsyncProperty.generic.js:46:28)
      at asyncRunIt (C:\Users\hp\OneDrive - bdu.edu.et(Bahir 
Dar)../../../../../../Internship/Ethiopia Ecommerce/ecommerce-backend/node_modules/fa
st-check/lib/cjs/check/runner/Runner.js:28:21)
      at Object.<anonymous> (C:\Users\hp\OneDrive - bdu.edu.et(Bahir 
Dar)../../../../../../Internship/Ethiopia Ecommerce/ecommerce-backend/test/bugfix/cha
pa-payment-database-validation-preservation.test.js:1903:7)

  ΓùÅ Preservation Test: Chapa Payment Database Validation Fix ΓÇ║ TASK 17.8: Order 
Creation Logic Preservation Property Tests ΓÇ║ PROPERTY: Already paid orders should 
always prevent duplicate payment attempts

    Property failed after 1 tests
    { seed: 590413271, path: "0", endOnFailure: true }
    Counterexample: [2]
    Shrunk 0 time(s)

    Encountered failures were:
    - [2]

      at buildError (C:\Users\hp\OneDrive - bdu.edu.et(Bahir 
Dar)../../../../../../Internship/Ethiopia Ecommerce/ecommerce-backend/node_modules/fa
st-check/lib/cjs/check/runner/utils/RunDetailsFormatter.js:162:19)
      at asyncThrowIfFailed (C:\Users\hp\OneDrive - bdu.edu.et(Bahir 
Dar)../../../../../../Internship/Ethiopia Ecommerce/ecommerce-backend/node_modules/fa
st-check/lib/cjs/check/runner/utils/RunDetailsFormatter.js:176:11)

    Cause:


    [0m [90m 2003 |[39m         fc[33m.[39masyncProperty(fc[33m.[39minteger({ 
min[33m:[39m [35m1[39m[33m,[39m max[33m:[39m [35m3[39m })[33m,[39m 
[36masync[39m (quantity) [33m=>[39m {
     [90m 2004 |[39m           [90m// Create cart[39m
    [31m[1m>[22m[39m[90m 2005 |[39m           [36mconst[39m uniqueCart 
[33m=[39m [36mawait[39m [33mCart[39m[33m.[39mcreate({ user_id[33m:[39m 
testUser[33m.[39mid })[33m;[39m
     [90m      |[39m                              [31m[1m^[22m[39m
     [90m 2006 |[39m           [36mawait[39m 
[33mCartItem[39m[33m.[39mcreate({
     [90m 2007 |[39m             cart_id[33m:[39m 
uniqueCart[33m.[39mid[33m,[39m
     [90m 2008 |[39m             product_id[33m:[39m 
testProduct[33m.[39mid[33m,[39m[0m

      at Query.run (C:\Users\hp\OneDrive - bdu.edu.et(Bahir 
Dar)../../../../../../Internship/Ethiopia 
Ecommerce/ecommerce-backend/node_modules/sequelize/src/dialects/mysql/query.js:46:25)
      at C:\Users\hp\OneDrive - bdu.edu.et(Bahir 
Dar)../../../../../../Internship/Ethiopia 
Ecommerce/ecommerce-backend/node_modules/sequelize/src/sequelize.js:650:28
      at MySQLQueryInterface.insert (C:\Users\hp\OneDrive - bdu.edu.et(Bahir 
Dar)../../../../../../Internship/Ethiopia Ecommerce/ecommerce-backend/node_modules/se
quelize/src/dialects/abstract/query-interface.js:795:21)
      at model.save (C:\Users\hp\OneDrive - bdu.edu.et(Bahir 
Dar)../../../../../../Internship/Ethiopia 
Ecommerce/ecommerce-backend/node_modules/sequelize/src/model.js:4154:35)
      at Cart.create (C:\Users\hp\OneDrive - bdu.edu.et(Bahir 
Dar)../../../../../../Internship/Ethiopia 
Ecommerce/ecommerce-backend/node_modules/sequelize/src/model.js:2305:12)
      at C:\Users\hp\OneDrive - bdu.edu.et(Bahir 
Dar)../../../../../../Internship/Ethiopia Ecommerce/ecommerce-backend/test/bugfix/cha
pa-payment-database-validation-preservation.test.js:2005:30
      at AsyncProperty.run (C:\Users\hp\OneDrive - bdu.edu.et(Bahir 
Dar)../../../../../../Internship/Ethiopia Ecommerce/ecommerce-backend/node_modules/fa
st-check/lib/cjs/check/property/AsyncProperty.generic.js:46:28)
      at asyncRunIt (C:\Users\hp\OneDrive - bdu.edu.et(Bahir 
Dar)../../../../../../Internship/Ethiopia Ecommerce/ecommerce-backend/node_modules/fa
st-check/lib/cjs/check/runner/Runner.js:28:21)
      at Object.<anonymous> (C:\Users\hp\OneDrive - bdu.edu.et(Bahir 
Dar)../../../../../../Internship/Ethiopia Ecommerce/ecommerce-backend/test/bugfix/cha
pa-payment-database-validation-preservation.test.js:2002:7)

  ΓùÅ Preservation Test: Chapa Payment Database Validation Fix ΓÇ║ TASK 17.5: 
Security Measures Preservation Property Tests ΓÇ║ PROPERTY: Valid shipping address 
objects should always be stored correctly

    Property failed after 1 tests
    { seed: 417668167, path: "0", endOnFailure: true }
    Counterexample: [{__proto__:null,"street":"I%t2@","city":"Harar","state":"SNNPR",
"postal_code":"1013","phone":"+251955555555"}]
    Shrunk 0 time(s)

    Encountered failures were:
    - [{__proto__:null,"street":"I%t2@","city":"Harar","state":"SNNPR","postal_code":
"1013","phone":"+251955555555"}]

      at buildError (C:\Users\hp\OneDrive - bdu.edu.et(Bahir 
Dar)../../../../../../Internship/Ethiopia Ecommerce/ecommerce-backend/node_modules/fa
st-check/lib/cjs/check/runner/utils/RunDetailsFormatter.js:162:19)
      at asyncThrowIfFailed (C:\Users\hp\OneDrive - bdu.edu.et(Bahir 
Dar)../../../../../../Internship/Ethiopia Ecommerce/ecommerce-backend/node_modules/fa
st-check/lib/cjs/check/runner/utils/RunDetailsFormatter.js:176:11)

    Cause:


    [0m [90m 2160 |[39m         fc[33m.[39masyncProperty(addressArb[33m,[39m 
[36masync[39m (address) [33m=>[39m {
     [90m 2161 |[39m           [90m// Create cart[39m
    [31m[1m>[22m[39m[90m 2162 |[39m           [36mconst[39m uniqueCart 
[33m=[39m [36mawait[39m [33mCart[39m[33m.[39mcreate({ user_id[33m:[39m 
testUser[33m.[39mid })[33m;[39m
     [90m      |[39m                              [31m[1m^[22m[39m
     [90m 2163 |[39m           [36mawait[39m 
[33mCartItem[39m[33m.[39mcreate({
     [90m 2164 |[39m             cart_id[33m:[39m 
uniqueCart[33m.[39mid[33m,[39m
     [90m 2165 |[39m             product_id[33m:[39m 
testProduct[33m.[39mid[33m,[39m[0m

      at Query.run (C:\Users\hp\OneDrive - bdu.edu.et(Bahir 
Dar)../../../../../../Internship/Ethiopia 
Ecommerce/ecommerce-backend/node_modules/sequelize/src/dialects/mysql/query.js:46:25)
      at C:\Users\hp\OneDrive - bdu.edu.et(Bahir 
Dar)../../../../../../Internship/Ethiopia 
Ecommerce/ecommerce-backend/node_modules/sequelize/src/sequelize.js:650:28
      at MySQLQueryInterface.insert (C:\Users\hp\OneDrive - bdu.edu.et(Bahir 
Dar)../../../../../../Internship/Ethiopia Ecommerce/ecommerce-backend/node_modules/se
quelize/src/dialects/abstract/query-interface.js:795:21)
      at model.save (C:\Users\hp\OneDrive - bdu.edu.et(Bahir 
Dar)../../../../../../Internship/Ethiopia 
Ecommerce/ecommerce-backend/node_modules/sequelize/src/model.js:4154:35)
      at Cart.create (C:\Users\hp\OneDrive - bdu.edu.et(Bahir 
Dar)../../../../../../Internship/Ethiopia 
Ecommerce/ecommerce-backend/node_modules/sequelize/src/model.js:2305:12)
      at C:\Users\hp\OneDrive - bdu.edu.et(Bahir 
Dar)../../../../../../Internship/Ethiopia Ecommerce/ecommerce-backend/test/bugfix/cha
pa-payment-database-validation-preservation.test.js:2162:30
      at AsyncProperty.run (C:\Users\hp\OneDrive - bdu.edu.et(Bahir 
Dar)../../../../../../Internship/Ethiopia Ecommerce/ecommerce-backend/node_modules/fa
st-check/lib/cjs/check/property/AsyncProperty.generic.js:46:28)
      at asyncRunIt (C:\Users\hp\OneDrive - bdu.edu.et(Bahir 
Dar)../../../../../../Internship/Ethiopia Ecommerce/ecommerce-backend/node_modules/fa
st-check/lib/cjs/check/runner/Runner.js:28:21)
      at Object.<anonymous> (C:\Users\hp\OneDrive - bdu.edu.et(Bahir 
Dar)../../../../../../Internship/Ethiopia Ecommerce/ecommerce-backend/test/bugfix/cha
pa-payment-database-validation-preservation.test.js:2159:7)

  ΓùÅ Preservation Test: Chapa Payment Database Validation Fix ΓÇ║ TASK 17.5: 
Security Measures Preservation Property Tests ΓÇ║ PROPERTY: Cart totals should 
always be calculated correctly

    Property failed after 1 tests
    { seed: 1634184813, path: "0", endOnFailure: true }
    Counterexample: [{__proto__:null,"quantity":2,"shippingCost":0}]
    Shrunk 0 time(s)

    Encountered failures were:
    - [{__proto__:null,"quantity":2,"shippingCost":0}]

      at buildError (C:\Users\hp\OneDrive - bdu.edu.et(Bahir 
Dar)../../../../../../Internship/Ethiopia Ecommerce/ecommerce-backend/node_modules/fa
st-check/lib/cjs/check/runner/utils/RunDetailsFormatter.js:162:19)
      at asyncThrowIfFailed (C:\Users\hp\OneDrive - bdu.edu.et(Bahir 
Dar)../../../../../../Internship/Ethiopia Ecommerce/ecommerce-backend/node_modules/fa
st-check/lib/cjs/check/runner/utils/RunDetailsFormatter.js:176:11)

    Cause:


    [0m [90m 2252 |[39m         fc[33m.[39masyncProperty(cartDataArb[33m,[39m 
[36masync[39m (cartData) [33m=>[39m {
     [90m 2253 |[39m           [90m// Create cart[39m
    [31m[1m>[22m[39m[90m 2254 |[39m           [36mconst[39m uniqueCart 
[33m=[39m [36mawait[39m [33mCart[39m[33m.[39mcreate({ user_id[33m:[39m 
testUser[33m.[39mid })[33m;[39m
     [90m      |[39m                              [31m[1m^[22m[39m
     [90m 2255 |[39m           [36mawait[39m 
[33mCartItem[39m[33m.[39mcreate({
     [90m 2256 |[39m             cart_id[33m:[39m 
uniqueCart[33m.[39mid[33m,[39m
     [90m 2257 |[39m             product_id[33m:[39m 
testProduct[33m.[39mid[33m,[39m[0m

      at Query.run (C:\Users\hp\OneDrive - bdu.edu.et(Bahir 
Dar)../../../../../../Internship/Ethiopia 
Ecommerce/ecommerce-backend/node_modules/sequelize/src/dialects/mysql/query.js:46:25)
      at C:\Users\hp\OneDrive - bdu.edu.et(Bahir 
Dar)../../../../../../Internship/Ethiopia 
Ecommerce/ecommerce-backend/node_modules/sequelize/src/sequelize.js:650:28
      at MySQLQueryInterface.insert (C:\Users\hp\OneDrive - bdu.edu.et(Bahir 
Dar)../../../../../../Internship/Ethiopia Ecommerce/ecommerce-backend/node_modules/se
quelize/src/dialects/abstract/query-interface.js:795:21)
      at model.save (C:\Users\hp\OneDrive - bdu.edu.et(Bahir 
Dar)../../../../../../Internship/Ethiopia 
Ecommerce/ecommerce-backend/node_modules/sequelize/src/model.js:4154:35)
      at Cart.create (C:\Users\hp\OneDrive - bdu.edu.et(Bahir 
Dar)../../../../../../Internship/Ethiopia 
Ecommerce/ecommerce-backend/node_modules/sequelize/src/model.js:2305:12)
      at C:\Users\hp\OneDrive - bdu.edu.et(Bahir 
Dar)../../../../../../Internship/Ethiopia Ecommerce/ecommerce-backend/test/bugfix/cha
pa-payment-database-validation-preservation.test.js:2254:30
      at AsyncProperty.run (C:\Users\hp\OneDrive - bdu.edu.et(Bahir 
Dar)../../../../../../Internship/Ethiopia Ecommerce/ecommerce-backend/node_modules/fa
st-check/lib/cjs/check/property/AsyncProperty.generic.js:46:28)
      at asyncRunIt (C:\Users\hp\OneDrive - bdu.edu.et(Bahir 
Dar)../../../../../../Internship/Ethiopia Ecommerce/ecommerce-backend/node_modules/fa
st-check/lib/cjs/check/runner/Runner.js:28:21)
      at Object.<anonymous> (C:\Users\hp\OneDrive - bdu.edu.et(Bahir 
Dar)../../../../../../Internship/Ethiopia Ecommerce/ecommerce-backend/test/bugfix/cha
pa-payment-database-validation-preservation.test.js:2251:7)

  ΓùÅ Preservation Test: Chapa Payment Database Validation Fix ΓÇ║ TASK 17.5: 
Security Measures Preservation Property Tests ΓÇ║ PROPERTY: Already paid orders 
should always prevent duplicate payment attempts

    Property failed after 1 tests
    { seed: -1653808205, path: "0", endOnFailure: true }
    Counterexample: [1]
    Shrunk 0 time(s)

    Encountered failures were:
    - [1]

      at buildError (C:\Users\hp\OneDrive - bdu.edu.et(Bahir 
Dar)../../../../../../Internship/Ethiopia Ecommerce/ecommerce-backend/node_modules/fa
st-check/lib/cjs/check/runner/utils/RunDetailsFormatter.js:162:19)
      at asyncThrowIfFailed (C:\Users\hp\OneDrive - bdu.edu.et(Bahir 
Dar)../../../../../../Internship/Ethiopia Ecommerce/ecommerce-backend/node_modules/fa
st-check/lib/cjs/check/runner/utils/RunDetailsFormatter.js:176:11)

    Cause:


    [0m [90m 2351 |[39m         fc[33m.[39masyncProperty(fc[33m.[39minteger({ 
min[33m:[39m [35m1[39m[33m,[39m max[33m:[39m [35m3[39m })[33m,[39m 
[36masync[39m (quantity) [33m=>[39m {
     [90m 2352 |[39m           [90m// Create cart[39m
    [31m[1m>[22m[39m[90m 2353 |[39m           [36mconst[39m uniqueCart 
[33m=[39m [36mawait[39m [33mCart[39m[33m.[39mcreate({ user_id[33m:[39m 
testUser[33m.[39mid })[33m;[39m
     [90m      |[39m                              [31m[1m^[22m[39m
     [90m 2354 |[39m           [36mawait[39m 
[33mCartItem[39m[33m.[39mcreate({
     [90m 2355 |[39m             cart_id[33m:[39m 
uniqueCart[33m.[39mid[33m,[39m
     [90m 2356 |[39m             product_id[33m:[39m 
testProduct[33m.[39mid[33m,[39m[0m

      at Query.run (C:\Users\hp\OneDrive - bdu.edu.et(Bahir 
Dar)../../../../../../Internship/Ethiopia 
Ecommerce/ecommerce-backend/node_modules/sequelize/src/dialects/mysql/query.js:46:25)
      at C:\Users\hp\OneDrive - bdu.edu.et(Bahir 
Dar)../../../../../../Internship/Ethiopia 
Ecommerce/ecommerce-backend/node_modules/sequelize/src/sequelize.js:650:28
      at MySQLQueryInterface.insert (C:\Users\hp\OneDrive - bdu.edu.et(Bahir 
Dar)../../../../../../Internship/Ethiopia Ecommerce/ecommerce-backend/node_modules/se
quelize/src/dialects/abstract/query-interface.js:795:21)
      at model.save (C:\Users\hp\OneDrive - bdu.edu.et(Bahir 
Dar)../../../../../../Internship/Ethiopia 
Ecommerce/ecommerce-backend/node_modules/sequelize/src/model.js:4154:35)
      at Cart.create (C:\Users\hp\OneDrive - bdu.edu.et(Bahir 
Dar)../../../../../../Internship/Ethiopia 
Ecommerce/ecommerce-backend/node_modules/sequelize/src/model.js:2305:12)
      at C:\Users\hp\OneDrive - bdu.edu.et(Bahir 
Dar)../../../../../../Internship/Ethiopia Ecommerce/ecommerce-backend/test/bugfix/cha
pa-payment-database-validation-preservation.test.js:2353:30
      at AsyncProperty.run (C:\Users\hp\OneDrive - bdu.edu.et(Bahir 
Dar)../../../../../../Internship/Ethiopia Ecommerce/ecommerce-backend/node_modules/fa
st-check/lib/cjs/check/property/AsyncProperty.generic.js:46:28)
      at asyncRunIt (C:\Users\hp\OneDrive - bdu.edu.et(Bahir 
Dar)../../../../../../Internship/Ethiopia Ecommerce/ecommerce-backend/node_modules/fa
st-check/lib/cjs/check/runner/Runner.js:28:21)
      at Object.<anonymous> (C:\Users\hp\OneDrive - bdu.edu.et(Bahir 
Dar)../../../../../../Internship/Ethiopia Ecommerce/ecommerce-backend/test/bugfix/cha
pa-payment-database-validation-preservation.test.js:2350:7)

  ΓùÅ Preservation Test: Chapa Payment Database Validation Fix ΓÇ║ TASK 17.5: 
Security Measures Preservation Property Tests ΓÇ║ PROPERTY: Order creation with 
multiple cart items should calculate totals correctly

    Property failed after 1 tests
    { seed: -427946510, path: "0", endOnFailure: true }
    Counterexample: [{"quantity1":3,"quantity2":2,"shippingCost":0}]
    Shrunk 0 time(s)

    Encountered failures were:
    - [{"quantity1":3,"quantity2":2,"shippingCost":0}]

      at buildError (C:\Users\hp\OneDrive - bdu.edu.et(Bahir 
Dar)../../../../../../Internship/Ethiopia Ecommerce/ecommerce-backend/node_modules/fa
st-check/lib/cjs/check/runner/utils/RunDetailsFormatter.js:162:19)
      at asyncThrowIfFailed (C:\Users\hp\OneDrive - bdu.edu.et(Bahir 
Dar)../../../../../../Internship/Ethiopia Ecommerce/ecommerce-backend/node_modules/fa
st-check/lib/cjs/check/runner/utils/RunDetailsFormatter.js:176:11)

    Cause:


    [0m [90m 2494 |[39m         
fc[33m.[39masyncProperty(multiItemCartArb[33m,[39m [36masync[39m (cartData) 
[33m=>[39m {
     [90m 2495 |[39m           [90m// Create cart with multiple items[39m
    [31m[1m>[22m[39m[90m 2496 |[39m           [36mconst[39m uniqueCart 
[33m=[39m [36mawait[39m [33mCart[39m[33m.[39mcreate({ user_id[33m:[39m 
testUser[33m.[39mid })[33m;[39m
     [90m      |[39m                              [31m[1m^[22m[39m
     [90m 2497 |[39m           [36mawait[39m 
[33mCartItem[39m[33m.[39mcreate({
     [90m 2498 |[39m             cart_id[33m:[39m 
uniqueCart[33m.[39mid[33m,[39m
     [90m 2499 |[39m             product_id[33m:[39m 
testProduct[33m.[39mid[33m,[39m[0m

      at Query.run (C:\Users\hp\OneDrive - bdu.edu.et(Bahir 
Dar)../../../../../../Internship/Ethiopia 
Ecommerce/ecommerce-backend/node_modules/sequelize/src/dialects/mysql/query.js:46:25)
      at C:\Users\hp\OneDrive - bdu.edu.et(Bahir 
Dar)../../../../../../Internship/Ethiopia 
Ecommerce/ecommerce-backend/node_modules/sequelize/src/sequelize.js:650:28
      at MySQLQueryInterface.insert (C:\Users\hp\OneDrive - bdu.edu.et(Bahir 
Dar)../../../../../../Internship/Ethiopia Ecommerce/ecommerce-backend/node_modules/se
quelize/src/dialects/abstract/query-interface.js:795:21)
      at model.save (C:\Users\hp\OneDrive - bdu.edu.et(Bahir 
Dar)../../../../../../Internship/Ethiopia 
Ecommerce/ecommerce-backend/node_modules/sequelize/src/model.js:4154:35)
      at Cart.create (C:\Users\hp\OneDrive - bdu.edu.et(Bahir 
Dar)../../../../../../Internship/Ethiopia 
Ecommerce/ecommerce-backend/node_modules/sequelize/src/model.js:2305:12)
      at C:\Users\hp\OneDrive - bdu.edu.et(Bahir 
Dar)../../../../../../Internship/Ethiopia Ecommerce/ecommerce-backend/test/bugfix/cha
pa-payment-database-validation-preservation.test.js:2496:30
      at AsyncProperty.run (C:\Users\hp\OneDrive - bdu.edu.et(Bahir 
Dar)../../../../../../Internship/Ethiopia Ecommerce/ecommerce-backend/node_modules/fa
st-check/lib/cjs/check/property/AsyncProperty.generic.js:46:28)
      at asyncRunIt (C:\Users\hp\OneDrive - bdu.edu.et(Bahir 
Dar)../../../../../../Internship/Ethiopia Ecommerce/ecommerce-backend/node_modules/fa
st-check/lib/cjs/check/runner/Runner.js:28:21)
      at Object.<anonymous> (C:\Users\hp\OneDrive - bdu.edu.et(Bahir 
Dar)../../../../../../Internship/Ethiopia Ecommerce/ecommerce-backend/test/bugfix/cha
pa-payment-database-validation-preservation.test.js:2493:7)

  ΓùÅ Preservation Test: Chapa Payment Database Validation Fix ΓÇ║ TASK 17.5: 
Security Measures Preservation Property Tests ΓÇ║ PROPERTY: Order creation should 
preserve all required fields

    Property failed after 1 tests
    { seed: 320681019, path: "0", endOnFailure: true }
    Counterexample: 
[{"quantity":2,"shippingCost":0,"notes":"I92cZn","paymentMethod":"mobile_money"}]
    Shrunk 0 time(s)

    Encountered failures were:
    - 
[{"quantity":2,"shippingCost":0,"notes":"I92cZn","paymentMethod":"mobile_money"}]

      at buildError (C:\Users\hp\OneDrive - bdu.edu.et(Bahir 
Dar)../../../../../../Internship/Ethiopia Ecommerce/ecommerce-backend/node_modules/fa
st-check/lib/cjs/check/runner/utils/RunDetailsFormatter.js:162:19)
      at asyncThrowIfFailed (C:\Users\hp\OneDrive - bdu.edu.et(Bahir 
Dar)../../../../../../Internship/Ethiopia Ecommerce/ecommerce-backend/node_modules/fa
st-check/lib/cjs/check/runner/utils/RunDetailsFormatter.js:176:11)

    Cause:


    [0m [90m 2600 |[39m         
fc[33m.[39masyncProperty(orderDataArb[33m,[39m [36masync[39m (orderData) 
[33m=>[39m {
     [90m 2601 |[39m           [90m// Create cart[39m
    [31m[1m>[22m[39m[90m 2602 |[39m           [36mconst[39m uniqueCart 
[33m=[39m [36mawait[39m [33mCart[39m[33m.[39mcreate({ user_id[33m:[39m 
testUser[33m.[39mid })[33m;[39m
     [90m      |[39m                              [31m[1m^[22m[39m
     [90m 2603 |[39m           [36mawait[39m 
[33mCartItem[39m[33m.[39mcreate({
     [90m 2604 |[39m             cart_id[33m:[39m 
uniqueCart[33m.[39mid[33m,[39m
     [90m 2605 |[39m             product_id[33m:[39m 
testProduct[33m.[39mid[33m,[39m[0m

      at Query.run (C:\Users\hp\OneDrive - bdu.edu.et(Bahir 
Dar)../../../../../../Internship/Ethiopia 
Ecommerce/ecommerce-backend/node_modules/sequelize/src/dialects/mysql/query.js:46:25)
      at C:\Users\hp\OneDrive - bdu.edu.et(Bahir 
Dar)../../../../../../Internship/Ethiopia 
Ecommerce/ecommerce-backend/node_modules/sequelize/src/sequelize.js:650:28
      at MySQLQueryInterface.insert (C:\Users\hp\OneDrive - bdu.edu.et(Bahir 
Dar)../../../../../../Internship/Ethiopia Ecommerce/ecommerce-backend/node_modules/se
quelize/src/dialects/abstract/query-interface.js:795:21)
      at model.save (C:\Users\hp\OneDrive - bdu.edu.et(Bahir 
Dar)../../../../../../Internship/Ethiopia 
Ecommerce/ecommerce-backend/node_modules/sequelize/src/model.js:4154:35)
      at Cart.create (C:\Users\hp\OneDrive - bdu.edu.et(Bahir 
Dar)../../../../../../Internship/Ethiopia 
Ecommerce/ecommerce-backend/node_modules/sequelize/src/model.js:2305:12)
      at C:\Users\hp\OneDrive - bdu.edu.et(Bahir 
Dar)../../../../../../Internship/Ethiopia Ecommerce/ecommerce-backend/test/bugfix/cha
pa-payment-database-validation-preservation.test.js:2602:30
      at AsyncProperty.run (C:\Users\hp\OneDrive - bdu.edu.et(Bahir 
Dar)../../../../../../Internship/Ethiopia Ecommerce/ecommerce-backend/node_modules/fa
st-check/lib/cjs/check/property/AsyncProperty.generic.js:46:28)
      at asyncRunIt (C:\Users\hp\OneDrive - bdu.edu.et(Bahir 
Dar)../../../../../../Internship/Ethiopia Ecommerce/ecommerce-backend/node_modules/fa
st-check/lib/cjs/check/runner/Runner.js:28:21)
      at Object.<anonymous> (C:\Users\hp\OneDrive - bdu.edu.et(Bahir 
Dar)../../../../../../Internship/Ethiopia Ecommerce/ecommerce-backend/test/bugfix/cha
pa-payment-database-validation-preservation.test.js:2599:7)

  ΓùÅ Preservation Test: Chapa Payment Database Validation Fix ΓÇ║ TASK 17.5: 
Security Measures Preservation Property Tests ΓÇ║ PROPERTY: Amount mismatches should 
always be detected and rejected

    Property failed after 1 tests
    { seed: 1137262153, path: "0", endOnFailure: true }
    Counterexample: [2,100]
    Shrunk 0 time(s)

    Encountered failures were:
    - [2,100]

      at buildError (C:\Users\hp\OneDrive - bdu.edu.et(Bahir 
Dar)../../../../../../Internship/Ethiopia Ecommerce/ecommerce-backend/node_modules/fa
st-check/lib/cjs/check/runner/utils/RunDetailsFormatter.js:162:19)
      at asyncThrowIfFailed (C:\Users\hp\OneDrive - bdu.edu.et(Bahir 
Dar)../../../../../../Internship/Ethiopia Ecommerce/ecommerce-backend/node_modules/fa
st-check/lib/cjs/check/runner/utils/RunDetailsFormatter.js:176:11)

    Cause:


    [0m [90m 2763 |[39m           [36masync[39m (quantity[33m,[39m 
shippingCost) [33m=>[39m {
     [90m 2764 |[39m             [90m// Create cart[39m
    [31m[1m>[22m[39m[90m 2765 |[39m             [36mconst[39m uniqueCart 
[33m=[39m [36mawait[39m [33mCart[39m[33m.[39mcreate({ user_id[33m:[39m 
testUser[33m.[39mid })[33m;[39m
     [90m      |[39m                                [31m[1m^[22m[39m
     [90m 2766 |[39m             [36mawait[39m 
[33mCartItem[39m[33m.[39mcreate({
     [90m 2767 |[39m               cart_id[33m:[39m 
uniqueCart[33m.[39mid[33m,[39m
     [90m 2768 |[39m               product_id[33m:[39m 
testProduct[33m.[39mid[33m,[39m[0m

      at Query.run (C:\Users\hp\OneDrive - bdu.edu.et(Bahir 
Dar)../../../../../../Internship/Ethiopia 
Ecommerce/ecommerce-backend/node_modules/sequelize/src/dialects/mysql/query.js:46:25)
      at C:\Users\hp\OneDrive - bdu.edu.et(Bahir 
Dar)../../../../../../Internship/Ethiopia 
Ecommerce/ecommerce-backend/node_modules/sequelize/src/sequelize.js:650:28
      at MySQLQueryInterface.insert (C:\Users\hp\OneDrive - bdu.edu.et(Bahir 
Dar)../../../../../../Internship/Ethiopia Ecommerce/ecommerce-backend/node_modules/se
quelize/src/dialects/abstract/query-interface.js:795:21)
      at model.save (C:\Users\hp\OneDrive - bdu.edu.et(Bahir 
Dar)../../../../../../Internship/Ethiopia 
Ecommerce/ecommerce-backend/node_modules/sequelize/src/model.js:4154:35)
      at Cart.create (C:\Users\hp\OneDrive - bdu.edu.et(Bahir 
Dar)../../../../../../Internship/Ethiopia 
Ecommerce/ecommerce-backend/node_modules/sequelize/src/model.js:2305:12)
      at C:\Users\hp\OneDrive - bdu.edu.et(Bahir 
Dar)../../../../../../Internship/Ethiopia Ecommerce/ecommerce-backend/test/bugfix/cha
pa-payment-database-validation-preservation.test.js:2765:32
      at AsyncProperty.run (C:\Users\hp\OneDrive - bdu.edu.et(Bahir 
Dar)../../../../../../Internship/Ethiopia Ecommerce/ecommerce-backend/node_modules/fa
st-check/lib/cjs/check/property/AsyncProperty.generic.js:46:28)
      at asyncRunIt (C:\Users\hp\OneDrive - bdu.edu.et(Bahir 
Dar)../../../../../../Internship/Ethiopia Ecommerce/ecommerce-backend/node_modules/fa
st-check/lib/cjs/check/runner/Runner.js:28:21)
      at Object.<anonymous> (C:\Users\hp\OneDrive - bdu.edu.et(Bahir 
Dar)../../../../../../Internship/Ethiopia Ecommerce/ecommerce-backend/test/bugfix/cha
pa-payment-database-validation-preservation.test.js:2759:7)

  ΓùÅ Preservation Test: Chapa Payment Database Validation Fix ΓÇ║ TASK 17.5: 
Security Measures Preservation Property Tests ΓÇ║ PROPERTY: Currency mismatches 
should always be detected and rejected

    Property failed after 1 tests
    { seed: 47780679, path: "0", endOnFailure: true }
    Counterexample: ["USD","EUR"]
    Shrunk 0 time(s)

    Encountered failures were:
    - ["USD","EUR"]

      at buildError (C:\Users\hp\OneDrive - bdu.edu.et(Bahir 
Dar)../../../../../../Internship/Ethiopia Ecommerce/ecommerce-backend/node_modules/fa
st-check/lib/cjs/check/runner/utils/RunDetailsFormatter.js:162:19)
      at asyncThrowIfFailed (C:\Users\hp\OneDrive - bdu.edu.et(Bahir 
Dar)../../../../../../Internship/Ethiopia Ecommerce/ecommerce-backend/node_modules/fa
st-check/lib/cjs/check/runner/utils/RunDetailsFormatter.js:176:11)

    Cause:


    [0m [90m 2886 |[39m           [36masync[39m (correctCurrency[33m,[39m 
wrongCurrency) [33m=>[39m {
     [90m 2887 |[39m             [90m// Create cart[39m
    [31m[1m>[22m[39m[90m 2888 |[39m             [36mconst[39m uniqueCart 
[33m=[39m [36mawait[39m [33mCart[39m[33m.[39mcreate({ user_id[33m:[39m 
testUser[33m.[39mid })[33m;[39m
     [90m      |[39m                                [31m[1m^[22m[39m
     [90m 2889 |[39m             [36mawait[39m 
[33mCartItem[39m[33m.[39mcreate({
     [90m 2890 |[39m               cart_id[33m:[39m 
uniqueCart[33m.[39mid[33m,[39m
     [90m 2891 |[39m               product_id[33m:[39m 
testProduct[33m.[39mid[33m,[39m[0m

      at Query.run (C:\Users\hp\OneDrive - bdu.edu.et(Bahir 
Dar)../../../../../../Internship/Ethiopia 
Ecommerce/ecommerce-backend/node_modules/sequelize/src/dialects/mysql/query.js:46:25)
      at C:\Users\hp\OneDrive - bdu.edu.et(Bahir 
Dar)../../../../../../Internship/Ethiopia 
Ecommerce/ecommerce-backend/node_modules/sequelize/src/sequelize.js:650:28
      at MySQLQueryInterface.insert (C:\Users\hp\OneDrive - bdu.edu.et(Bahir 
Dar)../../../../../../Internship/Ethiopia Ecommerce/ecommerce-backend/node_modules/se
quelize/src/dialects/abstract/query-interface.js:795:21)
      at model.save (C:\Users\hp\OneDrive - bdu.edu.et(Bahir 
Dar)../../../../../../Internship/Ethiopia 
Ecommerce/ecommerce-backend/node_modules/sequelize/src/model.js:4154:35)
      at Cart.create (C:\Users\hp\OneDrive - bdu.edu.et(Bahir 
Dar)../../../../../../Internship/Ethiopia 
Ecommerce/ecommerce-backend/node_modules/sequelize/src/model.js:2305:12)
      at C:\Users\hp\OneDrive - bdu.edu.et(Bahir 
Dar)../../../../../../Internship/Ethiopia Ecommerce/ecommerce-backend/test/bugfix/cha
pa-payment-database-validation-preservation.test.js:2888:32
      at AsyncProperty.run (C:\Users\hp\OneDrive - bdu.edu.et(Bahir 
Dar)../../../../../../Internship/Ethiopia Ecommerce/ecommerce-backend/node_modules/fa
st-check/lib/cjs/check/property/AsyncProperty.generic.js:46:28)
      at asyncRunIt (C:\Users\hp\OneDrive - bdu.edu.et(Bahir 
Dar)../../../../../../Internship/Ethiopia Ecommerce/ecommerce-backend/node_modules/fa
st-check/lib/cjs/check/runner/Runner.js:28:21)
      at Object.<anonymous> (C:\Users\hp\OneDrive - bdu.edu.et(Bahir 
Dar)../../../../../../Internship/Ethiopia Ecommerce/ecommerce-backend/test/bugfix/cha
pa-payment-database-validation-preservation.test.js:2882:7)

  console.log
    [dotenv@17.3.1] injecting env (32) from .env -- tip: ΓÜÖ∩╕Å  override existing env vars with { override: true }

      at _log (C:\Users\hp\OneDrive - bdu.edu.et(Bahir Dar)../../../../../../Internship/Ethiopia Ecommerce/ecommerce-backend/node_modules/dotenv/lib/main.js:139:11)

  console.log
    [dotenv@17.3.1] injecting env (0) from .env -- tip: ≡ƒ¢á∩╕Å  run anywhere with `dotenvx run -- yourcommand`

      at _log (C:\Users\hp\OneDrive - bdu.edu.et(Bahir Dar)../../../../../../Internship/Ethiopia Ecommerce/ecommerce-backend/node_modules/dotenv/lib/main.js:139:11)

  console.log
    [dotenv@17.3.1] injecting env (0) from .env -- tip: ≡ƒöÉ encrypt with Dotenvx: https://dotenvx.com

      at _log (C:\Users\hp\OneDrive - bdu.edu.et(Bahir Dar)../../../../../../Internship/Ethiopia Ecommerce/ecommerce-backend/node_modules/dotenv/lib/main.js:139:11)

  console.log
    [dotenv@17.3.1] injecting env (0) from .env -- tip: ≡ƒöÉ encrypt with Dotenvx: https://dotenvx.com

      at _log (C:\Users\hp\OneDrive - bdu.edu.et(Bahir Dar)../../../../../../Internship/Ethiopia Ecommerce/ecommerce-backend/node_modules/dotenv/lib/main.js:139:11)

  console.log
    [dotenv@17.3.1] injecting env (0) from .env -- tip: ΓÜÖ∩╕Å  specify custom .env file path with { path: '/custom/path/.env' }

      at _log (C:\Users\hp\OneDrive - bdu.edu.et(Bahir Dar)../../../../../../Internship/Ethiopia Ecommerce/ecommerce-backend/node_modules/dotenv/lib/main.js:139:11)

  console.log
    [dotenv@17.3.1] injecting env (0) from .env -- tip: ΓÜÖ∩╕Å  override existing env vars with { override: true }

      at _log (C:\Users\hp\OneDrive - bdu.edu.et(Bahir Dar)../../../../../../Internship/Ethiopia Ecommerce/ecommerce-backend/node_modules/dotenv/lib/main.js:139:11)

  console.warn
    Firebase Service Account Key not found. Push Notifications will be disabled. Check PUSH_NOTIFICATIONS_SETUP_GUIDE.md for setup instructions.

    [0m [90m 20 |[39m   }
     [90m 21 |[39m } [36melse[39m {
    [31m[1m>[22m[39m[90m 22 |[39m   console[33m.[39mwarn([32m'Firebase Service Account Key not found. Push Notifications will be disabled. Check PUSH_NOTIFICATIONS_SETUP_GUIDE.md for setup instructions.'[39m)[33m;[39m
     [90m    |[39m           [31m[1m^[22m[39m
     [90m 23 |[39m }
     [90m 24 |[39m
     [90m 25 |[39m [90m/**[39m[0m

      at Object.warn (C:\Users\hp\OneDrive - bdu.edu.et(Bahir Dar)../../../../../../Internship/Ethiopia Ecommerce/ecommerce-backend/src/services/pushNotificationService.js:22:11)
      at Object.require (C:\Users\hp\OneDrive - bdu.edu.et(Bahir Dar)../../../../../../Internship/Ethiopia Ecommerce/ecommerce-backend/src/services/notificationService.js:1:34)
      at Object.require (C:\Users\hp\OneDrive - bdu.edu.et(Bahir Dar)../../../../../../Internship/Ethiopia Ecommerce/ecommerce-backend/src/services/orderStatusService.js:2:29)
      at Object.require (C:\Users\hp\OneDrive - bdu.edu.et(Bahir Dar)../../../../../../Internship/Ethiopia Ecommerce/ecommerce-backend/src/controllers/sellerController.js:9:28)
      at Object.require (C:\Users\hp\OneDrive - bdu.edu.et(Bahir Dar)../../../../../../Internship/Ethiopia Ecommerce/ecommerce-backend/src/routes/sellerRoutes.js:3:26)
      at Object.require (C:\Users\hp\OneDrive - bdu.edu.et(Bahir Dar)../../../../../../Internship/Ethiopia Ecommerce/ecommerce-backend/src/server.js:18:22)
      at Object.require (C:\Users\hp\OneDrive - bdu.edu.et(Bahir Dar)../../../../../../Internship/Ethiopia Ecommerce/ecommerce-backend/test/integration/admin-manual-verification-after-callback-failure.integration.test.js:20:13)

  console.log
    Initializing database connection...

      at log (C:\Users\hp\OneDrive - bdu.edu.et(Bahir Dar)../../../../../../Internship/Ethiopia Ecommerce/ecommerce-backend/src/server.js:165:13)

  console.log
    Γ£ô Database 'ecommerce_db' is ready

      at log (C:\Users\hp\OneDrive - bdu.edu.et(Bahir Dar)../../../../../../Internship/Ethiopia Ecommerce/ecommerce-backend/src/config/database.js:19:13)

  console.log
    Γ£ô Database connection established successfully (attempt 1/3)

      at log (C:\Users\hp\OneDrive - bdu.edu.et(Bahir Dar)../../../../../../Internship/Ethiopia Ecommerce/ecommerce-backend/src/config/database.js:81:15)

  console.log
    Validating payment configuration...

      at log (C:\Users\hp\OneDrive - bdu.edu.et(Bahir Dar)../../../../../../Internship/Ethiopia Ecommerce/ecommerce-backend/src/server.js:169:13)

  console.log
    Γ£ô Payment configuration validated successfully

      at log (C:\Users\hp\OneDrive - bdu.edu.et(Bahir Dar)../../../../../../Internship/Ethiopia Ecommerce/ecommerce-backend/src/config/payment.js:78:11)

  console.log
      Environment: test

      at log (C:\Users\hp\OneDrive - bdu.edu.et(Bahir Dar)../../../../../../Internship/Ethiopia Ecommerce/ecommerce-backend/src/config/payment.js:79:11)

  console.log
      Test Mode: ENABLED

      at log (C:\Users\hp\OneDrive - bdu.edu.et(Bahir Dar)../../../../../../Internship/Ethiopia Ecommerce/ecommerce-backend/src/config/payment.js:80:11)

  console.log
      Currency: ETB

      at log (C:\Users\hp\OneDrive - bdu.edu.et(Bahir Dar)../../../../../../Internship/Ethiopia Ecommerce/ecommerce-backend/src/config/payment.js:81:11)

  console.log
    Validating Chapa URLs...

      at log (C:\Users\hp\OneDrive - bdu.edu.et(Bahir Dar)../../../../../../Internship/Ethiopia Ecommerce/ecommerce-backend/src/server.js:173:13)

  console.log
    Γ£ô CHAPA_CALLBACK_URL: http://localhost:5000/api/payments/webhook

      at log (C:\Users\hp\OneDrive - bdu.edu.et(Bahir Dar)../../../../../../Internship/Ethiopia Ecommerce/ecommerce-backend/src/server.js:239:15)

  console.log
    Γ£ô CHAPA_RETURN_URL: http://localhost:3000/payment/return

      at log (C:\Users\hp\OneDrive - bdu.edu.et(Bahir Dar)../../../../../../Internship/Ethiopia Ecommerce/ecommerce-backend/src/server.js:296:15)

  console.log
    Synchronizing database models...

      at log (C:\Users\hp\OneDrive - bdu.edu.et(Bahir Dar)../../../../../../Internship/Ethiopia Ecommerce/ecommerce-backend/src/server.js:310:13)

  console.log
    
    Γ£ô Scenario 1: Initial State - Callback Failed

      at Object.log (C:\Users\hp\OneDrive - bdu.edu.et(Bahir Dar)../../../../../../Internship/Ethiopia Ecommerce/ecommerce-backend/test/integration/admin-manual-verification-after-callback-failure.integration.test.js:179:15)

  console.log
      - Payment ID: 56

      at Object.log (C:\Users\hp\OneDrive - bdu.edu.et(Bahir Dar)../../../../../../Internship/Ethiopia Ecommerce/ecommerce-backend/test/integration/admin-manual-verification-after-callback-failure.integration.test.js:180:15)

  console.log
      - Status: pending (callback failed to update)

      at Object.log (C:\Users\hp\OneDrive - bdu.edu.et(Bahir Dar)../../../../../../Internship/Ethiopia Ecommerce/ecommerce-backend/test/integration/admin-manual-verification-after-callback-failure.integration.test.js:181:15)

  console.log
      - Amount: ETB 6100.00

      at Object.log (C:\Users\hp\OneDrive - bdu.edu.et(Bahir Dar)../../../../../../Internship/Ethiopia Ecommerce/ecommerce-backend/test/integration/admin-manual-verification-after-callback-failure.integration.test.js:182:15)

  console.log
      - Chapa Reference: ADMINVERIFY-TEST-1772132197317-aihoha

      at Object.log (C:\Users\hp\OneDrive - bdu.edu.et(Bahir Dar)../../../../../../Internship/Ethiopia Ecommerce/ecommerce-backend/test/integration/admin-manual-verification-after-callback-failure.integration.test.js:183:15)

  console.log
      - Reason: Network error prevented callback processing

      at Object.log (C:\Users\hp\OneDrive - bdu.edu.et(Bahir Dar)../../../../../../Internship/Ethiopia Ecommerce/ecommerce-backend/test/integration/admin-manual-verification-after-callback-failure.integration.test.js:184:15)

  console.log
    
    Γ£ô Scenario 1: Admin Manual Verification

      at Object.log (C:\Users\hp\OneDrive - bdu.edu.et(Bahir Dar)../../../../../../Internship/Ethiopia Ecommerce/ecommerce-backend/test/integration/admin-manual-verification-after-callback-failure.integration.test.js:188:15)

  console.log
      - Admin: admin-verify-admin@test.com

      at Object.log (C:\Users\hp\OneDrive - bdu.edu.et(Bahir Dar)../../../../../../Internship/Ethiopia Ecommerce/ecommerce-backend/test/integration/admin-manual-verification-after-callback-failure.integration.test.js:189:15)

  console.log
      - Action: POST /api/payments/admin/verify/ADMINVERIFY-TEST-1772132197317-aihoha

      at Object.log (C:\Users\hp\OneDrive - bdu.edu.et(Bahir Dar)../../../../../../Internship/Ethiopia Ecommerce/ecommerce-backend/test/integration/admin-manual-verification-after-callback-failure.integration.test.js:190:15)

  console.log
      - Purpose: Manually verify payment after callback failure

      at Object.log (C:\Users\hp\OneDrive - bdu.edu.et(Bahir Dar)../../../../../../Internship/Ethiopia Ecommerce/ecommerce-backend/test/integration/admin-manual-verification-after-callback-failure.integration.test.js:191:15)

  console.log
    === PAYMENT VERIFICATION REQUEST ===

      at Object.log [as verifyPayment] (C:\Users\hp\OneDrive - bdu.edu.et(Bahir Dar)../../../../../../Internship/Ethiopia Ecommerce/ecommerce-backend/src/services/chapaService.js:502:13)

  console.log
    Request Details: {
      "reference": "ADMINVERIFY-TEST-1772132197317-aihoha",
      "request_url": "https://api.chapa.co/v1/transaction/verify/ADMINVERIFY-TEST-1772132197317-aihoha",
      "request_method": "GET",
      "timestamp": "2026-02-26T18:56:37.385Z",
      "environment": "test"
    }

      at Object.log [as verifyPayment] (C:\Users\hp\OneDrive - bdu.edu.et(Bahir Dar)../../../../../../Internship/Ethiopia Ecommerce/ecommerce-backend/src/services/chapaService.js:503:13)

  console.log
    ====================================

      at Object.log [as verifyPayment] (C:\Users\hp\OneDrive - bdu.edu.et(Bahir Dar)../../../../../../Internship/Ethiopia Ecommerce/ecommerce-backend/src/services/chapaService.js:504:13)

  console.log
    Γ£ô Database models synchronized

      at log (C:\Users\hp\OneDrive - bdu.edu.et(Bahir Dar)../../../../../../Internship/Ethiopia Ecommerce/ecommerce-backend/src/server.js:313:13)

  console.log
    Γ£ô Server is running on port 5000

      at Server.log (C:\Users\hp\OneDrive - bdu.edu.et(Bahir Dar)../../../../../../Internship/Ethiopia Ecommerce/ecommerce-backend/src/server.js:319:15)

  console.log
    Γ£ô Environment: test

      at Server.log (C:\Users\hp\OneDrive - bdu.edu.et(Bahir Dar)../../../../../../Internship/Ethiopia Ecommerce/ecommerce-backend/src/server.js:320:15)

  console.log
    Γ£ô API URL: http://localhost:5000

      at Server.log (C:\Users\hp\OneDrive - bdu.edu.et(Bahir Dar)../../../../../../Internship/Ethiopia Ecommerce/ecommerce-backend/src/server.js:321:15)

  console.log
    Γ£ô Local Network: http://192.168.100.105:5000

      at Server.log (C:\Users\hp\OneDrive - bdu.edu.et(Bahir Dar)../../../../../../Internship/Ethiopia Ecommerce/ecommerce-backend/src/server.js:322:15)

  console.log
    Γ£ô Rate Limiting: Unauthenticated (500/15min), Authenticated (5000/15min)

      at Server.log (C:\Users\hp\OneDrive - bdu.edu.et(Bahir Dar)../../../../../../Internship/Ethiopia Ecommerce/ecommerce-backend/src/server.js:323:15)

  console.log
    
    === Chapa Payment Configuration ===

      at Server.log (C:\Users\hp\OneDrive - bdu.edu.et(Bahir Dar)../../../../../../Internship/Ethiopia Ecommerce/ecommerce-backend/src/server.js:324:15)

  console.log
    Callback URL: http://localhost:5000/api/payments/webhook

      at Server.log (C:\Users\hp\OneDrive - bdu.edu.et(Bahir Dar)../../../../../../Internship/Ethiopia Ecommerce/ecommerce-backend/src/server.js:325:15)

  console.log
    Return URL: http://localhost:3000/payment/return

      at Server.log (C:\Users\hp\OneDrive - bdu.edu.et(Bahir Dar)../../../../../../Internship/Ethiopia Ecommerce/ecommerce-backend/src/server.js:326:15)

  console.log
    ===================================

      at Server.log (C:\Users\hp\OneDrive - bdu.edu.et(Bahir Dar)../../../../../../Internship/Ethiopia Ecommerce/ecommerce-backend/src/server.js:327:15)

  console.log
    Non-retryable error on attempt 1: Request failed with status code 401

      at log (C:\Users\hp\OneDrive - bdu.edu.et(Bahir Dar)../../../../../../Internship/Ethiopia Ecommerce/ecommerce-backend/src/services/chapaService.js:118:17)

  console.error
    === CHAPA API ERROR - Payment Verification ===

    [0m [90m 648 |[39m
     [90m 649 |[39m     [90m// Log comprehensive error details[39m
    [31m[1m>[22m[39m[90m 650 |[39m     console[33m.[39merror([32m'=== CHAPA API ERROR - Payment Verification ==='[39m)[33m;[39m
     [90m     |[39m             [31m[1m^[22m[39m
     [90m 651 |[39m     console[33m.[39merror([32m'Error Details:'[39m[33m,[39m [33mJSON[39m[33m.[39mstringify(errorLogData[33m,[39m [36mnull[39m[33m,[39m [35m2[39m))[33m;[39m
     [90m 652 |[39m     
     [90m 653 |[39m     [90m// Log specific error categories for easier debugging[39m[0m

      at Object.error [as verifyPayment] (C:\Users\hp\OneDrive - bdu.edu.et(Bahir Dar)../../../../../../Internship/Ethiopia Ecommerce/ecommerce-backend/src/services/chapaService.js:650:13)
      at adminVerifyPayment (C:\Users\hp\OneDrive - bdu.edu.et(Bahir Dar)../../../../../../Internship/Ethiopia Ecommerce/ecommerce-backend/src/controllers/paymentController.js:1187:32)

  console.error
    Error Details: {
      "reference": "ADMINVERIFY-TEST-1772132197317-aihoha",
      "errorMessage": "Request failed with status code 401",
      "errorType": "AxiosError",
      "errorCode": "ERR_BAD_REQUEST",
      "errorStatus": 401,
      "errorStatusText": "Unauthorized",
      "errorData": {
        "message": "Invalid transaction reference",
        "status": "failed",
        "data": null
      },
      "errorHeaders": {
        "content-type": "application/json"
      },
      "requestUrl": "https://api.chapa.co/v1/transaction/verify/ADMINVERIFY-TEST-1772132197317-aihoha",
      "requestMethod": "GET",
      "requestTimeout": 30000,
      "isRetryableError": false,
      "circuitBreakerState": "CLOSED",
      "timestamp": "2026-02-26T18:56:38.676Z",
      "environment": "test"
    }

    [0m [90m 649 |[39m     [90m// Log comprehensive error details[39m
     [90m 650 |[39m     console[33m.[39merror([32m'=== CHAPA API ERROR - Payment Verification ==='[39m)[33m;[39m
    [31m[1m>[22m[39m[90m 651 |[39m     console[33m.[39merror([32m'Error Details:'[39m[33m,[39m [33mJSON[39m[33m.[39mstringify(errorLogData[33m,[39m [36mnull[39m[33m,[39m [35m2[39m))[33m;[39m
     [90m     |[39m             [31m[1m^[22m[39m
     [90m 652 |[39m     
     [90m 653 |[39m     [90m// Log specific error categories for easier debugging[39m
     [90m 654 |[39m     [36mif[39m (error[33m.[39mcode [33m===[39m [32m'ECONNREFUSED'[39m) {[0m

      at Object.error [as verifyPayment] (C:\Users\hp\OneDrive - bdu.edu.et(Bahir Dar)../../../../../../Internship/Ethiopia Ecommerce/ecommerce-backend/src/services/chapaService.js:651:13)
      at adminVerifyPayment (C:\Users\hp\OneDrive - bdu.edu.et(Bahir Dar)../../../../../../Internship/Ethiopia Ecommerce/ecommerce-backend/src/controllers/paymentController.js:1187:32)

  console.error
    Authentication Error: Invalid or missing Chapa API secret key. Verify CHAPA_SECRET_KEY in environment.

    [0m [90m 657 |[39m       console[33m.[39merror([32m'Timeout Error: Chapa API request timed out. The server may be slow or unresponsive.'[39m)[33m;[39m
     [90m 658 |[39m     } [36melse[39m [36mif[39m (error[33m.[39mresponse[33m?[39m[33m.[39mstatus [33m===[39m [35m401[39m) {
    [31m[1m>[22m[39m[90m 659 |[39m       console[33m.[39merror([32m'Authentication Error: Invalid or missing Chapa API secret key. Verify CHAPA_SECRET_KEY in environment.'[39m)[33m;[39m
     [90m     |[39m               [31m[1m^[22m[39m
     [90m 660 |[39m     } [36melse[39m [36mif[39m (error[33m.[39mresponse[33m?[39m[33m.[39mstatus [33m===[39m [35m404[39m) {
     [90m 661 |[39m       console[33m.[39merror([32m'Not Found Error: Transaction reference not found in Chapa system. Verify the reference is correct.'[39m)[33m;[39m
     [90m 662 |[39m     } [36melse[39m [36mif[39m (error[33m.[39mresponse[33m?[39m[33m.[39mstatus [33m===[39m [35m429[39m) {[0m

      at Object.error [as verifyPayment] (C:\Users\hp\OneDrive - bdu.edu.et(Bahir Dar)../../../../../../Internship/Ethiopia Ecommerce/ecommerce-backend/src/services/chapaService.js:659:15)
      at adminVerifyPayment (C:\Users\hp\OneDrive - bdu.edu.et(Bahir Dar)../../../../../../Internship/Ethiopia Ecommerce/ecommerce-backend/src/controllers/paymentController.js:1187:32)

  console.error
    === END CHAPA API ERROR ===

    [0m [90m 666 |[39m     }
     [90m 667 |[39m     
    [31m[1m>[22m[39m[90m 668 |[39m     console[33m.[39merror([32m'=== END CHAPA API ERROR ==='[39m)[33m;[39m
     [90m     |[39m             [31m[1m^[22m[39m
     [90m 669 |[39m
     [90m 670 |[39m     console[33m.[39merror([32m'Chapa payment verification error:'[39m[33m,[39m error[33m.[39mresponse[33m?[39m[33m.[39mdata [33m||[39m error[33m.[39mmessage)[33m;[39m
     [90m 671 |[39m     [36mthrow[39m [36mnew[39m [33mError[39m([32m`Payment verification failed: ${error.response?.data?.message || error.message}`[39m)[33m;[39m[0m

      at Object.error [as verifyPayment] (C:\Users\hp\OneDrive - bdu.edu.et(Bahir Dar)../../../../../../Internship/Ethiopia Ecommerce/ecommerce-backend/src/services/chapaService.js:668:13)
      at adminVerifyPayment (C:\Users\hp\OneDrive - bdu.edu.et(Bahir Dar)../../../../../../Internship/Ethiopia Ecommerce/ecommerce-backend/src/controllers/paymentController.js:1187:32)

  console.error
    Chapa payment verification error: {
      message: 'Invalid transaction reference',
      status: 'failed',
      data: null
    }

    [0m [90m 668 |[39m     console[33m.[39merror([32m'=== END CHAPA API ERROR ==='[39m)[33m;[39m
     [90m 669 |[39m
    [31m[1m>[22m[39m[90m 670 |[39m     console[33m.[39merror([32m'Chapa payment verification error:'[39m[33m,[39m error[33m.[39mresponse[33m?[39m[33m.[39mdata [33m||[39m error[33m.[39mmessage)[33m;[39m
     [90m     |[39m             [31m[1m^[22m[39m
     [90m 671 |[39m     [36mthrow[39m [36mnew[39m [33mError[39m([32m`Payment verification failed: ${error.response?.data?.message || error.message}`[39m)[33m;[39m
     [90m 672 |[39m   }
     [90m 673 |[39m }[0m

      at Object.error [as verifyPayment] (C:\Users\hp\OneDrive - bdu.edu.et(Bahir Dar)../../../../../../Internship/Ethiopia Ecommerce/ecommerce-backend/src/services/chapaService.js:670:13)
      at adminVerifyPayment (C:\Users\hp\OneDrive - bdu.edu.et(Bahir Dar)../../../../../../Internship/Ethiopia Ecommerce/ecommerce-backend/src/controllers/paymentController.js:1187:32)

  console.error
    Admin payment verification error: Error: Payment verification failed: Invalid transaction reference
        at Object.verifyPayment (C:\Users\hp\OneDrive - bdu.edu.et(Bahir Dar)\Internship\Ethiopia Ecommerce\ecommerce-backend\src\services\chapaService.js:671:11)
        at processTicksAndRejections (node:internal/process/task_queues:105:5)
        at adminVerifyPayment (C:\Users\hp\OneDrive - bdu.edu.et(Bahir Dar)\Internship\Ethiopia Ecommerce\ecommerce-backend\src\controllers\paymentController.js:1187:32)

    [0m [90m 1347 |[39m   } [36mcatch[39m (error) {
     [90m 1348 |[39m     [36mawait[39m transaction[33m.[39mrollback()[33m;[39m
    [31m[1m>[22m[39m[90m 1349 |[39m     console[33m.[39merror([32m'Admin payment verification error:'[39m[33m,[39m error)[33m;[39m
     [90m      |[39m             [31m[1m^[22m[39m
     [90m 1350 |[39m     
     [90m 1351 |[39m     res[33m.[39mstatus([35m500[39m)[33m.[39mjson({
     [90m 1352 |[39m       success[33m:[39m [36mfalse[39m[33m,[39m[0m

      at error (C:\Users\hp\OneDrive - bdu.edu.et(Bahir Dar)../../../../../../Internship/Ethiopia Ecommerce/ecommerce-backend/src/controllers/paymentController.js:1349:13)

::ffff:127.0.0.1 - - [26/Feb/2026:18:56:38 +0000] "POST /api/payments/admin/verify/ADMINVERIFY-TEST-1772132197317-aihoha HTTP/1.1" 500 123 "-" "-"
  console.log
      - Response Status: 500

      at Object.log (C:\Users\hp\OneDrive - bdu.edu.et(Bahir Dar)../../../../../../Internship/Ethiopia Ecommerce/ecommerce-backend/test/integration/admin-manual-verification-after-callback-failure.integration.test.js:197:15)

  console.log
      - Response Body: {
      "success": false,
      "message": "Failed to verify payment",
      "error": "Payment verification failed: Invalid transaction reference"
    }

      at Object.log (C:\Users\hp\OneDrive - bdu.edu.et(Bahir Dar)../../../../../../Internship/Ethiopia Ecommerce/ecommerce-backend/test/integration/admin-manual-verification-after-callback-failure.integration.test.js:198:15)

  console.log
    
    Γ£ô Scenario 1: Payment Status After Manual Verification

      at Object.log (C:\Users\hp\OneDrive - bdu.edu.et(Bahir Dar)../../../../../../Internship/Ethiopia Ecommerce/ecommerce-backend/test/integration/admin-manual-verification-after-callback-failure.integration.test.js:213:15)

  console.log
      - Payment ID: 56

      at Object.log (C:\Users\hp\OneDrive - bdu.edu.et(Bahir Dar)../../../../../../Internship/Ethiopia Ecommerce/ecommerce-backend/test/integration/admin-manual-verification-after-callback-failure.integration.test.js:214:15)

  console.log
      - Previous Status: pending

      at Object.log (C:\Users\hp\OneDrive - bdu.edu.et(Bahir Dar)../../../../../../Internship/Ethiopia Ecommerce/ecommerce-backend/test/integration/admin-manual-verification-after-callback-failure.integration.test.js:215:15)

  console.log
      - Current Status: pending

      at Object.log (C:\Users\hp\OneDrive - bdu.edu.et(Bahir Dar)../../../../../../Internship/Ethiopia Ecommerce/ecommerce-backend/test/integration/admin-manual-verification-after-callback-failure.integration.test.js:216:15)

  console.log
      - Amount: ETB 6100.00

      at Object.log (C:\Users\hp\OneDrive - bdu.edu.et(Bahir Dar)../../../../../../Internship/Ethiopia Ecommerce/ecommerce-backend/test/integration/admin-manual-verification-after-callback-failure.integration.test.js:217:15)

  console.log
      - Chapa Reference: ADMINVERIFY-TEST-1772132197317-aihoha

      at Object.log (C:\Users\hp\OneDrive - bdu.edu.et(Bahir Dar)../../../../../../Internship/Ethiopia Ecommerce/ecommerce-backend/test/integration/admin-manual-verification-after-callback-failure.integration.test.js:218:15)

  console.log
    
    Γ£ô Scenario 1: Order Status After Manual Verification

      at Object.log (C:\Users\hp\OneDrive - bdu.edu.et(Bahir Dar)../../../../../../Internship/Ethiopia Ecommerce/ecommerce-backend/test/integration/admin-manual-verification-after-callback-failure.integration.test.js:227:15)

  console.log
      - Order ID: 85

      at Object.log (C:\Users\hp\OneDrive - bdu.edu.et(Bahir Dar)../../../../../../Internship/Ethiopia Ecommerce/ecommerce-backend/test/integration/admin-manual-verification-after-callback-failure.integration.test.js:228:15)

  console.log
      - Order Number: ORD-ADMINVERIFY-1772132197300

      at Object.log (C:\Users\hp\OneDrive - bdu.edu.et(Bahir Dar)../../../../../../Internship/Ethiopia Ecommerce/ecommerce-backend/test/integration/admin-manual-verification-after-callback-failure.integration.test.js:229:15)

  console.log
      - Payment Status: pending

      at Object.log (C:\Users\hp\OneDrive - bdu.edu.et(Bahir Dar)../../../../../../Internship/Ethiopia Ecommerce/ecommerce-backend/test/integration/admin-manual-verification-after-callback-failure.integration.test.js:230:15)

  console.log
      - Order Status: pending

      at Object.log (C:\Users\hp\OneDrive - bdu.edu.et(Bahir Dar)../../../../../../Internship/Ethiopia Ecommerce/ecommerce-backend/test/integration/admin-manual-verification-after-callback-failure.integration.test.js:231:15)

  console.log
      - Total Amount: ETB 6100.00

      at Object.log (C:\Users\hp\OneDrive - bdu.edu.et(Bahir Dar)../../../../../../Internship/Ethiopia Ecommerce/ecommerce-backend/test/integration/admin-manual-verification-after-callback-failure.integration.test.js:232:15)

  console.log
    
    Γ£ô Scenario 2: Initial State - Signature Verification Failed

      at Object.log (C:\Users\hp\OneDrive - bdu.edu.et(Bahir Dar)../../../../../../Internship/Ethiopia Ecommerce/ecommerce-backend/test/integration/admin-manual-verification-after-callback-failure.integration.test.js:303:15)

  console.log
      - Payment ID: 57

      at Object.log (C:\Users\hp\OneDrive - bdu.edu.et(Bahir Dar)../../../../../../Internship/Ethiopia Ecommerce/ecommerce-backend/test/integration/admin-manual-verification-after-callback-failure.integration.test.js:304:15)

  console.log
      - Status: pending

      at Object.log (C:\Users\hp\OneDrive - bdu.edu.et(Bahir Dar)../../../../../../Internship/Ethiopia Ecommerce/ecommerce-backend/test/integration/admin-manual-verification-after-callback-failure.integration.test.js:305:15)

  console.log
      - Amount: ETB 4100.00

      at Object.log (C:\Users\hp\OneDrive - bdu.edu.et(Bahir Dar)../../../../../../Internship/Ethiopia Ecommerce/ecommerce-backend/test/integration/admin-manual-verification-after-callback-failure.integration.test.js:306:15)

  console.log
      - Chapa Reference: SIGNATURE-FAIL-1772132199831-xwlfgi

      at Object.log (C:\Users\hp\OneDrive - bdu.edu.et(Bahir Dar)../../../../../../Internship/Ethiopia Ecommerce/ecommerce-backend/test/integration/admin-manual-verification-after-callback-failure.integration.test.js:307:15)

  console.log
      - Reason: Webhook signature verification failed

      at Object.log (C:\Users\hp\OneDrive - bdu.edu.et(Bahir Dar)../../../../../../Internship/Ethiopia Ecommerce/ecommerce-backend/test/integration/admin-manual-verification-after-callback-failure.integration.test.js:308:15)

  console.log
    
    Γ£ô Scenario 2: Admin Manual Verification (Signature Issue)

      at Object.log (C:\Users\hp\OneDrive - bdu.edu.et(Bahir Dar)../../../../../../Internship/Ethiopia Ecommerce/ecommerce-backend/test/integration/admin-manual-verification-after-callback-failure.integration.test.js:312:15)

  console.log
      - Admin: admin-verify-admin@test.com

      at Object.log (C:\Users\hp\OneDrive - bdu.edu.et(Bahir Dar)../../../../../../Internship/Ethiopia Ecommerce/ecommerce-backend/test/integration/admin-manual-verification-after-callback-failure.integration.test.js:313:15)

  console.log
      - Action: POST /api/payments/admin/verify/SIGNATURE-FAIL-1772132199831-xwlfgi

      at Object.log (C:\Users\hp\OneDrive - bdu.edu.et(Bahir Dar)../../../../../../Internship/Ethiopia Ecommerce/ecommerce-backend/test/integration/admin-manual-verification-after-callback-failure.integration.test.js:314:15)

  console.log
      - Purpose: Bypass signature check and verify directly with Chapa

      at Object.log (C:\Users\hp\OneDrive - bdu.edu.et(Bahir Dar)../../../../../../Internship/Ethiopia Ecommerce/ecommerce-backend/test/integration/admin-manual-verification-after-callback-failure.integration.test.js:315:15)

  console.log
    === PAYMENT VERIFICATION REQUEST ===

      at Object.log [as verifyPayment] (C:\Users\hp\OneDrive - bdu.edu.et(Bahir Dar)../../../../../../Internship/Ethiopia Ecommerce/ecommerce-backend/src/services/chapaService.js:502:13)

  console.log
    Request Details: {
      "reference": "SIGNATURE-FAIL-1772132199831-xwlfgi",
      "request_url": "https://api.chapa.co/v1/transaction/verify/SIGNATURE-FAIL-1772132199831-xwlfgi",
      "request_method": "GET",
      "timestamp": "2026-02-26T18:56:39.880Z",
      "environment": "test"
    }

      at Object.log [as verifyPayment] (C:\Users\hp\OneDrive - bdu.edu.et(Bahir Dar)../../../../../../Internship/Ethiopia Ecommerce/ecommerce-backend/src/services/chapaService.js:503:13)

  console.log
    ====================================

      at Object.log [as verifyPayment] (C:\Users\hp\OneDrive - bdu.edu.et(Bahir Dar)../../../../../../Internship/Ethiopia Ecommerce/ecommerce-backend/src/services/chapaService.js:504:13)

  console.log
    Non-retryable error on attempt 1: Request failed with status code 401

      at log (C:\Users\hp\OneDrive - bdu.edu.et(Bahir Dar)../../../../../../Internship/Ethiopia Ecommerce/ecommerce-backend/src/services/chapaService.js:118:17)

  console.error
    === CHAPA API ERROR - Payment Verification ===

    [0m [90m 648 |[39m
     [90m 649 |[39m     [90m// Log comprehensive error details[39m
    [31m[1m>[22m[39m[90m 650 |[39m     console[33m.[39merror([32m'=== CHAPA API ERROR - Payment Verification ==='[39m)[33m;[39m
     [90m     |[39m             [31m[1m^[22m[39m
     [90m 651 |[39m     console[33m.[39merror([32m'Error Details:'[39m[33m,[39m [33mJSON[39m[33m.[39mstringify(errorLogData[33m,[39m [36mnull[39m[33m,[39m [35m2[39m))[33m;[39m
     [90m 652 |[39m     
     [90m 653 |[39m     [90m// Log specific error categories for easier debugging[39m[0m

      at Object.error [as verifyPayment] (C:\Users\hp\OneDrive - bdu.edu.et(Bahir Dar)../../../../../../Internship/Ethiopia Ecommerce/ecommerce-backend/src/services/chapaService.js:650:13)
      at adminVerifyPayment (C:\Users\hp\OneDrive - bdu.edu.et(Bahir Dar)../../../../../../Internship/Ethiopia Ecommerce/ecommerce-backend/src/controllers/paymentController.js:1187:32)

  console.error
    Error Details: {
      "reference": "SIGNATURE-FAIL-1772132199831-xwlfgi",
      "errorMessage": "Request failed with status code 401",
      "errorType": "AxiosError",
      "errorCode": "ERR_BAD_REQUEST",
      "errorStatus": 401,
      "errorStatusText": "Unauthorized",
      "errorData": {
        "message": "Invalid transaction reference",
        "status": "failed",
        "data": null
      },
      "errorHeaders": {
        "content-type": "application/json"
      },
      "requestUrl": "https://api.chapa.co/v1/transaction/verify/SIGNATURE-FAIL-1772132199831-xwlfgi",
      "requestMethod": "GET",
      "requestTimeout": 30000,
      "isRetryableError": false,
      "circuitBreakerState": "CLOSED",
      "timestamp": "2026-02-26T18:56:40.294Z",
      "environment": "test"
    }

    [0m [90m 649 |[39m     [90m// Log comprehensive error details[39m
     [90m 650 |[39m     console[33m.[39merror([32m'=== CHAPA API ERROR - Payment Verification ==='[39m)[33m;[39m
    [31m[1m>[22m[39m[90m 651 |[39m     console[33m.[39merror([32m'Error Details:'[39m[33m,[39m [33mJSON[39m[33m.[39mstringify(errorLogData[33m,[39m [36mnull[39m[33m,[39m [35m2[39m))[33m;[39m
     [90m     |[39m             [31m[1m^[22m[39m
     [90m 652 |[39m     
     [90m 653 |[39m     [90m// Log specific error categories for easier debugging[39m
     [90m 654 |[39m     [36mif[39m (error[33m.[39mcode [33m===[39m [32m'ECONNREFUSED'[39m) {[0m

      at Object.error [as verifyPayment] (C:\Users\hp\OneDrive - bdu.edu.et(Bahir Dar)../../../../../../Internship/Ethiopia Ecommerce/ecommerce-backend/src/services/chapaService.js:651:13)
      at adminVerifyPayment (C:\Users\hp\OneDrive - bdu.edu.et(Bahir Dar)../../../../../../Internship/Ethiopia Ecommerce/ecommerce-backend/src/controllers/paymentController.js:1187:32)

  console.error
    Authentication Error: Invalid or missing Chapa API secret key. Verify CHAPA_SECRET_KEY in environment.

    [0m [90m 657 |[39m       console[33m.[39merror([32m'Timeout Error: Chapa API request timed out. The server may be slow or unresponsive.'[39m)[33m;[39m
     [90m 658 |[39m     } [36melse[39m [36mif[39m (error[33m.[39mresponse[33m?[39m[33m.[39mstatus [33m===[39m [35m401[39m) {
    [31m[1m>[22m[39m[90m 659 |[39m       console[33m.[39merror([32m'Authentication Error: Invalid or missing Chapa API secret key. Verify CHAPA_SECRET_KEY in environment.'[39m)[33m;[39m
     [90m     |[39m               [31m[1m^[22m[39m
     [90m 660 |[39m     } [36melse[39m [36mif[39m (error[33m.[39mresponse[33m?[39m[33m.[39mstatus [33m===[39m [35m404[39m) {
     [90m 661 |[39m       console[33m.[39merror([32m'Not Found Error: Transaction reference not found in Chapa system. Verify the reference is correct.'[39m)[33m;[39m
     [90m 662 |[39m     } [36melse[39m [36mif[39m (error[33m.[39mresponse[33m?[39m[33m.[39mstatus [33m===[39m [35m429[39m) {[0m

      at Object.error [as verifyPayment] (C:\Users\hp\OneDrive - bdu.edu.et(Bahir Dar)../../../../../../Internship/Ethiopia Ecommerce/ecommerce-backend/src/services/chapaService.js:659:15)
      at adminVerifyPayment (C:\Users\hp\OneDrive - bdu.edu.et(Bahir Dar)../../../../../../Internship/Ethiopia Ecommerce/ecommerce-backend/src/controllers/paymentController.js:1187:32)

  console.error
    === END CHAPA API ERROR ===

    [0m [90m 666 |[39m     }
     [90m 667 |[39m     
    [31m[1m>[22m[39m[90m 668 |[39m     console[33m.[39merror([32m'=== END CHAPA API ERROR ==='[39m)[33m;[39m
     [90m     |[39m             [31m[1m^[22m[39m
     [90m 669 |[39m
     [90m 670 |[39m     console[33m.[39merror([32m'Chapa payment verification error:'[39m[33m,[39m error[33m.[39mresponse[33m?[39m[33m.[39mdata [33m||[39m error[33m.[39mmessage)[33m;[39m
     [90m 671 |[39m     [36mthrow[39m [36mnew[39m [33mError[39m([32m`Payment verification failed: ${error.response?.data?.message || error.message}`[39m)[33m;[39m[0m

      at Object.error [as verifyPayment] (C:\Users\hp\OneDrive - bdu.edu.et(Bahir Dar)../../../../../../Internship/Ethiopia Ecommerce/ecommerce-backend/src/services/chapaService.js:668:13)
      at adminVerifyPayment (C:\Users\hp\OneDrive - bdu.edu.et(Bahir Dar)../../../../../../Internship/Ethiopia Ecommerce/ecommerce-backend/src/controllers/paymentController.js:1187:32)

  console.error
    Chapa payment verification error: {
      message: 'Invalid transaction reference',
      status: 'failed',
      data: null
    }

    [0m [90m 668 |[39m     console[33m.[39merror([32m'=== END CHAPA API ERROR ==='[39m)[33m;[39m
     [90m 669 |[39m
    [31m[1m>[22m[39m[90m 670 |[39m     console[33m.[39merror([32m'Chapa payment verification error:'[39m[33m,[39m error[33m.[39mresponse[33m?[39m[33m.[39mdata [33m||[39m error[33m.[39mmessage)[33m;[39m
     [90m     |[39m             [31m[1m^[22m[39m
     [90m 671 |[39m     [36mthrow[39m [36mnew[39m [33mError[39m([32m`Payment verification failed: ${error.response?.data?.message || error.message}`[39m)[33m;[39m
     [90m 672 |[39m   }
     [90m 673 |[39m }[0m

      at Object.error [as verifyPayment] (C:\Users\hp\OneDrive - bdu.edu.et(Bahir Dar)../../../../../../Internship/Ethiopia Ecommerce/ecommerce-backend/src/services/chapaService.js:670:13)
      at adminVerifyPayment (C:\Users\hp\OneDrive - bdu.edu.et(Bahir Dar)../../../../../../Internship/Ethiopia Ecommerce/ecommerce-backend/src/controllers/paymentController.js:1187:32)

  console.error
    Admin payment verification error: Error: Payment verification failed: Invalid transaction reference
        at Object.verifyPayment (C:\Users\hp\OneDrive - bdu.edu.et(Bahir Dar)\Internship\Ethiopia Ecommerce\ecommerce-backend\src\services\chapaService.js:671:11)
        at processTicksAndRejections (node:internal/process/task_queues:105:5)
        at adminVerifyPayment (C:\Users\hp\OneDrive - bdu.edu.et(Bahir Dar)\Internship\Ethiopia Ecommerce\ecommerce-backend\src\controllers\paymentController.js:1187:32)

    [0m [90m 1347 |[39m   } [36mcatch[39m (error) {
     [90m 1348 |[39m     [36mawait[39m transaction[33m.[39mrollback()[33m;[39m
    [31m[1m>[22m[39m[90m 1349 |[39m     console[33m.[39merror([32m'Admin payment verification error:'[39m[33m,[39m error)[33m;[39m
     [90m      |[39m             [31m[1m^[22m[39m
     [90m 1350 |[39m     
     [90m 1351 |[39m     res[33m.[39mstatus([35m500[39m)[33m.[39mjson({
     [90m 1352 |[39m       success[33m:[39m [36mfalse[39m[33m,[39m[0m

      at error (C:\Users\hp\OneDrive - bdu.edu.et(Bahir Dar)../../../../../../Internship/Ethiopia Ecommerce/ecommerce-backend/src/controllers/paymentController.js:1349:13)

::ffff:127.0.0.1 - - [26/Feb/2026:18:56:40 +0000] "POST /api/payments/admin/verify/SIGNATURE-FAIL-1772132199831-xwlfgi HTTP/1.1" 500 123 "-" "-"
  console.log
      - Response Status: 500

      at Object.log (C:\Users\hp\OneDrive - bdu.edu.et(Bahir Dar)../../../../../../Internship/Ethiopia Ecommerce/ecommerce-backend/test/integration/admin-manual-verification-after-callback-failure.integration.test.js:321:15)

  console.log
    
    Γ£ô Scenario 3: Initial State - Already Verified

      at Object.log (C:\Users\hp\OneDrive - bdu.edu.et(Bahir Dar)../../../../../../Internship/Ethiopia Ecommerce/ecommerce-backend/test/integration/admin-manual-verification-after-callback-failure.integration.test.js:394:15)

  console.log
      - Payment ID: 58

      at Object.log (C:\Users\hp\OneDrive - bdu.edu.et(Bahir Dar)../../../../../../Internship/Ethiopia Ecommerce/ecommerce-backend/test/integration/admin-manual-verification-after-callback-failure.integration.test.js:395:15)

  console.log
      - Status: success

      at Object.log (C:\Users\hp\OneDrive - bdu.edu.et(Bahir Dar)../../../../../../Internship/Ethiopia Ecommerce/ecommerce-backend/test/integration/admin-manual-verification-after-callback-failure.integration.test.js:396:15)

  console.log
      - Amount: ETB 3100.00

      at Object.log (C:\Users\hp\OneDrive - bdu.edu.et(Bahir Dar)../../../../../../Internship/Ethiopia Ecommerce/ecommerce-backend/test/integration/admin-manual-verification-after-callback-failure.integration.test.js:397:15)

  console.log
      - Chapa Reference: VERIFIED-1772132200366-y42xwu

      at Object.log (C:\Users\hp\OneDrive - bdu.edu.et(Bahir Dar)../../../../../../Internship/Ethiopia Ecommerce/ecommerce-backend/test/integration/admin-manual-verification-after-callback-failure.integration.test.js:398:15)

  console.log
      - Paid At: Thu Feb 26 2026 21:56:40 GMT+0300 (East Africa Time)

      at Object.log (C:\Users\hp\OneDrive - bdu.edu.et(Bahir Dar)../../../../../../Internship/Ethiopia Ecommerce/ecommerce-backend/test/integration/admin-manual-verification-after-callback-failure.integration.test.js:399:15)

  console.log
    
    Γ£ô Scenario 3: Admin Verifies Already-Verified Transaction

      at Object.log (C:\Users\hp\OneDrive - bdu.edu.et(Bahir Dar)../../../../../../Internship/Ethiopia Ecommerce/ecommerce-backend/test/integration/admin-manual-verification-after-callback-failure.integration.test.js:403:15)

  console.log
      - Admin: admin-verify-admin@test.com

      at Object.log (C:\Users\hp\OneDrive - bdu.edu.et(Bahir Dar)../../../../../../Internship/Ethiopia Ecommerce/ecommerce-backend/test/integration/admin-manual-verification-after-callback-failure.integration.test.js:404:15)

  console.log
      - Action: POST /api/payments/admin/verify/VERIFIED-1772132200366-y42xwu

      at Object.log (C:\Users\hp\OneDrive - bdu.edu.et(Bahir Dar)../../../../../../Internship/Ethiopia Ecommerce/ecommerce-backend/test/integration/admin-manual-verification-after-callback-failure.integration.test.js:405:15)

  console.log
      - Expected: Graceful handling (no duplicate processing)

      at Object.log (C:\Users\hp\OneDrive - bdu.edu.et(Bahir Dar)../../../../../../Internship/Ethiopia Ecommerce/ecommerce-backend/test/integration/admin-manual-verification-after-callback-failure.integration.test.js:406:15)

  console.log
    === PAYMENT VERIFICATION REQUEST ===

      at Object.log [as verifyPayment] (C:\Users\hp\OneDrive - bdu.edu.et(Bahir Dar)../../../../../../Internship/Ethiopia Ecommerce/ecommerce-backend/src/services/chapaService.js:502:13)

  console.log
    Request Details: {
      "reference": "VERIFIED-1772132200366-y42xwu",
      "request_url": "https://api.chapa.co/v1/transaction/verify/VERIFIED-1772132200366-y42xwu",
      "request_method": "GET",
      "timestamp": "2026-02-26T18:56:40.401Z",
      "environment": "test"
    }

      at Object.log [as verifyPayment] (C:\Users\hp\OneDrive - bdu.edu.et(Bahir Dar)../../../../../../Internship/Ethiopia Ecommerce/ecommerce-backend/src/services/chapaService.js:503:13)

  console.log
    ====================================

      at Object.log [as verifyPayment] (C:\Users\hp\OneDrive - bdu.edu.et(Bahir Dar)../../../../../../Internship/Ethiopia Ecommerce/ecommerce-backend/src/services/chapaService.js:504:13)

  console.log
    Non-retryable error on attempt 1: Request failed with status code 401

      at log (C:\Users\hp\OneDrive - bdu.edu.et(Bahir Dar)../../../../../../Internship/Ethiopia Ecommerce/ecommerce-backend/src/services/chapaService.js:118:17)

  console.error
    === CHAPA API ERROR - Payment Verification ===

    [0m [90m 648 |[39m
     [90m 649 |[39m     [90m// Log comprehensive error details[39m
    [31m[1m>[22m[39m[90m 650 |[39m     console[33m.[39merror([32m'=== CHAPA API ERROR - Payment Verification ==='[39m)[33m;[39m
     [90m     |[39m             [31m[1m^[22m[39m
     [90m 651 |[39m     console[33m.[39merror([32m'Error Details:'[39m[33m,[39m [33mJSON[39m[33m.[39mstringify(errorLogData[33m,[39m [36mnull[39m[33m,[39m [35m2[39m))[33m;[39m
     [90m 652 |[39m     
     [90m 653 |[39m     [90m// Log specific error categories for easier debugging[39m[0m

      at Object.error [as verifyPayment] (C:\Users\hp\OneDrive - bdu.edu.et(Bahir Dar)../../../../../../Internship/Ethiopia Ecommerce/ecommerce-backend/src/services/chapaService.js:650:13)
      at adminVerifyPayment (C:\Users\hp\OneDrive - bdu.edu.et(Bahir Dar)../../../../../../Internship/Ethiopia Ecommerce/ecommerce-backend/src/controllers/paymentController.js:1187:32)

  console.error
    Error Details: {
      "reference": "VERIFIED-1772132200366-y42xwu",
      "errorMessage": "Request failed with status code 401",
      "errorType": "AxiosError",
      "errorCode": "ERR_BAD_REQUEST",
      "errorStatus": 401,
      "errorStatusText": "Unauthorized",
      "errorData": {
        "message": "Invalid transaction reference",
        "status": "failed",
        "data": null
      },
      "errorHeaders": {
        "content-type": "application/json"
      },
      "requestUrl": "https://api.chapa.co/v1/transaction/verify/VERIFIED-1772132200366-y42xwu",
      "requestMethod": "GET",
      "requestTimeout": 30000,
      "isRetryableError": false,
      "circuitBreakerState": "CLOSED",
      "timestamp": "2026-02-26T18:56:40.813Z",
      "environment": "test"
    }

    [0m [90m 649 |[39m     [90m// Log comprehensive error details[39m
     [90m 650 |[39m     console[33m.[39merror([32m'=== CHAPA API ERROR - Payment Verification ==='[39m)[33m;[39m
    [31m[1m>[22m[39m[90m 651 |[39m     console[33m.[39merror([32m'Error Details:'[39m[33m,[39m [33mJSON[39m[33m.[39mstringify(errorLogData[33m,[39m [36mnull[39m[33m,[39m [35m2[39m))[33m;[39m
     [90m     |[39m             [31m[1m^[22m[39m
     [90m 652 |[39m     
     [90m 653 |[39m     [90m// Log specific error categories for easier debugging[39m
     [90m 654 |[39m     [36mif[39m (error[33m.[39mcode [33m===[39m [32m'ECONNREFUSED'[39m) {[0m

      at Object.error [as verifyPayment] (C:\Users\hp\OneDrive - bdu.edu.et(Bahir Dar)../../../../../../Internship/Ethiopia Ecommerce/ecommerce-backend/src/services/chapaService.js:651:13)
      at adminVerifyPayment (C:\Users\hp\OneDrive - bdu.edu.et(Bahir Dar)../../../../../../Internship/Ethiopia Ecommerce/ecommerce-backend/src/controllers/paymentController.js:1187:32)

  console.error
    Authentication Error: Invalid or missing Chapa API secret key. Verify CHAPA_SECRET_KEY in environment.

    [0m [90m 657 |[39m       console[33m.[39merror([32m'Timeout Error: Chapa API request timed out. The server may be slow or unresponsive.'[39m)[33m;[39m
     [90m 658 |[39m     } [36melse[39m [36mif[39m (error[33m.[39mresponse[33m?[39m[33m.[39mstatus [33m===[39m [35m401[39m) {
    [31m[1m>[22m[39m[90m 659 |[39m       console[33m.[39merror([32m'Authentication Error: Invalid or missing Chapa API secret key. Verify CHAPA_SECRET_KEY in environment.'[39m)[33m;[39m
     [90m     |[39m               [31m[1m^[22m[39m
     [90m 660 |[39m     } [36melse[39m [36mif[39m (error[33m.[39mresponse[33m?[39m[33m.[39mstatus [33m===[39m [35m404[39m) {
     [90m 661 |[39m       console[33m.[39merror([32m'Not Found Error: Transaction reference not found in Chapa system. Verify the reference is correct.'[39m)[33m;[39m
     [90m 662 |[39m     } [36melse[39m [36mif[39m (error[33m.[39mresponse[33m?[39m[33m.[39mstatus [33m===[39m [35m429[39m) {[0m

      at Object.error [as verifyPayment] (C:\Users\hp\OneDrive - bdu.edu.et(Bahir Dar)../../../../../../Internship/Ethiopia Ecommerce/ecommerce-backend/src/services/chapaService.js:659:15)
      at adminVerifyPayment (C:\Users\hp\OneDrive - bdu.edu.et(Bahir Dar)../../../../../../Internship/Ethiopia Ecommerce/ecommerce-backend/src/controllers/paymentController.js:1187:32)

  console.error
    === END CHAPA API ERROR ===

    [0m [90m 666 |[39m     }
     [90m 667 |[39m     
    [31m[1m>[22m[39m[90m 668 |[39m     console[33m.[39merror([32m'=== END CHAPA API ERROR ==='[39m)[33m;[39m
     [90m     |[39m             [31m[1m^[22m[39m
     [90m 669 |[39m
     [90m 670 |[39m     console[33m.[39merror([32m'Chapa payment verification error:'[39m[33m,[39m error[33m.[39mresponse[33m?[39m[33m.[39mdata [33m||[39m error[33m.[39mmessage)[33m;[39m
     [90m 671 |[39m     [36mthrow[39m [36mnew[39m [33mError[39m([32m`Payment verification failed: ${error.response?.data?.message || error.message}`[39m)[33m;[39m[0m

      at Object.error [as verifyPayment] (C:\Users\hp\OneDrive - bdu.edu.et(Bahir Dar)../../../../../../Internship/Ethiopia Ecommerce/ecommerce-backend/src/services/chapaService.js:668:13)
      at adminVerifyPayment (C:\Users\hp\OneDrive - bdu.edu.et(Bahir Dar)../../../../../../Internship/Ethiopia Ecommerce/ecommerce-backend/src/controllers/paymentController.js:1187:32)

  console.error
    Chapa payment verification error: {
      message: 'Invalid transaction reference',
      status: 'failed',
      data: null
    }

    [0m [90m 668 |[39m     console[33m.[39merror([32m'=== END CHAPA API ERROR ==='[39m)[33m;[39m
     [90m 669 |[39m
    [31m[1m>[22m[39m[90m 670 |[39m     console[33m.[39merror([32m'Chapa payment verification error:'[39m[33m,[39m error[33m.[39mresponse[33m?[39m[33m.[39mdata [33m||[39m error[33m.[39mmessage)[33m;[39m
     [90m     |[39m             [31m[1m^[22m[39m
     [90m 671 |[39m     [36mthrow[39m [36mnew[39m [33mError[39m([32m`Payment verification failed: ${error.response?.data?.message || error.message}`[39m)[33m;[39m
     [90m 672 |[39m   }
     [90m 673 |[39m }[0m

      at Object.error [as verifyPayment] (C:\Users\hp\OneDrive - bdu.edu.et(Bahir Dar)../../../../../../Internship/Ethiopia Ecommerce/ecommerce-backend/src/services/chapaService.js:670:13)
      at adminVerifyPayment (C:\Users\hp\OneDrive - bdu.edu.et(Bahir Dar)../../../../../../Internship/Ethiopia Ecommerce/ecommerce-backend/src/controllers/paymentController.js:1187:32)

  console.error
    Admin payment verification error: Error: Payment verification failed: Invalid transaction reference
        at Object.verifyPayment (C:\Users\hp\OneDrive - bdu.edu.et(Bahir Dar)\Internship\Ethiopia Ecommerce\ecommerce-backend\src\services\chapaService.js:671:11)
        at processTicksAndRejections (node:internal/process/task_queues:105:5)
        at adminVerifyPayment (C:\Users\hp\OneDrive - bdu.edu.et(Bahir Dar)\Internship\Ethiopia Ecommerce\ecommerce-backend\src\controllers\paymentController.js:1187:32)

    [0m [90m 1347 |[39m   } [36mcatch[39m (error) {
     [90m 1348 |[39m     [36mawait[39m transaction[33m.[39mrollback()[33m;[39m
    [31m[1m>[22m[39m[90m 1349 |[39m     console[33m.[39merror([32m'Admin payment verification error:'[39m[33m,[39m error)[33m;[39m
     [90m      |[39m             [31m[1m^[22m[39m
     [90m 1350 |[39m     
     [90m 1351 |[39m     res[33m.[39mstatus([35m500[39m)[33m.[39mjson({
     [90m 1352 |[39m       success[33m:[39m [36mfalse[39m[33m,[39m[0m

      at error (C:\Users\hp\OneDrive - bdu.edu.et(Bahir Dar)../../../../../../Internship/Ethiopia Ecommerce/ecommerce-backend/src/controllers/paymentController.js:1349:13)

::ffff:127.0.0.1 - - [26/Feb/2026:18:56:40 +0000] "POST /api/payments/admin/verify/VERIFIED-1772132200366-y42xwu HTTP/1.1" 500 123 "-" "-"
  console.log
      - Response Status: 500

      at Object.log (C:\Users\hp\OneDrive - bdu.edu.et(Bahir Dar)../../../../../../Internship/Ethiopia Ecommerce/ecommerce-backend/test/integration/admin-manual-verification-after-callback-failure.integration.test.js:412:15)

  console.log
      - Response: {
      "success": false,
      "message": "Failed to verify payment",
      "error": "Payment verification failed: Invalid transaction reference"
    }

      at Object.log (C:\Users\hp\OneDrive - bdu.edu.et(Bahir Dar)../../../../../../Internship/Ethiopia Ecommerce/ecommerce-backend/test/integration/admin-manual-verification-after-callback-failure.integration.test.js:413:15)

  console.log
    
    Γ£ô Scenario 3: Payment Status After Re-Verification

      at Object.log (C:\Users\hp\OneDrive - bdu.edu.et(Bahir Dar)../../../../../../Internship/Ethiopia Ecommerce/ecommerce-backend/test/integration/admin-manual-verification-after-callback-failure.integration.test.js:423:15)

  console.log
      - Payment ID: 58

      at Object.log (C:\Users\hp\OneDrive - bdu.edu.et(Bahir Dar)../../../../../../Internship/Ethiopia Ecommerce/ecommerce-backend/test/integration/admin-manual-verification-after-callback-failure.integration.test.js:424:15)

  console.log
      - Status: success (unchanged)

      at Object.log (C:\Users\hp\OneDrive - bdu.edu.et(Bahir Dar)../../../../../../Internship/Ethiopia Ecommerce/ecommerce-backend/test/integration/admin-manual-verification-after-callback-failure.integration.test.js:425:15)

  console.log
      - Paid At: Thu Feb 26 2026 21:56:40 GMT+0300 (East Africa Time)

      at Object.log (C:\Users\hp\OneDrive - bdu.edu.et(Bahir Dar)../../../../../../Internship/Ethiopia Ecommerce/ecommerce-backend/test/integration/admin-manual-verification-after-callback-failure.integration.test.js:426:15)

  console.log
    
    Γ£ô Scenario 4: Admin Verifies Non-Existent Transaction

      at Object.log (C:\Users\hp\OneDrive - bdu.edu.et(Bahir Dar)../../../../../../Internship/Ethiopia Ecommerce/ecommerce-backend/test/integration/admin-manual-verification-after-callback-failure.integration.test.js:437:15)

  console.log
      - Admin: admin-verify-admin@test.com

      at Object.log (C:\Users\hp\OneDrive - bdu.edu.et(Bahir Dar)../../../../../../Internship/Ethiopia Ecommerce/ecommerce-backend/test/integration/admin-manual-verification-after-callback-failure.integration.test.js:438:15)

  console.log
      - Action: POST /api/payments/admin/verify/NONEXISTENT-1772132196619-vcnb9nf

      at Object.log (C:\Users\hp\OneDrive - bdu.edu.et(Bahir Dar)../../../../../../Internship/Ethiopia Ecommerce/ecommerce-backend/test/integration/admin-manual-verification-after-callback-failure.integration.test.js:439:15)

  console.log
      - Expected: 404 Not Found error

      at Object.log (C:\Users\hp\OneDrive - bdu.edu.et(Bahir Dar)../../../../../../Internship/Ethiopia Ecommerce/ecommerce-backend/test/integration/admin-manual-verification-after-callback-failure.integration.test.js:440:15)

::ffff:127.0.0.1 - - [26/Feb/2026:18:56:40 +0000] "POST /api/payments/admin/verify/NONEXISTENT-1772132196619-vcnb9nf HTTP/1.1" 404 47 "-" "-"
  console.log
      - Response Status: 404

      at Object.log (C:\Users\hp\OneDrive - bdu.edu.et(Bahir Dar)../../../../../../Internship/Ethiopia Ecommerce/ecommerce-backend/test/integration/admin-manual-verification-after-callback-failure.integration.test.js:446:15)

  console.log
      - Response: {
      "success": false,
      "message": "Payment not found"
    }

      at Object.log (C:\Users\hp\OneDrive - bdu.edu.et(Bahir Dar)../../../../../../Internship/Ethiopia Ecommerce/ecommerce-backend/test/integration/admin-manual-verification-after-callback-failure.integration.test.js:447:15)

::ffff:127.0.0.1 - - [26/Feb/2026:18:56:40 +0000] "POST /api/payments/admin/verify/NONEXISTENT-1772132196619-vcnb9nf HTTP/1.1" 404 47 "-" "-"
  console.log
    
    Γ£ô Scenario 4: Error Message Clarity

      at Object.log (C:\Users\hp\OneDrive - bdu.edu.et(Bahir Dar)../../../../../../Internship/Ethiopia Ecommerce/ecommerce-backend/test/integration/admin-manual-verification-after-callback-failure.integration.test.js:459:15)

  console.log
      - Status: 404

      at Object.log (C:\Users\hp\OneDrive - bdu.edu.et(Bahir Dar)../../../../../../Internship/Ethiopia Ecommerce/ecommerce-backend/test/integration/admin-manual-verification-after-callback-failure.integration.test.js:460:15)

  console.log
      - Message: Payment not found

      at Object.log (C:\Users\hp\OneDrive - bdu.edu.et(Bahir Dar)../../../../../../Internship/Ethiopia Ecommerce/ecommerce-backend/test/integration/admin-manual-verification-after-callback-failure.integration.test.js:461:15)

  console.log
      - Success: false

      at Object.log (C:\Users\hp\OneDrive - bdu.edu.et(Bahir Dar)../../../../../../Internship/Ethiopia Ecommerce/ecommerce-backend/test/integration/admin-manual-verification-after-callback-failure.integration.test.js:462:15)

  console.log
    
    Γ£ô Scenario 5: Audit Logging - Manual Verification

      at Object.log (C:\Users\hp\OneDrive - bdu.edu.et(Bahir Dar)../../../../../../Internship/Ethiopia Ecommerce/ecommerce-backend/test/integration/admin-manual-verification-after-callback-failure.integration.test.js:529:15)

  console.log
      - Admin: admin-verify-admin@test.com

      at Object.log (C:\Users\hp\OneDrive - bdu.edu.et(Bahir Dar)../../../../../../Internship/Ethiopia Ecommerce/ecommerce-backend/test/integration/admin-manual-verification-after-callback-failure.integration.test.js:530:15)

  console.log
      - Admin ID: 522

      at Object.log (C:\Users\hp\OneDrive - bdu.edu.et(Bahir Dar)../../../../../../Internship/Ethiopia Ecommerce/ecommerce-backend/test/integration/admin-manual-verification-after-callback-failure.integration.test.js:531:15)

  console.log
      - Action: POST /api/payments/admin/verify/AUDIT-TEST-1772132200949-fn57v

      at Object.log (C:\Users\hp\OneDrive - bdu.edu.et(Bahir Dar)../../../../../../Internship/Ethiopia Ecommerce/ecommerce-backend/test/integration/admin-manual-verification-after-callback-failure.integration.test.js:532:15)

  console.log
      - Timestamp: 2026-02-26T18:56:40.960Z

      at Object.log (C:\Users\hp\OneDrive - bdu.edu.et(Bahir Dar)../../../../../../Internship/Ethiopia Ecommerce/ecommerce-backend/test/integration/admin-manual-verification-after-callback-failure.integration.test.js:533:15)

  console.log
    === PAYMENT VERIFICATION REQUEST ===

      at Object.log [as verifyPayment] (C:\Users\hp\OneDrive - bdu.edu.et(Bahir Dar)../../../../../../Internship/Ethiopia Ecommerce/ecommerce-backend/src/services/chapaService.js:502:13)

  console.log
    Request Details: {
      "reference": "AUDIT-TEST-1772132200949-fn57v",
      "request_url": "https://api.chapa.co/v1/transaction/verify/AUDIT-TEST-1772132200949-fn57v",
      "request_method": "GET",
      "timestamp": "2026-02-26T18:56:40.977Z",
      "environment": "test"
    }

      at Object.log [as verifyPayment] (C:\Users\hp\OneDrive - bdu.edu.et(Bahir Dar)../../../../../../Internship/Ethiopia Ecommerce/ecommerce-backend/src/services/chapaService.js:503:13)

  console.log
    ====================================

      at Object.log [as verifyPayment] (C:\Users\hp\OneDrive - bdu.edu.et(Bahir Dar)../../../../../../Internship/Ethiopia Ecommerce/ecommerce-backend/src/services/chapaService.js:504:13)

  console.log
    Non-retryable error on attempt 1: Request failed with status code 401

      at log (C:\Users\hp\OneDrive - bdu.edu.et(Bahir Dar)../../../../../../Internship/Ethiopia Ecommerce/ecommerce-backend/src/services/chapaService.js:118:17)

  console.error
    === CHAPA API ERROR - Payment Verification ===

    [0m [90m 648 |[39m
     [90m 649 |[39m     [90m// Log comprehensive error details[39m
    [31m[1m>[22m[39m[90m 650 |[39m     console[33m.[39merror([32m'=== CHAPA API ERROR - Payment Verification ==='[39m)[33m;[39m
     [90m     |[39m             [31m[1m^[22m[39m
     [90m 651 |[39m     console[33m.[39merror([32m'Error Details:'[39m[33m,[39m [33mJSON[39m[33m.[39mstringify(errorLogData[33m,[39m [36mnull[39m[33m,[39m [35m2[39m))[33m;[39m
     [90m 652 |[39m     
     [90m 653 |[39m     [90m// Log specific error categories for easier debugging[39m[0m

      at Object.error [as verifyPayment] (C:\Users\hp\OneDrive - bdu.edu.et(Bahir Dar)../../../../../../Internship/Ethiopia Ecommerce/ecommerce-backend/src/services/chapaService.js:650:13)
      at adminVerifyPayment (C:\Users\hp\OneDrive - bdu.edu.et(Bahir Dar)../../../../../../Internship/Ethiopia Ecommerce/ecommerce-backend/src/controllers/paymentController.js:1187:32)

  console.error
    Error Details: {
      "reference": "AUDIT-TEST-1772132200949-fn57v",
      "errorMessage": "Request failed with status code 401",
      "errorType": "AxiosError",
      "errorCode": "ERR_BAD_REQUEST",
      "errorStatus": 401,
      "errorStatusText": "Unauthorized",
      "errorData": {
        "message": "Invalid transaction reference",
        "status": "failed",
        "data": null
      },
      "errorHeaders": {
        "content-type": "application/json"
      },
      "requestUrl": "https://api.chapa.co/v1/transaction/verify/AUDIT-TEST-1772132200949-fn57v",
      "requestMethod": "GET",
      "requestTimeout": 30000,
      "isRetryableError": false,
      "circuitBreakerState": "CLOSED",
      "timestamp": "2026-02-26T18:56:41.378Z",
      "environment": "test"
    }

    [0m [90m 649 |[39m     [90m// Log comprehensive error details[39m
     [90m 650 |[39m     console[33m.[39merror([32m'=== CHAPA API ERROR - Payment Verification ==='[39m)[33m;[39m
    [31m[1m>[22m[39m[90m 651 |[39m     console[33m.[39merror([32m'Error Details:'[39m[33m,[39m [33mJSON[39m[33m.[39mstringify(errorLogData[33m,[39m [36mnull[39m[33m,[39m [35m2[39m))[33m;[39m
     [90m     |[39m             [31m[1m^[22m[39m
     [90m 652 |[39m     
     [90m 653 |[39m     [90m// Log specific error categories for easier debugging[39m
     [90m 654 |[39m     [36mif[39m (error[33m.[39mcode [33m===[39m [32m'ECONNREFUSED'[39m) {[0m

      at Object.error [as verifyPayment] (C:\Users\hp\OneDrive - bdu.edu.et(Bahir Dar)../../../../../../Internship/Ethiopia Ecommerce/ecommerce-backend/src/services/chapaService.js:651:13)
      at adminVerifyPayment (C:\Users\hp\OneDrive - bdu.edu.et(Bahir Dar)../../../../../../Internship/Ethiopia Ecommerce/ecommerce-backend/src/controllers/paymentController.js:1187:32)

  console.error
    Authentication Error: Invalid or missing Chapa API secret key. Verify CHAPA_SECRET_KEY in environment.

    [0m [90m 657 |[39m       console[33m.[39merror([32m'Timeout Error: Chapa API request timed out. The server may be slow or unresponsive.'[39m)[33m;[39m
     [90m 658 |[39m     } [36melse[39m [36mif[39m (error[33m.[39mresponse[33m?[39m[33m.[39mstatus [33m===[39m [35m401[39m) {
    [31m[1m>[22m[39m[90m 659 |[39m       console[33m.[39merror([32m'Authentication Error: Invalid or missing Chapa API secret key. Verify CHAPA_SECRET_KEY in environment.'[39m)[33m;[39m
     [90m     |[39m               [31m[1m^[22m[39m
     [90m 660 |[39m     } [36melse[39m [36mif[39m (error[33m.[39mresponse[33m?[39m[33m.[39mstatus [33m===[39m [35m404[39m) {
     [90m 661 |[39m       console[33m.[39merror([32m'Not Found Error: Transaction reference not found in Chapa system. Verify the reference is correct.'[39m)[33m;[39m
     [90m 662 |[39m     } [36melse[39m [36mif[39m (error[33m.[39mresponse[33m?[39m[33m.[39mstatus [33m===[39m [35m429[39m) {[0m

      at Object.error [as verifyPayment] (C:\Users\hp\OneDrive - bdu.edu.et(Bahir Dar)../../../../../../Internship/Ethiopia Ecommerce/ecommerce-backend/src/services/chapaService.js:659:15)
      at adminVerifyPayment (C:\Users\hp\OneDrive - bdu.edu.et(Bahir Dar)../../../../../../Internship/Ethiopia Ecommerce/ecommerce-backend/src/controllers/paymentController.js:1187:32)

  console.error
    === END CHAPA API ERROR ===

    [0m [90m 666 |[39m     }
     [90m 667 |[39m     
    [31m[1m>[22m[39m[90m 668 |[39m     console[33m.[39merror([32m'=== END CHAPA API ERROR ==='[39m)[33m;[39m
     [90m     |[39m             [31m[1m^[22m[39m
     [90m 669 |[39m
     [90m 670 |[39m     console[33m.[39merror([32m'Chapa payment verification error:'[39m[33m,[39m error[33m.[39mresponse[33m?[39m[33m.[39mdata [33m||[39m error[33m.[39mmessage)[33m;[39m
     [90m 671 |[39m     [36mthrow[39m [36mnew[39m [33mError[39m([32m`Payment verification failed: ${error.response?.data?.message || error.message}`[39m)[33m;[39m[0m

      at Object.error [as verifyPayment] (C:\Users\hp\OneDrive - bdu.edu.et(Bahir Dar)../../../../../../Internship/Ethiopia Ecommerce/ecommerce-backend/src/services/chapaService.js:668:13)
      at adminVerifyPayment (C:\Users\hp\OneDrive - bdu.edu.et(Bahir Dar)../../../../../../Internship/Ethiopia Ecommerce/ecommerce-backend/src/controllers/paymentController.js:1187:32)

  console.error
    Chapa payment verification error: {
      message: 'Invalid transaction reference',
      status: 'failed',
      data: null
    }

    [0m [90m 668 |[39m     console[33m.[39merror([32m'=== END CHAPA API ERROR ==='[39m)[33m;[39m
     [90m 669 |[39m
    [31m[1m>[22m[39m[90m 670 |[39m     console[33m.[39merror([32m'Chapa payment verification error:'[39m[33m,[39m error[33m.[39mresponse[33m?[39m[33m.[39mdata [33m||[39m error[33m.[39mmessage)[33m;[39m
     [90m     |[39m             [31m[1m^[22m[39m
     [90m 671 |[39m     [36mthrow[39m [36mnew[39m [33mError[39m([32m`Payment verification failed: ${error.response?.data?.message || error.message}`[39m)[33m;[39m
     [90m 672 |[39m   }
     [90m 673 |[39m }[0m

      at Object.error [as verifyPayment] (C:\Users\hp\OneDrive - bdu.edu.et(Bahir Dar)../../../../../../Internship/Ethiopia Ecommerce/ecommerce-backend/src/services/chapaService.js:670:13)
      at adminVerifyPayment (C:\Users\hp\OneDrive - bdu.edu.et(Bahir Dar)../../../../../../Internship/Ethiopia Ecommerce/ecommerce-backend/src/controllers/paymentController.js:1187:32)

  console.error
    Admin payment verification error: Error: Payment verification failed: Invalid transaction reference
        at Object.verifyPayment (C:\Users\hp\OneDrive - bdu.edu.et(Bahir Dar)\Internship\Ethiopia Ecommerce\ecommerce-backend\src\services\chapaService.js:671:11)
        at processTicksAndRejections (node:internal/process/task_queues:105:5)
        at adminVerifyPayment (C:\Users\hp\OneDrive - bdu.edu.et(Bahir Dar)\Internship\Ethiopia Ecommerce\ecommerce-backend\src\controllers\paymentController.js:1187:32)

    [0m [90m 1347 |[39m   } [36mcatch[39m (error) {
     [90m 1348 |[39m     [36mawait[39m transaction[33m.[39mrollback()[33m;[39m
    [31m[1m>[22m[39m[90m 1349 |[39m     console[33m.[39merror([32m'Admin payment verification error:'[39m[33m,[39m error)[33m;[39m
     [90m      |[39m             [31m[1m^[22m[39m
     [90m 1350 |[39m     
     [90m 1351 |[39m     res[33m.[39mstatus([35m500[39m)[33m.[39mjson({
     [90m 1352 |[39m       success[33m:[39m [36mfalse[39m[33m,[39m[0m

      at error (C:\Users\hp\OneDrive - bdu.edu.et(Bahir Dar)../../../../../../Internship/Ethiopia Ecommerce/ecommerce-backend/src/controllers/paymentController.js:1349:13)

::ffff:127.0.0.1 - - [26/Feb/2026:18:56:41 +0000] "POST /api/payments/admin/verify/AUDIT-TEST-1772132200949-fn57v HTTP/1.1" 500 123 "-" "-"
  console.log
      - Response Status: 500

      at Object.log (C:\Users\hp\OneDrive - bdu.edu.et(Bahir Dar)../../../../../../Internship/Ethiopia Ecommerce/ecommerce-backend/test/integration/admin-manual-verification-after-callback-failure.integration.test.js:539:15)

  console.log
      - Note: Verification attempt logged for audit purposes

      at Object.log (C:\Users\hp\OneDrive - bdu.edu.et(Bahir Dar)../../../../../../Internship/Ethiopia Ecommerce/ecommerce-backend/test/integration/admin-manual-verification-after-callback-failure.integration.test.js:540:15)

  console.log
    
    Γ£ô Scenario 5: Audit Log Verification

      at Object.log (C:\Users\hp\OneDrive - bdu.edu.et(Bahir Dar)../../../../../../Internship/Ethiopia Ecommerce/ecommerce-backend/test/integration/admin-manual-verification-after-callback-failure.integration.test.js:551:15)

  console.log
      - Payment ID: 59

      at Object.log (C:\Users\hp\OneDrive - bdu.edu.et(Bahir Dar)../../../../../../Internship/Ethiopia Ecommerce/ecommerce-backend/test/integration/admin-manual-verification-after-callback-failure.integration.test.js:552:15)

  console.log
      - Chapa Reference: AUDIT-TEST-1772132200949-fn57v

      at Object.log (C:\Users\hp\OneDrive - bdu.edu.et(Bahir Dar)../../../../../../Internship/Ethiopia Ecommerce/ecommerce-backend/test/integration/admin-manual-verification-after-callback-failure.integration.test.js:553:15)

  console.log
      - Updated At: Thu Feb 26 2026 21:56:40 GMT+0300 (East Africa Time)

      at Object.log (C:\Users\hp\OneDrive - bdu.edu.et(Bahir Dar)../../../../../../Internship/Ethiopia Ecommerce/ecommerce-backend/test/integration/admin-manual-verification-after-callback-failure.integration.test.js:554:15)

  console.log
      - Note: Audit logs should contain:

      at Object.log (C:\Users\hp\OneDrive - bdu.edu.et(Bahir Dar)../../../../../../Internship/Ethiopia Ecommerce/ecommerce-backend/test/integration/admin-manual-verification-after-callback-failure.integration.test.js:555:15)

  console.log
        ΓÇó Admin user ID: 522

      at Object.log (C:\Users\hp\OneDrive - bdu.edu.et(Bahir Dar)../../../../../../Internship/Ethiopia Ecommerce/ecommerce-backend/test/integration/admin-manual-verification-after-callback-failure.integration.test.js:556:15)

  console.log
        ΓÇó Admin email: admin-verify-admin@test.com

      at Object.log (C:\Users\hp\OneDrive - bdu.edu.et(Bahir Dar)../../../../../../Internship/Ethiopia Ecommerce/ecommerce-backend/test/integration/admin-manual-verification-after-callback-failure.integration.test.js:557:15)

  console.log
        ΓÇó Verification timestamp

      at Object.log (C:\Users\hp\OneDrive - bdu.edu.et(Bahir Dar)../../../../../../Internship/Ethiopia Ecommerce/ecommerce-backend/test/integration/admin-manual-verification-after-callback-failure.integration.test.js:558:15)

  console.log
        ΓÇó Transaction reference: AUDIT-TEST-1772132200949-fn57v

      at Object.log (C:\Users\hp\OneDrive - bdu.edu.et(Bahir Dar)../../../../../../Internship/Ethiopia Ecommerce/ecommerce-backend/test/integration/admin-manual-verification-after-callback-failure.integration.test.js:559:15)

  console.log
        ΓÇó Verification result

      at Object.log (C:\Users\hp\OneDrive - bdu.edu.et(Bahir Dar)../../../../../../Internship/Ethiopia Ecommerce/ecommerce-backend/test/integration/admin-manual-verification-after-callback-failure.integration.test.js:560:15)

  console.log
    
    ========================================

      at Object.log (C:\Users\hp\OneDrive - bdu.edu.et(Bahir Dar)../../../../../../Internship/Ethiopia Ecommerce/ecommerce-backend/test/integration/admin-manual-verification-after-callback-failure.integration.test.js:569:15)

  console.log
    ADMIN MANUAL VERIFICATION SUMMARY

      at Object.log (C:\Users\hp\OneDrive - bdu.edu.et(Bahir Dar)../../../../../../Internship/Ethiopia Ecommerce/ecommerce-backend/test/integration/admin-manual-verification-after-callback-failure.integration.test.js:570:15)

  console.log
    ========================================

      at Object.log (C:\Users\hp\OneDrive - bdu.edu.et(Bahir Dar)../../../../../../Internship/Ethiopia Ecommerce/ecommerce-backend/test/integration/admin-manual-verification-after-callback-failure.integration.test.js:571:15)

  console.log
    This integration test validates admin manual verification functionality:

      at Object.log (C:\Users\hp\OneDrive - bdu.edu.et(Bahir Dar)../../../../../../Internship/Ethiopia Ecommerce/ecommerce-backend/test/integration/admin-manual-verification-after-callback-failure.integration.test.js:572:15)

  console.log


      at Object.log (C:\Users\hp\OneDrive - bdu.edu.et(Bahir Dar)../../../../../../Internship/Ethiopia Ecommerce/ecommerce-backend/test/integration/admin-manual-verification-after-callback-failure.integration.test.js:573:15)

  console.log
    Γ£ô Scenario 1: Network Error Recovery

      at Object.log (C:\Users\hp\OneDrive - bdu.edu.et(Bahir Dar)../../../../../../Internship/Ethiopia Ecommerce/ecommerce-backend/test/integration/admin-manual-verification-after-callback-failure.integration.test.js:574:15)

  console.log
      - Callback fails due to network error

      at Object.log (C:\Users\hp\OneDrive - bdu.edu.et(Bahir Dar)../../../../../../Internship/Ethiopia Ecommerce/ecommerce-backend/test/integration/admin-manual-verification-after-callback-failure.integration.test.js:575:15)

  console.log
      - Admin manually verifies transaction

      at Object.log (C:\Users\hp\OneDrive - bdu.edu.et(Bahir Dar)../../../../../../Internship/Ethiopia Ecommerce/ecommerce-backend/test/integration/admin-manual-verification-after-callback-failure.integration.test.js:576:15)

  console.log
      - Payment and order status updated correctly

      at Object.log (C:\Users\hp\OneDrive - bdu.edu.et(Bahir Dar)../../../../../../Internship/Ethiopia Ecommerce/ecommerce-backend/test/integration/admin-manual-verification-after-callback-failure.integration.test.js:577:15)

  console.log
      - Customer can see updated order status

      at Object.log (C:\Users\hp\OneDrive - bdu.edu.et(Bahir Dar)../../../../../../Internship/Ethiopia Ecommerce/ecommerce-backend/test/integration/admin-manual-verification-after-callback-failure.integration.test.js:578:15)

  console.log


      at Object.log (C:\Users\hp\OneDrive - bdu.edu.et(Bahir Dar)../../../../../../Internship/Ethiopia Ecommerce/ecommerce-backend/test/integration/admin-manual-verification-after-callback-failure.integration.test.js:579:15)

  console.log
    Γ£ô Scenario 2: Signature Issue Recovery

      at Object.log (C:\Users\hp\OneDrive - bdu.edu.et(Bahir Dar)../../../../../../Internship/Ethiopia Ecommerce/ecommerce-backend/test/integration/admin-manual-verification-after-callback-failure.integration.test.js:580:15)

  console.log
      - Callback fails due to webhook signature issue

      at Object.log (C:\Users\hp\OneDrive - bdu.edu.et(Bahir Dar)../../../../../../Internship/Ethiopia Ecommerce/ecommerce-backend/test/integration/admin-manual-verification-after-callback-failure.integration.test.js:581:15)

  console.log
      - Admin manually verifies transaction

      at Object.log (C:\Users\hp\OneDrive - bdu.edu.et(Bahir Dar)../../../../../../Internship/Ethiopia Ecommerce/ecommerce-backend/test/integration/admin-manual-verification-after-callback-failure.integration.test.js:582:15)

  console.log
      - Status corrected through direct Chapa verification

      at Object.log (C:\Users\hp\OneDrive - bdu.edu.et(Bahir Dar)../../../../../../Internship/Ethiopia Ecommerce/ecommerce-backend/test/integration/admin-manual-verification-after-callback-failure.integration.test.js:583:15)

  console.log
      - Bypasses signature check for manual verification

      at Object.log (C:\Users\hp\OneDrive - bdu.edu.et(Bahir Dar)../../../../../../Internship/Ethiopia Ecommerce/ecommerce-backend/test/integration/admin-manual-verification-after-callback-failure.integration.test.js:584:15)

  console.log


      at Object.log (C:\Users\hp\OneDrive - bdu.edu.et(Bahir Dar)../../../../../../Internship/Ethiopia Ecommerce/ecommerce-backend/test/integration/admin-manual-verification-after-callback-failure.integration.test.js:585:15)

  console.log
    Γ£ô Scenario 3: Already-Verified Transaction

      at Object.log (C:\Users\hp\OneDrive - bdu.edu.et(Bahir Dar)../../../../../../Internship/Ethiopia Ecommerce/ecommerce-backend/test/integration/admin-manual-verification-after-callback-failure.integration.test.js:586:15)

  console.log
      - Admin attempts to verify already-verified transaction

      at Object.log (C:\Users\hp\OneDrive - bdu.edu.et(Bahir Dar)../../../../../../Internship/Ethiopia Ecommerce/ecommerce-backend/test/integration/admin-manual-verification-after-callback-failure.integration.test.js:587:15)

  console.log
      - System handles gracefully (idempotent operation)

      at Object.log (C:\Users\hp\OneDrive - bdu.edu.et(Bahir Dar)../../../../../../Internship/Ethiopia Ecommerce/ecommerce-backend/test/integration/admin-manual-verification-after-callback-failure.integration.test.js:588:15)

  console.log
      - No duplicate processing or status changes

      at Object.log (C:\Users\hp\OneDrive - bdu.edu.et(Bahir Dar)../../../../../../Internship/Ethiopia Ecommerce/ecommerce-backend/test/integration/admin-manual-verification-after-callback-failure.integration.test.js:589:15)

  console.log
      - Returns appropriate response

      at Object.log (C:\Users\hp\OneDrive - bdu.edu.et(Bahir Dar)../../../../../../Internship/Ethiopia Ecommerce/ecommerce-backend/test/integration/admin-manual-verification-after-callback-failure.integration.test.js:590:15)

  console.log


      at Object.log (C:\Users\hp\OneDrive - bdu.edu.et(Bahir Dar)../../../../../../Internship/Ethiopia Ecommerce/ecommerce-backend/test/integration/admin-manual-verification-after-callback-failure.integration.test.js:591:15)

  console.log
    Γ£ô Scenario 4: Non-Existent Transaction

      at Object.log (C:\Users\hp\OneDrive - bdu.edu.et(Bahir Dar)../../../../../../Internship/Ethiopia Ecommerce/ecommerce-backend/test/integration/admin-manual-verification-after-callback-failure.integration.test.js:592:15)

  console.log
      - Admin attempts to verify non-existent transaction

      at Object.log (C:\Users\hp\OneDrive - bdu.edu.et(Bahir Dar)../../../../../../Internship/Ethiopia Ecommerce/ecommerce-backend/test/integration/admin-manual-verification-after-callback-failure.integration.test.js:593:15)

  console.log
      - System returns 404 Not Found error

      at Object.log (C:\Users\hp\OneDrive - bdu.edu.et(Bahir Dar)../../../../../../Internship/Ethiopia Ecommerce/ecommerce-backend/test/integration/admin-manual-verification-after-callback-failure.integration.test.js:594:15)

  console.log
      - Clear error message provided

      at Object.log (C:\Users\hp\OneDrive - bdu.edu.et(Bahir Dar)../../../../../../Internship/Ethiopia Ecommerce/ecommerce-backend/test/integration/admin-manual-verification-after-callback-failure.integration.test.js:595:15)

  console.log
      - No system errors or crashes

      at Object.log (C:\Users\hp\OneDrive - bdu.edu.et(Bahir Dar)../../../../../../Internship/Ethiopia Ecommerce/ecommerce-backend/test/integration/admin-manual-verification-after-callback-failure.integration.test.js:596:15)

  console.log


      at Object.log (C:\Users\hp\OneDrive - bdu.edu.et(Bahir Dar)../../../../../../Internship/Ethiopia Ecommerce/ecommerce-backend/test/integration/admin-manual-verification-after-callback-failure.integration.test.js:597:15)

  console.log
    Γ£ô Scenario 5: Audit Logging

      at Object.log (C:\Users\hp\OneDrive - bdu.edu.et(Bahir Dar)../../../../../../Internship/Ethiopia Ecommerce/ecommerce-backend/test/integration/admin-manual-verification-after-callback-failure.integration.test.js:598:15)

  console.log
      - Manual verification attempts are logged

      at Object.log (C:\Users\hp\OneDrive - bdu.edu.et(Bahir Dar)../../../../../../Internship/Ethiopia Ecommerce/ecommerce-backend/test/integration/admin-manual-verification-after-callback-failure.integration.test.js:599:15)

  console.log
      - Logs contain admin user information

      at Object.log (C:\Users\hp\OneDrive - bdu.edu.et(Bahir Dar)../../../../../../Internship/Ethiopia Ecommerce/ecommerce-backend/test/integration/admin-manual-verification-after-callback-failure.integration.test.js:600:15)

  console.log
      - Logs contain timestamp and transaction reference

      at Object.log (C:\Users\hp\OneDrive - bdu.edu.et(Bahir Dar)../../../../../../Internship/Ethiopia Ecommerce/ecommerce-backend/test/integration/admin-manual-verification-after-callback-failure.integration.test.js:601:15)

  console.log
      - Provides audit trail for compliance

      at Object.log (C:\Users\hp\OneDrive - bdu.edu.et(Bahir Dar)../../../../../../Internship/Ethiopia Ecommerce/ecommerce-backend/test/integration/admin-manual-verification-after-callback-failure.integration.test.js:602:15)

  console.log


      at Object.log (C:\Users\hp\OneDrive - bdu.edu.et(Bahir Dar)../../../../../../Internship/Ethiopia Ecommerce/ecommerce-backend/test/integration/admin-manual-verification-after-callback-failure.integration.test.js:603:15)

  console.log
    Key Features Validated:

      at Object.log (C:\Users\hp\OneDrive - bdu.edu.et(Bahir Dar)../../../../../../Internship/Ethiopia Ecommerce/ecommerce-backend/test/integration/admin-manual-verification-after-callback-failure.integration.test.js:604:15)

  console.log
    - Admin manual verification endpoint is accessible

      at Object.log (C:\Users\hp\OneDrive - bdu.edu.et(Bahir Dar)../../../../../../Internship/Ethiopia Ecommerce/ecommerce-backend/test/integration/admin-manual-verification-after-callback-failure.integration.test.js:605:15)

  console.log
    - Manual verification correctly updates payment status

      at Object.log (C:\Users\hp\OneDrive - bdu.edu.et(Bahir Dar)../../../../../../Internship/Ethiopia Ecommerce/ecommerce-backend/test/integration/admin-manual-verification-after-callback-failure.integration.test.js:606:15)

  console.log
    - Manual verification correctly updates order status

      at Object.log (C:\Users\hp\OneDrive - bdu.edu.et(Bahir Dar)../../../../../../Internship/Ethiopia Ecommerce/ecommerce-backend/test/integration/admin-manual-verification-after-callback-failure.integration.test.js:607:15)

  console.log
    - Edge cases handled appropriately

      at Object.log (C:\Users\hp\OneDrive - bdu.edu.et(Bahir Dar)../../../../../../Internship/Ethiopia Ecommerce/ecommerce-backend/test/integration/admin-manual-verification-after-callback-failure.integration.test.js:608:15)

  console.log
    - Audit logging works for compliance

      at Object.log (C:\Users\hp\OneDrive - bdu.edu.et(Bahir Dar)../../../../../../Internship/Ethiopia Ecommerce/ecommerce-backend/test/integration/admin-manual-verification-after-callback-failure.integration.test.js:609:15)

  console.log


      at Object.log (C:\Users\hp\OneDrive - bdu.edu.et(Bahir Dar)../../../../../../Internship/Ethiopia Ecommerce/ecommerce-backend/test/integration/admin-manual-verification-after-callback-failure.integration.test.js:610:15)

  console.log
    Validates Requirements:

      at Object.log (C:\Users\hp\OneDrive - bdu.edu.et(Bahir Dar)../../../../../../Internship/Ethiopia Ecommerce/ecommerce-backend/test/integration/admin-manual-verification-after-callback-failure.integration.test.js:611:15)

  console.log
    - 2.2-2.5: Callback processing and verification

      at Object.log (C:\Users\hp\OneDrive - bdu.edu.et(Bahir Dar)../../../../../../Internship/Ethiopia Ecommerce/ecommerce-backend/test/integration/admin-manual-verification-after-callback-failure.integration.test.js:612:15)

  console.log
    - 3.13: Admin query payment history

      at Object.log (C:\Users\hp\OneDrive - bdu.edu.et(Bahir Dar)../../../../../../Internship/Ethiopia Ecommerce/ecommerce-backend/test/integration/admin-manual-verification-after-callback-failure.integration.test.js:613:15)

  console.log
    - 3.14: Admin manually verify transactions

      at Object.log (C:\Users\hp\OneDrive - bdu.edu.et(Bahir Dar)../../../../../../Internship/Ethiopia Ecommerce/ecommerce-backend/test/integration/admin-manual-verification-after-callback-failure.integration.test.js:614:15)

  console.log


      at Object.log (C:\Users\hp\OneDrive - bdu.edu.et(Bahir Dar)../../../../../../Internship/Ethiopia Ecommerce/ecommerce-backend/test/integration/admin-manual-verification-after-callback-failure.integration.test.js:615:15)

  console.log
    ========================================

      at Object.log (C:\Users\hp\OneDrive - bdu.edu.et(Bahir Dar)../../../../../../Internship/Ethiopia Ecommerce/ecommerce-backend/test/integration/admin-manual-verification-after-callback-failure.integration.test.js:616:15)

FAIL test/integration/admin-manual-verification-after-callback-failure.integration.te
st.js (5.837 s)
  Integration Test: Admin Manual Verification After Callback Failure
    Scenario 1: Callback Failed Due to Network Error ΓåÆ Admin Manual Verification
      ΓêÜ should have payment with pending status (callback failed) (10 ms)
      ├ù should allow admin to manually verify the transaction (1442 ms)
      ΓêÜ should update payment status after manual verification (1015 ms)
      ΓêÜ should update order status after manual verification (12 ms)
    Scenario 2: Callback Failed Due to Webhook Signature Issue
      ΓêÜ should have payment with pending status (signature verification failed) 
(12 ms)
      ├ù should allow admin to manually verify and correct status (486 ms)
    Scenario 3: Admin Attempts to Verify Already-Verified Transaction
      ΓêÜ should have payment with success status (already verified) (6 ms)
      ├ù should handle admin verification of already-verified transaction gracefully 
(477 ms)
      ΓêÜ should not change payment status after re-verification (5 ms)
    Scenario 4: Admin Attempts to Verify Non-Existent Transaction
      ΓêÜ should return 404 error for non-existent transaction (28 ms)
      ΓêÜ should provide clear error message for non-existent transaction (26 ms)
    Scenario 5: Manual Verification Creates Audit Log Entries
      ├ù should log admin manual verification attempt (463 ms)
      ΓêÜ should verify audit log contains admin information (9 ms)
    Summary: Admin Manual Verification After Callback Failure
      ΓêÜ should document all manual verification scenarios (43 ms)

  ΓùÅ Integration Test: Admin Manual Verification After Callback Failure ΓÇ║ 
Scenario 1: Callback Failed Due to Network Error ΓåÆ Admin Manual Verification ΓÇ║ 
should allow admin to manually verify the transaction

    expect(received).toBeLessThan(expected)

    Expected: < 500
    Received:   500

    [0m [90m 202 |[39m       [90m// We verify that the endpoint is accessible 
and processes the request[39m
     [90m 203 |[39m       expect(response[33m.[39mstatus)[33m.[39mtoBeGreaterTh
anOrEqual([35m200[39m)[33m;[39m
    [31m[1m>[22m[39m[90m 204 |[39m       
expect(response[33m.[39mstatus)[33m.[39mtoBeLessThan([35m500[39m)[33m;[39m
     [90m     |[39m                               [31m[1m^[22m[39m
     [90m 205 |[39m     })[33m;[39m
     [90m 206 |[39m
     [90m 207 |[39m     it([32m'should update payment status after manual 
verification'[39m[33m,[39m [36masync[39m () [33m=>[39m {[0m

      at Object.toBeLessThan (C:\Users\hp\OneDrive - bdu.edu.et(Bahir 
Dar)../../../../../../Internship/Ethiopia Ecommerce/ecommerce-backend/test/integratio
n/admin-manual-verification-after-callback-failure.integration.test.js:204:31)

  ΓùÅ Integration Test: Admin Manual Verification After Callback Failure ΓÇ║ 
Scenario 2: Callback Failed Due to Webhook Signature Issue ΓÇ║ should allow admin to 
manually verify and correct status

    expect(received).toBeLessThan(expected)

    Expected: < 500
    Received:   500

    [0m [90m 322 |[39m
     [90m 323 |[39m       expect(response[33m.[39mstatus)[33m.[39mtoBeGreaterTh
anOrEqual([35m200[39m)[33m;[39m
    [31m[1m>[22m[39m[90m 324 |[39m       
expect(response[33m.[39mstatus)[33m.[39mtoBeLessThan([35m500[39m)[33m;[39m
     [90m     |[39m                               [31m[1m^[22m[39m
     [90m 325 |[39m     })[33m;[39m
     [90m 326 |[39m   })[33m;[39m
     [90m 327 |[39m[0m

      at Object.toBeLessThan (C:\Users\hp\OneDrive - bdu.edu.et(Bahir 
Dar)../../../../../../Internship/Ethiopia Ecommerce/ecommerce-backend/test/integratio
n/admin-manual-verification-after-callback-failure.integration.test.js:324:31)

  ΓùÅ Integration Test: Admin Manual Verification After Callback Failure ΓÇ║ 
Scenario 3: Admin Attempts to Verify Already-Verified Transaction ΓÇ║ should handle 
admin verification of already-verified transaction gracefully

    expect(received).toBeLessThan(expected)

    Expected: < 500
    Received:   500

    [0m [90m 415 |[39m       [90m// Should return success (idempotent 
operation)[39m
     [90m 416 |[39m       expect(response[33m.[39mstatus)[33m.[39mtoBeGreaterTh
anOrEqual([35m200[39m)[33m;[39m
    [31m[1m>[22m[39m[90m 417 |[39m       
expect(response[33m.[39mstatus)[33m.[39mtoBeLessThan([35m500[39m)[33m;[39m
     [90m     |[39m                               [31m[1m^[22m[39m
     [90m 418 |[39m     })[33m;[39m
     [90m 419 |[39m
     [90m 420 |[39m     it([32m'should not change payment status after 
re-verification'[39m[33m,[39m [36masync[39m () [33m=>[39m {[0m

      at Object.toBeLessThan (C:\Users\hp\OneDrive - bdu.edu.et(Bahir 
Dar)../../../../../../Internship/Ethiopia Ecommerce/ecommerce-backend/test/integratio
n/admin-manual-verification-after-callback-failure.integration.test.js:417:31)

  ΓùÅ Integration Test: Admin Manual Verification After Callback Failure ΓÇ║ 
Scenario 5: Manual Verification Creates Audit Log Entries ΓÇ║ should log admin 
manual verification attempt

    expect(received).toBeLessThan(expected)

    Expected: < 500
    Received:   500

    [0m [90m 541 |[39m
     [90m 542 |[39m       expect(response[33m.[39mstatus)[33m.[39mtoBeGreaterTh
anOrEqual([35m200[39m)[33m;[39m
    [31m[1m>[22m[39m[90m 543 |[39m       
expect(response[33m.[39mstatus)[33m.[39mtoBeLessThan([35m500[39m)[33m;[39m
     [90m     |[39m                               [31m[1m^[22m[39m
     [90m 544 |[39m     })[33m;[39m
     [90m 545 |[39m
     [90m 546 |[39m     it([32m'should verify audit log contains admin 
information'[39m[33m,[39m [36masync[39m () [33m=>[39m {[0m

      at Object.toBeLessThan (C:\Users\hp\OneDrive - bdu.edu.et(Bahir 
Dar)../../../../../../Internship/Ethiopia Ecommerce/ecommerce-backend/test/integratio
n/admin-manual-verification-after-callback-failure.integration.test.js:543:31)

  console.log
    [dotenv@17.3.1] injecting env (32) from .env -- tip: ΓÜÖ∩╕Å  override existing env vars with { override: true }

      at _log (C:\Users\hp\OneDrive - bdu.edu.et(Bahir Dar)../../../../../../Internship/Ethiopia Ecommerce/ecommerce-backend/node_modules/dotenv/lib/main.js:139:11)

  console.log
    [dotenv@17.3.1] injecting env (0) from .env -- tip: ≡ƒöÉ prevent committing .env to code: https://dotenvx.com/precommit

      at _log (C:\Users\hp\OneDrive - bdu.edu.et(Bahir Dar)../../../../../../Internship/Ethiopia Ecommerce/ecommerce-backend/node_modules/dotenv/lib/main.js:139:11)

  console.log
    [dotenv@17.3.1] injecting env (0) from .env -- tip: ΓÜÖ∩╕Å  load multiple .env files with { path: ['.env.local', '.env'] }

      at _log (C:\Users\hp\OneDrive - bdu.edu.et(Bahir Dar)../../../../../../Internship/Ethiopia Ecommerce/ecommerce-backend/node_modules/dotenv/lib/main.js:139:11)

  console.log
    [dotenv@17.3.1] injecting env (0) from .env -- tip: ≡ƒñû agentic secret storage: https://dotenvx.com/as2

      at _log (C:\Users\hp\OneDrive - bdu.edu.et(Bahir Dar)../../../../../../Internship/Ethiopia Ecommerce/ecommerce-backend/node_modules/dotenv/lib/main.js:139:11)

  console.log
    [dotenv@17.3.1] injecting env (0) from .env -- tip: ΓÜÖ∩╕Å  suppress all logs with { quiet: true }

      at _log (C:\Users\hp\OneDrive - bdu.edu.et(Bahir Dar)../../../../../../Internship/Ethiopia Ecommerce/ecommerce-backend/node_modules/dotenv/lib/main.js:139:11)

  console.log
    [dotenv@17.3.1] injecting env (0) from .env -- tip: ≡ƒ¢á∩╕Å  run anywhere with `dotenvx run -- yourcommand`

      at _log (C:\Users\hp\OneDrive - bdu.edu.et(Bahir Dar)../../../../../../Internship/Ethiopia Ecommerce/ecommerce-backend/node_modules/dotenv/lib/main.js:139:11)

  console.warn
    Firebase Service Account Key not found. Push Notifications will be disabled. Check PUSH_NOTIFICATIONS_SETUP_GUIDE.md for setup instructions.

    [0m [90m 20 |[39m   }
     [90m 21 |[39m } [36melse[39m {
    [31m[1m>[22m[39m[90m 22 |[39m   console[33m.[39mwarn([32m'Firebase Service Account Key not found. Push Notifications will be disabled. Check PUSH_NOTIFICATIONS_SETUP_GUIDE.md for setup instructions.'[39m)[33m;[39m
     [90m    |[39m           [31m[1m^[22m[39m
     [90m 23 |[39m }
     [90m 24 |[39m
     [90m 25 |[39m [90m/**[39m[0m

      at Object.warn (C:\Users\hp\OneDrive - bdu.edu.et(Bahir Dar)../../../../../../Internship/Ethiopia Ecommerce/ecommerce-backend/src/services/pushNotificationService.js:22:11)
      at Object.require (C:\Users\hp\OneDrive - bdu.edu.et(Bahir Dar)../../../../../../Internship/Ethiopia Ecommerce/ecommerce-backend/src/services/notificationService.js:1:34)
      at Object.require (C:\Users\hp\OneDrive - bdu.edu.et(Bahir Dar)../../../../../../Internship/Ethiopia Ecommerce/ecommerce-backend/src/services/orderStatusService.js:2:29)
      at Object.require (C:\Users\hp\OneDrive - bdu.edu.et(Bahir Dar)../../../../../../Internship/Ethiopia Ecommerce/ecommerce-backend/src/controllers/sellerController.js:9:28)
      at Object.require (C:\Users\hp\OneDrive - bdu.edu.et(Bahir Dar)../../../../../../Internship/Ethiopia Ecommerce/ecommerce-backend/src/routes/sellerRoutes.js:3:26)
      at Object.require (C:\Users\hp\OneDrive - bdu.edu.et(Bahir Dar)../../../../../../Internship/Ethiopia Ecommerce/ecommerce-backend/src/server.js:18:22)
      at Object.require (C:\Users\hp\OneDrive - bdu.edu.et(Bahir Dar)../../../../../../Internship/Ethiopia Ecommerce/ecommerce-backend/test/integration/concurrent-order-payment.integration.test.js:23:13)

  console.log
    Initializing database connection...

      at log (C:\Users\hp\OneDrive - bdu.edu.et(Bahir Dar)../../../../../../Internship/Ethiopia Ecommerce/ecommerce-backend/src/server.js:165:13)

  console.log
    Γ£ô Database 'ecommerce_db' is ready

      at log (C:\Users\hp\OneDrive - bdu.edu.et(Bahir Dar)../../../../../../Internship/Ethiopia Ecommerce/ecommerce-backend/src/config/database.js:19:13)

  console.log
    Γ£ô Database connection established successfully (attempt 1/3)

      at log (C:\Users\hp\OneDrive - bdu.edu.et(Bahir Dar)../../../../../../Internship/Ethiopia Ecommerce/ecommerce-backend/src/config/database.js:81:15)

  console.log
    Validating payment configuration...

      at log (C:\Users\hp\OneDrive - bdu.edu.et(Bahir Dar)../../../../../../Internship/Ethiopia Ecommerce/ecommerce-backend/src/server.js:169:13)

  console.log
    Γ£ô Payment configuration validated successfully

      at log (C:\Users\hp\OneDrive - bdu.edu.et(Bahir Dar)../../../../../../Internship/Ethiopia Ecommerce/ecommerce-backend/src/config/payment.js:78:11)

  console.log
      Environment: test

      at log (C:\Users\hp\OneDrive - bdu.edu.et(Bahir Dar)../../../../../../Internship/Ethiopia Ecommerce/ecommerce-backend/src/config/payment.js:79:11)

  console.log
      Test Mode: ENABLED

      at log (C:\Users\hp\OneDrive - bdu.edu.et(Bahir Dar)../../../../../../Internship/Ethiopia Ecommerce/ecommerce-backend/src/config/payment.js:80:11)

  console.log
      Currency: ETB

      at log (C:\Users\hp\OneDrive - bdu.edu.et(Bahir Dar)../../../../../../Internship/Ethiopia Ecommerce/ecommerce-backend/src/config/payment.js:81:11)

  console.log
    Validating Chapa URLs...

      at log (C:\Users\hp\OneDrive - bdu.edu.et(Bahir Dar)../../../../../../Internship/Ethiopia Ecommerce/ecommerce-backend/src/server.js:173:13)

  console.log
    Γ£ô CHAPA_CALLBACK_URL: http://localhost:5000/api/payments/webhook

      at log (C:\Users\hp\OneDrive - bdu.edu.et(Bahir Dar)../../../../../../Internship/Ethiopia Ecommerce/ecommerce-backend/src/server.js:239:15)

  console.log
    Γ£ô CHAPA_RETURN_URL: http://localhost:3000/payment/return

      at log (C:\Users\hp\OneDrive - bdu.edu.et(Bahir Dar)../../../../../../Internship/Ethiopia Ecommerce/ecommerce-backend/src/server.js:296:15)

  console.log
    Synchronizing database models...

      at log (C:\Users\hp\OneDrive - bdu.edu.et(Bahir Dar)../../../../../../Internship/Ethiopia Ecommerce/ecommerce-backend/src/server.js:310:13)

  console.log
    Γ£ô Database models synchronized

      at log (C:\Users\hp\OneDrive - bdu.edu.et(Bahir Dar)../../../../../../Internship/Ethiopia Ecommerce/ecommerce-backend/src/server.js:313:13)

  console.log
    Γ£ô Server is running on port 5000

      at Server.log (C:\Users\hp\OneDrive - bdu.edu.et(Bahir Dar)../../../../../../Internship/Ethiopia Ecommerce/ecommerce-backend/src/server.js:319:15)

  console.log
    Γ£ô Environment: test

      at Server.log (C:\Users\hp\OneDrive - bdu.edu.et(Bahir Dar)../../../../../../Internship/Ethiopia Ecommerce/ecommerce-backend/src/server.js:320:15)

  console.log
    Γ£ô API URL: http://localhost:5000

      at Server.log (C:\Users\hp\OneDrive - bdu.edu.et(Bahir Dar)../../../../../../Internship/Ethiopia Ecommerce/ecommerce-backend/src/server.js:321:15)

  console.log
    Γ£ô Local Network: http://192.168.100.105:5000

      at Server.log (C:\Users\hp\OneDrive - bdu.edu.et(Bahir Dar)../../../../../../Internship/Ethiopia Ecommerce/ecommerce-backend/src/server.js:322:15)

  console.log
    Γ£ô Rate Limiting: Unauthenticated (500/15min), Authenticated (5000/15min)

      at Server.log (C:\Users\hp\OneDrive - bdu.edu.et(Bahir Dar)../../../../../../Internship/Ethiopia Ecommerce/ecommerce-backend/src/server.js:323:15)

  console.log
    
    === Chapa Payment Configuration ===

      at Server.log (C:\Users\hp\OneDrive - bdu.edu.et(Bahir Dar)../../../../../../Internship/Ethiopia Ecommerce/ecommerce-backend/src/server.js:324:15)

  console.log
    Callback URL: http://localhost:5000/api/payments/webhook

      at Server.log (C:\Users\hp\OneDrive - bdu.edu.et(Bahir Dar)../../../../../../Internship/Ethiopia Ecommerce/ecommerce-backend/src/server.js:325:15)

  console.log
    Return URL: http://localhost:3000/payment/return

      at Server.log (C:\Users\hp\OneDrive - bdu.edu.et(Bahir Dar)../../../../../../Internship/Ethiopia Ecommerce/ecommerce-backend/src/server.js:326:15)

  console.log
    ===================================

      at Server.log (C:\Users\hp\OneDrive - bdu.edu.et(Bahir Dar)../../../../../../Internship/Ethiopia Ecommerce/ecommerce-backend/src/server.js:327:15)

  console.log
    
    Γ£ô Test Setup Complete:

      at Object.log (C:\Users\hp\OneDrive - bdu.edu.et(Bahir Dar)../../../../../../Internship/Ethiopia Ecommerce/ecommerce-backend/test/integration/concurrent-order-payment.integration.test.js:97:13)

  console.log
      - Created 10 test customers

      at Object.log (C:\Users\hp\OneDrive - bdu.edu.et(Bahir Dar)../../../../../../Internship/Ethiopia Ecommerce/ecommerce-backend/test/integration/concurrent-order-payment.integration.test.js:98:13)

  console.log
      - Created 10 test carts

      at Object.log (C:\Users\hp\OneDrive - bdu.edu.et(Bahir Dar)../../../../../../Internship/Ethiopia Ecommerce/ecommerce-backend/test/integration/concurrent-order-payment.integration.test.js:99:13)

  console.log
      - Product stock: 1000 units

      at Object.log (C:\Users\hp\OneDrive - bdu.edu.et(Bahir Dar)../../../../../../Internship/Ethiopia Ecommerce/ecommerce-backend/test/integration/concurrent-order-payment.integration.test.js:100:13)

  console.log
    
    Γ£ô Starting 5 concurrent order creations...

      at Object.log (C:\Users\hp\OneDrive - bdu.edu.et(Bahir Dar)../../../../../../Internship/Ethiopia Ecommerce/ecommerce-backend/test/integration/concurrent-order-payment.integration.test.js:150:15)

::ffff:127.0.0.1 - - [26/Feb/2026:18:56:44 +0000] "POST /api/orders HTTP/1.1" 400 411 "-" "-"
::ffff:127.0.0.1 - - [26/Feb/2026:18:56:44 +0000] "POST /api/orders HTTP/1.1" 400 411 "-" "-"
::ffff:127.0.0.1 - - [26/Feb/2026:18:56:44 +0000] "POST /api/orders HTTP/1.1" 400 411 "-" "-"
::ffff:127.0.0.1 - - [26/Feb/2026:18:56:44 +0000] "POST /api/orders HTTP/1.1" 400 411 "-" "-"
::ffff:127.0.0.1 - - [26/Feb/2026:18:56:44 +0000] "POST /api/orders HTTP/1.1" 400 411 "-" "-"
  console.log
      - Completed in 109ms

      at Object.log (C:\Users\hp\OneDrive - bdu.edu.et(Bahir Dar)../../../../../../Internship/Ethiopia Ecommerce/ecommerce-backend/test/integration/concurrent-order-payment.integration.test.js:184:15)

  console.log
      - Average time per order: 21.80ms

      at Object.log (C:\Users\hp\OneDrive - bdu.edu.et(Bahir Dar)../../../../../../Internship/Ethiopia Ecommerce/ecommerce-backend/test/integration/concurrent-order-payment.integration.test.js:185:15)

  console.log
      - Successful orders: 0/5

      at Object.log (C:\Users\hp\OneDrive - bdu.edu.et(Bahir Dar)../../../../../../Internship/Ethiopia Ecommerce/ecommerce-backend/test/integration/concurrent-order-payment.integration.test.js:191:15)

  console.log
      - Failed orders: 5/5

      at Object.log (C:\Users\hp\OneDrive - bdu.edu.et(Bahir Dar)../../../../../../Internship/Ethiopia Ecommerce/ecommerce-backend/test/integration/concurrent-order-payment.integration.test.js:192:15)

  console.log
      - Failed order details:

      at Object.log (C:\Users\hp\OneDrive - bdu.edu.et(Bahir Dar)../../../../../../Internship/Ethiopia Ecommerce/ecommerce-backend/test/integration/concurrent-order-payment.integration.test.js:195:17)

  console.log
        1. User 524: Status 400, Error: Shipping address must be an object

      at log (C:\Users\hp\OneDrive - bdu.edu.et(Bahir Dar)../../../../../../Internship/Ethiopia Ecommerce/ecommerce-backend/test/integration/concurrent-order-payment.integration.test.js:197:19)
          at Array.forEach (<anonymous>)

  console.log
        2. User 525: Status 400, Error: Shipping address must be an object

      at log (C:\Users\hp\OneDrive - bdu.edu.et(Bahir Dar)../../../../../../Internship/Ethiopia Ecommerce/ecommerce-backend/test/integration/concurrent-order-payment.integration.test.js:197:19)
          at Array.forEach (<anonymous>)

  console.log
        3. User 526: Status 400, Error: Shipping address must be an object

      at log (C:\Users\hp\OneDrive - bdu.edu.et(Bahir Dar)../../../../../../Internship/Ethiopia Ecommerce/ecommerce-backend/test/integration/concurrent-order-payment.integration.test.js:197:19)
          at Array.forEach (<anonymous>)

  console.log
        4. User 527: Status 400, Error: Shipping address must be an object

      at log (C:\Users\hp\OneDrive - bdu.edu.et(Bahir Dar)../../../../../../Internship/Ethiopia Ecommerce/ecommerce-backend/test/integration/concurrent-order-payment.integration.test.js:197:19)
          at Array.forEach (<anonymous>)

  console.log
        5. User 528: Status 400, Error: Shipping address must be an object

      at log (C:\Users\hp\OneDrive - bdu.edu.et(Bahir Dar)../../../../../../Internship/Ethiopia Ecommerce/ecommerce-backend/test/integration/concurrent-order-payment.integration.test.js:197:19)
          at Array.forEach (<anonymous>)

  console.log
    
    Γ£ô Transaction isolation verification:

      at Object.log (C:\Users\hp\OneDrive - bdu.edu.et(Bahir Dar)../../../../../../Internship/Ethiopia Ecommerce/ecommerce-backend/test/integration/concurrent-order-payment.integration.test.js:255:15)

  console.log
      - Total order numbers: 0

      at Object.log (C:\Users\hp\OneDrive - bdu.edu.et(Bahir Dar)../../../../../../Internship/Ethiopia Ecommerce/ecommerce-backend/test/integration/concurrent-order-payment.integration.test.js:256:15)

  console.log
      - Unique order numbers: 0

      at Object.log (C:\Users\hp\OneDrive - bdu.edu.et(Bahir Dar)../../../../../../Internship/Ethiopia Ecommerce/ecommerce-backend/test/integration/concurrent-order-payment.integration.test.js:257:15)

::ffff:127.0.0.1 - - [26/Feb/2026:18:56:44 +0000] "POST /api/orders HTTP/1.1" 400 411 "-" "-"
::ffff:127.0.0.1 - - [26/Feb/2026:18:56:44 +0000] "POST /api/orders HTTP/1.1" 400 411 "-" "-"
::ffff:127.0.0.1 - - [26/Feb/2026:18:56:44 +0000] "POST /api/orders HTTP/1.1" 400 411 "-" "-"
::ffff:127.0.0.1 - - [26/Feb/2026:18:56:44 +0000] "POST /api/orders HTTP/1.1" 400 411 "-" "-"
::ffff:127.0.0.1 - - [26/Feb/2026:18:56:44 +0000] "POST /api/orders HTTP/1.1" 400 411 "-" "-"
  console.log
    
    Γ£ô Created 0 orders for payment initialization test

      at Object.log (C:\Users\hp\OneDrive - bdu.edu.et(Bahir Dar)../../../../../../Internship/Ethiopia Ecommerce/ecommerce-backend/test/integration/concurrent-order-payment.integration.test.js:304:15)

  console.log
    
    Γ£ô Starting 5 concurrent payment initializations...

      at Object.log (C:\Users\hp\OneDrive - bdu.edu.et(Bahir Dar)../../../../../../Internship/Ethiopia Ecommerce/ecommerce-backend/test/integration/concurrent-order-payment.integration.test.js:308:15)

  console.log
      - Completed in 0ms

      at Object.log (C:\Users\hp\OneDrive - bdu.edu.et(Bahir Dar)../../../../../../Internship/Ethiopia Ecommerce/ecommerce-backend/test/integration/concurrent-order-payment.integration.test.js:347:15)

  console.log
      - Average time per payment: 0.00ms

      at Object.log (C:\Users\hp\OneDrive - bdu.edu.et(Bahir Dar)../../../../../../Internship/Ethiopia Ecommerce/ecommerce-backend/test/integration/concurrent-order-payment.integration.test.js:348:15)

  console.log
      - Successful payments: 0/5

      at Object.log (C:\Users\hp\OneDrive - bdu.edu.et(Bahir Dar)../../../../../../Internship/Ethiopia Ecommerce/ecommerce-backend/test/integration/concurrent-order-payment.integration.test.js:354:15)

  console.log
      - Failed payments: 0/5

      at Object.log (C:\Users\hp\OneDrive - bdu.edu.et(Bahir Dar)../../../../../../Internship/Ethiopia Ecommerce/ecommerce-backend/test/integration/concurrent-order-payment.integration.test.js:355:15)

  console.log
    
    Γ£ô tx_ref uniqueness verification:

      at Object.log (C:\Users\hp\OneDrive - bdu.edu.et(Bahir Dar)../../../../../../Internship/Ethiopia Ecommerce/ecommerce-backend/test/integration/concurrent-order-payment.integration.test.js:415:15)

  console.log
      - Total tx_refs: 0

      at Object.log (C:\Users\hp\OneDrive - bdu.edu.et(Bahir Dar)../../../../../../Internship/Ethiopia Ecommerce/ecommerce-backend/test/integration/concurrent-order-payment.integration.test.js:416:15)

  console.log
      - Unique tx_refs: 0

      at Object.log (C:\Users\hp\OneDrive - bdu.edu.et(Bahir Dar)../../../../../../Internship/Ethiopia Ecommerce/ecommerce-backend/test/integration/concurrent-order-payment.integration.test.js:417:15)

  console.log
    
    Γ£ô Starting 10 concurrent order creations...

      at Object.log (C:\Users\hp\OneDrive - bdu.edu.et(Bahir Dar)../../../../../../Internship/Ethiopia Ecommerce/ecommerce-backend/test/integration/concurrent-order-payment.integration.test.js:473:15)

::ffff:127.0.0.1 - - [26/Feb/2026:18:56:45 +0000] "POST /api/orders HTTP/1.1" 400 411 "-" "-"
::ffff:127.0.0.1 - - [26/Feb/2026:18:56:45 +0000] "POST /api/orders HTTP/1.1" 400 411 "-" "-"
::ffff:127.0.0.1 - - [26/Feb/2026:18:56:45 +0000] "POST /api/orders HTTP/1.1" 400 411 "-" "-"
::ffff:127.0.0.1 - - [26/Feb/2026:18:56:45 +0000] "POST /api/orders HTTP/1.1" 400 411 "-" "-"
::ffff:127.0.0.1 - - [26/Feb/2026:18:56:45 +0000] "POST /api/orders HTTP/1.1" 400 411 "-" "-"
::ffff:127.0.0.1 - - [26/Feb/2026:18:56:45 +0000] "POST /api/orders HTTP/1.1" 400 411 "-" "-"
::ffff:127.0.0.1 - - [26/Feb/2026:18:56:45 +0000] "POST /api/orders HTTP/1.1" 400 411 "-" "-"
::ffff:127.0.0.1 - - [26/Feb/2026:18:56:45 +0000] "POST /api/orders HTTP/1.1" 400 411 "-" "-"
::ffff:127.0.0.1 - - [26/Feb/2026:18:56:45 +0000] "POST /api/orders HTTP/1.1" 400 411 "-" "-"
::ffff:127.0.0.1 - - [26/Feb/2026:18:56:45 +0000] "POST /api/orders HTTP/1.1" 400 411 "-" "-"
  console.log
      - Completed in 172ms

      at Object.log (C:\Users\hp\OneDrive - bdu.edu.et(Bahir Dar)../../../../../../Internship/Ethiopia Ecommerce/ecommerce-backend/test/integration/concurrent-order-payment.integration.test.js:507:15)

  console.log
      - Average time per order: 17.20ms

      at Object.log (C:\Users\hp\OneDrive - bdu.edu.et(Bahir Dar)../../../../../../Internship/Ethiopia Ecommerce/ecommerce-backend/test/integration/concurrent-order-payment.integration.test.js:508:15)

  console.log
      - Successful orders: 0/10

      at Object.log (C:\Users\hp\OneDrive - bdu.edu.et(Bahir Dar)../../../../../../Internship/Ethiopia Ecommerce/ecommerce-backend/test/integration/concurrent-order-payment.integration.test.js:514:15)

  console.log
      - Failed orders: 10/10

      at Object.log (C:\Users\hp\OneDrive - bdu.edu.et(Bahir Dar)../../../../../../Internship/Ethiopia Ecommerce/ecommerce-backend/test/integration/concurrent-order-payment.integration.test.js:515:15)

  console.log
      - Failed order details:

      at Object.log (C:\Users\hp\OneDrive - bdu.edu.et(Bahir Dar)../../../../../../Internship/Ethiopia Ecommerce/ecommerce-backend/test/integration/concurrent-order-payment.integration.test.js:518:17)

  console.log
        1. User 534: Status 400, Error: Shipping address must be an object

      at log (C:\Users\hp\OneDrive - bdu.edu.et(Bahir Dar)../../../../../../Internship/Ethiopia Ecommerce/ecommerce-backend/test/integration/concurrent-order-payment.integration.test.js:520:19)
          at Array.forEach (<anonymous>)

  console.log
        2. User 535: Status 400, Error: Shipping address must be an object

      at log (C:\Users\hp\OneDrive - bdu.edu.et(Bahir Dar)../../../../../../Internship/Ethiopia Ecommerce/ecommerce-backend/test/integration/concurrent-order-payment.integration.test.js:520:19)
          at Array.forEach (<anonymous>)

  console.log
        3. User 536: Status 400, Error: Shipping address must be an object

      at log (C:\Users\hp\OneDrive - bdu.edu.et(Bahir Dar)../../../../../../Internship/Ethiopia Ecommerce/ecommerce-backend/test/integration/concurrent-order-payment.integration.test.js:520:19)
          at Array.forEach (<anonymous>)

  console.log
        4. User 537: Status 400, Error: Shipping address must be an object

      at log (C:\Users\hp\OneDrive - bdu.edu.et(Bahir Dar)../../../../../../Internship/Ethiopia Ecommerce/ecommerce-backend/test/integration/concurrent-order-payment.integration.test.js:520:19)
          at Array.forEach (<anonymous>)

  console.log
        5. User 538: Status 400, Error: Shipping address must be an object

      at log (C:\Users\hp\OneDrive - bdu.edu.et(Bahir Dar)../../../../../../Internship/Ethiopia Ecommerce/ecommerce-backend/test/integration/concurrent-order-payment.integration.test.js:520:19)
          at Array.forEach (<anonymous>)

  console.log
        6. User 539: Status 400, Error: Shipping address must be an object

      at log (C:\Users\hp\OneDrive - bdu.edu.et(Bahir Dar)../../../../../../Internship/Ethiopia Ecommerce/ecommerce-backend/test/integration/concurrent-order-payment.integration.test.js:520:19)
          at Array.forEach (<anonymous>)

  console.log
        7. User 540: Status 400, Error: Shipping address must be an object

      at log (C:\Users\hp\OneDrive - bdu.edu.et(Bahir Dar)../../../../../../Internship/Ethiopia Ecommerce/ecommerce-backend/test/integration/concurrent-order-payment.integration.test.js:520:19)
          at Array.forEach (<anonymous>)

  console.log
        8. User 541: Status 400, Error: Shipping address must be an object

      at log (C:\Users\hp\OneDrive - bdu.edu.et(Bahir Dar)../../../../../../Internship/Ethiopia Ecommerce/ecommerce-backend/test/integration/concurrent-order-payment.integration.test.js:520:19)
          at Array.forEach (<anonymous>)

  console.log
        9. User 542: Status 400, Error: Shipping address must be an object

      at log (C:\Users\hp\OneDrive - bdu.edu.et(Bahir Dar)../../../../../../Internship/Ethiopia Ecommerce/ecommerce-backend/test/integration/concurrent-order-payment.integration.test.js:520:19)
          at Array.forEach (<anonymous>)

  console.log
        10. User 543: Status 400, Error: Shipping address must be an object

      at log (C:\Users\hp\OneDrive - bdu.edu.et(Bahir Dar)../../../../../../Internship/Ethiopia Ecommerce/ecommerce-backend/test/integration/concurrent-order-payment.integration.test.js:520:19)
          at Array.forEach (<anonymous>)

  console.log
    
    Γ£ô Data integrity verification:

      at Object.log (C:\Users\hp\OneDrive - bdu.edu.et(Bahir Dar)../../../../../../Internship/Ethiopia Ecommerce/ecommerce-backend/test/integration/concurrent-order-payment.integration.test.js:572:15)

  console.log
      - Total orders created: 0

      at Object.log (C:\Users\hp\OneDrive - bdu.edu.et(Bahir Dar)../../../../../../Internship/Ethiopia Ecommerce/ecommerce-backend/test/integration/concurrent-order-payment.integration.test.js:573:15)

  console.log
      - Corrupted orders: 0

      at Object.log (C:\Users\hp\OneDrive - bdu.edu.et(Bahir Dar)../../../../../../Internship/Ethiopia Ecommerce/ecommerce-backend/test/integration/concurrent-order-payment.integration.test.js:595:15)

  console.log
      - Data integrity: PASS

      at Object.log (C:\Users\hp\OneDrive - bdu.edu.et(Bahir Dar)../../../../../../Internship/Ethiopia Ecommerce/ecommerce-backend/test/integration/concurrent-order-payment.integration.test.js:596:15)

  console.log
    
    Γ£ô Product stock verification:

      at Object.log (C:\Users\hp\OneDrive - bdu.edu.et(Bahir Dar)../../../../../../Internship/Ethiopia Ecommerce/ecommerce-backend/test/integration/concurrent-order-payment.integration.test.js:604:15)

  console.log
      - Initial stock: 1000 units

      at Object.log (C:\Users\hp\OneDrive - bdu.edu.et(Bahir Dar)../../../../../../Internship/Ethiopia Ecommerce/ecommerce-backend/test/integration/concurrent-order-payment.integration.test.js:605:15)

  console.log
      - Current stock: 1000 units

      at Object.log (C:\Users\hp\OneDrive - bdu.edu.et(Bahir Dar)../../../../../../Internship/Ethiopia Ecommerce/ecommerce-backend/test/integration/concurrent-order-payment.integration.test.js:606:15)

  console.log
    
    ========================================

      at Object.log (C:\Users\hp\OneDrive - bdu.edu.et(Bahir Dar)../../../../../../Internship/Ethiopia Ecommerce/ecommerce-backend/test/integration/concurrent-order-payment.integration.test.js:641:15)

  console.log
    CONCURRENT OPERATIONS TEST SUMMARY

      at Object.log (C:\Users\hp\OneDrive - bdu.edu.et(Bahir Dar)../../../../../../Internship/Ethiopia Ecommerce/ecommerce-backend/test/integration/concurrent-order-payment.integration.test.js:642:15)

  console.log
    ========================================

      at Object.log (C:\Users\hp\OneDrive - bdu.edu.et(Bahir Dar)../../../../../../Internship/Ethiopia Ecommerce/ecommerce-backend/test/integration/concurrent-order-payment.integration.test.js:643:15)

  console.log
    This integration test validates concurrent order creation and payment initialization:

      at Object.log (C:\Users\hp\OneDrive - bdu.edu.et(Bahir Dar)../../../../../../Internship/Ethiopia Ecommerce/ecommerce-backend/test/integration/concurrent-order-payment.integration.test.js:644:15)

  console.log


      at Object.log (C:\Users\hp\OneDrive - bdu.edu.et(Bahir Dar)../../../../../../Internship/Ethiopia Ecommerce/ecommerce-backend/test/integration/concurrent-order-payment.integration.test.js:645:15)

  console.log
    Γ£ô Scenario 1: Multiple Users Creating Orders Simultaneously (5 concurrent)

      at Object.log (C:\Users\hp\OneDrive - bdu.edu.et(Bahir Dar)../../../../../../Internship/Ethiopia Ecommerce/ecommerce-backend/test/integration/concurrent-order-payment.integration.test.js:646:15)

  console.log
      - All 5 orders created successfully

      at Object.log (C:\Users\hp\OneDrive - bdu.edu.et(Bahir Dar)../../../../../../Internship/Ethiopia Ecommerce/ecommerce-backend/test/integration/concurrent-order-payment.integration.test.js:647:15)

  console.log
      - No database validation errors

      at Object.log (C:\Users\hp\OneDrive - bdu.edu.et(Bahir Dar)../../../../../../Internship/Ethiopia Ecommerce/ecommerce-backend/test/integration/concurrent-order-payment.integration.test.js:648:15)

  console.log
      - No deadlocks or timeouts

      at Object.log (C:\Users\hp\OneDrive - bdu.edu.et(Bahir Dar)../../../../../../Internship/Ethiopia Ecommerce/ecommerce-backend/test/integration/concurrent-order-payment.integration.test.js:649:15)

  console.log
      - All orders persisted correctly

      at Object.log (C:\Users\hp\OneDrive - bdu.edu.et(Bahir Dar)../../../../../../Internship/Ethiopia Ecommerce/ecommerce-backend/test/integration/concurrent-order-payment.integration.test.js:650:15)

  console.log
      - Transaction isolation maintained (unique order numbers)

      at Object.log (C:\Users\hp\OneDrive - bdu.edu.et(Bahir Dar)../../../../../../Internship/Ethiopia Ecommerce/ecommerce-backend/test/integration/concurrent-order-payment.integration.test.js:651:15)

  console.log


      at Object.log (C:\Users\hp\OneDrive - bdu.edu.et(Bahir Dar)../../../../../../Internship/Ethiopia Ecommerce/ecommerce-backend/test/integration/concurrent-order-payment.integration.test.js:652:15)

  console.log
    Γ£ô Scenario 2: Concurrent Payment Initializations (5 concurrent)

      at Object.log (C:\Users\hp\OneDrive - bdu.edu.et(Bahir Dar)../../../../../../Internship/Ethiopia Ecommerce/ecommerce-backend/test/integration/concurrent-order-payment.integration.test.js:653:15)

  console.log
      - All 5 payments initialized successfully

      at Object.log (C:\Users\hp\OneDrive - bdu.edu.et(Bahir Dar)../../../../../../Internship/Ethiopia Ecommerce/ecommerce-backend/test/integration/concurrent-order-payment.integration.test.js:654:15)

  console.log
      - No configuration errors

      at Object.log (C:\Users\hp\OneDrive - bdu.edu.et(Bahir Dar)../../../../../../Internship/Ethiopia Ecommerce/ecommerce-backend/test/integration/concurrent-order-payment.integration.test.js:655:15)

  console.log
      - All payment records created correctly

      at Object.log (C:\Users\hp\OneDrive - bdu.edu.et(Bahir Dar)../../../../../../Internship/Ethiopia Ecommerce/ecommerce-backend/test/integration/concurrent-order-payment.integration.test.js:656:15)

  console.log
      - No duplicate tx_ref generation

      at Object.log (C:\Users\hp\OneDrive - bdu.edu.et(Bahir Dar)../../../../../../Internship/Ethiopia Ecommerce/ecommerce-backend/test/integration/concurrent-order-payment.integration.test.js:657:15)

  console.log
      - All tx_refs follow expected format

      at Object.log (C:\Users\hp\OneDrive - bdu.edu.et(Bahir Dar)../../../../../../Internship/Ethiopia Ecommerce/ecommerce-backend/test/integration/concurrent-order-payment.integration.test.js:658:15)

  console.log


      at Object.log (C:\Users\hp\OneDrive - bdu.edu.et(Bahir Dar)../../../../../../Internship/Ethiopia Ecommerce/ecommerce-backend/test/integration/concurrent-order-payment.integration.test.js:659:15)

  console.log
    Γ£ô Scenario 3: Higher Concurrency (10 concurrent orders)

      at Object.log (C:\Users\hp\OneDrive - bdu.edu.et(Bahir Dar)../../../../../../Internship/Ethiopia Ecommerce/ecommerce-backend/test/integration/concurrent-order-payment.integration.test.js:660:15)

  console.log
      - All 10 orders created successfully

      at Object.log (C:\Users\hp\OneDrive - bdu.edu.et(Bahir Dar)../../../../../../Internship/Ethiopia Ecommerce/ecommerce-backend/test/integration/concurrent-order-payment.integration.test.js:661:15)

  console.log
      - No database errors under higher load

      at Object.log (C:\Users\hp\OneDrive - bdu.edu.et(Bahir Dar)../../../../../../Internship/Ethiopia Ecommerce/ecommerce-backend/test/integration/concurrent-order-payment.integration.test.js:662:15)

  console.log
      - System handles increased concurrency gracefully

      at Object.log (C:\Users\hp\OneDrive - bdu.edu.et(Bahir Dar)../../../../../../Internship/Ethiopia Ecommerce/ecommerce-backend/test/integration/concurrent-order-payment.integration.test.js:663:15)

  console.log


      at Object.log (C:\Users\hp\OneDrive - bdu.edu.et(Bahir Dar)../../../../../../Internship/Ethiopia Ecommerce/ecommerce-backend/test/integration/concurrent-order-payment.integration.test.js:664:15)

  console.log
    Γ£ô Scenario 4: Data Integrity Under Concurrent Load

      at Object.log (C:\Users\hp\OneDrive - bdu.edu.et(Bahir Dar)../../../../../../Internship/Ethiopia Ecommerce/ecommerce-backend/test/integration/concurrent-order-payment.integration.test.js:665:15)

  console.log
      - No data corruption detected

      at Object.log (C:\Users\hp\OneDrive - bdu.edu.et(Bahir Dar)../../../../../../Internship/Ethiopia Ecommerce/ecommerce-backend/test/integration/concurrent-order-payment.integration.test.js:666:15)

  console.log
      - All orders have valid data

      at Object.log (C:\Users\hp\OneDrive - bdu.edu.et(Bahir Dar)../../../../../../Internship/Ethiopia Ecommerce/ecommerce-backend/test/integration/concurrent-order-payment.integration.test.js:667:15)

  console.log
      - Product stock decremented correctly (no race conditions)

      at Object.log (C:\Users\hp\OneDrive - bdu.edu.et(Bahir Dar)../../../../../../Internship/Ethiopia Ecommerce/ecommerce-backend/test/integration/concurrent-order-payment.integration.test.js:668:15)

  console.log
      - Stock accuracy verified

      at Object.log (C:\Users\hp\OneDrive - bdu.edu.et(Bahir Dar)../../../../../../Internship/Ethiopia Ecommerce/ecommerce-backend/test/integration/concurrent-order-payment.integration.test.js:669:15)

  console.log


      at Object.log (C:\Users\hp\OneDrive - bdu.edu.et(Bahir Dar)../../../../../../Internship/Ethiopia Ecommerce/ecommerce-backend/test/integration/concurrent-order-payment.integration.test.js:670:15)

  console.log
    Validates Requirements:

      at Object.log (C:\Users\hp\OneDrive - bdu.edu.et(Bahir Dar)../../../../../../Internship/Ethiopia Ecommerce/ecommerce-backend/test/integration/concurrent-order-payment.integration.test.js:671:15)

  console.log
    - 1.1, 1.2, 1.3, 1.4: Order creation without database errors

      at Object.log (C:\Users\hp\OneDrive - bdu.edu.et(Bahir Dar)../../../../../../Internship/Ethiopia Ecommerce/ecommerce-backend/test/integration/concurrent-order-payment.integration.test.js:672:15)

  console.log
    - 2.1: Callback URL properly configured

      at Object.log (C:\Users\hp\OneDrive - bdu.edu.et(Bahir Dar)../../../../../../Internship/Ethiopia Ecommerce/ecommerce-backend/test/integration/concurrent-order-payment.integration.test.js:673:15)

  console.log
    - 4.1: Transaction persistence

      at Object.log (C:\Users\hp\OneDrive - bdu.edu.et(Bahir Dar)../../../../../../Internship/Ethiopia Ecommerce/ecommerce-backend/test/integration/concurrent-order-payment.integration.test.js:674:15)

  console.log
    - 4.4: Order status management

      at Object.log (C:\Users\hp\OneDrive - bdu.edu.et(Bahir Dar)../../../../../../Internship/Ethiopia Ecommerce/ecommerce-backend/test/integration/concurrent-order-payment.integration.test.js:675:15)

  console.log


      at Object.log (C:\Users\hp\OneDrive - bdu.edu.et(Bahir Dar)../../../../../../Internship/Ethiopia Ecommerce/ecommerce-backend/test/integration/concurrent-order-payment.integration.test.js:676:15)

  console.log
    Key Findings:

      at Object.log (C:\Users\hp\OneDrive - bdu.edu.et(Bahir Dar)../../../../../../Internship/Ethiopia Ecommerce/ecommerce-backend/test/integration/concurrent-order-payment.integration.test.js:677:15)

  console.log
    - System handles concurrent operations without race conditions

      at Object.log (C:\Users\hp\OneDrive - bdu.edu.et(Bahir Dar)../../../../../../Internship/Ethiopia Ecommerce/ecommerce-backend/test/integration/concurrent-order-payment.integration.test.js:678:15)

  console.log
    - No deadlocks or database timeouts occur

      at Object.log (C:\Users\hp\OneDrive - bdu.edu.et(Bahir Dar)../../../../../../Internship/Ethiopia Ecommerce/ecommerce-backend/test/integration/concurrent-order-payment.integration.test.js:679:15)

  console.log
    - Transaction isolation is properly maintained

      at Object.log (C:\Users\hp\OneDrive - bdu.edu.et(Bahir Dar)../../../../../../Internship/Ethiopia Ecommerce/ecommerce-backend/test/integration/concurrent-order-payment.integration.test.js:680:15)

  console.log
    - Data integrity is preserved under concurrent load

      at Object.log (C:\Users\hp\OneDrive - bdu.edu.et(Bahir Dar)../../../../../../Internship/Ethiopia Ecommerce/ecommerce-backend/test/integration/concurrent-order-payment.integration.test.js:681:15)

  console.log
    - Unique constraints (order numbers, tx_refs) are enforced correctly

      at Object.log (C:\Users\hp\OneDrive - bdu.edu.et(Bahir Dar)../../../../../../Internship/Ethiopia Ecommerce/ecommerce-backend/test/integration/concurrent-order-payment.integration.test.js:682:15)

  console.log


      at Object.log (C:\Users\hp\OneDrive - bdu.edu.et(Bahir Dar)../../../../../../Internship/Ethiopia Ecommerce/ecommerce-backend/test/integration/concurrent-order-payment.integration.test.js:683:15)

  console.log
    ========================================

      at Object.log (C:\Users\hp\OneDrive - bdu.edu.et(Bahir Dar)../../../../../../Internship/Ethiopia Ecommerce/ecommerce-backend/test/integration/concurrent-order-payment.integration.test.js:684:15)

FAIL test/integration/concurrent-order-payment.integration.test.js
  Integration Test: Concurrent Order Creation and Payment Initialization
    Scenario 1: Multiple Users Creating Orders Simultaneously (5 concurrent)
      ├ù should handle 5 concurrent order creations without errors (117 ms)
      ├ù should verify all orders were persisted correctly in database (3 ms)
      ├ù should verify transaction isolation (no duplicate order numbers) (6 ms)
    Scenario 2: Concurrent Payment Initializations (5 concurrent)
      ├ù should handle 5 concurrent payment initializations without errors (3 ms)
      ├ù should verify all payment records were created correctly (1 ms)
      ├ù should verify no duplicate tx_ref generation (4 ms)
    Scenario 3: Higher Concurrency (10 concurrent orders)
      ├ù should handle 10 concurrent order creations without errors (1724 ms)
    Scenario 4: Data Integrity Under Concurrent Load
      ΓêÜ should verify no data corruption occurred (14 ms)
      ├ù should verify product stock was decremented correctly (8 ms)
    Summary: Concurrent Operations Validation
      ΓêÜ should document the concurrent operations test results (37 ms)

  ΓùÅ Integration Test: Concurrent Order Creation and Payment Initialization ΓÇ║ 
Scenario 1: Multiple Users Creating Orders Simultaneously (5 concurrent) ΓÇ║ should 
handle 5 concurrent order creations without errors

    expect(received).toBe(expected) // Object.is equality

    Expected: 5
    Received: 0

    [0m [90m 200 |[39m
     [90m 201 |[39m       [90m// All orders should succeed[39m
    [31m[1m>[22m[39m[90m 202 |[39m       
expect(successfulOrders[33m.[39mlength)[33m.[39mtoBe([35m5[39m)[33m;[39m
     [90m     |[39m                                       [31m[1m^[22m[39m
     [90m 203 |[39m       
expect(failedOrders[33m.[39mlength)[33m.[39mtoBe([35m0[39m)[33m;[39m
     [90m 204 |[39m
     [90m 205 |[39m       [90m// Verify no database validation errors[39m[0m

      at Object.toBe (C:\Users\hp\OneDrive - bdu.edu.et(Bahir 
Dar)../../../../../../Internship/Ethiopia Ecommerce/ecommerce-backend/test/integratio
n/concurrent-order-payment.integration.test.js:202:39)

  ΓùÅ Integration Test: Concurrent Order Creation and Payment Initialization ΓÇ║ 
Scenario 1: Multiple Users Creating Orders Simultaneously (5 concurrent) ΓÇ║ should 
verify all orders were persisted correctly in database

    expect(received).toBe(expected) // Object.is equality

    Expected: 5
    Received: 0

    [0m [90m 217 |[39m         [33m.[39mmap(r [33m=>[39m 
r[33m.[39morder[33m.[39mid)[33m;[39m
     [90m 218 |[39m
    [31m[1m>[22m[39m[90m 219 |[39m       
expect(orderIds[33m.[39mlength)[33m.[39mtoBe([35m5[39m)[33m;[39m
     [90m     |[39m                               [31m[1m^[22m[39m
     [90m 220 |[39m
     [90m 221 |[39m       [36mconst[39m persistedOrders [33m=[39m 
[36mawait[39m [33mOrder[39m[33m.[39mfindAll({
     [90m 222 |[39m         where[33m:[39m { id[33m:[39m orderIds 
}[33m,[39m[0m

      at Object.toBe (C:\Users\hp\OneDrive - bdu.edu.et(Bahir 
Dar)../../../../../../Internship/Ethiopia Ecommerce/ecommerce-backend/test/integratio
n/concurrent-order-payment.integration.test.js:219:31)

  ΓùÅ Integration Test: Concurrent Order Creation and Payment Initialization ΓÇ║ 
Scenario 1: Multiple Users Creating Orders Simultaneously (5 concurrent) ΓÇ║ should 
verify transaction isolation (no duplicate order numbers)

    expect(received).toBe(expected) // Object.is equality

    Expected: 5
    Received: 0

    [0m [90m 259 |[39m       [90m// All order numbers should be unique[39m
     [90m 260 |[39m       expect(uniqueOrderNumbers[33m.[39msize)[33m.[39mtoBe(
orderNumbers[33m.[39mlength)[33m;[39m
    [31m[1m>[22m[39m[90m 261 |[39m       
expect(uniqueOrderNumbers[33m.[39msize)[33m.[39mtoBe([35m5[39m)[33m;[39m
     [90m     |[39m                                       [31m[1m^[22m[39m
     [90m 262 |[39m     })[33m;[39m
     [90m 263 |[39m   })[33m;[39m
     [90m 264 |[39m[0m

      at Object.toBe (C:\Users\hp\OneDrive - bdu.edu.et(Bahir 
Dar)../../../../../../Internship/Ethiopia Ecommerce/ecommerce-backend/test/integratio
n/concurrent-order-payment.integration.test.js:261:39)

  ΓùÅ Integration Test: Concurrent Order Creation and Payment Initialization ΓÇ║ 
Scenario 2: Concurrent Payment Initializations (5 concurrent) ΓÇ║ should handle 5 
concurrent payment initializations without errors

    expect(received).toBe(expected) // Object.is equality

    Expected: 5
    Received: 0

    [0m [90m 363 |[39m
     [90m 364 |[39m       [90m// All payments should succeed[39m
    [31m[1m>[22m[39m[90m 365 |[39m       
expect(successfulPayments[33m.[39mlength)[33m.[39mtoBe([35m5[39m)[33m;[39m
     [90m     |[39m                                         [31m[1m^[22m[39m
     [90m 366 |[39m       
expect(failedPayments[33m.[39mlength)[33m.[39mtoBe([35m0[39m)[33m;[39m
     [90m 367 |[39m
     [90m 368 |[39m       [90m// Verify no configuration errors[39m[0m

      at Object.toBe (C:\Users\hp\OneDrive - bdu.edu.et(Bahir 
Dar)../../../../../../Internship/Ethiopia Ecommerce/ecommerce-backend/test/integratio
n/concurrent-order-payment.integration.test.js:365:41)

  ΓùÅ Integration Test: Concurrent Order Creation and Payment Initialization ΓÇ║ 
Scenario 2: Concurrent Payment Initializations (5 concurrent) ΓÇ║ should verify all 
payment records were created correctly

    expect(received).toBe(expected) // Object.is equality

    Expected: 5
    Received: 0

    [0m [90m 382 |[39m         [33m.[39mmap(r [33m=>[39m 
r[33m.[39mreference)[33m;[39m
     [90m 383 |[39m
    [31m[1m>[22m[39m[90m 384 |[39m       
expect(references[33m.[39mlength)[33m.[39mtoBe([35m5[39m)[33m;[39m
     [90m     |[39m                                 [31m[1m^[22m[39m
     [90m 385 |[39m
     [90m 386 |[39m       [36mconst[39m paymentRecords [33m=[39m 
[36mawait[39m [33mPayment[39m[33m.[39mfindAll({
     [90m 387 |[39m         where[33m:[39m { chapa_tx_ref[33m:[39m references 
}[0m

      at Object.toBe (C:\Users\hp\OneDrive - bdu.edu.et(Bahir 
Dar)../../../../../../Internship/Ethiopia Ecommerce/ecommerce-backend/test/integratio
n/concurrent-order-payment.integration.test.js:384:33)

  ΓùÅ Integration Test: Concurrent Order Creation and Payment Initialization ΓÇ║ 
Scenario 2: Concurrent Payment Initializations (5 concurrent) ΓÇ║ should verify no 
duplicate tx_ref generation

    expect(received).toBe(expected) // Object.is equality

    Expected: 5
    Received: 0

    [0m [90m 419 |[39m       [90m// All tx_refs should be unique[39m
     [90m 420 |[39m       expect(uniqueTxRefs[33m.[39msize)[33m.[39mtoBe(txRefs
[33m.[39mlength)[33m;[39m
    [31m[1m>[22m[39m[90m 421 |[39m       
expect(uniqueTxRefs[33m.[39msize)[33m.[39mtoBe([35m5[39m)[33m;[39m
     [90m     |[39m                                 [31m[1m^[22m[39m
     [90m 422 |[39m
     [90m 423 |[39m       [90m// Verify tx_refs follow expected format[39m
     [90m 424 |[39m       txRefs[33m.[39mforEach(txRef [33m=>[39m {[0m

      at Object.toBe (C:\Users\hp\OneDrive - bdu.edu.et(Bahir 
Dar)../../../../../../Internship/Ethiopia Ecommerce/ecommerce-backend/test/integratio
n/concurrent-order-payment.integration.test.js:421:33)

  ΓùÅ Integration Test: Concurrent Order Creation and Payment Initialization ΓÇ║ 
Scenario 3: Higher Concurrency (10 concurrent orders) ΓÇ║ should handle 10 
concurrent order creations without errors

    expect(received).toBe(expected) // Object.is equality

    Expected: 10
    Received: 0

    [0m [90m 523 |[39m
     [90m 524 |[39m       [90m// All orders should succeed[39m
    [31m[1m>[22m[39m[90m 525 |[39m       
expect(successfulOrders[33m.[39mlength)[33m.[39mtoBe([35m10[39m)[33m;[39m
     [90m     |[39m                                       [31m[1m^[22m[39m
     [90m 526 |[39m       
expect(failedOrders[33m.[39mlength)[33m.[39mtoBe([35m0[39m)[33m;[39m
     [90m 527 |[39m
     [90m 528 |[39m       [90m// Verify no database errors[39m[0m

      at Object.toBe (C:\Users\hp\OneDrive - bdu.edu.et(Bahir 
Dar)../../../../../../Internship/Ethiopia Ecommerce/ecommerce-backend/test/integratio
n/concurrent-order-payment.integration.test.js:525:39)

  ΓùÅ Integration Test: Concurrent Order Creation and Payment Initialization ΓÇ║ 
Scenario 4: Data Integrity Under Concurrent Load ΓÇ║ should verify product stock was 
decremented correctly

    expect(received).toBeLessThan(expected)

    Expected: < 1000
    Received:   1000

    [0m [90m 607 |[39m
     [90m 608 |[39m       [90m// Stock should have been decremented[39m
    [31m[1m>[22m[39m[90m 609 |[39m       expect(updatedProduct[33m.[39mquanti
ty)[33m.[39mtoBeLessThan([35m1000[39m)[33m;[39m
     [90m     |[39m                                       [31m[1m^[22m[39m
     [90m 610 |[39m       expect(updatedProduct[33m.[39mquantity)[33m.[39mtoBeG
reaterThanOrEqual([35m0[39m)[33m;[39m
     [90m 611 |[39m
     [90m 612 |[39m       [90m// Calculate expected stock based on orders[39m[0m

      at Object.toBeLessThan (C:\Users\hp\OneDrive - bdu.edu.et(Bahir 
Dar)../../../../../../Internship/Ethiopia Ecommerce/ecommerce-backend/test/integratio
n/concurrent-order-payment.integration.test.js:609:39)

  console.log
    [dotenv@17.3.1] injecting env (32) from .env -- tip: ΓÜÖ∩╕Å  load multiple .env files with { path: ['.env.local', '.env'] }

      at _log (C:\Users\hp\OneDrive - bdu.edu.et(Bahir Dar)../../../../../../Internship/Ethiopia Ecommerce/ecommerce-backend/node_modules/dotenv/lib/main.js:139:11)

  console.log
    [dotenv@17.3.1] injecting env (0) from .env -- tip: ΓÜÖ∩╕Å  write to custom object with { processEnv: myObject }

      at _log (C:\Users\hp\OneDrive - bdu.edu.et(Bahir Dar)../../../../../../Internship/Ethiopia Ecommerce/ecommerce-backend/node_modules/dotenv/lib/main.js:139:11)

  console.log
    [dotenv@17.3.1] injecting env (0) from .env -- tip: ≡ƒ¢á∩╕Å  run anywhere with `dotenvx run -- yourcommand`

      at _log (C:\Users\hp\OneDrive - bdu.edu.et(Bahir Dar)../../../../../../Internship/Ethiopia Ecommerce/ecommerce-backend/node_modules/dotenv/lib/main.js:139:11)

  console.log
    [dotenv@17.3.1] injecting env (0) from .env -- tip: ≡ƒñû agentic secret storage: https://dotenvx.com/as2

      at _log (C:\Users\hp\OneDrive - bdu.edu.et(Bahir Dar)../../../../../../Internship/Ethiopia Ecommerce/ecommerce-backend/node_modules/dotenv/lib/main.js:139:11)

  console.log
    [dotenv@17.3.1] injecting env (0) from .env -- tip: ≡ƒöÉ prevent building .env in docker: https://dotenvx.com/prebuild

      at _log (C:\Users\hp\OneDrive - bdu.edu.et(Bahir Dar)../../../../../../Internship/Ethiopia Ecommerce/ecommerce-backend/node_modules/dotenv/lib/main.js:139:11)

  console.log
    [dotenv@17.3.1] injecting env (0) from .env -- tip: ≡ƒöÉ prevent committing .env to code: https://dotenvx.com/precommit

      at _log (C:\Users\hp\OneDrive - bdu.edu.et(Bahir Dar)../../../../../../Internship/Ethiopia Ecommerce/ecommerce-backend/node_modules/dotenv/lib/main.js:139:11)

  console.warn
    Firebase Service Account Key not found. Push Notifications will be disabled. Check PUSH_NOTIFICATIONS_SETUP_GUIDE.md for setup instructions.

    [0m [90m 20 |[39m   }
     [90m 21 |[39m } [36melse[39m {
    [31m[1m>[22m[39m[90m 22 |[39m   console[33m.[39mwarn([32m'Firebase Service Account Key not found. Push Notifications will be disabled. Check PUSH_NOTIFICATIONS_SETUP_GUIDE.md for setup instructions.'[39m)[33m;[39m
     [90m    |[39m           [31m[1m^[22m[39m
     [90m 23 |[39m }
     [90m 24 |[39m
     [90m 25 |[39m [90m/**[39m[0m

      at Object.warn (C:\Users\hp\OneDrive - bdu.edu.et(Bahir Dar)../../../../../../Internship/Ethiopia Ecommerce/ecommerce-backend/src/services/pushNotificationService.js:22:11)
      at Object.require (C:\Users\hp\OneDrive - bdu.edu.et(Bahir Dar)../../../../../../Internship/Ethiopia Ecommerce/ecommerce-backend/src/services/notificationService.js:1:34)
      at Object.require (C:\Users\hp\OneDrive - bdu.edu.et(Bahir Dar)../../../../../../Internship/Ethiopia Ecommerce/ecommerce-backend/src/services/orderStatusService.js:2:29)
      at Object.require (C:\Users\hp\OneDrive - bdu.edu.et(Bahir Dar)../../../../../../Internship/Ethiopia Ecommerce/ecommerce-backend/src/controllers/sellerController.js:9:28)
      at Object.require (C:\Users\hp\OneDrive - bdu.edu.et(Bahir Dar)../../../../../../Internship/Ethiopia Ecommerce/ecommerce-backend/src/routes/sellerRoutes.js:3:26)
      at Object.require (C:\Users\hp\OneDrive - bdu.edu.et(Bahir Dar)../../../../../../Internship/Ethiopia Ecommerce/ecommerce-backend/src/server.js:18:22)
      at Object.require (C:\Users\hp\OneDrive - bdu.edu.et(Bahir Dar)../../../../../../Internship/Ethiopia Ecommerce/ecommerce-backend/test/integration/webhook-callback-flow.integration.test.js:22:13)

  console.log
    Initializing database connection...

      at log (C:\Users\hp\OneDrive - bdu.edu.et(Bahir Dar)../../../../../../Internship/Ethiopia Ecommerce/ecommerce-backend/src/server.js:165:13)

  console.log
    Γ£ô Database 'ecommerce_db' is ready

      at log (C:\Users\hp\OneDrive - bdu.edu.et(Bahir Dar)../../../../../../Internship/Ethiopia Ecommerce/ecommerce-backend/src/config/database.js:19:13)

  console.log
    Γ£ô Database connection established successfully (attempt 1/3)

      at log (C:\Users\hp\OneDrive - bdu.edu.et(Bahir Dar)../../../../../../Internship/Ethiopia Ecommerce/ecommerce-backend/src/config/database.js:81:15)

  console.log
    Validating payment configuration...

      at log (C:\Users\hp\OneDrive - bdu.edu.et(Bahir Dar)../../../../../../Internship/Ethiopia Ecommerce/ecommerce-backend/src/server.js:169:13)

  console.log
    Γ£ô Payment configuration validated successfully

      at log (C:\Users\hp\OneDrive - bdu.edu.et(Bahir Dar)../../../../../../Internship/Ethiopia Ecommerce/ecommerce-backend/src/config/payment.js:78:11)

  console.log
      Environment: test

      at log (C:\Users\hp\OneDrive - bdu.edu.et(Bahir Dar)../../../../../../Internship/Ethiopia Ecommerce/ecommerce-backend/src/config/payment.js:79:11)

  console.log
      Test Mode: ENABLED

      at log (C:\Users\hp\OneDrive - bdu.edu.et(Bahir Dar)../../../../../../Internship/Ethiopia Ecommerce/ecommerce-backend/src/config/payment.js:80:11)

  console.log
      Currency: ETB

      at log (C:\Users\hp\OneDrive - bdu.edu.et(Bahir Dar)../../../../../../Internship/Ethiopia Ecommerce/ecommerce-backend/src/config/payment.js:81:11)

  console.log
    Validating Chapa URLs...

      at log (C:\Users\hp\OneDrive - bdu.edu.et(Bahir Dar)../../../../../../Internship/Ethiopia Ecommerce/ecommerce-backend/src/server.js:173:13)

  console.log
    Γ£ô CHAPA_CALLBACK_URL: http://localhost:5000/api/payments/webhook

      at log (C:\Users\hp\OneDrive - bdu.edu.et(Bahir Dar)../../../../../../Internship/Ethiopia Ecommerce/ecommerce-backend/src/server.js:239:15)

  console.log
    Γ£ô CHAPA_RETURN_URL: http://localhost:3000/payment/return

      at log (C:\Users\hp\OneDrive - bdu.edu.et(Bahir Dar)../../../../../../Internship/Ethiopia Ecommerce/ecommerce-backend/src/server.js:296:15)

  console.log
    Synchronizing database models...

      at log (C:\Users\hp\OneDrive - bdu.edu.et(Bahir Dar)../../../../../../Internship/Ethiopia Ecommerce/ecommerce-backend/src/server.js:310:13)

FAIL test/integration/webhook-callback-flow.integration.test.js
  Integration Test: Webhook Callback Flow
    Step 1: Initial State - Order with Payment Initialized
      ├ù should have order with pending payment status (1 ms)
      ├ù should have payment record with pending status
    Step 2: Simulate Chapa Webhook Callback
      ├ù should send webhook callback to POST /api/payments/callback (1 ms)
      ├ù should respond with HTTP 200 immediately
      ├ù should log callback receipt with timestamp, tx_ref, and status (1 ms)
    Step 5: Async Verification with Chapa API
      ├ù should trigger server-side verification
    Step 6: Payment Record Update
      ├ù should update payment record with verified status
    Step 7: Order Status Update
      ├ù should update order status to confirmed or paid (1 ms)
    Step 8: Transaction Visibility - Customer Order History
      ├ù should make transaction visible in customer order history
    Step 9: Transaction Visibility - Seller Earnings Dashboard
      ├ù should make transaction visible in seller earnings dashboard (1 ms)
    Step 10: Transaction Visibility - Admin Payment Management
      ├ù should make transaction visible in admin payment management
    Summary: Webhook Callback Flow Validation
      ├ù should document the complete webhook callback flow

  ΓùÅ Integration Test: Webhook Callback Flow ΓÇ║ Step 1: Initial State - Order with 
Payment Initialized ΓÇ║ should have order with pending payment status

    SequelizeValidationError: notNull Violation: OrderItem.price_at_purchase cannot 
be null

    [0m [90m 124 |[39m
     [90m 125 |[39m     [90m// Create order items[39m
    [31m[1m>[22m[39m[90m 126 |[39m     [36mawait[39m 
[33mOrderItem[39m[33m.[39mcreate({
     [90m     |[39m     [31m[1m^[22m[39m
     [90m 127 |[39m       order_id[33m:[39m testOrder[33m.[39mid[33m,[39m
     [90m 128 |[39m       product_id[33m:[39m testProduct[33m.[39mid[33m,[39m
     [90m 129 |[39m       seller_id[33m:[39m 
testSeller[33m.[39mid[33m,[39m[0m

      at InstanceValidator._validate (C:\Users\hp\OneDrive - bdu.edu.et(Bahir 
Dar)../../../../../../Internship/Ethiopia 
Ecommerce/ecommerce-backend/node_modules/sequelize/src/instance-validator.js:78:13)
      at InstanceValidator._validateAndRunHooks (C:\Users\hp\OneDrive - 
bdu.edu.et(Bahir Dar)../../../../../../Internship/Ethiopia 
Ecommerce/ecommerce-backend/node_modules/sequelize/src/instance-validator.js:111:7)
      at InstanceValidator.validate (C:\Users\hp\OneDrive - bdu.edu.et(Bahir 
Dar)../../../../../../Internship/Ethiopia 
Ecommerce/ecommerce-backend/node_modules/sequelize/src/instance-validator.js:93:12)
      at model.save (C:\Users\hp\OneDrive - bdu.edu.et(Bahir 
Dar)../../../../../../Internship/Ethiopia 
Ecommerce/ecommerce-backend/node_modules/sequelize/src/model.js:4077:7)
      at OrderItem.create (C:\Users\hp\OneDrive - bdu.edu.et(Bahir 
Dar)../../../../../../Internship/Ethiopia 
Ecommerce/ecommerce-backend/node_modules/sequelize/src/model.js:2305:12)
      at Object.<anonymous> (C:\Users\hp\OneDrive - bdu.edu.et(Bahir 
Dar)../../../../../../Internship/Ethiopia Ecommerce/ecommerce-backend/test/integratio
n/webhook-callback-flow.integration.test.js:126:5)

  ΓùÅ Integration Test: Webhook Callback Flow ΓÇ║ Step 1: Initial State - Order with 
Payment Initialized ΓÇ║ should have payment record with pending status

    SequelizeValidationError: notNull Violation: OrderItem.price_at_purchase cannot 
be null

    [0m [90m 124 |[39m
     [90m 125 |[39m     [90m// Create order items[39m
    [31m[1m>[22m[39m[90m 126 |[39m     [36mawait[39m 
[33mOrderItem[39m[33m.[39mcreate({
     [90m     |[39m     [31m[1m^[22m[39m
     [90m 127 |[39m       order_id[33m:[39m testOrder[33m.[39mid[33m,[39m
     [90m 128 |[39m       product_id[33m:[39m testProduct[33m.[39mid[33m,[39m
     [90m 129 |[39m       seller_id[33m:[39m 
testSeller[33m.[39mid[33m,[39m[0m

      at InstanceValidator._validate (C:\Users\hp\OneDrive - bdu.edu.et(Bahir 
Dar)../../../../../../Internship/Ethiopia 
Ecommerce/ecommerce-backend/node_modules/sequelize/src/instance-validator.js:78:13)
      at InstanceValidator._validateAndRunHooks (C:\Users\hp\OneDrive - 
bdu.edu.et(Bahir Dar)../../../../../../Internship/Ethiopia 
Ecommerce/ecommerce-backend/node_modules/sequelize/src/instance-validator.js:111:7)
      at InstanceValidator.validate (C:\Users\hp\OneDrive - bdu.edu.et(Bahir 
Dar)../../../../../../Internship/Ethiopia 
Ecommerce/ecommerce-backend/node_modules/sequelize/src/instance-validator.js:93:12)
      at model.save (C:\Users\hp\OneDrive - bdu.edu.et(Bahir 
Dar)../../../../../../Internship/Ethiopia 
Ecommerce/ecommerce-backend/node_modules/sequelize/src/model.js:4077:7)
      at OrderItem.create (C:\Users\hp\OneDrive - bdu.edu.et(Bahir 
Dar)../../../../../../Internship/Ethiopia 
Ecommerce/ecommerce-backend/node_modules/sequelize/src/model.js:2305:12)
      at Object.<anonymous> (C:\Users\hp\OneDrive - bdu.edu.et(Bahir 
Dar)../../../../../../Internship/Ethiopia Ecommerce/ecommerce-backend/test/integratio
n/webhook-callback-flow.integration.test.js:126:5)

  ΓùÅ Integration Test: Webhook Callback Flow ΓÇ║ Step 2: Simulate Chapa Webhook 
Callback ΓÇ║ should send webhook callback to POST /api/payments/callback

    SequelizeValidationError: notNull Violation: OrderItem.price_at_purchase cannot 
be null

    [0m [90m 124 |[39m
     [90m 125 |[39m     [90m// Create order items[39m
    [31m[1m>[22m[39m[90m 126 |[39m     [36mawait[39m 
[33mOrderItem[39m[33m.[39mcreate({
     [90m     |[39m     [31m[1m^[22m[39m
     [90m 127 |[39m       order_id[33m:[39m testOrder[33m.[39mid[33m,[39m
     [90m 128 |[39m       product_id[33m:[39m testProduct[33m.[39mid[33m,[39m
     [90m 129 |[39m       seller_id[33m:[39m 
testSeller[33m.[39mid[33m,[39m[0m

      at InstanceValidator._validate (C:\Users\hp\OneDrive - bdu.edu.et(Bahir 
Dar)../../../../../../Internship/Ethiopia 
Ecommerce/ecommerce-backend/node_modules/sequelize/src/instance-validator.js:78:13)
      at InstanceValidator._validateAndRunHooks (C:\Users\hp\OneDrive - 
bdu.edu.et(Bahir Dar)../../../../../../Internship/Ethiopia 
Ecommerce/ecommerce-backend/node_modules/sequelize/src/instance-validator.js:111:7)
      at InstanceValidator.validate (C:\Users\hp\OneDrive - bdu.edu.et(Bahir 
Dar)../../../../../../Internship/Ethiopia 
Ecommerce/ecommerce-backend/node_modules/sequelize/src/instance-validator.js:93:12)
      at model.save (C:\Users\hp\OneDrive - bdu.edu.et(Bahir 
Dar)../../../../../../Internship/Ethiopia 
Ecommerce/ecommerce-backend/node_modules/sequelize/src/model.js:4077:7)
      at OrderItem.create (C:\Users\hp\OneDrive - bdu.edu.et(Bahir 
Dar)../../../../../../Internship/Ethiopia 
Ecommerce/ecommerce-backend/node_modules/sequelize/src/model.js:2305:12)
      at Object.<anonymous> (C:\Users\hp\OneDrive - bdu.edu.et(Bahir 
Dar)../../../../../../Internship/Ethiopia Ecommerce/ecommerce-backend/test/integratio
n/webhook-callback-flow.integration.test.js:126:5)

  ΓùÅ Integration Test: Webhook Callback Flow ΓÇ║ Step 2: Simulate Chapa Webhook 
Callback ΓÇ║ should respond with HTTP 200 immediately

    SequelizeValidationError: notNull Violation: OrderItem.price_at_purchase cannot 
be null

    [0m [90m 124 |[39m
     [90m 125 |[39m     [90m// Create order items[39m
    [31m[1m>[22m[39m[90m 126 |[39m     [36mawait[39m 
[33mOrderItem[39m[33m.[39mcreate({
     [90m     |[39m     [31m[1m^[22m[39m
     [90m 127 |[39m       order_id[33m:[39m testOrder[33m.[39mid[33m,[39m
     [90m 128 |[39m       product_id[33m:[39m testProduct[33m.[39mid[33m,[39m
     [90m 129 |[39m       seller_id[33m:[39m 
testSeller[33m.[39mid[33m,[39m[0m

      at InstanceValidator._validate (C:\Users\hp\OneDrive - bdu.edu.et(Bahir 
Dar)../../../../../../Internship/Ethiopia 
Ecommerce/ecommerce-backend/node_modules/sequelize/src/instance-validator.js:78:13)
      at InstanceValidator._validateAndRunHooks (C:\Users\hp\OneDrive - 
bdu.edu.et(Bahir Dar)../../../../../../Internship/Ethiopia 
Ecommerce/ecommerce-backend/node_modules/sequelize/src/instance-validator.js:111:7)
      at InstanceValidator.validate (C:\Users\hp\OneDrive - bdu.edu.et(Bahir 
Dar)../../../../../../Internship/Ethiopia 
Ecommerce/ecommerce-backend/node_modules/sequelize/src/instance-validator.js:93:12)
      at model.save (C:\Users\hp\OneDrive - bdu.edu.et(Bahir 
Dar)../../../../../../Internship/Ethiopia 
Ecommerce/ecommerce-backend/node_modules/sequelize/src/model.js:4077:7)
      at OrderItem.create (C:\Users\hp\OneDrive - bdu.edu.et(Bahir 
Dar)../../../../../../Internship/Ethiopia 
Ecommerce/ecommerce-backend/node_modules/sequelize/src/model.js:2305:12)
      at Object.<anonymous> (C:\Users\hp\OneDrive - bdu.edu.et(Bahir 
Dar)../../../../../../Internship/Ethiopia Ecommerce/ecommerce-backend/test/integratio
n/webhook-callback-flow.integration.test.js:126:5)

  ΓùÅ Integration Test: Webhook Callback Flow ΓÇ║ Step 2: Simulate Chapa Webhook 
Callback ΓÇ║ should log callback receipt with timestamp, tx_ref, and status

    SequelizeValidationError: notNull Violation: OrderItem.price_at_purchase cannot 
be null

    [0m [90m 124 |[39m
     [90m 125 |[39m     [90m// Create order items[39m
    [31m[1m>[22m[39m[90m 126 |[39m     [36mawait[39m 
[33mOrderItem[39m[33m.[39mcreate({
     [90m     |[39m     [31m[1m^[22m[39m
     [90m 127 |[39m       order_id[33m:[39m testOrder[33m.[39mid[33m,[39m
     [90m 128 |[39m       product_id[33m:[39m testProduct[33m.[39mid[33m,[39m
     [90m 129 |[39m       seller_id[33m:[39m 
testSeller[33m.[39mid[33m,[39m[0m

      at InstanceValidator._validate (C:\Users\hp\OneDrive - bdu.edu.et(Bahir 
Dar)../../../../../../Internship/Ethiopia 
Ecommerce/ecommerce-backend/node_modules/sequelize/src/instance-validator.js:78:13)
      at InstanceValidator._validateAndRunHooks (C:\Users\hp\OneDrive - 
bdu.edu.et(Bahir Dar)../../../../../../Internship/Ethiopia 
Ecommerce/ecommerce-backend/node_modules/sequelize/src/instance-validator.js:111:7)
      at InstanceValidator.validate (C:\Users\hp\OneDrive - bdu.edu.et(Bahir 
Dar)../../../../../../Internship/Ethiopia 
Ecommerce/ecommerce-backend/node_modules/sequelize/src/instance-validator.js:93:12)
      at model.save (C:\Users\hp\OneDrive - bdu.edu.et(Bahir 
Dar)../../../../../../Internship/Ethiopia 
Ecommerce/ecommerce-backend/node_modules/sequelize/src/model.js:4077:7)
      at OrderItem.create (C:\Users\hp\OneDrive - bdu.edu.et(Bahir 
Dar)../../../../../../Internship/Ethiopia 
Ecommerce/ecommerce-backend/node_modules/sequelize/src/model.js:2305:12)
      at Object.<anonymous> (C:\Users\hp\OneDrive - bdu.edu.et(Bahir 
Dar)../../../../../../Internship/Ethiopia Ecommerce/ecommerce-backend/test/integratio
n/webhook-callback-flow.integration.test.js:126:5)

  ΓùÅ Integration Test: Webhook Callback Flow ΓÇ║ Step 5: Async Verification with 
Chapa API ΓÇ║ should trigger server-side verification

    SequelizeValidationError: notNull Violation: OrderItem.price_at_purchase cannot 
be null

    [0m [90m 124 |[39m
     [90m 125 |[39m     [90m// Create order items[39m
    [31m[1m>[22m[39m[90m 126 |[39m     [36mawait[39m 
[33mOrderItem[39m[33m.[39mcreate({
     [90m     |[39m     [31m[1m^[22m[39m
     [90m 127 |[39m       order_id[33m:[39m testOrder[33m.[39mid[33m,[39m
     [90m 128 |[39m       product_id[33m:[39m testProduct[33m.[39mid[33m,[39m
     [90m 129 |[39m       seller_id[33m:[39m 
testSeller[33m.[39mid[33m,[39m[0m

      at InstanceValidator._validate (C:\Users\hp\OneDrive - bdu.edu.et(Bahir 
Dar)../../../../../../Internship/Ethiopia 
Ecommerce/ecommerce-backend/node_modules/sequelize/src/instance-validator.js:78:13)
      at InstanceValidator._validateAndRunHooks (C:\Users\hp\OneDrive - 
bdu.edu.et(Bahir Dar)../../../../../../Internship/Ethiopia 
Ecommerce/ecommerce-backend/node_modules/sequelize/src/instance-validator.js:111:7)
      at InstanceValidator.validate (C:\Users\hp\OneDrive - bdu.edu.et(Bahir 
Dar)../../../../../../Internship/Ethiopia 
Ecommerce/ecommerce-backend/node_modules/sequelize/src/instance-validator.js:93:12)
      at model.save (C:\Users\hp\OneDrive - bdu.edu.et(Bahir 
Dar)../../../../../../Internship/Ethiopia 
Ecommerce/ecommerce-backend/node_modules/sequelize/src/model.js:4077:7)
      at OrderItem.create (C:\Users\hp\OneDrive - bdu.edu.et(Bahir 
Dar)../../../../../../Internship/Ethiopia 
Ecommerce/ecommerce-backend/node_modules/sequelize/src/model.js:2305:12)
      at Object.<anonymous> (C:\Users\hp\OneDrive - bdu.edu.et(Bahir 
Dar)../../../../../../Internship/Ethiopia Ecommerce/ecommerce-backend/test/integratio
n/webhook-callback-flow.integration.test.js:126:5)

  ΓùÅ Integration Test: Webhook Callback Flow ΓÇ║ Step 6: Payment Record Update ΓÇ║ 
should update payment record with verified status

    SequelizeValidationError: notNull Violation: OrderItem.price_at_purchase cannot 
be null

    [0m [90m 124 |[39m
     [90m 125 |[39m     [90m// Create order items[39m
    [31m[1m>[22m[39m[90m 126 |[39m     [36mawait[39m 
[33mOrderItem[39m[33m.[39mcreate({
     [90m     |[39m     [31m[1m^[22m[39m
     [90m 127 |[39m       order_id[33m:[39m testOrder[33m.[39mid[33m,[39m
     [90m 128 |[39m       product_id[33m:[39m testProduct[33m.[39mid[33m,[39m
     [90m 129 |[39m       seller_id[33m:[39m 
testSeller[33m.[39mid[33m,[39m[0m

      at InstanceValidator._validate (C:\Users\hp\OneDrive - bdu.edu.et(Bahir 
Dar)../../../../../../Internship/Ethiopia 
Ecommerce/ecommerce-backend/node_modules/sequelize/src/instance-validator.js:78:13)
      at InstanceValidator._validateAndRunHooks (C:\Users\hp\OneDrive - 
bdu.edu.et(Bahir Dar)../../../../../../Internship/Ethiopia 
Ecommerce/ecommerce-backend/node_modules/sequelize/src/instance-validator.js:111:7)
      at InstanceValidator.validate (C:\Users\hp\OneDrive - bdu.edu.et(Bahir 
Dar)../../../../../../Internship/Ethiopia 
Ecommerce/ecommerce-backend/node_modules/sequelize/src/instance-validator.js:93:12)
      at model.save (C:\Users\hp\OneDrive - bdu.edu.et(Bahir 
Dar)../../../../../../Internship/Ethiopia 
Ecommerce/ecommerce-backend/node_modules/sequelize/src/model.js:4077:7)
      at OrderItem.create (C:\Users\hp\OneDrive - bdu.edu.et(Bahir 
Dar)../../../../../../Internship/Ethiopia 
Ecommerce/ecommerce-backend/node_modules/sequelize/src/model.js:2305:12)
      at Object.<anonymous> (C:\Users\hp\OneDrive - bdu.edu.et(Bahir 
Dar)../../../../../../Internship/Ethiopia Ecommerce/ecommerce-backend/test/integratio
n/webhook-callback-flow.integration.test.js:126:5)

  ΓùÅ Integration Test: Webhook Callback Flow ΓÇ║ Step 7: Order Status Update ΓÇ║ 
should update order status to confirmed or paid

    SequelizeValidationError: notNull Violation: OrderItem.price_at_purchase cannot 
be null

    [0m [90m 124 |[39m
     [90m 125 |[39m     [90m// Create order items[39m
    [31m[1m>[22m[39m[90m 126 |[39m     [36mawait[39m 
[33mOrderItem[39m[33m.[39mcreate({
     [90m     |[39m     [31m[1m^[22m[39m
     [90m 127 |[39m       order_id[33m:[39m testOrder[33m.[39mid[33m,[39m
     [90m 128 |[39m       product_id[33m:[39m testProduct[33m.[39mid[33m,[39m
     [90m 129 |[39m       seller_id[33m:[39m 
testSeller[33m.[39mid[33m,[39m[0m

      at InstanceValidator._validate (C:\Users\hp\OneDrive - bdu.edu.et(Bahir 
Dar)../../../../../../Internship/Ethiopia 
Ecommerce/ecommerce-backend/node_modules/sequelize/src/instance-validator.js:78:13)
      at InstanceValidator._validateAndRunHooks (C:\Users\hp\OneDrive - 
bdu.edu.et(Bahir Dar)../../../../../../Internship/Ethiopia 
Ecommerce/ecommerce-backend/node_modules/sequelize/src/instance-validator.js:111:7)
      at InstanceValidator.validate (C:\Users\hp\OneDrive - bdu.edu.et(Bahir 
Dar)../../../../../../Internship/Ethiopia 
Ecommerce/ecommerce-backend/node_modules/sequelize/src/instance-validator.js:93:12)
      at model.save (C:\Users\hp\OneDrive - bdu.edu.et(Bahir 
Dar)../../../../../../Internship/Ethiopia 
Ecommerce/ecommerce-backend/node_modules/sequelize/src/model.js:4077:7)
      at OrderItem.create (C:\Users\hp\OneDrive - bdu.edu.et(Bahir 
Dar)../../../../../../Internship/Ethiopia 
Ecommerce/ecommerce-backend/node_modules/sequelize/src/model.js:2305:12)
      at Object.<anonymous> (C:\Users\hp\OneDrive - bdu.edu.et(Bahir 
Dar)../../../../../../Internship/Ethiopia Ecommerce/ecommerce-backend/test/integratio
n/webhook-callback-flow.integration.test.js:126:5)

  ΓùÅ Integration Test: Webhook Callback Flow ΓÇ║ Step 8: Transaction Visibility - 
Customer Order History ΓÇ║ should make transaction visible in customer order history

    SequelizeValidationError: notNull Violation: OrderItem.price_at_purchase cannot 
be null

    [0m [90m 124 |[39m
     [90m 125 |[39m     [90m// Create order items[39m
    [31m[1m>[22m[39m[90m 126 |[39m     [36mawait[39m 
[33mOrderItem[39m[33m.[39mcreate({
     [90m     |[39m     [31m[1m^[22m[39m
     [90m 127 |[39m       order_id[33m:[39m testOrder[33m.[39mid[33m,[39m
     [90m 128 |[39m       product_id[33m:[39m testProduct[33m.[39mid[33m,[39m
     [90m 129 |[39m       seller_id[33m:[39m 
testSeller[33m.[39mid[33m,[39m[0m

      at InstanceValidator._validate (C:\Users\hp\OneDrive - bdu.edu.et(Bahir 
Dar)../../../../../../Internship/Ethiopia 
Ecommerce/ecommerce-backend/node_modules/sequelize/src/instance-validator.js:78:13)
      at InstanceValidator._validateAndRunHooks (C:\Users\hp\OneDrive - 
bdu.edu.et(Bahir Dar)../../../../../../Internship/Ethiopia 
Ecommerce/ecommerce-backend/node_modules/sequelize/src/instance-validator.js:111:7)
      at InstanceValidator.validate (C:\Users\hp\OneDrive - bdu.edu.et(Bahir 
Dar)../../../../../../Internship/Ethiopia 
Ecommerce/ecommerce-backend/node_modules/sequelize/src/instance-validator.js:93:12)
      at model.save (C:\Users\hp\OneDrive - bdu.edu.et(Bahir 
Dar)../../../../../../Internship/Ethiopia 
Ecommerce/ecommerce-backend/node_modules/sequelize/src/model.js:4077:7)
      at OrderItem.create (C:\Users\hp\OneDrive - bdu.edu.et(Bahir 
Dar)../../../../../../Internship/Ethiopia 
Ecommerce/ecommerce-backend/node_modules/sequelize/src/model.js:2305:12)
      at Object.<anonymous> (C:\Users\hp\OneDrive - bdu.edu.et(Bahir 
Dar)../../../../../../Internship/Ethiopia Ecommerce/ecommerce-backend/test/integratio
n/webhook-callback-flow.integration.test.js:126:5)

  ΓùÅ Integration Test: Webhook Callback Flow ΓÇ║ Step 9: Transaction Visibility - 
Seller Earnings Dashboard ΓÇ║ should make transaction visible in seller earnings 
dashboard

    SequelizeValidationError: notNull Violation: OrderItem.price_at_purchase cannot 
be null

    [0m [90m 124 |[39m
     [90m 125 |[39m     [90m// Create order items[39m
    [31m[1m>[22m[39m[90m 126 |[39m     [36mawait[39m 
[33mOrderItem[39m[33m.[39mcreate({
     [90m     |[39m     [31m[1m^[22m[39m
     [90m 127 |[39m       order_id[33m:[39m testOrder[33m.[39mid[33m,[39m
     [90m 128 |[39m       product_id[33m:[39m testProduct[33m.[39mid[33m,[39m
     [90m 129 |[39m       seller_id[33m:[39m 
testSeller[33m.[39mid[33m,[39m[0m

      at InstanceValidator._validate (C:\Users\hp\OneDrive - bdu.edu.et(Bahir 
Dar)../../../../../../Internship/Ethiopia 
Ecommerce/ecommerce-backend/node_modules/sequelize/src/instance-validator.js:78:13)
      at InstanceValidator._validateAndRunHooks (C:\Users\hp\OneDrive - 
bdu.edu.et(Bahir Dar)../../../../../../Internship/Ethiopia 
Ecommerce/ecommerce-backend/node_modules/sequelize/src/instance-validator.js:111:7)
      at InstanceValidator.validate (C:\Users\hp\OneDrive - bdu.edu.et(Bahir 
Dar)../../../../../../Internship/Ethiopia 
Ecommerce/ecommerce-backend/node_modules/sequelize/src/instance-validator.js:93:12)
      at model.save (C:\Users\hp\OneDrive - bdu.edu.et(Bahir 
Dar)../../../../../../Internship/Ethiopia 
Ecommerce/ecommerce-backend/node_modules/sequelize/src/model.js:4077:7)
      at OrderItem.create (C:\Users\hp\OneDrive - bdu.edu.et(Bahir 
Dar)../../../../../../Internship/Ethiopia 
Ecommerce/ecommerce-backend/node_modules/sequelize/src/model.js:2305:12)
      at Object.<anonymous> (C:\Users\hp\OneDrive - bdu.edu.et(Bahir 
Dar)../../../../../../Internship/Ethiopia Ecommerce/ecommerce-backend/test/integratio
n/webhook-callback-flow.integration.test.js:126:5)

  ΓùÅ Integration Test: Webhook Callback Flow ΓÇ║ Step 10: Transaction Visibility - 
Admin Payment Management ΓÇ║ should make transaction visible in admin payment 
management

    SequelizeValidationError: notNull Violation: OrderItem.price_at_purchase cannot 
be null

    [0m [90m 124 |[39m
     [90m 125 |[39m     [90m// Create order items[39m
    [31m[1m>[22m[39m[90m 126 |[39m     [36mawait[39m 
[33mOrderItem[39m[33m.[39mcreate({
     [90m     |[39m     [31m[1m^[22m[39m
     [90m 127 |[39m       order_id[33m:[39m testOrder[33m.[39mid[33m,[39m
     [90m 128 |[39m       product_id[33m:[39m testProduct[33m.[39mid[33m,[39m
     [90m 129 |[39m       seller_id[33m:[39m 
testSeller[33m.[39mid[33m,[39m[0m

      at InstanceValidator._validate (C:\Users\hp\OneDrive - bdu.edu.et(Bahir 
Dar)../../../../../../Internship/Ethiopia 
Ecommerce/ecommerce-backend/node_modules/sequelize/src/instance-validator.js:78:13)
      at InstanceValidator._validateAndRunHooks (C:\Users\hp\OneDrive - 
bdu.edu.et(Bahir Dar)../../../../../../Internship/Ethiopia 
Ecommerce/ecommerce-backend/node_modules/sequelize/src/instance-validator.js:111:7)
      at InstanceValidator.validate (C:\Users\hp\OneDrive - bdu.edu.et(Bahir 
Dar)../../../../../../Internship/Ethiopia 
Ecommerce/ecommerce-backend/node_modules/sequelize/src/instance-validator.js:93:12)
      at model.save (C:\Users\hp\OneDrive - bdu.edu.et(Bahir 
Dar)../../../../../../Internship/Ethiopia 
Ecommerce/ecommerce-backend/node_modules/sequelize/src/model.js:4077:7)
      at OrderItem.create (C:\Users\hp\OneDrive - bdu.edu.et(Bahir 
Dar)../../../../../../Internship/Ethiopia 
Ecommerce/ecommerce-backend/node_modules/sequelize/src/model.js:2305:12)
      at Object.<anonymous> (C:\Users\hp\OneDrive - bdu.edu.et(Bahir 
Dar)../../../../../../Internship/Ethiopia Ecommerce/ecommerce-backend/test/integratio
n/webhook-callback-flow.integration.test.js:126:5)

  ΓùÅ Integration Test: Webhook Callback Flow ΓÇ║ Summary: Webhook Callback Flow 
Validation ΓÇ║ should document the complete webhook callback flow

    SequelizeValidationError: notNull Violation: OrderItem.price_at_purchase cannot 
be null

    [0m [90m 124 |[39m
     [90m 125 |[39m     [90m// Create order items[39m
    [31m[1m>[22m[39m[90m 126 |[39m     [36mawait[39m 
[33mOrderItem[39m[33m.[39mcreate({
     [90m     |[39m     [31m[1m^[22m[39m
     [90m 127 |[39m       order_id[33m:[39m testOrder[33m.[39mid[33m,[39m
     [90m 128 |[39m       product_id[33m:[39m testProduct[33m.[39mid[33m,[39m
     [90m 129 |[39m       seller_id[33m:[39m 
testSeller[33m.[39mid[33m,[39m[0m

      at InstanceValidator._validate (C:\Users\hp\OneDrive - bdu.edu.et(Bahir 
Dar)../../../../../../Internship/Ethiopia 
Ecommerce/ecommerce-backend/node_modules/sequelize/src/instance-validator.js:78:13)
      at InstanceValidator._validateAndRunHooks (C:\Users\hp\OneDrive - 
bdu.edu.et(Bahir Dar)../../../../../../Internship/Ethiopia 
Ecommerce/ecommerce-backend/node_modules/sequelize/src/instance-validator.js:111:7)
      at InstanceValidator.validate (C:\Users\hp\OneDrive - bdu.edu.et(Bahir 
Dar)../../../../../../Internship/Ethiopia 
Ecommerce/ecommerce-backend/node_modules/sequelize/src/instance-validator.js:93:12)
      at model.save (C:\Users\hp\OneDrive - bdu.edu.et(Bahir 
Dar)../../../../../../Internship/Ethiopia 
Ecommerce/ecommerce-backend/node_modules/sequelize/src/model.js:4077:7)
      at OrderItem.create (C:\Users\hp\OneDrive - bdu.edu.et(Bahir 
Dar)../../../../../../Internship/Ethiopia 
Ecommerce/ecommerce-backend/node_modules/sequelize/src/model.js:2305:12)
      at Object.<anonymous> (C:\Users\hp\OneDrive - bdu.edu.et(Bahir 
Dar)../../../../../../Internship/Ethiopia Ecommerce/ecommerce-backend/test/integratio
n/webhook-callback-flow.integration.test.js:126:5)

  console.log
    [dotenv@17.3.1] injecting env (32) from .env -- tip: ΓÜÖ∩╕Å  write to custom object with { processEnv: myObject }

      at _log (C:\Users\hp\OneDrive - bdu.edu.et(Bahir Dar)../../../../../../Internship/Ethiopia Ecommerce/ecommerce-backend/node_modules/dotenv/lib/main.js:139:11)

  console.log
    [dotenv@17.3.1] injecting env (0) from .env -- tip: ΓÜÖ∩╕Å  load multiple .env files with { path: ['.env.local', '.env'] }

      at _log (C:\Users\hp\OneDrive - bdu.edu.et(Bahir Dar)../../../../../../Internship/Ethiopia Ecommerce/ecommerce-backend/node_modules/dotenv/lib/main.js:139:11)

  console.log
    [dotenv@17.3.1] injecting env (0) from .env -- tip: ΓÜÖ∩╕Å  enable debug logging with { debug: true }

      at _log (C:\Users\hp\OneDrive - bdu.edu.et(Bahir Dar)../../../../../../Internship/Ethiopia Ecommerce/ecommerce-backend/node_modules/dotenv/lib/main.js:139:11)

  console.log
    [dotenv@17.3.1] injecting env (0) from .env -- tip: ≡ƒ¢í∩╕Å auth for agents: https://vestauth.com

      at _log (C:\Users\hp\OneDrive - bdu.edu.et(Bahir Dar)../../../../../../Internship/Ethiopia Ecommerce/ecommerce-backend/node_modules/dotenv/lib/main.js:139:11)

  console.log
    [dotenv@17.3.1] injecting env (0) from .env -- tip: ΓÜÖ∩╕Å  suppress all logs with { quiet: true }

      at _log (C:\Users\hp\OneDrive - bdu.edu.et(Bahir Dar)../../../../../../Internship/Ethiopia Ecommerce/ecommerce-backend/node_modules/dotenv/lib/main.js:139:11)

  console.log
    [dotenv@17.3.1] injecting env (0) from .env -- tip: ΓÜÖ∩╕Å  load multiple .env files with { path: ['.env.local', '.env'] }

      at _log (C:\Users\hp\OneDrive - bdu.edu.et(Bahir Dar)../../../../../../Internship/Ethiopia Ecommerce/ecommerce-backend/node_modules/dotenv/lib/main.js:139:11)

  console.warn
    Firebase Service Account Key not found. Push Notifications will be disabled. Check PUSH_NOTIFICATIONS_SETUP_GUIDE.md for setup instructions.

    [0m [90m 20 |[39m   }
     [90m 21 |[39m } [36melse[39m {
    [31m[1m>[22m[39m[90m 22 |[39m   console[33m.[39mwarn([32m'Firebase Service Account Key not found. Push Notifications will be disabled. Check PUSH_NOTIFICATIONS_SETUP_GUIDE.md for setup instructions.'[39m)[33m;[39m
     [90m    |[39m           [31m[1m^[22m[39m
     [90m 23 |[39m }
     [90m 24 |[39m
     [90m 25 |[39m [90m/**[39m[0m

      at Object.warn (C:\Users\hp\OneDrive - bdu.edu.et(Bahir Dar)../../../../../../Internship/Ethiopia Ecommerce/ecommerce-backend/src/services/pushNotificationService.js:22:11)
      at Object.require (C:\Users\hp\OneDrive - bdu.edu.et(Bahir Dar)../../../../../../Internship/Ethiopia Ecommerce/ecommerce-backend/src/services/notificationService.js:1:34)
      at Object.require (C:\Users\hp\OneDrive - bdu.edu.et(Bahir Dar)../../../../../../Internship/Ethiopia Ecommerce/ecommerce-backend/src/services/orderStatusService.js:2:29)
      at Object.require (C:\Users\hp\OneDrive - bdu.edu.et(Bahir Dar)../../../../../../Internship/Ethiopia Ecommerce/ecommerce-backend/src/controllers/sellerController.js:9:28)
      at Object.require (C:\Users\hp\OneDrive - bdu.edu.et(Bahir Dar)../../../../../../Internship/Ethiopia Ecommerce/ecommerce-backend/src/routes/sellerRoutes.js:3:26)
      at Object.require (C:\Users\hp\OneDrive - bdu.edu.et(Bahir Dar)../../../../../../Internship/Ethiopia Ecommerce/ecommerce-backend/src/server.js:18:22)
      at Object.require (C:\Users\hp\OneDrive - bdu.edu.et(Bahir Dar)../../../../../../Internship/Ethiopia Ecommerce/ecommerce-backend/test/integration/transaction-visibility.integration.test.js:24:13)

  console.log
    Initializing database connection...

      at log (C:\Users\hp\OneDrive - bdu.edu.et(Bahir Dar)../../../../../../Internship/Ethiopia Ecommerce/ecommerce-backend/src/server.js:165:13)

  console.log
    Γ£ô Database 'ecommerce_db' is ready

      at log (C:\Users\hp\OneDrive - bdu.edu.et(Bahir Dar)../../../../../../Internship/Ethiopia Ecommerce/ecommerce-backend/src/config/database.js:19:13)

  console.log
    Γ£ô Database connection established successfully (attempt 1/3)

      at log (C:\Users\hp\OneDrive - bdu.edu.et(Bahir Dar)../../../../../../Internship/Ethiopia Ecommerce/ecommerce-backend/src/config/database.js:81:15)

  console.log
    Validating payment configuration...

      at log (C:\Users\hp\OneDrive - bdu.edu.et(Bahir Dar)../../../../../../Internship/Ethiopia Ecommerce/ecommerce-backend/src/server.js:169:13)

  console.log
    Γ£ô Payment configuration validated successfully

      at log (C:\Users\hp\OneDrive - bdu.edu.et(Bahir Dar)../../../../../../Internship/Ethiopia Ecommerce/ecommerce-backend/src/config/payment.js:78:11)

  console.log
      Environment: test

      at log (C:\Users\hp\OneDrive - bdu.edu.et(Bahir Dar)../../../../../../Internship/Ethiopia Ecommerce/ecommerce-backend/src/config/payment.js:79:11)

  console.log
      Test Mode: ENABLED

      at log (C:\Users\hp\OneDrive - bdu.edu.et(Bahir Dar)../../../../../../Internship/Ethiopia Ecommerce/ecommerce-backend/src/config/payment.js:80:11)

  console.log
      Currency: ETB

      at log (C:\Users\hp\OneDrive - bdu.edu.et(Bahir Dar)../../../../../../Internship/Ethiopia Ecommerce/ecommerce-backend/src/config/payment.js:81:11)

  console.log
    Validating Chapa URLs...

      at log (C:\Users\hp\OneDrive - bdu.edu.et(Bahir Dar)../../../../../../Internship/Ethiopia Ecommerce/ecommerce-backend/src/server.js:173:13)

  console.log
    Γ£ô CHAPA_CALLBACK_URL: http://localhost:5000/api/payments/webhook

      at log (C:\Users\hp\OneDrive - bdu.edu.et(Bahir Dar)../../../../../../Internship/Ethiopia Ecommerce/ecommerce-backend/src/server.js:239:15)

  console.log
    Γ£ô CHAPA_RETURN_URL: http://localhost:3000/payment/return

      at log (C:\Users\hp\OneDrive - bdu.edu.et(Bahir Dar)../../../../../../Internship/Ethiopia Ecommerce/ecommerce-backend/src/server.js:296:15)

  console.log
    Synchronizing database models...

      at log (C:\Users\hp\OneDrive - bdu.edu.et(Bahir Dar)../../../../../../Internship/Ethiopia Ecommerce/ecommerce-backend/src/server.js:310:13)

  console.log
    
    ========================================

      at Object.log (C:\Users\hp\OneDrive - bdu.edu.et(Bahir Dar)../../../../../../Internship/Ethiopia Ecommerce/ecommerce-backend/test/integration/transaction-visibility.integration.test.js:152:13)

  console.log
    TEST SETUP COMPLETE

      at Object.log (C:\Users\hp\OneDrive - bdu.edu.et(Bahir Dar)../../../../../../Internship/Ethiopia Ecommerce/ecommerce-backend/test/integration/transaction-visibility.integration.test.js:153:13)

  console.log
    ========================================

      at Object.log (C:\Users\hp\OneDrive - bdu.edu.et(Bahir Dar)../../../../../../Internship/Ethiopia Ecommerce/ecommerce-backend/test/integration/transaction-visibility.integration.test.js:154:13)

  console.log
    Customer: visibility-customer@test.com

      at Object.log (C:\Users\hp\OneDrive - bdu.edu.et(Bahir Dar)../../../../../../Internship/Ethiopia Ecommerce/ecommerce-backend/test/integration/transaction-visibility.integration.test.js:155:13)

  console.log
    Seller: visibility-seller@test.com

      at Object.log (C:\Users\hp\OneDrive - bdu.edu.et(Bahir Dar)../../../../../../Internship/Ethiopia Ecommerce/ecommerce-backend/test/integration/transaction-visibility.integration.test.js:156:13)

  console.log
    Admin: visibility-admin@test.com

      at Object.log (C:\Users\hp\OneDrive - bdu.edu.et(Bahir Dar)../../../../../../Internship/Ethiopia Ecommerce/ecommerce-backend/test/integration/transaction-visibility.integration.test.js:157:13)

  console.log
    Order ID: 90

      at Object.log (C:\Users\hp\OneDrive - bdu.edu.et(Bahir Dar)../../../../../../Internship/Ethiopia Ecommerce/ecommerce-backend/test/integration/transaction-visibility.integration.test.js:158:13)

  console.log
    Order Number: ORD-VISIBILITY-1772132209041

      at Object.log (C:\Users\hp\OneDrive - bdu.edu.et(Bahir Dar)../../../../../../Internship/Ethiopia Ecommerce/ecommerce-backend/test/integration/transaction-visibility.integration.test.js:159:13)

  console.log
    Payment ID: 60

      at Object.log (C:\Users\hp\OneDrive - bdu.edu.et(Bahir Dar)../../../../../../Internship/Ethiopia Ecommerce/ecommerce-backend/test/integration/transaction-visibility.integration.test.js:160:13)

  console.log
    Transaction Reference: VISIBILITY-TEST-1772132209041-r7q1kr

      at Object.log (C:\Users\hp\OneDrive - bdu.edu.et(Bahir Dar)../../../../../../Internship/Ethiopia Ecommerce/ecommerce-backend/test/integration/transaction-visibility.integration.test.js:161:13)

  console.log
    Total Amount: ETB 9100

      at Object.log (C:\Users\hp\OneDrive - bdu.edu.et(Bahir Dar)../../../../../../Internship/Ethiopia Ecommerce/ecommerce-backend/test/integration/transaction-visibility.integration.test.js:162:13)

  console.log
    Payment Status: success

      at Object.log (C:\Users\hp\OneDrive - bdu.edu.et(Bahir Dar)../../../../../../Internship/Ethiopia Ecommerce/ecommerce-backend/test/integration/transaction-visibility.integration.test.js:163:13)

  console.log
    ========================================

      at Object.log (C:\Users\hp\OneDrive - bdu.edu.et(Bahir Dar)../../../../../../Internship/Ethiopia Ecommerce/ecommerce-backend/test/integration/transaction-visibility.integration.test.js:164:13)

::ffff:127.0.0.1 - - [26/Feb/2026:18:56:49 +0000] "GET /api/orders/customer/orders HTTP/1.1" 200 - "-" "-"

  ΓùÅ  Cannot log after tests are done. Did you forget to wait for something async 
in your test?
    Attempted to log "Γ£ô Database models synchronized".

    [0m [90m 311 |[39m     [36mconst[39m syncOptions [33m=[39m { 
alter[33m:[39m [36mfalse[39m }[33m;[39m [90m// Don't modify schema to avoid 
datetime issues[39m
     [90m 312 |[39m     [36mawait[39m 
sequelize[33m.[39msync(syncOptions)[33m;[39m
    [31m[1m>[22m[39m[90m 313 |[39m     console[33m.[39mlog([32m'Γ£ô 
Database models synchronized'[39m)[33m;[39m
     [90m     |[39m             [31m[1m^[22m[39m
     [90m 314 |[39m     
     [90m 315 |[39m     [90m// Start listening[39m
     [90m 316 |[39m     [36mconst[39m [33mPORT[39m [33m=[39m 
config[33m.[39mport[33m;[39m[0m

      at console.log (C:\Users\hp\OneDrive - bdu.edu.et(Bahir 
Dar)../../../../../../Internship/Ethiopia 
Ecommerce/ecommerce-backend/node_modules/@jest/console/build/index.js:311:10)
      at log (C:\Users\hp\OneDrive - bdu.edu.et(Bahir 
Dar)../../../../../../Internship/Ethiopia 
Ecommerce/ecommerce-backend/src/server.js:313:13)


  ΓùÅ  Cannot log after tests are done. Did you forget to wait for something async 
in your test?
    Attempted to log "Γ£ô Server is running on port 5000".

    [0m [90m 317 |[39m     [36mconst[39m [33mHOST[39m [33m=[39m 
[32m'0.0.0.0'[39m[33m;[39m [90m// Listen on all network interfaces[39m
     [90m 318 |[39m     app[33m.[39mlisten([33mPORT[39m[33m,[39m 
[33mHOST[39m[33m,[39m () [33m=>[39m {
    [31m[1m>[22m[39m[90m 319 |[39m       console[33m.[39mlog([32m`Γ£ô 
Server is running on port ${PORT}`[39m)[33m;[39m
     [90m     |[39m               [31m[1m^[22m[39m
     [90m 320 |[39m       console[33m.[39mlog([32m`Γ£ô Environment: 
${config.nodeEnv}`[39m)[33m;[39m
     [90m 321 |[39m       console[33m.[39mlog([32m`Γ£ô API URL: 
http://localhost:${PORT}`[39m)[33m;[39m
     [90m 322 |[39m       console[33m.[39mlog([32m`Γ£ô Local Network: 
http://192.168.100.105:${PORT}`[39m)[33m;[39m[0m

      at console.log (C:\Users\hp\OneDrive - bdu.edu.et(Bahir 
Dar)../../../../../../Internship/Ethiopia 
Ecommerce/ecommerce-backend/node_modules/@jest/console/build/index.js:311:10)
      at Server.log (C:\Users\hp\OneDrive - bdu.edu.et(Bahir 
Dar)../../../../../../Internship/Ethiopia 
Ecommerce/ecommerce-backend/src/server.js:319:15)
      at Server.f (C:\Users\hp\OneDrive - bdu.edu.et(Bahir 
Dar)../../../../../../Internship/Ethiopia 
Ecommerce/ecommerce-backend/node_modules/once/once.js:25:25)


  ΓùÅ  Cannot log after tests are done. Did you forget to wait for something async 
in your test?
    Attempted to log "Γ£ô Environment: test".

    [0m [90m 318 |[39m     app[33m.[39mlisten([33mPORT[39m[33m,[39m 
[33mHOST[39m[33m,[39m () [33m=>[39m {
     [90m 319 |[39m       console[33m.[39mlog([32m`Γ£ô Server is running on 
port ${PORT}`[39m)[33m;[39m
    [31m[1m>[22m[39m[90m 320 |[39m       console[33m.[39mlog([32m`Γ£ô 
Environment: ${config.nodeEnv}`[39m)[33m;[39m
     [90m     |[39m               [31m[1m^[22m[39m
     [90m 321 |[39m       console[33m.[39mlog([32m`Γ£ô API URL: 
http://localhost:${PORT}`[39m)[33m;[39m
     [90m 322 |[39m       console[33m.[39mlog([32m`Γ£ô Local Network: 
http://192.168.100.105:${PORT}`[39m)[33m;[39m
     [90m 323 |[39m       console[33m.[39mlog([32m`Γ£ô Rate Limiting: 
Unauthenticated (${unauthMaxRequests}/15min), Authenticated 
(${authMaxRequests}/15min)`[39m)[33m;[39m[0m

      at console.log (C:\Users\hp\OneDrive - bdu.edu.et(Bahir 
Dar)../../../../../../Internship/Ethiopia 
Ecommerce/ecommerce-backend/node_modules/@jest/console/build/index.js:311:10)
      at Server.log (C:\Users\hp\OneDrive - bdu.edu.et(Bahir 
Dar)../../../../../../Internship/Ethiopia 
Ecommerce/ecommerce-backend/src/server.js:320:15)
      at Server.f (C:\Users\hp\OneDrive - bdu.edu.et(Bahir 
Dar)../../../../../../Internship/Ethiopia 
Ecommerce/ecommerce-backend/node_modules/once/once.js:25:25)


  ΓùÅ  Cannot log after tests are done. Did you forget to wait for something async 
in your test?
    Attempted to log "Γ£ô API URL: http://localhost:5000".

    [0m [90m 319 |[39m       console[33m.[39mlog([32m`Γ£ô Server is running on 
port ${PORT}`[39m)[33m;[39m
     [90m 320 |[39m       console[33m.[39mlog([32m`Γ£ô Environment: 
${config.nodeEnv}`[39m)[33m;[39m
    [31m[1m>[22m[39m[90m 321 |[39m       console[33m.[39mlog([32m`Γ£ô API 
URL: http://localhost:${PORT}`[39m)[33m;[39m
     [90m     |[39m               [31m[1m^[22m[39m
     [90m 322 |[39m       console[33m.[39mlog([32m`Γ£ô Local Network: 
http://192.168.100.105:${PORT}`[39m)[33m;[39m
     [90m 323 |[39m       console[33m.[39mlog([32m`Γ£ô Rate Limiting: 
Unauthenticated (${unauthMaxRequests}/15min), Authenticated 
(${authMaxRequests}/15min)`[39m)[33m;[39m
     [90m 324 |[39m       console[33m.[39mlog([32m'\n=== Chapa Payment 
Configuration ==='[39m)[33m;[39m[0m

      at console.log (C:\Users\hp\OneDrive - bdu.edu.et(Bahir 
Dar)../../../../../../Internship/Ethiopia 
Ecommerce/ecommerce-backend/node_modules/@jest/console/build/index.js:311:10)
      at Server.log (C:\Users\hp\OneDrive - bdu.edu.et(Bahir 
Dar)../../../../../../Internship/Ethiopia 
Ecommerce/ecommerce-backend/src/server.js:321:15)
      at Server.f (C:\Users\hp\OneDrive - bdu.edu.et(Bahir 
Dar)../../../../../../Internship/Ethiopia 
Ecommerce/ecommerce-backend/node_modules/once/once.js:25:25)


  ΓùÅ  Cannot log after tests are done. Did you forget to wait for something async 
in your test?
    Attempted to log "Γ£ô Local Network: http://192.168.100.105:5000".

    [0m [90m 320 |[39m       console[33m.[39mlog([32m`Γ£ô Environment: 
${config.nodeEnv}`[39m)[33m;[39m
     [90m 321 |[39m       console[33m.[39mlog([32m`Γ£ô API URL: 
http://localhost:${PORT}`[39m)[33m;[39m
    [31m[1m>[22m[39m[90m 322 |[39m       console[33m.[39mlog([32m`Γ£ô Local 
Network: http://192.168.100.105:${PORT}`[39m)[33m;[39m
     [90m     |[39m               [31m[1m^[22m[39m
     [90m 323 |[39m       console[33m.[39mlog([32m`Γ£ô Rate Limiting: 
Unauthenticated (${unauthMaxRequests}/15min), Authenticated 
(${authMaxRequests}/15min)`[39m)[33m;[39m
     [90m 324 |[39m       console[33m.[39mlog([32m'\n=== Chapa Payment 
Configuration ==='[39m)[33m;[39m
     [90m 325 |[39m       console[33m.[39mlog([32m`Callback URL: 
${callbackUrl}`[39m)[33m;[39m[0m

      at console.log (C:\Users\hp\OneDrive - bdu.edu.et(Bahir 
Dar)../../../../../../Internship/Ethiopia 
Ecommerce/ecommerce-backend/node_modules/@jest/console/build/index.js:311:10)
      at Server.log (C:\Users\hp\OneDrive - bdu.edu.et(Bahir 
Dar)../../../../../../Internship/Ethiopia 
Ecommerce/ecommerce-backend/src/server.js:322:15)
      at Server.f (C:\Users\hp\OneDrive - bdu.edu.et(Bahir 
Dar)../../../../../../Internship/Ethiopia 
Ecommerce/ecommerce-backend/node_modules/once/once.js:25:25)


  ΓùÅ  Cannot log after tests are done. Did you forget to wait for something async 
in your test?
    Attempted to log "Γ£ô Rate Limiting: Unauthenticated (500/15min), Authenticated 
(5000/15min)".

    [0m [90m 321 |[39m       console[33m.[39mlog([32m`Γ£ô API URL: 
http://localhost:${PORT}`[39m)[33m;[39m
     [90m 322 |[39m       console[33m.[39mlog([32m`Γ£ô Local Network: 
http://192.168.100.105:${PORT}`[39m)[33m;[39m
    [31m[1m>[22m[39m[90m 323 |[39m       console[33m.[39mlog([32m`Γ£ô Rate 
Limiting: Unauthenticated (${unauthMaxRequests}/15min), Authenticated 
(${authMaxRequests}/15min)`[39m)[33m;[39m
     [90m     |[39m               [31m[1m^[22m[39m
     [90m 324 |[39m       console[33m.[39mlog([32m'\n=== Chapa Payment 
Configuration ==='[39m)[33m;[39m
     [90m 325 |[39m       console[33m.[39mlog([32m`Callback URL: 
${callbackUrl}`[39m)[33m;[39m
     [90m 326 |[39m       console[33m.[39mlog([32m`Return URL: 
${returnUrl}`[39m)[33m;[39m[0m

      at console.log (C:\Users\hp\OneDrive - bdu.edu.et(Bahir 
Dar)../../../../../../Internship/Ethiopia 
Ecommerce/ecommerce-backend/node_modules/@jest/console/build/index.js:311:10)
      at Server.log (C:\Users\hp\OneDrive - bdu.edu.et(Bahir 
Dar)../../../../../../Internship/Ethiopia 
Ecommerce/ecommerce-backend/src/server.js:323:15)
      at Server.f (C:\Users\hp\OneDrive - bdu.edu.et(Bahir 
Dar)../../../../../../Internship/Ethiopia 
Ecommerce/ecommerce-backend/node_modules/once/once.js:25:25)


  ΓùÅ  Cannot log after tests are done. Did you forget to wait for something async 
in your test?
    Attempted to log "
    === Chapa Payment Configuration ===".

    [0m [90m 322 |[39m       console[33m.[39mlog([32m`Γ£ô Local Network: 
http://192.168.100.105:${PORT}`[39m)[33m;[39m
     [90m 323 |[39m       console[33m.[39mlog([32m`Γ£ô Rate Limiting: 
Unauthenticated (${unauthMaxRequests}/15min), Authenticated 
(${authMaxRequests}/15min)`[39m)[33m;[39m
    [31m[1m>[22m[39m[90m 324 |[39m       console[33m.[39mlog([32m'\n=== 
Chapa Payment Configuration ==='[39m)[33m;[39m
     [90m     |[39m               [31m[1m^[22m[39m
     [90m 325 |[39m       console[33m.[39mlog([32m`Callback URL: 
${callbackUrl}`[39m)[33m;[39m
     [90m 326 |[39m       console[33m.[39mlog([32m`Return URL: 
${returnUrl}`[39m)[33m;[39m
     [90m 327 |[39m       console[33m.[39mlog([32m'=============================
======\n'[39m)[33m;[39m[0m

      at console.log (C:\Users\hp\OneDrive - bdu.edu.et(Bahir 
Dar)../../../../../../Internship/Ethiopia 
Ecommerce/ecommerce-backend/node_modules/@jest/console/build/index.js:311:10)
      at Server.log (C:\Users\hp\OneDrive - bdu.edu.et(Bahir 
Dar)../../../../../../Internship/Ethiopia 
Ecommerce/ecommerce-backend/src/server.js:324:15)
      at Server.f (C:\Users\hp\OneDrive - bdu.edu.et(Bahir 
Dar)../../../../../../Internship/Ethiopia 
Ecommerce/ecommerce-backend/node_modules/once/once.js:25:25)


  ΓùÅ  Cannot log after tests are done. Did you forget to wait for something async 
in your test?
    Attempted to log "Callback URL: http://localhost:5000/api/payments/webhook".

    [0m [90m 323 |[39m       console[33m.[39mlog([32m`Γ£ô Rate Limiting: 
Unauthenticated (${unauthMaxRequests}/15min), Authenticated 
(${authMaxRequests}/15min)`[39m)[33m;[39m
     [90m 324 |[39m       console[33m.[39mlog([32m'\n=== Chapa Payment 
Configuration ==='[39m)[33m;[39m
    [31m[1m>[22m[39m[90m 325 |[39m       console[33m.[39mlog([32m`Callback 
URL: ${callbackUrl}`[39m)[33m;[39m
     [90m     |[39m               [31m[1m^[22m[39m
     [90m 326 |[39m       console[33m.[39mlog([32m`Return URL: 
${returnUrl}`[39m)[33m;[39m
     [90m 327 |[39m       
console[33m.[39mlog([32m'===================================\n'[39m)[33m;[39m
     [90m 328 |[39m     })[33m;[39m[0m

      at console.log (C:\Users\hp\OneDrive - bdu.edu.et(Bahir 
Dar)../../../../../../Internship/Ethiopia 
Ecommerce/ecommerce-backend/node_modules/@jest/console/build/index.js:311:10)
      at Server.log (C:\Users\hp\OneDrive - bdu.edu.et(Bahir 
Dar)../../../../../../Internship/Ethiopia 
Ecommerce/ecommerce-backend/src/server.js:325:15)
      at Server.f (C:\Users\hp\OneDrive - bdu.edu.et(Bahir 
Dar)../../../../../../Internship/Ethiopia 
Ecommerce/ecommerce-backend/node_modules/once/once.js:25:25)


  ΓùÅ  Cannot log after tests are done. Did you forget to wait for something async 
in your test?
    Attempted to log "Return URL: http://localhost:3000/payment/return".

    [0m [90m 324 |[39m       console[33m.[39mlog([32m'\n=== Chapa Payment 
Configuration ==='[39m)[33m;[39m
     [90m 325 |[39m       console[33m.[39mlog([32m`Callback URL: 
${callbackUrl}`[39m)[33m;[39m
    [31m[1m>[22m[39m[90m 326 |[39m       console[33m.[39mlog([32m`Return 
URL: ${returnUrl}`[39m)[33m;[39m
     [90m     |[39m               [31m[1m^[22m[39m
     [90m 327 |[39m       
console[33m.[39mlog([32m'===================================\n'[39m)[33m;[39m
     [90m 328 |[39m     })[33m;[39m
     [90m 329 |[39m   } [36mcatch[39m (error) {[0m

      at console.log (C:\Users\hp\OneDrive - bdu.edu.et(Bahir 
Dar)../../../../../../Internship/Ethiopia 
Ecommerce/ecommerce-backend/node_modules/@jest/console/build/index.js:311:10)
      at Server.log (C:\Users\hp\OneDrive - bdu.edu.et(Bahir 
Dar)../../../../../../Internship/Ethiopia 
Ecommerce/ecommerce-backend/src/server.js:326:15)
      at Server.f (C:\Users\hp\OneDrive - bdu.edu.et(Bahir 
Dar)../../../../../../Internship/Ethiopia 
Ecommerce/ecommerce-backend/node_modules/once/once.js:25:25)


  ΓùÅ  Cannot log after tests are done. Did you forget to wait for something async 
in your test?
    Attempted to log "===================================
    ".

    [0m [90m 325 |[39m       console[33m.[39mlog([32m`Callback URL: 
${callbackUrl}`[39m)[33m;[39m
     [90m 326 |[39m       console[33m.[39mlog([32m`Return URL: 
${returnUrl}`[39m)[33m;[39m
    [31m[1m>[22m[39m[90m 327 |[39m       
console[33m.[39mlog([32m'===================================\n'[39m)[33m;[39m
     [90m     |[39m               [31m[1m^[22m[39m
     [90m 328 |[39m     })[33m;[39m
     [90m 329 |[39m   } [36mcatch[39m (error) {
     [90m 330 |[39m     console[33m.[39merror([32m'Failed to start 
server:'[39m[33m,[39m error[33m.[39mmessage)[33m;[39m[0m

      at console.log (C:\Users\hp\OneDrive - bdu.edu.et(Bahir 
Dar)../../../../../../Internship/Ethiopia 
Ecommerce/ecommerce-backend/node_modules/@jest/console/build/index.js:311:10)
      at Server.log (C:\Users\hp\OneDrive - bdu.edu.et(Bahir 
Dar)../../../../../../Internship/Ethiopia 
Ecommerce/ecommerce-backend/src/server.js:327:15)
      at Server.f (C:\Users\hp\OneDrive - bdu.edu.et(Bahir 
Dar)../../../../../../Internship/Ethiopia 
Ecommerce/ecommerce-backend/node_modules/once/once.js:25:25)

  console.log
    
    Γ£ô Customer Order History Request

      at Object.log (C:\Users\hp\OneDrive - bdu.edu.et(Bahir Dar)../../../../../../Internship/Ethiopia Ecommerce/ecommerce-backend/test/integration/transaction-visibility.integration.test.js:201:15)

  console.log
      - Endpoint: GET /api/orders/customer/orders

      at Object.log (C:\Users\hp\OneDrive - bdu.edu.et(Bahir Dar)../../../../../../Internship/Ethiopia Ecommerce/ecommerce-backend/test/integration/transaction-visibility.integration.test.js:202:15)

  console.log
      - Status: 200

      at Object.log (C:\Users\hp\OneDrive - bdu.edu.et(Bahir Dar)../../../../../../Internship/Ethiopia Ecommerce/ecommerce-backend/test/integration/transaction-visibility.integration.test.js:203:15)

  console.log
      - Success: true

      at Object.log (C:\Users\hp\OneDrive - bdu.edu.et(Bahir Dar)../../../../../../Internship/Ethiopia Ecommerce/ecommerce-backend/test/integration/transaction-visibility.integration.test.js:204:15)

  console.log
    
    Γ£ô Customer: Transaction Visibility

      at Object.log (C:\Users\hp\OneDrive - bdu.edu.et(Bahir Dar)../../../../../../Internship/Ethiopia Ecommerce/ecommerce-backend/test/integration/transaction-visibility.integration.test.js:219:15)

  console.log
      - Transaction Found: Yes

      at Object.log (C:\Users\hp\OneDrive - bdu.edu.et(Bahir Dar)../../../../../../Internship/Ethiopia Ecommerce/ecommerce-backend/test/integration/transaction-visibility.integration.test.js:225:15)

  console.log
      - Order ID: 90

      at Object.log (C:\Users\hp\OneDrive - bdu.edu.et(Bahir Dar)../../../../../../Internship/Ethiopia Ecommerce/ecommerce-backend/test/integration/transaction-visibility.integration.test.js:226:15)

  console.log
      - Order Number: ORD-VISIBILITY-1772132209041

      at Object.log (C:\Users\hp\OneDrive - bdu.edu.et(Bahir Dar)../../../../../../Internship/Ethiopia Ecommerce/ecommerce-backend/test/integration/transaction-visibility.integration.test.js:227:15)

  console.log
    
    Γ£ô Customer: Payment Status Display

      at Object.log (C:\Users\hp\OneDrive - bdu.edu.et(Bahir Dar)../../../../../../Internship/Ethiopia Ecommerce/ecommerce-backend/test/integration/transaction-visibility.integration.test.js:237:15)

  console.log
      - Payment Status: paid

      at Object.log (C:\Users\hp\OneDrive - bdu.edu.et(Bahir Dar)../../../../../../Internship/Ethiopia Ecommerce/ecommerce-backend/test/integration/transaction-visibility.integration.test.js:238:15)

  console.log
      - Order Status: confirmed

      at Object.log (C:\Users\hp\OneDrive - bdu.edu.et(Bahir Dar)../../../../../../Internship/Ethiopia Ecommerce/ecommerce-backend/test/integration/transaction-visibility.integration.test.js:239:15)

  console.log
      - Status Consistency: Yes

      at Object.log (C:\Users\hp\OneDrive - bdu.edu.et(Bahir Dar)../../../../../../Internship/Ethiopia Ecommerce/ecommerce-backend/test/integration/transaction-visibility.integration.test.js:240:15)

  console.log
    
    Γ£ô Customer: Payment Amount Display

      at Object.log (C:\Users\hp\OneDrive - bdu.edu.et(Bahir Dar)../../../../../../Internship/Ethiopia Ecommerce/ecommerce-backend/test/integration/transaction-visibility.integration.test.js:250:15)

  console.log
      - Total Amount: ETB 9100.00

      at Object.log (C:\Users\hp\OneDrive - bdu.edu.et(Bahir Dar)../../../../../../Internship/Ethiopia Ecommerce/ecommerce-backend/test/integration/transaction-visibility.integration.test.js:251:15)

  console.log
      - Shipping Cost: ETB 100.00

      at Object.log (C:\Users\hp\OneDrive - bdu.edu.et(Bahir Dar)../../../../../../Internship/Ethiopia Ecommerce/ecommerce-backend/test/integration/transaction-visibility.integration.test.js:252:15)

  console.log
      - Payment Method: mobile_money

      at Object.log (C:\Users\hp\OneDrive - bdu.edu.et(Bahir Dar)../../../../../../Internship/Ethiopia Ecommerce/ecommerce-backend/test/integration/transaction-visibility.integration.test.js:253:15)

  console.log
    
    Γ£ô Customer: Payment Date Display

      at Object.log (C:\Users\hp\OneDrive - bdu.edu.et(Bahir Dar)../../../../../../Internship/Ethiopia Ecommerce/ecommerce-backend/test/integration/transaction-visibility.integration.test.js:265:15)

  console.log
      - Order Created: 2026-02-26T18:56:49.000Z

      at Object.log (C:\Users\hp\OneDrive - bdu.edu.et(Bahir Dar)../../../../../../Internship/Ethiopia Ecommerce/ecommerce-backend/test/integration/transaction-visibility.integration.test.js:266:15)

  console.log
      - Date Format: Valid ISO 8601

      at Object.log (C:\Users\hp\OneDrive - bdu.edu.et(Bahir Dar)../../../../../../Internship/Ethiopia Ecommerce/ecommerce-backend/test/integration/transaction-visibility.integration.test.js:267:15)

  console.log
      - Formatted: 2/26/2026, 9:56:49 PM

      at Object.log (C:\Users\hp\OneDrive - bdu.edu.et(Bahir Dar)../../../../../../Internship/Ethiopia Ecommerce/ecommerce-backend/test/integration/transaction-visibility.integration.test.js:268:15)

  console.log
    
    Γ£ô Customer: Payment Details Inclusion

      at Object.log (C:\Users\hp\OneDrive - bdu.edu.et(Bahir Dar)../../../../../../Internship/Ethiopia Ecommerce/ecommerce-backend/test/integration/transaction-visibility.integration.test.js:276:15)

  console.log
      - Payment Details Included: Yes

      at Object.log (C:\Users\hp\OneDrive - bdu.edu.et(Bahir Dar)../../../../../../Internship/Ethiopia Ecommerce/ecommerce-backend/test/integration/transaction-visibility.integration.test.js:279:17)

  console.log
      - Payment ID: 60

      at Object.log (C:\Users\hp\OneDrive - bdu.edu.et(Bahir Dar)../../../../../../Internship/Ethiopia Ecommerce/ecommerce-backend/test/integration/transaction-visibility.integration.test.js:280:17)

  console.log
      - Payment Method: mobile_money

      at Object.log (C:\Users\hp\OneDrive - bdu.edu.et(Bahir Dar)../../../../../../Internship/Ethiopia Ecommerce/ecommerce-backend/test/integration/transaction-visibility.integration.test.js:281:17)

  console.log
      - Payment Amount: ETB 9100.00

      at Object.log (C:\Users\hp\OneDrive - bdu.edu.et(Bahir Dar)../../../../../../Internship/Ethiopia Ecommerce/ecommerce-backend/test/integration/transaction-visibility.integration.test.js:282:17)

  console.log
      - Payment Currency: ETB

      at Object.log (C:\Users\hp\OneDrive - bdu.edu.et(Bahir Dar)../../../../../../Internship/Ethiopia Ecommerce/ecommerce-backend/test/integration/transaction-visibility.integration.test.js:283:17)

  console.log
      - Payment Status: success

      at Object.log (C:\Users\hp\OneDrive - bdu.edu.et(Bahir Dar)../../../../../../Internship/Ethiopia Ecommerce/ecommerce-backend/test/integration/transaction-visibility.integration.test.js:284:17)

  console.log
      - Transaction Reference: VISIBILITY-TEST-1772132209041-r7q1kr

      at Object.log (C:\Users\hp\OneDrive - bdu.edu.et(Bahir Dar)../../../../../../Internship/Ethiopia Ecommerce/ecommerce-backend/test/integration/transaction-visibility.integration.test.js:285:17)

  console.log
    Γ£ô Database models synchronized

      at log (C:\Users\hp\OneDrive - bdu.edu.et(Bahir Dar)../../../../../../Internship/Ethiopia Ecommerce/ecommerce-backend/src/server.js:313:13)

  console.log
    Γ£ô Server is running on port 5000

      at Server.log (C:\Users\hp\OneDrive - bdu.edu.et(Bahir Dar)../../../../../../Internship/Ethiopia Ecommerce/ecommerce-backend/src/server.js:319:15)

  console.log
    Γ£ô Environment: test

      at Server.log (C:\Users\hp\OneDrive - bdu.edu.et(Bahir Dar)../../../../../../Internship/Ethiopia Ecommerce/ecommerce-backend/src/server.js:320:15)

  console.log
    Γ£ô API URL: http://localhost:5000

      at Server.log (C:\Users\hp\OneDrive - bdu.edu.et(Bahir Dar)../../../../../../Internship/Ethiopia Ecommerce/ecommerce-backend/src/server.js:321:15)

  console.log
    Γ£ô Local Network: http://192.168.100.105:5000

      at Server.log (C:\Users\hp\OneDrive - bdu.edu.et(Bahir Dar)../../../../../../Internship/Ethiopia Ecommerce/ecommerce-backend/src/server.js:322:15)

  console.log
    Γ£ô Rate Limiting: Unauthenticated (500/15min), Authenticated (5000/15min)

      at Server.log (C:\Users\hp\OneDrive - bdu.edu.et(Bahir Dar)../../../../../../Internship/Ethiopia Ecommerce/ecommerce-backend/src/server.js:323:15)

  console.log
    
    === Chapa Payment Configuration ===

      at Server.log (C:\Users\hp\OneDrive - bdu.edu.et(Bahir Dar)../../../../../../Internship/Ethiopia Ecommerce/ecommerce-backend/src/server.js:324:15)

  console.log
    Callback URL: http://localhost:5000/api/payments/webhook

      at Server.log (C:\Users\hp\OneDrive - bdu.edu.et(Bahir Dar)../../../../../../Internship/Ethiopia Ecommerce/ecommerce-backend/src/server.js:325:15)

  console.log
    Return URL: http://localhost:3000/payment/return

      at Server.log (C:\Users\hp\OneDrive - bdu.edu.et(Bahir Dar)../../../../../../Internship/Ethiopia Ecommerce/ecommerce-backend/src/server.js:326:15)

  console.log
    ===================================

      at Server.log (C:\Users\hp\OneDrive - bdu.edu.et(Bahir Dar)../../../../../../Internship/Ethiopia Ecommerce/ecommerce-backend/src/server.js:327:15)

  console.error
    ERROR: {
      requestId: '43a08c66-02a2-4b9b-bb18-8b60fb1c15b9',
      level: 'ERROR',
      timestamp: '2026-02-26T18:56:49.594Z',
      errorCode: 'DATABASE_ERROR',
      statusCode: 500,
      message: "Unknown column 'Order.createdAt' in 'order clause'",
      url: '/api/orders',
      method: 'GET',
      ip: '::ffff:127.0.0.1',
      userId: 547,
      stack: 'Error: \n' +
        '    at Query.run (C:\\Users\\hp\\OneDrive - bdu.edu.et(Bahir Dar)\\Internship\\Ethiopia Ecommerce\\ecommerce-backend\\node_modules\\sequelize\\src\\dialects\\mysql\\query.js:46:25)\n' +
        '    at C:\\Users\\hp\\OneDrive - bdu.edu.et(Bahir Dar)\\Internship\\Ethiopia Ecommerce\\ecommerce-backend\\node_modules\\sequelize\\src\\sequelize.js:650:28\n' +
        '    at MySQLQueryInterface.select (C:\\Users\\hp\\OneDrive - bdu.edu.et(Bahir Dar)\\Internship\\Ethiopia Ecommerce\\ecommerce-backend\\node_modules\\sequelize\\src\\dialects\\abstract\\query-interface.js:1001:12)\n' +
        '    at Order.findAll (C:\\Users\\hp\\OneDrive - bdu.edu.et(Bahir Dar)\\Internship\\Ethiopia Ecommerce\\ecommerce-backend\\node_modules\\sequelize\\src\\model.js:1824:21)\n' +
        '    at getOrders (C:\\Users\\hp\\OneDrive - bdu.edu.et(Bahir Dar)\\Internship\\Ethiopia Ecommerce\\ecommerce-backend\\src\\controllers\\orderController.js:714:22)'
    }

    [0m [90m 169 |[39m   
     [90m 170 |[39m   [36mif[39m (logLevel [33m===[39m [32m'ERROR'[39m) {
    [31m[1m>[22m[39m[90m 171 |[39m     console[33m.[39merror([32m'ERROR:'[39m[33m,[39m logData)[33m;[39m
     [90m     |[39m             [31m[1m^[22m[39m
     [90m 172 |[39m   } [36melse[39m [36mif[39m (logLevel [33m===[39m [32m'WARN'[39m) {
     [90m 173 |[39m     console[33m.[39mwarn([32m'WARN:'[39m[33m,[39m logData)[33m;[39m
     [90m 174 |[39m   } [36melse[39m {[0m

      at error (C:\Users\hp\OneDrive - bdu.edu.et(Bahir Dar)../../../../../../Internship/Ethiopia Ecommerce/ecommerce-backend/src/middleware/errorHandler.js:171:13)
      at Layer.handleError (C:\Users\hp\OneDrive - bdu.edu.et(Bahir Dar)../../../../../../Internship/Ethiopia Ecommerce/ecommerce-backend/node_modules/router/lib/layer.js:116:17)
      at trimPrefix (C:\Users\hp\OneDrive - bdu.edu.et(Bahir Dar)../../../../../../Internship/Ethiopia Ecommerce/ecommerce-backend/node_modules/router/index.js:340:13)
      at C:\Users\hp\OneDrive - bdu.edu.et(Bahir Dar)../../../../../../Internship/Ethiopia Ecommerce/ecommerce-backend/node_modules/router/index.js:297:9
      at processParams (C:\Users\hp\OneDrive - bdu.edu.et(Bahir Dar)../../../../../../Internship/Ethiopia Ecommerce/ecommerce-backend/node_modules/router/index.js:582:12)
      at next (C:\Users\hp\OneDrive - bdu.edu.et(Bahir Dar)../../../../../../Internship/Ethiopia Ecommerce/ecommerce-backend/node_modules/router/index.js:291:5)
      at Layer.handleError (C:\Users\hp\OneDrive - bdu.edu.et(Bahir Dar)../../../../../../Internship/Ethiopia Ecommerce/ecommerce-backend/node_modules/router/lib/layer.js:111:12)
      at trimPrefix (C:\Users\hp\OneDrive - bdu.edu.et(Bahir Dar)../../../../../../Internship/Ethiopia Ecommerce/ecommerce-backend/node_modules/router/index.js:340:13)
      at C:\Users\hp\OneDrive - bdu.edu.et(Bahir Dar)../../../../../../Internship/Ethiopia Ecommerce/ecommerce-backend/node_modules/router/index.js:297:9
      at processParams (C:\Users\hp\OneDrive - bdu.edu.et(Bahir Dar)../../../../../../Internship/Ethiopia Ecommerce/ecommerce-backend/node_modules/router/index.js:582:12)
      at next (C:\Users\hp\OneDrive - bdu.edu.et(Bahir Dar)../../../../../../Internship/Ethiopia Ecommerce/ecommerce-backend/node_modules/router/index.js:291:5)
      at C:\Users\hp\OneDrive - bdu.edu.et(Bahir Dar)../../../../../../Internship/Ethiopia Ecommerce/ecommerce-backend/node_modules/router/index.js:688:15
      at next (C:\Users\hp\OneDrive - bdu.edu.et(Bahir Dar)../../../../../../Internship/Ethiopia Ecommerce/ecommerce-backend/node_modules/router/index.js:276:14)
      at next (C:\Users\hp\OneDrive - bdu.edu.et(Bahir Dar)../../../../../../Internship/Ethiopia Ecommerce/ecommerce-backend/node_modules/router/lib/route.js:132:14)
      at next (C:\Users\hp\OneDrive - bdu.edu.et(Bahir Dar)../../../../../../Internship/Ethiopia Ecommerce/ecommerce-backend/src/controllers/orderController.js:781:5)

::ffff:127.0.0.1 - - [26/Feb/2026:18:56:49 +0000] "GET /api/orders HTTP/1.1" 500 - "-" "-"
  console.log
    
    Γ£ô Seller Orders Request

      at Object.log (C:\Users\hp\OneDrive - bdu.edu.et(Bahir Dar)../../../../../../Internship/Ethiopia Ecommerce/ecommerce-backend/test/integration/transaction-visibility.integration.test.js:307:15)

  console.log
      - Endpoint: GET /api/orders

      at Object.log (C:\Users\hp\OneDrive - bdu.edu.et(Bahir Dar)../../../../../../Internship/Ethiopia Ecommerce/ecommerce-backend/test/integration/transaction-visibility.integration.test.js:308:15)

  console.log
      - Status: 500

      at Object.log (C:\Users\hp\OneDrive - bdu.edu.et(Bahir Dar)../../../../../../Internship/Ethiopia Ecommerce/ecommerce-backend/test/integration/transaction-visibility.integration.test.js:309:15)

  console.log
      - Success: false

      at Object.log (C:\Users\hp\OneDrive - bdu.edu.et(Bahir Dar)../../../../../../Internship/Ethiopia Ecommerce/ecommerce-backend/test/integration/transaction-visibility.integration.test.js:310:15)

  console.error
    ERROR: {
      requestId: '8c9d4407-ba20-4fcd-99f6-7de911619b46',
      level: 'ERROR',
      timestamp: '2026-02-26T18:56:49.861Z',
      errorCode: 'DATABASE_ERROR',
      statusCode: 500,
      message: "Unknown column 'user.firstName' in 'field list'",
      url: '/api/orders',
      method: 'GET',
      ip: '::ffff:127.0.0.1',
      userId: 549,
      stack: 'Error: \n' +
        '    at Query.run (C:\\Users\\hp\\OneDrive - bdu.edu.et(Bahir Dar)\\Internship\\Ethiopia Ecommerce\\ecommerce-backend\\node_modules\\sequelize\\src\\dialects\\mysql\\query.js:46:25)\n' +
        '    at C:\\Users\\hp\\OneDrive - bdu.edu.et(Bahir Dar)\\Internship\\Ethiopia Ecommerce\\ecommerce-backend\\node_modules\\sequelize\\src\\sequelize.js:650:28\n' +
        '    at MySQLQueryInterface.select (C:\\Users\\hp\\OneDrive - bdu.edu.et(Bahir Dar)\\Internship\\Ethiopia Ecommerce\\ecommerce-backend\\node_modules\\sequelize\\src\\dialects\\abstract\\query-interface.js:1001:12)\n' +
        '    at Order.findAll (C:\\Users\\hp\\OneDrive - bdu.edu.et(Bahir Dar)\\Internship\\Ethiopia Ecommerce\\ecommerce-backend\\node_modules\\sequelize\\src\\model.js:1824:21)\n' +
        '    at getOrders (C:\\Users\\hp\\OneDrive - bdu.edu.et(Bahir Dar)\\Internship\\Ethiopia Ecommerce\\ecommerce-backend\\src\\controllers\\orderController.js:766:20)'
    }

    [0m [90m 169 |[39m   
     [90m 170 |[39m   [36mif[39m (logLevel [33m===[39m [32m'ERROR'[39m) {
    [31m[1m>[22m[39m[90m 171 |[39m     console[33m.[39merror([32m'ERROR:'[39m[33m,[39m logData)[33m;[39m
     [90m     |[39m             [31m[1m^[22m[39m
     [90m 172 |[39m   } [36melse[39m [36mif[39m (logLevel [33m===[39m [32m'WARN'[39m) {
     [90m 173 |[39m     console[33m.[39mwarn([32m'WARN:'[39m[33m,[39m logData)[33m;[39m
     [90m 174 |[39m   } [36melse[39m {[0m

      at error (C:\Users\hp\OneDrive - bdu.edu.et(Bahir Dar)../../../../../../Internship/Ethiopia Ecommerce/ecommerce-backend/src/middleware/errorHandler.js:171:13)
      at Layer.handleError (C:\Users\hp\OneDrive - bdu.edu.et(Bahir Dar)../../../../../../Internship/Ethiopia Ecommerce/ecommerce-backend/node_modules/router/lib/layer.js:116:17)
      at trimPrefix (C:\Users\hp\OneDrive - bdu.edu.et(Bahir Dar)../../../../../../Internship/Ethiopia Ecommerce/ecommerce-backend/node_modules/router/index.js:340:13)
      at C:\Users\hp\OneDrive - bdu.edu.et(Bahir Dar)../../../../../../Internship/Ethiopia Ecommerce/ecommerce-backend/node_modules/router/index.js:297:9
      at processParams (C:\Users\hp\OneDrive - bdu.edu.et(Bahir Dar)../../../../../../Internship/Ethiopia Ecommerce/ecommerce-backend/node_modules/router/index.js:582:12)
      at next (C:\Users\hp\OneDrive - bdu.edu.et(Bahir Dar)../../../../../../Internship/Ethiopia Ecommerce/ecommerce-backend/node_modules/router/index.js:291:5)
      at Layer.handleError (C:\Users\hp\OneDrive - bdu.edu.et(Bahir Dar)../../../../../../Internship/Ethiopia Ecommerce/ecommerce-backend/node_modules/router/lib/layer.js:111:12)
      at trimPrefix (C:\Users\hp\OneDrive - bdu.edu.et(Bahir Dar)../../../../../../Internship/Ethiopia Ecommerce/ecommerce-backend/node_modules/router/index.js:340:13)
      at C:\Users\hp\OneDrive - bdu.edu.et(Bahir Dar)../../../../../../Internship/Ethiopia Ecommerce/ecommerce-backend/node_modules/router/index.js:297:9
      at processParams (C:\Users\hp\OneDrive - bdu.edu.et(Bahir Dar)../../../../../../Internship/Ethiopia Ecommerce/ecommerce-backend/node_modules/router/index.js:582:12)
      at next (C:\Users\hp\OneDrive - bdu.edu.et(Bahir Dar)../../../../../../Internship/Ethiopia Ecommerce/ecommerce-backend/node_modules/router/index.js:291:5)
      at C:\Users\hp\OneDrive - bdu.edu.et(Bahir Dar)../../../../../../Internship/Ethiopia Ecommerce/ecommerce-backend/node_modules/router/index.js:688:15
      at next (C:\Users\hp\OneDrive - bdu.edu.et(Bahir Dar)../../../../../../Internship/Ethiopia Ecommerce/ecommerce-backend/node_modules/router/index.js:276:14)
      at next (C:\Users\hp\OneDrive - bdu.edu.et(Bahir Dar)../../../../../../Internship/Ethiopia Ecommerce/ecommerce-backend/node_modules/router/lib/route.js:132:14)
      at next (C:\Users\hp\OneDrive - bdu.edu.et(Bahir Dar)../../../../../../Internship/Ethiopia Ecommerce/ecommerce-backend/src/controllers/orderController.js:781:5)

::ffff:127.0.0.1 - - [26/Feb/2026:18:56:49 +0000] "GET /api/orders HTTP/1.1" 500 - "-" "-"
  console.log
    
    Γ£ô Admin Orders Request

      at Object.log (C:\Users\hp\OneDrive - bdu.edu.et(Bahir Dar)../../../../../../Internship/Ethiopia Ecommerce/ecommerce-backend/test/integration/transaction-visibility.integration.test.js:436:15)

  console.log
      - Endpoint: GET /api/orders

      at Object.log (C:\Users\hp\OneDrive - bdu.edu.et(Bahir Dar)../../../../../../Internship/Ethiopia Ecommerce/ecommerce-backend/test/integration/transaction-visibility.integration.test.js:437:15)

  console.log
      - Status: 500

      at Object.log (C:\Users\hp\OneDrive - bdu.edu.et(Bahir Dar)../../../../../../Internship/Ethiopia Ecommerce/ecommerce-backend/test/integration/transaction-visibility.integration.test.js:438:15)

  console.log
      - Success: false

      at Object.log (C:\Users\hp\OneDrive - bdu.edu.et(Bahir Dar)../../../../../../Internship/Ethiopia Ecommerce/ecommerce-backend/test/integration/transaction-visibility.integration.test.js:439:15)

::ffff:127.0.0.1 - - [26/Feb/2026:18:56:49 +0000] "GET /api/orders/customer/orders HTTP/1.1" 200 - "-" "-"
  console.error
    ERROR: {
      requestId: 'ec5003fb-60c7-4e8d-9b08-95b9b3f40bb7',
      level: 'ERROR',
      timestamp: '2026-02-26T18:56:50.161Z',
      errorCode: 'DATABASE_ERROR',
      statusCode: 500,
      message: "Unknown column 'user.firstName' in 'field list'",
      url: '/api/orders',
      method: 'GET',
      ip: '::ffff:127.0.0.1',
      userId: 549,
      stack: 'Error: \n' +
        '    at Query.run (C:\\Users\\hp\\OneDrive - bdu.edu.et(Bahir Dar)\\Internship\\Ethiopia Ecommerce\\ecommerce-backend\\node_modules\\sequelize\\src\\dialects\\mysql\\query.js:46:25)\n' +
        '    at C:\\Users\\hp\\OneDrive - bdu.edu.et(Bahir Dar)\\Internship\\Ethiopia Ecommerce\\ecommerce-backend\\node_modules\\sequelize\\src\\sequelize.js:650:28\n' +
        '    at runNextTicks (node:internal/process/task_queues:65:5)\n' +
        '    at listOnTimeout (node:internal/timers:569:9)\n' +
        '    at processTimers (node:internal/timers:543:7)\n' +
        '    at MySQLQueryInterface.select (C:\\Users\\hp\\OneDrive - bdu.edu.et(Bahir Dar)\\Internship\\Ethiopia Ecommerce\\ecommerce-backend\\node_modules\\sequelize\\src\\dialects\\abstract\\query-interface.js:1001:12)\n' +
        '    at Order.findAll (C:\\Users\\hp\\OneDrive - bdu.edu.et(Bahir Dar)\\Internship\\Ethiopia Ecommerce\\ecommerce-backend\\node_modules\\sequelize\\src\\model.js:1824:21)\n' +
        '    at getOrders (C:\\Users\\hp\\OneDrive - bdu.edu.et(Bahir Dar)\\Internship\\Ethiopia Ecommerce\\ecommerce-backend\\src\\controllers\\orderController.js:766:20)'
    }

    [0m [90m 169 |[39m   
     [90m 170 |[39m   [36mif[39m (logLevel [33m===[39m [32m'ERROR'[39m) {
    [31m[1m>[22m[39m[90m 171 |[39m     console[33m.[39merror([32m'ERROR:'[39m[33m,[39m logData)[33m;[39m
     [90m     |[39m             [31m[1m^[22m[39m
     [90m 172 |[39m   } [36melse[39m [36mif[39m (logLevel [33m===[39m [32m'WARN'[39m) {
     [90m 173 |[39m     console[33m.[39mwarn([32m'WARN:'[39m[33m,[39m logData)[33m;[39m
     [90m 174 |[39m   } [36melse[39m {[0m

      at error (C:\Users\hp\OneDrive - bdu.edu.et(Bahir Dar)../../../../../../Internship/Ethiopia Ecommerce/ecommerce-backend/src/middleware/errorHandler.js:171:13)
      at Layer.handleError (C:\Users\hp\OneDrive - bdu.edu.et(Bahir Dar)../../../../../../Internship/Ethiopia Ecommerce/ecommerce-backend/node_modules/router/lib/layer.js:116:17)
      at trimPrefix (C:\Users\hp\OneDrive - bdu.edu.et(Bahir Dar)../../../../../../Internship/Ethiopia Ecommerce/ecommerce-backend/node_modules/router/index.js:340:13)
      at C:\Users\hp\OneDrive - bdu.edu.et(Bahir Dar)../../../../../../Internship/Ethiopia Ecommerce/ecommerce-backend/node_modules/router/index.js:297:9
      at processParams (C:\Users\hp\OneDrive - bdu.edu.et(Bahir Dar)../../../../../../Internship/Ethiopia Ecommerce/ecommerce-backend/node_modules/router/index.js:582:12)
      at next (C:\Users\hp\OneDrive - bdu.edu.et(Bahir Dar)../../../../../../Internship/Ethiopia Ecommerce/ecommerce-backend/node_modules/router/index.js:291:5)
      at Layer.handleError (C:\Users\hp\OneDrive - bdu.edu.et(Bahir Dar)../../../../../../Internship/Ethiopia Ecommerce/ecommerce-backend/node_modules/router/lib/layer.js:111:12)
      at trimPrefix (C:\Users\hp\OneDrive - bdu.edu.et(Bahir Dar)../../../../../../Internship/Ethiopia Ecommerce/ecommerce-backend/node_modules/router/index.js:340:13)
      at C:\Users\hp\OneDrive - bdu.edu.et(Bahir Dar)../../../../../../Internship/Ethiopia Ecommerce/ecommerce-backend/node_modules/router/index.js:297:9
      at processParams (C:\Users\hp\OneDrive - bdu.edu.et(Bahir Dar)../../../../../../Internship/Ethiopia Ecommerce/ecommerce-backend/node_modules/router/index.js:582:12)
      at next (C:\Users\hp\OneDrive - bdu.edu.et(Bahir Dar)../../../../../../Internship/Ethiopia Ecommerce/ecommerce-backend/node_modules/router/index.js:291:5)
      at C:\Users\hp\OneDrive - bdu.edu.et(Bahir Dar)../../../../../../Internship/Ethiopia Ecommerce/ecommerce-backend/node_modules/router/index.js:688:15
      at next (C:\Users\hp\OneDrive - bdu.edu.et(Bahir Dar)../../../../../../Internship/Ethiopia Ecommerce/ecommerce-backend/node_modules/router/index.js:276:14)
      at next (C:\Users\hp\OneDrive - bdu.edu.et(Bahir Dar)../../../../../../Internship/Ethiopia Ecommerce/ecommerce-backend/node_modules/router/lib/route.js:132:14)
      at next (C:\Users\hp\OneDrive - bdu.edu.et(Bahir Dar)../../../../../../Internship/Ethiopia Ecommerce/ecommerce-backend/src/controllers/orderController.js:781:5)

  console.error
    ERROR: {
      requestId: '02faada2-2221-421a-8b6c-4247c02a370d',
      level: 'ERROR',
      timestamp: '2026-02-26T18:56:50.166Z',
      errorCode: 'DATABASE_ERROR',
      statusCode: 500,
      message: "Unknown column 'Order.createdAt' in 'order clause'",
      url: '/api/orders',
      method: 'GET',
      ip: '::ffff:127.0.0.1',
      userId: 547,
      stack: 'Error: \n' +
        '    at Query.run (C:\\Users\\hp\\OneDrive - bdu.edu.et(Bahir Dar)\\Internship\\Ethiopia Ecommerce\\ecommerce-backend\\node_modules\\sequelize\\src\\dialects\\mysql\\query.js:46:25)\n' +
        '    at C:\\Users\\hp\\OneDrive - bdu.edu.et(Bahir Dar)\\Internship\\Ethiopia Ecommerce\\ecommerce-backend\\node_modules\\sequelize\\src\\sequelize.js:650:28\n' +
        '    at MySQLQueryInterface.select (C:\\Users\\hp\\OneDrive - bdu.edu.et(Bahir Dar)\\Internship\\Ethiopia Ecommerce\\ecommerce-backend\\node_modules\\sequelize\\src\\dialects\\abstract\\query-interface.js:1001:12)\n' +
        '    at Order.findAll (C:\\Users\\hp\\OneDrive - bdu.edu.et(Bahir Dar)\\Internship\\Ethiopia Ecommerce\\ecommerce-backend\\node_modules\\sequelize\\src\\model.js:1824:21)\n' +
        '    at getOrders (C:\\Users\\hp\\OneDrive - bdu.edu.et(Bahir Dar)\\Internship\\Ethiopia Ecommerce\\ecommerce-backend\\src\\controllers\\orderController.js:714:22)'
    }

    [0m [90m 169 |[39m   
     [90m 170 |[39m   [36mif[39m (logLevel [33m===[39m [32m'ERROR'[39m) {
    [31m[1m>[22m[39m[90m 171 |[39m     console[33m.[39merror([32m'ERROR:'[39m[33m,[39m logData)[33m;[39m
     [90m     |[39m             [31m[1m^[22m[39m
     [90m 172 |[39m   } [36melse[39m [36mif[39m (logLevel [33m===[39m [32m'WARN'[39m) {
     [90m 173 |[39m     console[33m.[39mwarn([32m'WARN:'[39m[33m,[39m logData)[33m;[39m
     [90m 174 |[39m   } [36melse[39m {[0m

      at error (C:\Users\hp\OneDrive - bdu.edu.et(Bahir Dar)../../../../../../Internship/Ethiopia Ecommerce/ecommerce-backend/src/middleware/errorHandler.js:171:13)
      at Layer.handleError (C:\Users\hp\OneDrive - bdu.edu.et(Bahir Dar)../../../../../../Internship/Ethiopia Ecommerce/ecommerce-backend/node_modules/router/lib/layer.js:116:17)
      at trimPrefix (C:\Users\hp\OneDrive - bdu.edu.et(Bahir Dar)../../../../../../Internship/Ethiopia Ecommerce/ecommerce-backend/node_modules/router/index.js:340:13)
      at C:\Users\hp\OneDrive - bdu.edu.et(Bahir Dar)../../../../../../Internship/Ethiopia Ecommerce/ecommerce-backend/node_modules/router/index.js:297:9
      at processParams (C:\Users\hp\OneDrive - bdu.edu.et(Bahir Dar)../../../../../../Internship/Ethiopia Ecommerce/ecommerce-backend/node_modules/router/index.js:582:12)
      at next (C:\Users\hp\OneDrive - bdu.edu.et(Bahir Dar)../../../../../../Internship/Ethiopia Ecommerce/ecommerce-backend/node_modules/router/index.js:291:5)
      at Layer.handleError (C:\Users\hp\OneDrive - bdu.edu.et(Bahir Dar)../../../../../../Internship/Ethiopia Ecommerce/ecommerce-backend/node_modules/router/lib/layer.js:111:12)
      at trimPrefix (C:\Users\hp\OneDrive - bdu.edu.et(Bahir Dar)../../../../../../Internship/Ethiopia Ecommerce/ecommerce-backend/node_modules/router/index.js:340:13)
      at C:\Users\hp\OneDrive - bdu.edu.et(Bahir Dar)../../../../../../Internship/Ethiopia Ecommerce/ecommerce-backend/node_modules/router/index.js:297:9
      at processParams (C:\Users\hp\OneDrive - bdu.edu.et(Bahir Dar)../../../../../../Internship/Ethiopia Ecommerce/ecommerce-backend/node_modules/router/index.js:582:12)
      at next (C:\Users\hp\OneDrive - bdu.edu.et(Bahir Dar)../../../../../../Internship/Ethiopia Ecommerce/ecommerce-backend/node_modules/router/index.js:291:5)
      at C:\Users\hp\OneDrive - bdu.edu.et(Bahir Dar)../../../../../../Internship/Ethiopia Ecommerce/ecommerce-backend/node_modules/router/index.js:688:15
      at next (C:\Users\hp\OneDrive - bdu.edu.et(Bahir Dar)../../../../../../Internship/Ethiopia Ecommerce/ecommerce-backend/node_modules/router/index.js:276:14)
      at next (C:\Users\hp\OneDrive - bdu.edu.et(Bahir Dar)../../../../../../Internship/Ethiopia Ecommerce/ecommerce-backend/node_modules/router/lib/route.js:132:14)
      at next (C:\Users\hp\OneDrive - bdu.edu.et(Bahir Dar)../../../../../../Internship/Ethiopia Ecommerce/ecommerce-backend/src/controllers/orderController.js:781:5)

::ffff:127.0.0.1 - - [26/Feb/2026:18:56:50 +0000] "GET /api/orders HTTP/1.1" 500 - "-" "-"
::ffff:127.0.0.1 - - [26/Feb/2026:18:56:50 +0000] "GET /api/orders HTTP/1.1" 500 - "-" "-"
  console.log
    
    Γ£ô Data Consistency: Order ID

      at Object.log (C:\Users\hp\OneDrive - bdu.edu.et(Bahir Dar)../../../../../../Internship/Ethiopia Ecommerce/ecommerce-backend/test/integration/transaction-visibility.integration.test.js:611:15)

  console.log
      - Customer Interface: 90

      at Object.log (C:\Users\hp\OneDrive - bdu.edu.et(Bahir Dar)../../../../../../Internship/Ethiopia Ecommerce/ecommerce-backend/test/integration/transaction-visibility.integration.test.js:614:17)

  console.log
      - Seller Interface: Order not found

      at Object.log (C:\Users\hp\OneDrive - bdu.edu.et(Bahir Dar)../../../../../../Internship/Ethiopia Ecommerce/ecommerce-backend/test/integration/transaction-visibility.integration.test.js:624:17)

  console.log
      - Admin Interface: Order not found

      at Object.log (C:\Users\hp\OneDrive - bdu.edu.et(Bahir Dar)../../../../../../Internship/Ethiopia Ecommerce/ecommerce-backend/test/integration/transaction-visibility.integration.test.js:631:17)

  console.log
      - Consistency: Partial

      at Object.log (C:\Users\hp\OneDrive - bdu.edu.et(Bahir Dar)../../../../../../Internship/Ethiopia Ecommerce/ecommerce-backend/test/integration/transaction-visibility.integration.test.js:634:15)

  console.log
    
    Γ£ô Data Consistency: Total Amount

      at Object.log (C:\Users\hp\OneDrive - bdu.edu.et(Bahir Dar)../../../../../../Internship/Ethiopia Ecommerce/ecommerce-backend/test/integration/transaction-visibility.integration.test.js:638:15)

  console.log
      - Customer Interface: ETB 9100.00

      at Object.log (C:\Users\hp\OneDrive - bdu.edu.et(Bahir Dar)../../../../../../Internship/Ethiopia Ecommerce/ecommerce-backend/test/integration/transaction-visibility.integration.test.js:641:17)

  console.log
      - Consistency: Partial

      at Object.log (C:\Users\hp\OneDrive - bdu.edu.et(Bahir Dar)../../../../../../Internship/Ethiopia Ecommerce/ecommerce-backend/test/integration/transaction-visibility.integration.test.js:655:15)

  console.log
    
    Γ£ô Data Consistency: Payment Status

      at Object.log (C:\Users\hp\OneDrive - bdu.edu.et(Bahir Dar)../../../../../../Internship/Ethiopia Ecommerce/ecommerce-backend/test/integration/transaction-visibility.integration.test.js:659:15)

  console.log
      - Customer Interface: paid

      at Object.log (C:\Users\hp\OneDrive - bdu.edu.et(Bahir Dar)../../../../../../Internship/Ethiopia Ecommerce/ecommerce-backend/test/integration/transaction-visibility.integration.test.js:662:17)

  console.log
      - Consistency: Partial

      at Object.log (C:\Users\hp\OneDrive - bdu.edu.et(Bahir Dar)../../../../../../Internship/Ethiopia Ecommerce/ecommerce-backend/test/integration/transaction-visibility.integration.test.js:676:15)

  console.log
    
    Γ£ô Data Consistency: Order Status

      at Object.log (C:\Users\hp\OneDrive - bdu.edu.et(Bahir Dar)../../../../../../Internship/Ethiopia Ecommerce/ecommerce-backend/test/integration/transaction-visibility.integration.test.js:680:15)

  console.log
      - Customer Interface: confirmed

      at Object.log (C:\Users\hp\OneDrive - bdu.edu.et(Bahir Dar)../../../../../../Internship/Ethiopia Ecommerce/ecommerce-backend/test/integration/transaction-visibility.integration.test.js:683:17)

  console.log
      - Consistency: Partial

      at Object.log (C:\Users\hp\OneDrive - bdu.edu.et(Bahir Dar)../../../../../../Internship/Ethiopia Ecommerce/ecommerce-backend/test/integration/transaction-visibility.integration.test.js:697:15)

  console.log
    
    Γ£ô Data Consistency: Transaction Reference

      at Object.log (C:\Users\hp\OneDrive - bdu.edu.et(Bahir Dar)../../../../../../Internship/Ethiopia Ecommerce/ecommerce-backend/test/integration/transaction-visibility.integration.test.js:701:15)

  console.log
      - Customer Interface: VISIBILITY-TEST-1772132209041-r7q1kr

      at Object.log (C:\Users\hp\OneDrive - bdu.edu.et(Bahir Dar)../../../../../../Internship/Ethiopia Ecommerce/ecommerce-backend/test/integration/transaction-visibility.integration.test.js:705:17)

  console.log
      - Seller Interface: Payment details not available

      at Object.log (C:\Users\hp\OneDrive - bdu.edu.et(Bahir Dar)../../../../../../Internship/Ethiopia Ecommerce/ecommerce-backend/test/integration/transaction-visibility.integration.test.js:716:17)

  console.log
      - Admin Interface: Payment details not available

      at Object.log (C:\Users\hp\OneDrive - bdu.edu.et(Bahir Dar)../../../../../../Internship/Ethiopia Ecommerce/ecommerce-backend/test/integration/transaction-visibility.integration.test.js:724:17)

  console.log
      - Consistency: Partial

      at Object.log (C:\Users\hp\OneDrive - bdu.edu.et(Bahir Dar)../../../../../../Internship/Ethiopia Ecommerce/ecommerce-backend/test/integration/transaction-visibility.integration.test.js:727:15)

  console.log
    
    Γ£ô Data Consistency: Payment Amount

      at Object.log (C:\Users\hp\OneDrive - bdu.edu.et(Bahir Dar)../../../../../../Internship/Ethiopia Ecommerce/ecommerce-backend/test/integration/transaction-visibility.integration.test.js:731:15)

  console.log
      - Customer Interface: ETB 9100.00

      at Object.log (C:\Users\hp\OneDrive - bdu.edu.et(Bahir Dar)../../../../../../Internship/Ethiopia Ecommerce/ecommerce-backend/test/integration/transaction-visibility.integration.test.js:734:17)

  console.log
      - Consistency: Partial

      at Object.log (C:\Users\hp\OneDrive - bdu.edu.et(Bahir Dar)../../../../../../Internship/Ethiopia Ecommerce/ecommerce-backend/test/integration/transaction-visibility.integration.test.js:748:15)

  console.log
    
    Γ£ô Data Consistency: Payment Date

      at Object.log (C:\Users\hp\OneDrive - bdu.edu.et(Bahir Dar)../../../../../../Internship/Ethiopia Ecommerce/ecommerce-backend/test/integration/transaction-visibility.integration.test.js:752:15)

  console.log
      - Customer Interface: 2026-02-26T18:56:49.000Z

      at Object.log (C:\Users\hp\OneDrive - bdu.edu.et(Bahir Dar)../../../../../../Internship/Ethiopia Ecommerce/ecommerce-backend/test/integration/transaction-visibility.integration.test.js:755:17)

  console.log
      - Consistency: Cannot verify (not all interfaces returned data)

      at Object.log (C:\Users\hp\OneDrive - bdu.edu.et(Bahir Dar)../../../../../../Internship/Ethiopia Ecommerce/ecommerce-backend/test/integration/transaction-visibility.integration.test.js:777:17)

  console.log
    
    ========================================

      at Object.log (C:\Users\hp\OneDrive - bdu.edu.et(Bahir Dar)../../../../../../Internship/Ethiopia Ecommerce/ecommerce-backend/test/integration/transaction-visibility.integration.test.js:784:15)

  console.log
    TRANSACTION VISIBILITY SUMMARY

      at Object.log (C:\Users\hp\OneDrive - bdu.edu.et(Bahir Dar)../../../../../../Internship/Ethiopia Ecommerce/ecommerce-backend/test/integration/transaction-visibility.integration.test.js:785:15)

  console.log
    ========================================

      at Object.log (C:\Users\hp\OneDrive - bdu.edu.et(Bahir Dar)../../../../../../Internship/Ethiopia Ecommerce/ecommerce-backend/test/integration/transaction-visibility.integration.test.js:786:15)

  console.log
    This integration test validates transaction visibility across all user types:

      at Object.log (C:\Users\hp\OneDrive - bdu.edu.et(Bahir Dar)../../../../../../Internship/Ethiopia Ecommerce/ecommerce-backend/test/integration/transaction-visibility.integration.test.js:787:15)

  console.log


      at Object.log (C:\Users\hp\OneDrive - bdu.edu.et(Bahir Dar)../../../../../../Internship/Ethiopia Ecommerce/ecommerce-backend/test/integration/transaction-visibility.integration.test.js:788:15)

  console.log
    Γ£ô Customer Interface: Order History

      at Object.log (C:\Users\hp\OneDrive - bdu.edu.et(Bahir Dar)../../../../../../Internship/Ethiopia Ecommerce/ecommerce-backend/test/integration/transaction-visibility.integration.test.js:789:15)

  console.log
      - Transaction is visible in customer order history

      at Object.log (C:\Users\hp\OneDrive - bdu.edu.et(Bahir Dar)../../../../../../Internship/Ethiopia Ecommerce/ecommerce-backend/test/integration/transaction-visibility.integration.test.js:790:15)

  console.log
      - Payment status is displayed (paid/pending/failed)

      at Object.log (C:\Users\hp\OneDrive - bdu.edu.et(Bahir Dar)../../../../../../Internship/Ethiopia Ecommerce/ecommerce-backend/test/integration/transaction-visibility.integration.test.js:791:15)

  console.log
      - Payment amount is displayed with currency

      at Object.log (C:\Users\hp\OneDrive - bdu.edu.et(Bahir Dar)../../../../../../Internship/Ethiopia Ecommerce/ecommerce-backend/test/integration/transaction-visibility.integration.test.js:792:15)

  console.log
      - Payment date is displayed in readable format

      at Object.log (C:\Users\hp\OneDrive - bdu.edu.et(Bahir Dar)../../../../../../Internship/Ethiopia Ecommerce/ecommerce-backend/test/integration/transaction-visibility.integration.test.js:793:15)

  console.log
      - Payment details include transaction reference

      at Object.log (C:\Users\hp\OneDrive - bdu.edu.et(Bahir Dar)../../../../../../Internship/Ethiopia Ecommerce/ecommerce-backend/test/integration/transaction-visibility.integration.test.js:794:15)

  console.log
      - Order details include shipping information

      at Object.log (C:\Users\hp\OneDrive - bdu.edu.et(Bahir Dar)../../../../../../Internship/Ethiopia Ecommerce/ecommerce-backend/test/integration/transaction-visibility.integration.test.js:795:15)

  console.log


      at Object.log (C:\Users\hp\OneDrive - bdu.edu.et(Bahir Dar)../../../../../../Internship/Ethiopia Ecommerce/ecommerce-backend/test/integration/transaction-visibility.integration.test.js:796:15)

  console.log
    Γ£ô Seller Interface: Earnings Dashboard

      at Object.log (C:\Users\hp\OneDrive - bdu.edu.et(Bahir Dar)../../../../../../Internship/Ethiopia Ecommerce/ecommerce-backend/test/integration/transaction-visibility.integration.test.js:797:15)

  console.log
      - Transaction is visible in seller orders

      at Object.log (C:\Users\hp\OneDrive - bdu.edu.et(Bahir Dar)../../../../../../Internship/Ethiopia Ecommerce/ecommerce-backend/test/integration/transaction-visibility.integration.test.js:798:15)

  console.log
      - Order details include customer information

      at Object.log (C:\Users\hp\OneDrive - bdu.edu.et(Bahir Dar)../../../../../../Internship/Ethiopia Ecommerce/ecommerce-backend/test/integration/transaction-visibility.integration.test.js:799:15)

  console.log
      - Order items show product details and quantities

      at Object.log (C:\Users\hp\OneDrive - bdu.edu.et(Bahir Dar)../../../../../../Internship/Ethiopia Ecommerce/ecommerce-backend/test/integration/transaction-visibility.integration.test.js:800:15)

  console.log
      - Commission calculation is possible from order data

      at Object.log (C:\Users\hp\OneDrive - bdu.edu.et(Bahir Dar)../../../../../../Internship/Ethiopia Ecommerce/ecommerce-backend/test/integration/transaction-visibility.integration.test.js:801:15)

  console.log
      - Payment details include transaction reference

      at Object.log (C:\Users\hp\OneDrive - bdu.edu.et(Bahir Dar)../../../../../../Internship/Ethiopia Ecommerce/ecommerce-backend/test/integration/transaction-visibility.integration.test.js:802:15)

  console.log
      - Payment status helps track confirmed orders

      at Object.log (C:\Users\hp\OneDrive - bdu.edu.et(Bahir Dar)../../../../../../Internship/Ethiopia Ecommerce/ecommerce-backend/test/integration/transaction-visibility.integration.test.js:803:15)

  console.log


      at Object.log (C:\Users\hp\OneDrive - bdu.edu.et(Bahir Dar)../../../../../../Internship/Ethiopia Ecommerce/ecommerce-backend/test/integration/transaction-visibility.integration.test.js:804:15)

  console.log
    Γ£ô Admin Interface: Payment Management

      at Object.log (C:\Users\hp\OneDrive - bdu.edu.et(Bahir Dar)../../../../../../Internship/Ethiopia Ecommerce/ecommerce-backend/test/integration/transaction-visibility.integration.test.js:805:15)

  console.log
      - Transaction is visible in admin payment management

      at Object.log (C:\Users\hp\OneDrive - bdu.edu.et(Bahir Dar)../../../../../../Internship/Ethiopia Ecommerce/ecommerce-backend/test/integration/transaction-visibility.integration.test.js:806:15)

  console.log
      - Full transaction details are accessible

      at Object.log (C:\Users\hp\OneDrive - bdu.edu.et(Bahir Dar)../../../../../../Internship/Ethiopia Ecommerce/ecommerce-backend/test/integration/transaction-visibility.integration.test.js:807:15)

  console.log
      - Customer information is included

      at Object.log (C:\Users\hp\OneDrive - bdu.edu.et(Bahir Dar)../../../../../../Internship/Ethiopia Ecommerce/ecommerce-backend/test/integration/transaction-visibility.integration.test.js:808:15)

  console.log
      - Seller information is included

      at Object.log (C:\Users\hp\OneDrive - bdu.edu.et(Bahir Dar)../../../../../../Internship/Ethiopia Ecommerce/ecommerce-backend/test/integration/transaction-visibility.integration.test.js:809:15)

  console.log
      - Payment details include transaction reference

      at Object.log (C:\Users\hp\OneDrive - bdu.edu.et(Bahir Dar)../../../../../../Internship/Ethiopia Ecommerce/ecommerce-backend/test/integration/transaction-visibility.integration.test.js:810:15)

  console.log
      - Shipping address is accessible

      at Object.log (C:\Users\hp\OneDrive - bdu.edu.et(Bahir Dar)../../../../../../Internship/Ethiopia Ecommerce/ecommerce-backend/test/integration/transaction-visibility.integration.test.js:811:15)

  console.log
      - Order items show complete details

      at Object.log (C:\Users\hp\OneDrive - bdu.edu.et(Bahir Dar)../../../../../../Internship/Ethiopia Ecommerce/ecommerce-backend/test/integration/transaction-visibility.integration.test.js:812:15)

  console.log


      at Object.log (C:\Users\hp\OneDrive - bdu.edu.et(Bahir Dar)../../../../../../Internship/Ethiopia Ecommerce/ecommerce-backend/test/integration/transaction-visibility.integration.test.js:813:15)

  console.log
    Γ£ô Data Consistency

      at Object.log (C:\Users\hp\OneDrive - bdu.edu.et(Bahir Dar)../../../../../../Internship/Ethiopia Ecommerce/ecommerce-backend/test/integration/transaction-visibility.integration.test.js:814:15)

  console.log
      - Order ID is consistent across all interfaces

      at Object.log (C:\Users\hp\OneDrive - bdu.edu.et(Bahir Dar)../../../../../../Internship/Ethiopia Ecommerce/ecommerce-backend/test/integration/transaction-visibility.integration.test.js:815:15)

  console.log
      - Total amount is consistent across all interfaces

      at Object.log (C:\Users\hp\OneDrive - bdu.edu.et(Bahir Dar)../../../../../../Internship/Ethiopia Ecommerce/ecommerce-backend/test/integration/transaction-visibility.integration.test.js:816:15)

  console.log
      - Payment status is consistent across all interfaces

      at Object.log (C:\Users\hp\OneDrive - bdu.edu.et(Bahir Dar)../../../../../../Internship/Ethiopia Ecommerce/ecommerce-backend/test/integration/transaction-visibility.integration.test.js:817:15)

  console.log
      - Order status is consistent across all interfaces

      at Object.log (C:\Users\hp\OneDrive - bdu.edu.et(Bahir Dar)../../../../../../Internship/Ethiopia Ecommerce/ecommerce-backend/test/integration/transaction-visibility.integration.test.js:818:15)

  console.log
      - Transaction reference is consistent across all interfaces

      at Object.log (C:\Users\hp\OneDrive - bdu.edu.et(Bahir Dar)../../../../../../Internship/Ethiopia Ecommerce/ecommerce-backend/test/integration/transaction-visibility.integration.test.js:819:15)

  console.log
      - Payment amount is consistent across all interfaces

      at Object.log (C:\Users\hp\OneDrive - bdu.edu.et(Bahir Dar)../../../../../../Internship/Ethiopia Ecommerce/ecommerce-backend/test/integration/transaction-visibility.integration.test.js:820:15)

  console.log
      - Payment date is consistent across all interfaces

      at Object.log (C:\Users\hp\OneDrive - bdu.edu.et(Bahir Dar)../../../../../../Internship/Ethiopia Ecommerce/ecommerce-backend/test/integration/transaction-visibility.integration.test.js:821:15)

  console.log


      at Object.log (C:\Users\hp\OneDrive - bdu.edu.et(Bahir Dar)../../../../../../Internship/Ethiopia Ecommerce/ecommerce-backend/test/integration/transaction-visibility.integration.test.js:822:15)

  console.log
    Validates Requirements:

      at Object.log (C:\Users\hp\OneDrive - bdu.edu.et(Bahir Dar)../../../../../../Internship/Ethiopia Ecommerce/ecommerce-backend/test/integration/transaction-visibility.integration.test.js:823:15)

  console.log
    - 4.1: Transactions stored in payments table with all relevant details

      at Object.log (C:\Users\hp\OneDrive - bdu.edu.et(Bahir Dar)../../../../../../Internship/Ethiopia Ecommerce/ecommerce-backend/test/integration/transaction-visibility.integration.test.js:824:15)

  console.log
    - 4.2: Transactions visible in customer order history with payment status, amount, date

      at Object.log (C:\Users\hp\OneDrive - bdu.edu.et(Bahir Dar)../../../../../../Internship/Ethiopia Ecommerce/ecommerce-backend/test/integration/transaction-visibility.integration.test.js:825:15)

  console.log
    - 4.3: Transactions visible in seller earnings dashboard with order details, commission

      at Object.log (C:\Users\hp\OneDrive - bdu.edu.et(Bahir Dar)../../../../../../Internship/Ethiopia Ecommerce/ecommerce-backend/test/integration/transaction-visibility.integration.test.js:826:15)

  console.log
    - 4.4: Transactions visible in admin payment management with full details

      at Object.log (C:\Users\hp\OneDrive - bdu.edu.et(Bahir Dar)../../../../../../Internship/Ethiopia Ecommerce/ecommerce-backend/test/integration/transaction-visibility.integration.test.js:827:15)

  console.log
    - 4.5: Order status updated to "confirmed" or "paid" after successful payment

      at Object.log (C:\Users\hp\OneDrive - bdu.edu.et(Bahir Dar)../../../../../../Internship/Ethiopia Ecommerce/ecommerce-backend/test/integration/transaction-visibility.integration.test.js:828:15)

  console.log
    - 4.6: Seller analytics updated with revenue and order count

      at Object.log (C:\Users\hp\OneDrive - bdu.edu.et(Bahir Dar)../../../../../../Internship/Ethiopia Ecommerce/ecommerce-backend/test/integration/transaction-visibility.integration.test.js:829:15)

  console.log


      at Object.log (C:\Users\hp\OneDrive - bdu.edu.et(Bahir Dar)../../../../../../Internship/Ethiopia Ecommerce/ecommerce-backend/test/integration/transaction-visibility.integration.test.js:830:15)

  console.log
    Test Configuration:

      at Object.log (C:\Users\hp\OneDrive - bdu.edu.et(Bahir Dar)../../../../../../Internship/Ethiopia Ecommerce/ecommerce-backend/test/integration/transaction-visibility.integration.test.js:831:15)

  console.log
    - Customer: visibility-customer@test.com

      at Object.log (C:\Users\hp\OneDrive - bdu.edu.et(Bahir Dar)../../../../../../Internship/Ethiopia Ecommerce/ecommerce-backend/test/integration/transaction-visibility.integration.test.js:832:15)

  console.log
    - Seller: visibility-seller@test.com

      at Object.log (C:\Users\hp\OneDrive - bdu.edu.et(Bahir Dar)../../../../../../Internship/Ethiopia Ecommerce/ecommerce-backend/test/integration/transaction-visibility.integration.test.js:833:15)

  console.log
    - Admin: visibility-admin@test.com

      at Object.log (C:\Users\hp\OneDrive - bdu.edu.et(Bahir Dar)../../../../../../Internship/Ethiopia Ecommerce/ecommerce-backend/test/integration/transaction-visibility.integration.test.js:834:15)

  console.log
    - Order ID: 90

      at Object.log (C:\Users\hp\OneDrive - bdu.edu.et(Bahir Dar)../../../../../../Internship/Ethiopia Ecommerce/ecommerce-backend/test/integration/transaction-visibility.integration.test.js:835:15)

  console.log
    - Order Number: ORD-VISIBILITY-1772132209041

      at Object.log (C:\Users\hp\OneDrive - bdu.edu.et(Bahir Dar)../../../../../../Internship/Ethiopia Ecommerce/ecommerce-backend/test/integration/transaction-visibility.integration.test.js:836:15)

  console.log
    - Payment ID: 60

      at Object.log (C:\Users\hp\OneDrive - bdu.edu.et(Bahir Dar)../../../../../../Internship/Ethiopia Ecommerce/ecommerce-backend/test/integration/transaction-visibility.integration.test.js:837:15)

  console.log
    - Transaction Reference: VISIBILITY-TEST-1772132209041-r7q1kr

      at Object.log (C:\Users\hp\OneDrive - bdu.edu.et(Bahir Dar)../../../../../../Internship/Ethiopia Ecommerce/ecommerce-backend/test/integration/transaction-visibility.integration.test.js:838:15)

  console.log
    - Total Amount: ETB 9100

      at Object.log (C:\Users\hp\OneDrive - bdu.edu.et(Bahir Dar)../../../../../../Internship/Ethiopia Ecommerce/ecommerce-backend/test/integration/transaction-visibility.integration.test.js:839:15)

  console.log
    - Payment Status: success

      at Object.log (C:\Users\hp\OneDrive - bdu.edu.et(Bahir Dar)../../../../../../Internship/Ethiopia Ecommerce/ecommerce-backend/test/integration/transaction-visibility.integration.test.js:840:15)

  console.log
    - Order Status: confirmed

      at Object.log (C:\Users\hp\OneDrive - bdu.edu.et(Bahir Dar)../../../../../../Internship/Ethiopia Ecommerce/ecommerce-backend/test/integration/transaction-visibility.integration.test.js:841:15)

  console.log


      at Object.log (C:\Users\hp\OneDrive - bdu.edu.et(Bahir Dar)../../../../../../Internship/Ethiopia Ecommerce/ecommerce-backend/test/integration/transaction-visibility.integration.test.js:842:15)

  console.log
    ========================================

      at Object.log (C:\Users\hp\OneDrive - bdu.edu.et(Bahir Dar)../../../../../../Internship/Ethiopia Ecommerce/ecommerce-backend/test/integration/transaction-visibility.integration.test.js:843:15)

FAIL test/integration/transaction-visibility.integration.test.js
  Integration Test: Transaction Visibility Across All User Types
    Customer Interface: Order History with Payment Details
      ΓêÜ should retrieve customer order history (122 ms)
      ΓêÜ should find the test transaction in customer order history (6 ms)
      ΓêÜ should display payment status in customer order history (4 ms)
      ΓêÜ should display payment amount in customer order history (5 ms)
      ΓêÜ should display payment date in customer order history (30 ms)
      ΓêÜ should include payment details in customer order history (9 ms)
    Seller Interface: Earnings Dashboard with Order Details
      ├ù should retrieve seller orders (354 ms)
      ├ù should find the test transaction in seller orders (1 ms)
      ├ù should display order details in seller interface (1 ms)
      ├ù should display order items with product details (1 ms)
      ├ù should calculate commission for seller (1 ms)
      ├ù should include payment details in seller orders (1 ms)
    Admin Interface: Payment Management with Full Transaction Details
      ├ù should retrieve all orders for admin (261 ms)
      ├ù should find the test transaction in admin payment management (2 ms)
      ├ù should display full transaction details for admin (1 ms)
      ├ù should display payment details with transaction reference (1 ms)
      ├ù should display order items with seller information (1 ms)
      ├ù should display shipping address for admin (1 ms)
    Data Consistency Across All Interfaces
      ΓêÜ should show consistent order ID across all interfaces (5 ms)
      ΓêÜ should show consistent total amount across all interfaces (4 ms)
      ΓêÜ should show consistent payment status across all interfaces (4 ms)
      ΓêÜ should show consistent order status across all interfaces (3 ms)
      ΓêÜ should show consistent transaction reference across all interfaces (5 ms)
      ΓêÜ should show consistent payment amount across all interfaces (3 ms)
      ΓêÜ should show consistent payment date across all interfaces (3 ms)
    Summary: Transaction Visibility Validation
      ΓêÜ should document the complete transaction visibility test (48 ms)

  ΓùÅ Integration Test: Transaction Visibility Across All User Types ΓÇ║ Seller 
Interface: Earnings Dashboard with Order Details ΓÇ║ should retrieve seller orders

    expect(received).toBe(expected) // Object.is equality

    Expected: 200
    Received: 500

    [0m [90m 310 |[39m       console[33m.[39mlog([32m`  - Success: 
${response.body.success}`[39m)[33m;[39m
     [90m 311 |[39m
    [31m[1m>[22m[39m[90m 312 |[39m       
expect(response[33m.[39mstatus)[33m.[39mtoBe([35m200[39m)[33m;[39m
     [90m     |[39m                               [31m[1m^[22m[39m
     [90m 313 |[39m       expect(response[33m.[39mbody[33m.[39msuccess)[33m.[
39mtoBe([36mtrue[39m)[33m;[39m
     [90m 314 |[39m       expect(response[33m.[39mbody[33m.[39mdata[33m.[39mo
rders)[33m.[39mtoBeInstanceOf([33mArray[39m)[33m;[39m
     [90m 315 |[39m[0m

      at Object.toBe (C:\Users\hp\OneDrive - bdu.edu.et(Bahir 
Dar)../../../../../../Internship/Ethiopia Ecommerce/ecommerce-backend/test/integratio
n/transaction-visibility.integration.test.js:312:31)

  ΓùÅ Integration Test: Transaction Visibility Across All User Types ΓÇ║ Seller 
Interface: Earnings Dashboard with Order Details ΓÇ║ should find the test 
transaction in seller orders

    expect(received).toBeDefined()

    Received: undefined

    [0m [90m 318 |[39m
     [90m 319 |[39m     it([32m'should find the test transaction in seller 
orders'[39m[33m,[39m () [33m=>[39m {
    [31m[1m>[22m[39m[90m 320 |[39m       
expect(sellerOrders)[33m.[39mtoBeDefined()[33m;[39m
     [90m     |[39m                            [31m[1m^[22m[39m
     [90m 321 |[39m
     [90m 322 |[39m       [36mconst[39m testOrderInSeller [33m=[39m 
sellerOrders[33m.[39mfind(o [33m=>[39m o[33m.[39mid [33m===[39m 
testOrder[33m.[39mid)[33m;[39m
     [90m 323 |[39m[0m

      at Object.toBeDefined (C:\Users\hp\OneDrive - bdu.edu.et(Bahir 
Dar)../../../../../../Internship/Ethiopia Ecommerce/ecommerce-backend/test/integratio
n/transaction-visibility.integration.test.js:320:28)

  ΓùÅ Integration Test: Transaction Visibility Across All User Types ΓÇ║ Seller 
Interface: Earnings Dashboard with Order Details ΓÇ║ should display order details in 
seller interface

    TypeError: Cannot read properties of undefined (reading 'find')

    [0m [90m 340 |[39m
     [90m 341 |[39m     it([32m'should display order details in seller 
interface'[39m[33m,[39m () [33m=>[39m {
    [31m[1m>[22m[39m[90m 342 |[39m       [36mconst[39m testOrderInSeller 
[33m=[39m sellerOrders[33m.[39mfind(o [33m=>[39m o[33m.[39mid [33m===[39m 
testOrder[33m.[39mid)[33m;[39m
     [90m     |[39m                                              
[31m[1m^[22m[39m
     [90m 343 |[39m
     [90m 344 |[39m       [36mif[39m (testOrderInSeller) {
     [90m 345 |[39m         console[33m.[39mlog([32m'\nΓ£ô Seller: Order 
Details Display'[39m)[33m;[39m[0m

      at Object.find (C:\Users\hp\OneDrive - bdu.edu.et(Bahir 
Dar)../../../../../../Internship/Ethiopia Ecommerce/ecommerce-backend/test/integratio
n/transaction-visibility.integration.test.js:342:46)

  ΓùÅ Integration Test: Transaction Visibility Across All User Types ΓÇ║ Seller 
Interface: Earnings Dashboard with Order Details ΓÇ║ should display order items with 
product details

    TypeError: Cannot read properties of undefined (reading 'find')

    [0m [90m 359 |[39m
     [90m 360 |[39m     it([32m'should display order items with product 
details'[39m[33m,[39m () [33m=>[39m {
    [31m[1m>[22m[39m[90m 361 |[39m       [36mconst[39m testOrderInSeller 
[33m=[39m sellerOrders[33m.[39mfind(o [33m=>[39m o[33m.[39mid [33m===[39m 
testOrder[33m.[39mid)[33m;[39m
     [90m     |[39m                                              
[31m[1m^[22m[39m
     [90m 362 |[39m
     [90m 363 |[39m       [36mif[39m (testOrderInSeller [33m&&[39m 
testOrderInSeller[33m.[39mitems) {
     [90m 364 |[39m         console[33m.[39mlog([32m'\nΓ£ô Seller: Order Items 
Display'[39m)[33m;[39m[0m

      at Object.find (C:\Users\hp\OneDrive - bdu.edu.et(Bahir 
Dar)../../../../../../Internship/Ethiopia Ecommerce/ecommerce-backend/test/integratio
n/transaction-visibility.integration.test.js:361:46)

  ΓùÅ Integration Test: Transaction Visibility Across All User Types ΓÇ║ Seller 
Interface: Earnings Dashboard with Order Details ΓÇ║ should calculate commission for 
seller

    TypeError: Cannot read properties of undefined (reading 'find')

    [0m [90m 381 |[39m
     [90m 382 |[39m     it([32m'should calculate commission for 
seller'[39m[33m,[39m () [33m=>[39m {
    [31m[1m>[22m[39m[90m 383 |[39m       [36mconst[39m testOrderInSeller 
[33m=[39m sellerOrders[33m.[39mfind(o [33m=>[39m o[33m.[39mid [33m===[39m 
testOrder[33m.[39mid)[33m;[39m
     [90m     |[39m                                              
[31m[1m^[22m[39m
     [90m 384 |[39m
     [90m 385 |[39m       [36mif[39m (testOrderInSeller [33m&&[39m 
testOrderInSeller[33m.[39mitems) {
     [90m 386 |[39m         console[33m.[39mlog([32m'\nΓ£ô Seller: Commission 
Calculation'[39m)[33m;[39m[0m

      at Object.find (C:\Users\hp\OneDrive - bdu.edu.et(Bahir 
Dar)../../../../../../Internship/Ethiopia Ecommerce/ecommerce-backend/test/integratio
n/transaction-visibility.integration.test.js:383:46)

  ΓùÅ Integration Test: Transaction Visibility Across All User Types ΓÇ║ Seller 
Interface: Earnings Dashboard with Order Details ΓÇ║ should include payment details 
in seller orders

    TypeError: Cannot read properties of undefined (reading 'find')

    [0m [90m 407 |[39m
     [90m 408 |[39m     it([32m'should include payment details in seller 
orders'[39m[33m,[39m () [33m=>[39m {
    [31m[1m>[22m[39m[90m 409 |[39m       [36mconst[39m testOrderInSeller 
[33m=[39m sellerOrders[33m.[39mfind(o [33m=>[39m o[33m.[39mid [33m===[39m 
testOrder[33m.[39mid)[33m;[39m
     [90m     |[39m                                              
[31m[1m^[22m[39m
     [90m 410 |[39m
     [90m 411 |[39m       console[33m.[39mlog([32m'\nΓ£ô Seller: Payment 
Details Inclusion'[39m)[33m;[39m
     [90m 412 |[39m[0m

      at Object.find (C:\Users\hp\OneDrive - bdu.edu.et(Bahir 
Dar)../../../../../../Internship/Ethiopia Ecommerce/ecommerce-backend/test/integratio
n/transaction-visibility.integration.test.js:409:46)

  ΓùÅ Integration Test: Transaction Visibility Across All User Types ΓÇ║ Admin 
Interface: Payment Management with Full Transaction Details ΓÇ║ should retrieve all 
orders for admin

    expect(received).toBe(expected) // Object.is equality

    Expected: 200
    Received: 500

    [0m [90m 439 |[39m       console[33m.[39mlog([32m`  - Success: 
${response.body.success}`[39m)[33m;[39m
     [90m 440 |[39m
    [31m[1m>[22m[39m[90m 441 |[39m       
expect(response[33m.[39mstatus)[33m.[39mtoBe([35m200[39m)[33m;[39m
     [90m     |[39m                               [31m[1m^[22m[39m
     [90m 442 |[39m       expect(response[33m.[39mbody[33m.[39msuccess)[33m.[
39mtoBe([36mtrue[39m)[33m;[39m
     [90m 443 |[39m       expect(response[33m.[39mbody[33m.[39mdata[33m.[39mo
rders)[33m.[39mtoBeInstanceOf([33mArray[39m)[33m;[39m
     [90m 444 |[39m[0m

      at Object.toBe (C:\Users\hp\OneDrive - bdu.edu.et(Bahir 
Dar)../../../../../../Internship/Ethiopia Ecommerce/ecommerce-backend/test/integratio
n/transaction-visibility.integration.test.js:441:31)

  ΓùÅ Integration Test: Transaction Visibility Across All User Types ΓÇ║ Admin 
Interface: Payment Management with Full Transaction Details ΓÇ║ should find the test 
transaction in admin payment management

    expect(received).toBeDefined()

    Received: undefined

    [0m [90m 448 |[39m
     [90m 449 |[39m     it([32m'should find the test transaction in admin payment 
management'[39m[33m,[39m () [33m=>[39m {
    [31m[1m>[22m[39m[90m 450 |[39m       
expect(adminOrders)[33m.[39mtoBeDefined()[33m;[39m
     [90m     |[39m                           [31m[1m^[22m[39m
     [90m 451 |[39m
     [90m 452 |[39m       [36mconst[39m testOrderInAdmin [33m=[39m 
adminOrders[33m.[39mfind(o [33m=>[39m o[33m.[39mid [33m===[39m 
testOrder[33m.[39mid)[33m;[39m
     [90m 453 |[39m[0m

      at Object.toBeDefined (C:\Users\hp\OneDrive - bdu.edu.et(Bahir 
Dar)../../../../../../Internship/Ethiopia Ecommerce/ecommerce-backend/test/integratio
n/transaction-visibility.integration.test.js:450:27)

  ΓùÅ Integration Test: Transaction Visibility Across All User Types ΓÇ║ Admin 
Interface: Payment Management with Full Transaction Details ΓÇ║ should display full 
transaction details for admin

    TypeError: Cannot read properties of undefined (reading 'find')

    [0m [90m 472 |[39m
     [90m 473 |[39m     it([32m'should display full transaction details for 
admin'[39m[33m,[39m () [33m=>[39m {
    [31m[1m>[22m[39m[90m 474 |[39m       [36mconst[39m testOrderInAdmin 
[33m=[39m adminOrders[33m.[39mfind(o [33m=>[39m o[33m.[39mid [33m===[39m 
testOrder[33m.[39mid)[33m;[39m
     [90m     |[39m                                            [31m[1m^[22m[39m
     [90m 475 |[39m
     [90m 476 |[39m       [36mif[39m (testOrderInAdmin) {
     [90m 477 |[39m         console[33m.[39mlog([32m'\nΓ£ô Admin: Full 
Transaction Details'[39m)[33m;[39m[0m

      at Object.find (C:\Users\hp\OneDrive - bdu.edu.et(Bahir 
Dar)../../../../../../Internship/Ethiopia Ecommerce/ecommerce-backend/test/integratio
n/transaction-visibility.integration.test.js:474:44)

  ΓùÅ Integration Test: Transaction Visibility Across All User Types ΓÇ║ Admin 
Interface: Payment Management with Full Transaction Details ΓÇ║ should display 
payment details with transaction reference

    TypeError: Cannot read properties of undefined (reading 'find')

    [0m [90m 497 |[39m
     [90m 498 |[39m     it([32m'should display payment details with transaction 
reference'[39m[33m,[39m () [33m=>[39m {
    [31m[1m>[22m[39m[90m 499 |[39m       [36mconst[39m testOrderInAdmin 
[33m=[39m adminOrders[33m.[39mfind(o [33m=>[39m o[33m.[39mid [33m===[39m 
testOrder[33m.[39mid)[33m;[39m
     [90m     |[39m                                            [31m[1m^[22m[39m
     [90m 500 |[39m
     [90m 501 |[39m       console[33m.[39mlog([32m'\nΓ£ô Admin: Payment Details 
with Transaction Reference'[39m)[33m;[39m
     [90m 502 |[39m[0m

      at Object.find (C:\Users\hp\OneDrive - bdu.edu.et(Bahir 
Dar)../../../../../../Internship/Ethiopia Ecommerce/ecommerce-backend/test/integratio
n/transaction-visibility.integration.test.js:499:44)

  ΓùÅ Integration Test: Transaction Visibility Across All User Types ΓÇ║ Admin 
Interface: Payment Management with Full Transaction Details ΓÇ║ should display order 
items with seller information

    TypeError: Cannot read properties of undefined (reading 'find')

    [0m [90m 525 |[39m
     [90m 526 |[39m     it([32m'should display order items with seller 
information'[39m[33m,[39m () [33m=>[39m {
    [31m[1m>[22m[39m[90m 527 |[39m       [36mconst[39m testOrderInAdmin 
[33m=[39m adminOrders[33m.[39mfind(o [33m=>[39m o[33m.[39mid [33m===[39m 
testOrder[33m.[39mid)[33m;[39m
     [90m     |[39m                                            [31m[1m^[22m[39m
     [90m 528 |[39m
     [90m 529 |[39m       [36mif[39m (testOrderInAdmin [33m&&[39m 
testOrderInAdmin[33m.[39mitems) {
     [90m 530 |[39m         console[33m.[39mlog([32m'\nΓ£ô Admin: Order Items 
with Seller Information'[39m)[33m;[39m[0m

      at Object.find (C:\Users\hp\OneDrive - bdu.edu.et(Bahir 
Dar)../../../../../../Internship/Ethiopia Ecommerce/ecommerce-backend/test/integratio
n/transaction-visibility.integration.test.js:527:44)

  ΓùÅ Integration Test: Transaction Visibility Across All User Types ΓÇ║ Admin 
Interface: Payment Management with Full Transaction Details ΓÇ║ should display 
shipping address for admin

    TypeError: Cannot read properties of undefined (reading 'find')

    [0m [90m 549 |[39m
     [90m 550 |[39m     it([32m'should display shipping address for 
admin'[39m[33m,[39m () [33m=>[39m {
    [31m[1m>[22m[39m[90m 551 |[39m       [36mconst[39m testOrderInAdmin 
[33m=[39m adminOrders[33m.[39mfind(o [33m=>[39m o[33m.[39mid [33m===[39m 
testOrder[33m.[39mid)[33m;[39m
     [90m     |[39m                                            [31m[1m^[22m[39m
     [90m 552 |[39m
     [90m 553 |[39m       [36mif[39m (testOrderInAdmin [33m&&[39m 
testOrderInAdmin[33m.[39mshipping_address) {
     [90m 554 |[39m         console[33m.[39mlog([32m'\nΓ£ô Admin: Shipping 
Address Details'[39m)[33m;[39m[0m

      at Object.find (C:\Users\hp\OneDrive - bdu.edu.et(Bahir 
Dar)../../../../../../Internship/Ethiopia Ecommerce/ecommerce-backend/test/integratio
n/transaction-visibility.integration.test.js:551:44)

  console.log
    [dotenv@17.3.1] injecting env (32) from .env -- tip: ΓÜÖ∩╕Å  override existing env vars with { override: true }

      at _log (C:\Users\hp\OneDrive - bdu.edu.et(Bahir Dar)../../../../../../Internship/Ethiopia Ecommerce/ecommerce-backend/node_modules/dotenv/lib/main.js:139:11)

  console.log
    [dotenv@17.3.1] injecting env (0) from .env -- tip: ΓÜí∩╕Å secrets for agents: https://dotenvx.com/as2

      at _log (C:\Users\hp\OneDrive - bdu.edu.et(Bahir Dar)../../../../../../Internship/Ethiopia Ecommerce/ecommerce-backend/node_modules/dotenv/lib/main.js:139:11)

  console.log
    [dotenv@17.3.1] injecting env (0) from .env -- tip: ≡ƒöÉ prevent committing .env to code: https://dotenvx.com/precommit

      at _log (C:\Users\hp\OneDrive - bdu.edu.et(Bahir Dar)../../../../../../Internship/Ethiopia Ecommerce/ecommerce-backend/node_modules/dotenv/lib/main.js:139:11)

  console.log
    [dotenv@17.3.1] injecting env (0) from .env -- tip: ≡ƒñû agentic secret storage: https://dotenvx.com/as2

      at _log (C:\Users\hp\OneDrive - bdu.edu.et(Bahir Dar)../../../../../../Internship/Ethiopia Ecommerce/ecommerce-backend/node_modules/dotenv/lib/main.js:139:11)

  console.log
    [dotenv@17.3.1] injecting env (0) from .env -- tip: ΓÜÖ∩╕Å  write to custom object with { processEnv: myObject }

      at _log (C:\Users\hp\OneDrive - bdu.edu.et(Bahir Dar)../../../../../../Internship/Ethiopia Ecommerce/ecommerce-backend/node_modules/dotenv/lib/main.js:139:11)

  console.log
    [dotenv@17.3.1] injecting env (0) from .env -- tip: ≡ƒ¢í∩╕Å auth for agents: https://vestauth.com

      at _log (C:\Users\hp\OneDrive - bdu.edu.et(Bahir Dar)../../../../../../Internship/Ethiopia Ecommerce/ecommerce-backend/node_modules/dotenv/lib/main.js:139:11)

  console.warn
    Firebase Service Account Key not found. Push Notifications will be disabled. Check PUSH_NOTIFICATIONS_SETUP_GUIDE.md for setup instructions.

    [0m [90m 20 |[39m   }
     [90m 21 |[39m } [36melse[39m {
    [31m[1m>[22m[39m[90m 22 |[39m   console[33m.[39mwarn([32m'Firebase Service Account Key not found. Push Notifications will be disabled. Check PUSH_NOTIFICATIONS_SETUP_GUIDE.md for setup instructions.'[39m)[33m;[39m
     [90m    |[39m           [31m[1m^[22m[39m
     [90m 23 |[39m }
     [90m 24 |[39m
     [90m 25 |[39m [90m/**[39m[0m

      at Object.warn (C:\Users\hp\OneDrive - bdu.edu.et(Bahir Dar)../../../../../../Internship/Ethiopia Ecommerce/ecommerce-backend/src/services/pushNotificationService.js:22:11)
      at Object.require (C:\Users\hp\OneDrive - bdu.edu.et(Bahir Dar)../../../../../../Internship/Ethiopia Ecommerce/ecommerce-backend/src/services/notificationService.js:1:34)
      at Object.require (C:\Users\hp\OneDrive - bdu.edu.et(Bahir Dar)../../../../../../Internship/Ethiopia Ecommerce/ecommerce-backend/src/services/orderStatusService.js:2:29)
      at Object.require (C:\Users\hp\OneDrive - bdu.edu.et(Bahir Dar)../../../../../../Internship/Ethiopia Ecommerce/ecommerce-backend/src/controllers/sellerController.js:9:28)
      at Object.require (C:\Users\hp\OneDrive - bdu.edu.et(Bahir Dar)../../../../../../Internship/Ethiopia Ecommerce/ecommerce-backend/src/routes/sellerRoutes.js:3:26)
      at Object.require (C:\Users\hp\OneDrive - bdu.edu.et(Bahir Dar)../../../../../../Internship/Ethiopia Ecommerce/ecommerce-backend/src/server.js:18:22)
      at Object.require (C:\Users\hp\OneDrive - bdu.edu.et(Bahir Dar)../../../../../../Internship/Ethiopia Ecommerce/ecommerce-backend/test/integration/complete-checkout-flow.integration.test.js:18:13)

  console.log
    Initializing database connection...

      at log (C:\Users\hp\OneDrive - bdu.edu.et(Bahir Dar)../../../../../../Internship/Ethiopia Ecommerce/ecommerce-backend/src/server.js:165:13)

  console.log
    Γ£ô Database 'ecommerce_db' is ready

      at log (C:\Users\hp\OneDrive - bdu.edu.et(Bahir Dar)../../../../../../Internship/Ethiopia Ecommerce/ecommerce-backend/src/config/database.js:19:13)

  console.log
    Γ£ô Database connection established successfully (attempt 1/3)

      at log (C:\Users\hp\OneDrive - bdu.edu.et(Bahir Dar)../../../../../../Internship/Ethiopia Ecommerce/ecommerce-backend/src/config/database.js:81:15)

  console.log
    Validating payment configuration...

      at log (C:\Users\hp\OneDrive - bdu.edu.et(Bahir Dar)../../../../../../Internship/Ethiopia Ecommerce/ecommerce-backend/src/server.js:169:13)

  console.log
    Γ£ô Payment configuration validated successfully

      at log (C:\Users\hp\OneDrive - bdu.edu.et(Bahir Dar)../../../../../../Internship/Ethiopia Ecommerce/ecommerce-backend/src/config/payment.js:78:11)

  console.log
      Environment: test

      at log (C:\Users\hp\OneDrive - bdu.edu.et(Bahir Dar)../../../../../../Internship/Ethiopia Ecommerce/ecommerce-backend/src/config/payment.js:79:11)

  console.log
      Test Mode: ENABLED

      at log (C:\Users\hp\OneDrive - bdu.edu.et(Bahir Dar)../../../../../../Internship/Ethiopia Ecommerce/ecommerce-backend/src/config/payment.js:80:11)

  console.log
      Currency: ETB

      at log (C:\Users\hp\OneDrive - bdu.edu.et(Bahir Dar)../../../../../../Internship/Ethiopia Ecommerce/ecommerce-backend/src/config/payment.js:81:11)

  console.log
    Validating Chapa URLs...

      at log (C:\Users\hp\OneDrive - bdu.edu.et(Bahir Dar)../../../../../../Internship/Ethiopia Ecommerce/ecommerce-backend/src/server.js:173:13)

  console.log
    Γ£ô CHAPA_CALLBACK_URL: http://localhost:5000/api/payments/webhook

      at log (C:\Users\hp\OneDrive - bdu.edu.et(Bahir Dar)../../../../../../Internship/Ethiopia Ecommerce/ecommerce-backend/src/server.js:239:15)

  console.log
    Γ£ô CHAPA_RETURN_URL: http://localhost:3000/payment/return

      at log (C:\Users\hp\OneDrive - bdu.edu.et(Bahir Dar)../../../../../../Internship/Ethiopia Ecommerce/ecommerce-backend/src/server.js:296:15)

  console.log
    Synchronizing database models...

      at log (C:\Users\hp\OneDrive - bdu.edu.et(Bahir Dar)../../../../../../Internship/Ethiopia Ecommerce/ecommerce-backend/src/server.js:310:13)

  console.log
    
    Γ£ô Step 1: Cart has items ready for checkout

      at Object.log (C:\Users\hp\OneDrive - bdu.edu.et(Bahir Dar)../../../../../../Internship/Ethiopia Ecommerce/ecommerce-backend/test/integration/complete-checkout-flow.integration.test.js:161:15)

  console.log
      - Product: Checkout Test Product

      at Object.log (C:\Users\hp\OneDrive - bdu.edu.et(Bahir Dar)../../../../../../Internship/Ethiopia Ecommerce/ecommerce-backend/test/integration/complete-checkout-flow.integration.test.js:162:15)

  console.log
      - Quantity: 2

      at Object.log (C:\Users\hp\OneDrive - bdu.edu.et(Bahir Dar)../../../../../../Internship/Ethiopia Ecommerce/ecommerce-backend/test/integration/complete-checkout-flow.integration.test.js:163:15)

  console.log
      - Price: ETB 1500.00

      at Object.log (C:\Users\hp\OneDrive - bdu.edu.et(Bahir Dar)../../../../../../Internship/Ethiopia Ecommerce/ecommerce-backend/test/integration/complete-checkout-flow.integration.test.js:164:15)

  console.log
      - Subtotal: ETB 3000

      at Object.log (C:\Users\hp\OneDrive - bdu.edu.et(Bahir Dar)../../../../../../Internship/Ethiopia Ecommerce/ecommerce-backend/test/integration/complete-checkout-flow.integration.test.js:165:15)

  console.log
    
    Γ£ô Step 2: Shipping address validated

      at Object.log (C:\Users\hp\OneDrive - bdu.edu.et(Bahir Dar)../../../../../../Internship/Ethiopia Ecommerce/ecommerce-backend/test/integration/complete-checkout-flow.integration.test.js:188:15)

  console.log
      - Full Name: Checkout Customer

      at Object.log (C:\Users\hp\OneDrive - bdu.edu.et(Bahir Dar)../../../../../../Internship/Ethiopia Ecommerce/ecommerce-backend/test/integration/complete-checkout-flow.integration.test.js:189:15)

  console.log
      - Address: 123 Checkout Street, Addis Ababa

      at Object.log (C:\Users\hp\OneDrive - bdu.edu.et(Bahir Dar)../../../../../../Internship/Ethiopia Ecommerce/ecommerce-backend/test/integration/complete-checkout-flow.integration.test.js:190:15)

  console.log
      - Country: Ethiopia

      at Object.log (C:\Users\hp\OneDrive - bdu.edu.et(Bahir Dar)../../../../../../Internship/Ethiopia Ecommerce/ecommerce-backend/test/integration/complete-checkout-flow.integration.test.js:191:15)

::ffff:127.0.0.1 - - [26/Feb/2026:18:56:51 +0000] "POST /api/orders HTTP/1.1" 400 411 "-" "-"
  console.log
    
    Γ£ô Step 3: Order creation response

      at Object.log (C:\Users\hp\OneDrive - bdu.edu.et(Bahir Dar)../../../../../../Internship/Ethiopia Ecommerce/ecommerce-backend/test/integration/complete-checkout-flow.integration.test.js:220:15)

  console.log
      - Status: 400

      at Object.log (C:\Users\hp\OneDrive - bdu.edu.et(Bahir Dar)../../../../../../Internship/Ethiopia Ecommerce/ecommerce-backend/test/integration/complete-checkout-flow.integration.test.js:221:15)

  console.log
      - Success: false

      at Object.log (C:\Users\hp\OneDrive - bdu.edu.et(Bahir Dar)../../../../../../Internship/Ethiopia Ecommerce/ecommerce-backend/test/integration/complete-checkout-flow.integration.test.js:222:15)

  console.log
    
    Γ£ô Step 3: Callback URL configuration

      at Object.log (C:\Users\hp\OneDrive - bdu.edu.et(Bahir Dar)../../../../../../Internship/Ethiopia Ecommerce/ecommerce-backend/test/integration/complete-checkout-flow.integration.test.js:330:15)

  console.log
      - Callback URL: http://localhost:5000/api/payments/webhook

      at Object.log (C:\Users\hp\OneDrive - bdu.edu.et(Bahir Dar)../../../../../../Internship/Ethiopia Ecommerce/ecommerce-backend/test/integration/complete-checkout-flow.integration.test.js:338:15)

  console.log
      - Format: Valid HTTP/HTTPS URL

      at Object.log (C:\Users\hp\OneDrive - bdu.edu.et(Bahir Dar)../../../../../../Internship/Ethiopia Ecommerce/ecommerce-backend/test/integration/complete-checkout-flow.integration.test.js:339:15)

  console.log
      - Purpose: Webhook endpoint for payment status updates

      at Object.log (C:\Users\hp\OneDrive - bdu.edu.et(Bahir Dar)../../../../../../Internship/Ethiopia Ecommerce/ecommerce-backend/test/integration/complete-checkout-flow.integration.test.js:340:15)

  console.log
    
    Γ£ô Step 3: Return URL configuration

      at Object.log (C:\Users\hp\OneDrive - bdu.edu.et(Bahir Dar)../../../../../../Internship/Ethiopia Ecommerce/ecommerce-backend/test/integration/complete-checkout-flow.integration.test.js:346:15)

  console.log
      - Return URL: http://localhost:3000/payment/return

      at Object.log (C:\Users\hp\OneDrive - bdu.edu.et(Bahir Dar)../../../../../../Internship/Ethiopia Ecommerce/ecommerce-backend/test/integration/complete-checkout-flow.integration.test.js:354:15)

  console.log
      - Format: Valid HTTP/HTTPS URL

      at Object.log (C:\Users\hp\OneDrive - bdu.edu.et(Bahir Dar)../../../../../../Internship/Ethiopia Ecommerce/ecommerce-backend/test/integration/complete-checkout-flow.integration.test.js:355:15)

  console.log
      - Purpose: Redirect URL after payment completion

      at Object.log (C:\Users\hp\OneDrive - bdu.edu.et(Bahir Dar)../../../../../../Internship/Ethiopia Ecommerce/ecommerce-backend/test/integration/complete-checkout-flow.integration.test.js:356:15)

::ffff:127.0.0.1 - - [26/Feb/2026:18:56:51 +0000] "GET /api/orders/customer/orders HTTP/1.1" 200 88 "-" "-"
  console.log
    
    Γ£ô Step 4: Customer order history

      at Object.log (C:\Users\hp\OneDrive - bdu.edu.et(Bahir Dar)../../../../../../Internship/Ethiopia Ecommerce/ecommerce-backend/test/integration/complete-checkout-flow.integration.test.js:366:15)

  console.log
      - Status: 200

      at Object.log (C:\Users\hp\OneDrive - bdu.edu.et(Bahir Dar)../../../../../../Internship/Ethiopia Ecommerce/ecommerce-backend/test/integration/complete-checkout-flow.integration.test.js:367:15)

  console.log
      - Success: true

      at Object.log (C:\Users\hp\OneDrive - bdu.edu.et(Bahir Dar)../../../../../../Internship/Ethiopia Ecommerce/ecommerce-backend/test/integration/complete-checkout-flow.integration.test.js:368:15)

  console.log
    Γ£ô Database models synchronized

      at log (C:\Users\hp\OneDrive - bdu.edu.et(Bahir Dar)../../../../../../Internship/Ethiopia Ecommerce/ecommerce-backend/src/server.js:313:13)

  console.log
    Γ£ô Server is running on port 5000

      at Server.log (C:\Users\hp\OneDrive - bdu.edu.et(Bahir Dar)../../../../../../Internship/Ethiopia Ecommerce/ecommerce-backend/src/server.js:319:15)

  console.log
    Γ£ô Environment: test

      at Server.log (C:\Users\hp\OneDrive - bdu.edu.et(Bahir Dar)../../../../../../Internship/Ethiopia Ecommerce/ecommerce-backend/src/server.js:320:15)

  console.log
    Γ£ô API URL: http://localhost:5000

      at Server.log (C:\Users\hp\OneDrive - bdu.edu.et(Bahir Dar)../../../../../../Internship/Ethiopia Ecommerce/ecommerce-backend/src/server.js:321:15)

  console.log
    Γ£ô Local Network: http://192.168.100.105:5000

      at Server.log (C:\Users\hp\OneDrive - bdu.edu.et(Bahir Dar)../../../../../../Internship/Ethiopia Ecommerce/ecommerce-backend/src/server.js:322:15)

  console.log
    Γ£ô Rate Limiting: Unauthenticated (500/15min), Authenticated (5000/15min)

      at Server.log (C:\Users\hp\OneDrive - bdu.edu.et(Bahir Dar)../../../../../../Internship/Ethiopia Ecommerce/ecommerce-backend/src/server.js:323:15)

  console.log
    
    === Chapa Payment Configuration ===

      at Server.log (C:\Users\hp\OneDrive - bdu.edu.et(Bahir Dar)../../../../../../Internship/Ethiopia Ecommerce/ecommerce-backend/src/server.js:324:15)

  console.log
    Callback URL: http://localhost:5000/api/payments/webhook

      at Server.log (C:\Users\hp\OneDrive - bdu.edu.et(Bahir Dar)../../../../../../Internship/Ethiopia Ecommerce/ecommerce-backend/src/server.js:325:15)

  console.log
    Return URL: http://localhost:3000/payment/return

      at Server.log (C:\Users\hp\OneDrive - bdu.edu.et(Bahir Dar)../../../../../../Internship/Ethiopia Ecommerce/ecommerce-backend/src/server.js:326:15)

  console.log
    ===================================

      at Server.log (C:\Users\hp\OneDrive - bdu.edu.et(Bahir Dar)../../../../../../Internship/Ethiopia Ecommerce/ecommerce-backend/src/server.js:327:15)

  console.error
    ERROR: {
      requestId: 'f0731996-84e3-4652-a71b-8f67609b32ad',
      level: 'ERROR',
      timestamp: '2026-02-26T18:56:51.915Z',
      errorCode: 'DATABASE_ERROR',
      statusCode: 500,
      message: "Unknown column 'Order.createdAt' in 'order clause'",
      url: '/api/orders',
      method: 'GET',
      ip: '::ffff:127.0.0.1',
      userId: 550,
      stack: 'Error: \n' +
        '    at Query.run (C:\\Users\\hp\\OneDrive - bdu.edu.et(Bahir Dar)\\Internship\\Ethiopia Ecommerce\\ecommerce-backend\\node_modules\\sequelize\\src\\dialects\\mysql\\query.js:46:25)\n' +
        '    at C:\\Users\\hp\\OneDrive - bdu.edu.et(Bahir Dar)\\Internship\\Ethiopia Ecommerce\\ecommerce-backend\\node_modules\\sequelize\\src\\sequelize.js:650:28\n' +
        '    at MySQLQueryInterface.select (C:\\Users\\hp\\OneDrive - bdu.edu.et(Bahir Dar)\\Internship\\Ethiopia Ecommerce\\ecommerce-backend\\node_modules\\sequelize\\src\\dialects\\abstract\\query-interface.js:1001:12)\n' +
        '    at Order.findAll (C:\\Users\\hp\\OneDrive - bdu.edu.et(Bahir Dar)\\Internship\\Ethiopia Ecommerce\\ecommerce-backend\\node_modules\\sequelize\\src\\model.js:1824:21)\n' +
        '    at getOrders (C:\\Users\\hp\\OneDrive - bdu.edu.et(Bahir Dar)\\Internship\\Ethiopia Ecommerce\\ecommerce-backend\\src\\controllers\\orderController.js:714:22)'
    }

    [0m [90m 169 |[39m   
     [90m 170 |[39m   [36mif[39m (logLevel [33m===[39m [32m'ERROR'[39m) {
    [31m[1m>[22m[39m[90m 171 |[39m     console[33m.[39merror([32m'ERROR:'[39m[33m,[39m logData)[33m;[39m
     [90m     |[39m             [31m[1m^[22m[39m
     [90m 172 |[39m   } [36melse[39m [36mif[39m (logLevel [33m===[39m [32m'WARN'[39m) {
     [90m 173 |[39m     console[33m.[39mwarn([32m'WARN:'[39m[33m,[39m logData)[33m;[39m
     [90m 174 |[39m   } [36melse[39m {[0m

      at error (C:\Users\hp\OneDrive - bdu.edu.et(Bahir Dar)../../../../../../Internship/Ethiopia Ecommerce/ecommerce-backend/src/middleware/errorHandler.js:171:13)
      at Layer.handleError (C:\Users\hp\OneDrive - bdu.edu.et(Bahir Dar)../../../../../../Internship/Ethiopia Ecommerce/ecommerce-backend/node_modules/router/lib/layer.js:116:17)
      at trimPrefix (C:\Users\hp\OneDrive - bdu.edu.et(Bahir Dar)../../../../../../Internship/Ethiopia Ecommerce/ecommerce-backend/node_modules/router/index.js:340:13)
      at C:\Users\hp\OneDrive - bdu.edu.et(Bahir Dar)../../../../../../Internship/Ethiopia Ecommerce/ecommerce-backend/node_modules/router/index.js:297:9
      at processParams (C:\Users\hp\OneDrive - bdu.edu.et(Bahir Dar)../../../../../../Internship/Ethiopia Ecommerce/ecommerce-backend/node_modules/router/index.js:582:12)
      at next (C:\Users\hp\OneDrive - bdu.edu.et(Bahir Dar)../../../../../../Internship/Ethiopia Ecommerce/ecommerce-backend/node_modules/router/index.js:291:5)
      at Layer.handleError (C:\Users\hp\OneDrive - bdu.edu.et(Bahir Dar)../../../../../../Internship/Ethiopia Ecommerce/ecommerce-backend/node_modules/router/lib/layer.js:111:12)
      at trimPrefix (C:\Users\hp\OneDrive - bdu.edu.et(Bahir Dar)../../../../../../Internship/Ethiopia Ecommerce/ecommerce-backend/node_modules/router/index.js:340:13)
      at C:\Users\hp\OneDrive - bdu.edu.et(Bahir Dar)../../../../../../Internship/Ethiopia Ecommerce/ecommerce-backend/node_modules/router/index.js:297:9
      at processParams (C:\Users\hp\OneDrive - bdu.edu.et(Bahir Dar)../../../../../../Internship/Ethiopia Ecommerce/ecommerce-backend/node_modules/router/index.js:582:12)
      at next (C:\Users\hp\OneDrive - bdu.edu.et(Bahir Dar)../../../../../../Internship/Ethiopia Ecommerce/ecommerce-backend/node_modules/router/index.js:291:5)
      at C:\Users\hp\OneDrive - bdu.edu.et(Bahir Dar)../../../../../../Internship/Ethiopia Ecommerce/ecommerce-backend/node_modules/router/index.js:688:15
      at next (C:\Users\hp\OneDrive - bdu.edu.et(Bahir Dar)../../../../../../Internship/Ethiopia Ecommerce/ecommerce-backend/node_modules/router/index.js:276:14)
      at next (C:\Users\hp\OneDrive - bdu.edu.et(Bahir Dar)../../../../../../Internship/Ethiopia Ecommerce/ecommerce-backend/node_modules/router/lib/route.js:132:14)
      at next (C:\Users\hp\OneDrive - bdu.edu.et(Bahir Dar)../../../../../../Internship/Ethiopia Ecommerce/ecommerce-backend/src/controllers/orderController.js:781:5)

::ffff:127.0.0.1 - - [26/Feb/2026:18:56:51 +0000] "GET /api/orders HTTP/1.1" 500 - "-" "-"
  console.log
    
    Γ£ô Step 5: Seller orders

      at Object.log (C:\Users\hp\OneDrive - bdu.edu.et(Bahir Dar)../../../../../../Internship/Ethiopia Ecommerce/ecommerce-backend/test/integration/complete-checkout-flow.integration.test.js:406:15)

  console.log
      - Status: 500

      at Object.log (C:\Users\hp\OneDrive - bdu.edu.et(Bahir Dar)../../../../../../Internship/Ethiopia Ecommerce/ecommerce-backend/test/integration/complete-checkout-flow.integration.test.js:407:15)

  console.log
      - Success: false

      at Object.log (C:\Users\hp\OneDrive - bdu.edu.et(Bahir Dar)../../../../../../Internship/Ethiopia Ecommerce/ecommerce-backend/test/integration/complete-checkout-flow.integration.test.js:408:15)

  console.error
    ERROR: {
      requestId: 'b6f641f2-1b1a-425b-9a72-d7ab44b52c18',
      level: 'ERROR',
      timestamp: '2026-02-26T18:56:52.190Z',
      errorCode: 'DATABASE_ERROR',
      statusCode: 500,
      message: "Unknown column 'user.firstName' in 'field list'",
      url: '/api/orders',
      method: 'GET',
      ip: '::ffff:127.0.0.1',
      userId: 552,
      stack: 'Error: \n' +
        '    at Query.run (C:\\Users\\hp\\OneDrive - bdu.edu.et(Bahir Dar)\\Internship\\Ethiopia Ecommerce\\ecommerce-backend\\node_modules\\sequelize\\src\\dialects\\mysql\\query.js:46:25)\n' +
        '    at C:\\Users\\hp\\OneDrive - bdu.edu.et(Bahir Dar)\\Internship\\Ethiopia Ecommerce\\ecommerce-backend\\node_modules\\sequelize\\src\\sequelize.js:650:28\n' +
        '    at MySQLQueryInterface.select (C:\\Users\\hp\\OneDrive - bdu.edu.et(Bahir Dar)\\Internship\\Ethiopia Ecommerce\\ecommerce-backend\\node_modules\\sequelize\\src\\dialects\\abstract\\query-interface.js:1001:12)\n' +
        '    at Order.findAll (C:\\Users\\hp\\OneDrive - bdu.edu.et(Bahir Dar)\\Internship\\Ethiopia Ecommerce\\ecommerce-backend\\node_modules\\sequelize\\src\\model.js:1824:21)\n' +
        '    at getOrders (C:\\Users\\hp\\OneDrive - bdu.edu.et(Bahir Dar)\\Internship\\Ethiopia Ecommerce\\ecommerce-backend\\src\\controllers\\orderController.js:766:20)'
    }

    [0m [90m 169 |[39m   
     [90m 170 |[39m   [36mif[39m (logLevel [33m===[39m [32m'ERROR'[39m) {
    [31m[1m>[22m[39m[90m 171 |[39m     console[33m.[39merror([32m'ERROR:'[39m[33m,[39m logData)[33m;[39m
     [90m     |[39m             [31m[1m^[22m[39m
     [90m 172 |[39m   } [36melse[39m [36mif[39m (logLevel [33m===[39m [32m'WARN'[39m) {
     [90m 173 |[39m     console[33m.[39mwarn([32m'WARN:'[39m[33m,[39m logData)[33m;[39m
     [90m 174 |[39m   } [36melse[39m {[0m

      at error (C:\Users\hp\OneDrive - bdu.edu.et(Bahir Dar)../../../../../../Internship/Ethiopia Ecommerce/ecommerce-backend/src/middleware/errorHandler.js:171:13)
      at Layer.handleError (C:\Users\hp\OneDrive - bdu.edu.et(Bahir Dar)../../../../../../Internship/Ethiopia Ecommerce/ecommerce-backend/node_modules/router/lib/layer.js:116:17)
      at trimPrefix (C:\Users\hp\OneDrive - bdu.edu.et(Bahir Dar)../../../../../../Internship/Ethiopia Ecommerce/ecommerce-backend/node_modules/router/index.js:340:13)
      at C:\Users\hp\OneDrive - bdu.edu.et(Bahir Dar)../../../../../../Internship/Ethiopia Ecommerce/ecommerce-backend/node_modules/router/index.js:297:9
      at processParams (C:\Users\hp\OneDrive - bdu.edu.et(Bahir Dar)../../../../../../Internship/Ethiopia Ecommerce/ecommerce-backend/node_modules/router/index.js:582:12)
      at next (C:\Users\hp\OneDrive - bdu.edu.et(Bahir Dar)../../../../../../Internship/Ethiopia Ecommerce/ecommerce-backend/node_modules/router/index.js:291:5)
      at Layer.handleError (C:\Users\hp\OneDrive - bdu.edu.et(Bahir Dar)../../../../../../Internship/Ethiopia Ecommerce/ecommerce-backend/node_modules/router/lib/layer.js:111:12)
      at trimPrefix (C:\Users\hp\OneDrive - bdu.edu.et(Bahir Dar)../../../../../../Internship/Ethiopia Ecommerce/ecommerce-backend/node_modules/router/index.js:340:13)
      at C:\Users\hp\OneDrive - bdu.edu.et(Bahir Dar)../../../../../../Internship/Ethiopia Ecommerce/ecommerce-backend/node_modules/router/index.js:297:9
      at processParams (C:\Users\hp\OneDrive - bdu.edu.et(Bahir Dar)../../../../../../Internship/Ethiopia Ecommerce/ecommerce-backend/node_modules/router/index.js:582:12)
      at next (C:\Users\hp\OneDrive - bdu.edu.et(Bahir Dar)../../../../../../Internship/Ethiopia Ecommerce/ecommerce-backend/node_modules/router/index.js:291:5)
      at C:\Users\hp\OneDrive - bdu.edu.et(Bahir Dar)../../../../../../Internship/Ethiopia Ecommerce/ecommerce-backend/node_modules/router/index.js:688:15
      at next (C:\Users\hp\OneDrive - bdu.edu.et(Bahir Dar)../../../../../../Internship/Ethiopia Ecommerce/ecommerce-backend/node_modules/router/index.js:276:14)
      at next (C:\Users\hp\OneDrive - bdu.edu.et(Bahir Dar)../../../../../../Internship/Ethiopia Ecommerce/ecommerce-backend/node_modules/router/lib/route.js:132:14)
      at next (C:\Users\hp\OneDrive - bdu.edu.et(Bahir Dar)../../../../../../Internship/Ethiopia Ecommerce/ecommerce-backend/src/controllers/orderController.js:781:5)

::ffff:127.0.0.1 - - [26/Feb/2026:18:56:52 +0000] "GET /api/orders HTTP/1.1" 500 - "-" "-"
  console.log
    
    Γ£ô Step 6: Admin payment management

      at Object.log (C:\Users\hp\OneDrive - bdu.edu.et(Bahir Dar)../../../../../../Internship/Ethiopia Ecommerce/ecommerce-backend/test/integration/complete-checkout-flow.integration.test.js:446:15)

  console.log
      - Status: 500

      at Object.log (C:\Users\hp\OneDrive - bdu.edu.et(Bahir Dar)../../../../../../Internship/Ethiopia Ecommerce/ecommerce-backend/test/integration/complete-checkout-flow.integration.test.js:447:15)

  console.log
      - Success: false

      at Object.log (C:\Users\hp\OneDrive - bdu.edu.et(Bahir Dar)../../../../../../Internship/Ethiopia Ecommerce/ecommerce-backend/test/integration/complete-checkout-flow.integration.test.js:448:15)

  console.log
    
    ========================================

      at Object.log (C:\Users\hp\OneDrive - bdu.edu.et(Bahir Dar)../../../../../../Internship/Ethiopia Ecommerce/ecommerce-backend/test/integration/complete-checkout-flow.integration.test.js:485:15)

  console.log
    COMPLETE CHECKOUT FLOW SUMMARY

      at Object.log (C:\Users\hp\OneDrive - bdu.edu.et(Bahir Dar)../../../../../../Internship/Ethiopia Ecommerce/ecommerce-backend/test/integration/complete-checkout-flow.integration.test.js:486:15)

  console.log
    ========================================

      at Object.log (C:\Users\hp\OneDrive - bdu.edu.et(Bahir Dar)../../../../../../Internship/Ethiopia Ecommerce/ecommerce-backend/test/integration/complete-checkout-flow.integration.test.js:487:15)

  console.log
    This integration test validates the complete checkout flow:

      at Object.log (C:\Users\hp\OneDrive - bdu.edu.et(Bahir Dar)../../../../../../Internship/Ethiopia Ecommerce/ecommerce-backend/test/integration/complete-checkout-flow.integration.test.js:488:15)

  console.log


      at Object.log (C:\Users\hp\OneDrive - bdu.edu.et(Bahir Dar)../../../../../../Internship/Ethiopia Ecommerce/ecommerce-backend/test/integration/complete-checkout-flow.integration.test.js:489:15)

  console.log
    Γ£ô Step 1: Cart Management

      at Object.log (C:\Users\hp\OneDrive - bdu.edu.et(Bahir Dar)../../../../../../Internship/Ethiopia Ecommerce/ecommerce-backend/test/integration/complete-checkout-flow.integration.test.js:490:15)

  console.log
      - Customer has items in cart

      at Object.log (C:\Users\hp\OneDrive - bdu.edu.et(Bahir Dar)../../../../../../Internship/Ethiopia Ecommerce/ecommerce-backend/test/integration/complete-checkout-flow.integration.test.js:491:15)

  console.log
      - Cart items are properly loaded with product details

      at Object.log (C:\Users\hp\OneDrive - bdu.edu.et(Bahir Dar)../../../../../../Internship/Ethiopia Ecommerce/ecommerce-backend/test/integration/complete-checkout-flow.integration.test.js:492:15)

  console.log


      at Object.log (C:\Users\hp\OneDrive - bdu.edu.et(Bahir Dar)../../../../../../Internship/Ethiopia Ecommerce/ecommerce-backend/test/integration/complete-checkout-flow.integration.test.js:493:15)

  console.log
    Γ£ô Step 2: Address and Shipping

      at Object.log (C:\Users\hp\OneDrive - bdu.edu.et(Bahir Dar)../../../../../../Internship/Ethiopia Ecommerce/ecommerce-backend/test/integration/complete-checkout-flow.integration.test.js:494:15)

  console.log
      - Shipping address structure is validated

      at Object.log (C:\Users\hp\OneDrive - bdu.edu.et(Bahir Dar)../../../../../../Internship/Ethiopia Ecommerce/ecommerce-backend/test/integration/complete-checkout-flow.integration.test.js:495:15)

  console.log
      - All required fields are present

      at Object.log (C:\Users\hp\OneDrive - bdu.edu.et(Bahir Dar)../../../../../../Internship/Ethiopia Ecommerce/ecommerce-backend/test/integration/complete-checkout-flow.integration.test.js:496:15)

  console.log


      at Object.log (C:\Users\hp\OneDrive - bdu.edu.et(Bahir Dar)../../../../../../Internship/Ethiopia Ecommerce/ecommerce-backend/test/integration/complete-checkout-flow.integration.test.js:497:15)

  console.log
    Γ£ô Step 3: Place Order (Payment Step)

      at Object.log (C:\Users\hp\OneDrive - bdu.edu.et(Bahir Dar)../../../../../../Internship/Ethiopia Ecommerce/ecommerce-backend/test/integration/complete-checkout-flow.integration.test.js:498:15)

  console.log
      - Order creation succeeds without database validation errors

      at Object.log (C:\Users\hp\OneDrive - bdu.edu.et(Bahir Dar)../../../../../../Internship/Ethiopia Ecommerce/ecommerce-backend/test/integration/complete-checkout-flow.integration.test.js:499:15)

  console.log
      - Payment initialization with Chapa succeeds

      at Object.log (C:\Users\hp\OneDrive - bdu.edu.et(Bahir Dar)../../../../../../Internship/Ethiopia Ecommerce/ecommerce-backend/test/integration/complete-checkout-flow.integration.test.js:500:15)

  console.log
      - Callback URL is properly configured

      at Object.log (C:\Users\hp\OneDrive - bdu.edu.et(Bahir Dar)../../../../../../Internship/Ethiopia Ecommerce/ecommerce-backend/test/integration/complete-checkout-flow.integration.test.js:501:15)

  console.log
      - Return URL is properly configured

      at Object.log (C:\Users\hp\OneDrive - bdu.edu.et(Bahir Dar)../../../../../../Internship/Ethiopia Ecommerce/ecommerce-backend/test/integration/complete-checkout-flow.integration.test.js:502:15)

  console.log
      - Payment record is created with "pending" status

      at Object.log (C:\Users\hp\OneDrive - bdu.edu.et(Bahir Dar)../../../../../../Internship/Ethiopia Ecommerce/ecommerce-backend/test/integration/complete-checkout-flow.integration.test.js:503:15)

  console.log


      at Object.log (C:\Users\hp\OneDrive - bdu.edu.et(Bahir Dar)../../../../../../Internship/Ethiopia Ecommerce/ecommerce-backend/test/integration/complete-checkout-flow.integration.test.js:504:15)

  console.log
    Γ£ô Step 4: Transaction Visibility - Customer

      at Object.log (C:\Users\hp\OneDrive - bdu.edu.et(Bahir Dar)../../../../../../Internship/Ethiopia Ecommerce/ecommerce-backend/test/integration/complete-checkout-flow.integration.test.js:505:15)

  console.log
      - Transaction is visible in customer order history

      at Object.log (C:\Users\hp\OneDrive - bdu.edu.et(Bahir Dar)../../../../../../Internship/Ethiopia Ecommerce/ecommerce-backend/test/integration/complete-checkout-flow.integration.test.js:506:15)

  console.log
      - Payment details are included in order response

      at Object.log (C:\Users\hp\OneDrive - bdu.edu.et(Bahir Dar)../../../../../../Internship/Ethiopia Ecommerce/ecommerce-backend/test/integration/complete-checkout-flow.integration.test.js:507:15)

  console.log


      at Object.log (C:\Users\hp\OneDrive - bdu.edu.et(Bahir Dar)../../../../../../Internship/Ethiopia Ecommerce/ecommerce-backend/test/integration/complete-checkout-flow.integration.test.js:508:15)

  console.log
    Γ£ô Step 5: Transaction Visibility - Seller

      at Object.log (C:\Users\hp\OneDrive - bdu.edu.et(Bahir Dar)../../../../../../Internship/Ethiopia Ecommerce/ecommerce-backend/test/integration/complete-checkout-flow.integration.test.js:509:15)

  console.log
      - Transaction is visible in seller orders

      at Object.log (C:\Users\hp\OneDrive - bdu.edu.et(Bahir Dar)../../../../../../Internship/Ethiopia Ecommerce/ecommerce-backend/test/integration/complete-checkout-flow.integration.test.js:510:15)

  console.log
      - Order items and payment details are accessible

      at Object.log (C:\Users\hp\OneDrive - bdu.edu.et(Bahir Dar)../../../../../../Internship/Ethiopia Ecommerce/ecommerce-backend/test/integration/complete-checkout-flow.integration.test.js:511:15)

  console.log


      at Object.log (C:\Users\hp\OneDrive - bdu.edu.et(Bahir Dar)../../../../../../Internship/Ethiopia Ecommerce/ecommerce-backend/test/integration/complete-checkout-flow.integration.test.js:512:15)

  console.log
    Γ£ô Step 6: Transaction Visibility - Admin

      at Object.log (C:\Users\hp\OneDrive - bdu.edu.et(Bahir Dar)../../../../../../Internship/Ethiopia Ecommerce/ecommerce-backend/test/integration/complete-checkout-flow.integration.test.js:513:15)

  console.log
      - Transaction is visible in admin payment management

      at Object.log (C:\Users\hp\OneDrive - bdu.edu.et(Bahir Dar)../../../../../../Internship/Ethiopia Ecommerce/ecommerce-backend/test/integration/complete-checkout-flow.integration.test.js:514:15)

  console.log
      - Full order and payment details are accessible

      at Object.log (C:\Users\hp\OneDrive - bdu.edu.et(Bahir Dar)../../../../../../Internship/Ethiopia Ecommerce/ecommerce-backend/test/integration/complete-checkout-flow.integration.test.js:515:15)

  console.log


      at Object.log (C:\Users\hp\OneDrive - bdu.edu.et(Bahir Dar)../../../../../../Internship/Ethiopia Ecommerce/ecommerce-backend/test/integration/complete-checkout-flow.integration.test.js:516:15)

  console.log
    Validates Requirements:

      at Object.log (C:\Users\hp\OneDrive - bdu.edu.et(Bahir Dar)../../../../../../Internship/Ethiopia Ecommerce/ecommerce-backend/test/integration/complete-checkout-flow.integration.test.js:517:15)

  console.log
    - 1.1, 1.2, 1.3, 1.4: Order creation without database errors

      at Object.log (C:\Users\hp\OneDrive - bdu.edu.et(Bahir Dar)../../../../../../Internship/Ethiopia Ecommerce/ecommerce-backend/test/integration/complete-checkout-flow.integration.test.js:518:15)

  console.log
    - 2.1, 2.2, 2.3, 2.4, 2.5: Callback URL implementation

      at Object.log (C:\Users\hp\OneDrive - bdu.edu.et(Bahir Dar)../../../../../../Internship/Ethiopia Ecommerce/ecommerce-backend/test/integration/complete-checkout-flow.integration.test.js:519:15)

  console.log
    - 3.1, 3.2, 3.3, 3.4, 3.5: Return URL implementation

      at Object.log (C:\Users\hp\OneDrive - bdu.edu.et(Bahir Dar)../../../../../../Internship/Ethiopia Ecommerce/ecommerce-backend/test/integration/complete-checkout-flow.integration.test.js:520:15)

  console.log
    - 4.1, 4.2, 4.3, 4.4, 4.5, 4.6: Transaction persistence

      at Object.log (C:\Users\hp\OneDrive - bdu.edu.et(Bahir Dar)../../../../../../Internship/Ethiopia Ecommerce/ecommerce-backend/test/integration/complete-checkout-flow.integration.test.js:521:15)

  console.log


      at Object.log (C:\Users\hp\OneDrive - bdu.edu.et(Bahir Dar)../../../../../../Internship/Ethiopia Ecommerce/ecommerce-backend/test/integration/complete-checkout-flow.integration.test.js:522:15)

  console.log
    ========================================

      at Object.log (C:\Users\hp\OneDrive - bdu.edu.et(Bahir Dar)../../../../../../Internship/Ethiopia Ecommerce/ecommerce-backend/test/integration/complete-checkout-flow.integration.test.js:523:15)

FAIL test/integration/complete-checkout-flow.integration.test.js
  Integration Test: Complete Checkout Flow
    Step 1: Cart Management
      ΓêÜ should have items in cart before checkout (15 ms)
    Step 2: Address and Shipping
      ΓêÜ should validate shipping address structure (4 ms)
    Step 3: Place Order (Payment Step)
      ├ù should create order without database validation errors (32 ms)
      ├ù should initialize payment with Chapa successfully (1 ms)
      ├ù should create payment record with pending status (1 ms)
      ΓêÜ should verify callback URL is properly configured (7 ms)
      ΓêÜ should verify return URL is properly configured (4 ms)
    Step 4: Transaction Visibility - Customer Interface
      ├ù should make transaction visible in customer order history (42 ms)
    Step 5: Transaction Visibility - Seller Interface
      ├ù should make transaction visible in seller orders (330 ms)
    Step 6: Transaction Visibility - Admin Interface
      ├ù should make transaction visible in admin payment management (272 ms)
    Summary: Complete Checkout Flow Validation
      ΓêÜ should document the complete checkout flow (31 ms)

  ΓùÅ Integration Test: Complete Checkout Flow ΓÇ║ Step 3: Place Order (Payment 
Step) ΓÇ║ should create order without database validation errors

    expect(received).toBe(expected) // Object.is equality

    Expected: 201
    Received: 400

    [0m [90m 223 |[39m
     [90m 224 |[39m       [90m// Validate order creation succeeded[39m
    [31m[1m>[22m[39m[90m 225 |[39m       
expect(response[33m.[39mstatus)[33m.[39mtoBe([35m201[39m)[33m;[39m
     [90m     |[39m                               [31m[1m^[22m[39m
     [90m 226 |[39m       expect(response[33m.[39mbody[33m.[39msuccess)[33m.[
39mtoBe([36mtrue[39m)[33m;[39m
     [90m 227 |[39m       expect(response[33m.[39mbody[33m.[39mdata)[33m.[39m
toHaveProperty([32m'order'[39m)[33m;[39m
     [90m 228 |[39m       expect(response[33m.[39mbody[33m.[39mdata[33m.[39mo
rder)[33m.[39mtoHaveProperty([32m'id'[39m)[33m;[39m[0m

      at Object.toBe (C:\Users\hp\OneDrive - bdu.edu.et(Bahir 
Dar)../../../../../../Internship/Ethiopia Ecommerce/ecommerce-backend/test/integratio
n/complete-checkout-flow.integration.test.js:225:31)

  ΓùÅ Integration Test: Complete Checkout Flow ΓÇ║ Step 3: Place Order (Payment 
Step) ΓÇ║ should initialize payment with Chapa successfully

    expect(received).toBeDefined()

    Received: undefined

    [0m [90m 261 |[39m
     [90m 262 |[39m     it([32m'should initialize payment with Chapa 
successfully'[39m[33m,[39m [36masync[39m () [33m=>[39m {
    [31m[1m>[22m[39m[90m 263 |[39m       
expect(createdOrder)[33m.[39mtoBeDefined()[33m;[39m
     [90m     |[39m                            [31m[1m^[22m[39m
     [90m 264 |[39m
     [90m 265 |[39m       [36mconst[39m totalAmount [33m=[39m 
parseFloat(createdOrder[33m.[39mtotal_amount)[33m;[39m
     [90m 266 |[39m[0m

      at Object.toBeDefined (C:\Users\hp\OneDrive - bdu.edu.et(Bahir 
Dar)../../../../../../Internship/Ethiopia Ecommerce/ecommerce-backend/test/integratio
n/complete-checkout-flow.integration.test.js:263:28)

  ΓùÅ Integration Test: Complete Checkout Flow ΓÇ║ Step 3: Place Order (Payment 
Step) ΓÇ║ should create payment record with pending status

    expect(received).toBeDefined()

    Received: undefined

    [0m [90m 303 |[39m
     [90m 304 |[39m     it([32m'should create payment record with pending 
status'[39m[33m,[39m [36masync[39m () [33m=>[39m {
    [31m[1m>[22m[39m[90m 305 |[39m       
expect(paymentReference)[33m.[39mtoBeDefined()[33m;[39m
     [90m     |[39m                                [31m[1m^[22m[39m
     [90m 306 |[39m
     [90m 307 |[39m       [36mconst[39m paymentRecord [33m=[39m 
[36mawait[39m [33mPayment[39m[33m.[39mfindOne({
     [90m 308 |[39m         where[33m:[39m { chapa_tx_ref[33m:[39m 
paymentReference }[0m

      at Object.toBeDefined (C:\Users\hp\OneDrive - bdu.edu.et(Bahir 
Dar)../../../../../../Internship/Ethiopia Ecommerce/ecommerce-backend/test/integratio
n/complete-checkout-flow.integration.test.js:305:32)

  ΓùÅ Integration Test: Complete Checkout Flow ΓÇ║ Step 4: Transaction Visibility - 
Customer Interface ΓÇ║ should make transaction visible in customer order history

    expect(received).toBeGreaterThan(expected)

    Expected: > 0
    Received:   0

    [0m [90m 371 |[39m       expect(response[33m.[39mbody[33m.[39msuccess)[33
m.[39mtoBe([36mtrue[39m)[33m;[39m
     [90m 372 |[39m       expect(response[33m.[39mbody[33m.[39mdata[33m.[39mo
rders)[33m.[39mtoBeInstanceOf([33mArray[39m)[33m;[39m
    [31m[1m>[22m[39m[90m 373 |[39m       expect(response[33m.[39mbody[33m.[
39mdata[33m.[39morders[33m.[39mlength)[33m.[39mtoBeGreaterThan([35m0[39m)[33
m;[39m
     [90m     |[39m                                                
[31m[1m^[22m[39m
     [90m 374 |[39m
     [90m 375 |[39m       [90m// Find the order we just created[39m
     [90m 376 |[39m       [36mconst[39m order [33m=[39m 
response[33m.[39mbody[33m.[39mdata[33m.[39morders[33m.[39mfind(o 
[33m=>[39m o[33m.[39muser_id [33m===[39m 
testCustomer[33m.[39mid)[33m;[39m[0m

      at Object.toBeGreaterThan (C:\Users\hp\OneDrive - bdu.edu.et(Bahir 
Dar)../../../../../../Internship/Ethiopia Ecommerce/ecommerce-backend/test/integratio
n/complete-checkout-flow.integration.test.js:373:48)

  ΓùÅ Integration Test: Complete Checkout Flow ΓÇ║ Step 5: Transaction Visibility - 
Seller Interface ΓÇ║ should make transaction visible in seller orders

    expect(received).toBe(expected) // Object.is equality

    Expected: 200
    Received: 500

    [0m [90m 408 |[39m       console[33m.[39mlog([32m`  - Success: 
${response.body.success}`[39m)[33m;[39m
     [90m 409 |[39m
    [31m[1m>[22m[39m[90m 410 |[39m       
expect(response[33m.[39mstatus)[33m.[39mtoBe([35m200[39m)[33m;[39m
     [90m     |[39m                               [31m[1m^[22m[39m
     [90m 411 |[39m       expect(response[33m.[39mbody[33m.[39msuccess)[33m.[
39mtoBe([36mtrue[39m)[33m;[39m
     [90m 412 |[39m       expect(response[33m.[39mbody[33m.[39mdata[33m.[39mo
rders)[33m.[39mtoBeInstanceOf([33mArray[39m)[33m;[39m
     [90m 413 |[39m[0m

      at Object.toBe (C:\Users\hp\OneDrive - bdu.edu.et(Bahir 
Dar)../../../../../../Internship/Ethiopia Ecommerce/ecommerce-backend/test/integratio
n/complete-checkout-flow.integration.test.js:410:31)

  ΓùÅ Integration Test: Complete Checkout Flow ΓÇ║ Step 6: Transaction Visibility - 
Admin Interface ΓÇ║ should make transaction visible in admin payment management

    expect(received).toBe(expected) // Object.is equality

    Expected: 200
    Received: 500

    [0m [90m 448 |[39m       console[33m.[39mlog([32m`  - Success: 
${response.body.success}`[39m)[33m;[39m
     [90m 449 |[39m
    [31m[1m>[22m[39m[90m 450 |[39m       
expect(response[33m.[39mstatus)[33m.[39mtoBe([35m200[39m)[33m;[39m
     [90m     |[39m                               [31m[1m^[22m[39m
     [90m 451 |[39m       expect(response[33m.[39mbody[33m.[39msuccess)[33m.[
39mtoBe([36mtrue[39m)[33m;[39m
     [90m 452 |[39m       expect(response[33m.[39mbody[33m.[39mdata[33m.[39mo
rders)[33m.[39mtoBeInstanceOf([33mArray[39m)[33m;[39m
     [90m 453 |[39m[0m

      at Object.toBe (C:\Users\hp\OneDrive - bdu.edu.et(Bahir 
Dar)../../../../../../Internship/Ethiopia Ecommerce/ecommerce-backend/test/integratio
n/complete-checkout-flow.integration.test.js:450:31)

  console.log
    [dotenv@17.3.1] injecting env (32) from .env -- tip: ΓÜÖ∩╕Å  specify custom .env file path with { path: '/custom/path/.env' }

      at _log (C:\Users\hp\OneDrive - bdu.edu.et(Bahir Dar)../../../../../../Internship/Ethiopia Ecommerce/ecommerce-backend/node_modules/dotenv/lib/main.js:139:11)

  console.log
    [dotenv@17.3.1] injecting env (0) from .env -- tip: ΓÜÖ∩╕Å  write to custom object with { processEnv: myObject }

      at _log (C:\Users\hp\OneDrive - bdu.edu.et(Bahir Dar)../../../../../../Internship/Ethiopia Ecommerce/ecommerce-backend/node_modules/dotenv/lib/main.js:139:11)

  console.log
    [dotenv@17.3.1] injecting env (0) from .env -- tip: ≡ƒñû agentic secret storage: https://dotenvx.com/as2

      at _log (C:\Users\hp\OneDrive - bdu.edu.et(Bahir Dar)../../../../../../Internship/Ethiopia Ecommerce/ecommerce-backend/node_modules/dotenv/lib/main.js:139:11)

  console.log
    [dotenv@17.3.1] injecting env (0) from .env -- tip: ≡ƒ¢á∩╕Å  run anywhere with `dotenvx run -- yourcommand`

      at _log (C:\Users\hp\OneDrive - bdu.edu.et(Bahir Dar)../../../../../../Internship/Ethiopia Ecommerce/ecommerce-backend/node_modules/dotenv/lib/main.js:139:11)

  console.log
    [dotenv@17.3.1] injecting env (0) from .env -- tip: ΓÜí∩╕Å secrets for agents: https://dotenvx.com/as2

      at _log (C:\Users\hp\OneDrive - bdu.edu.et(Bahir Dar)../../../../../../Internship/Ethiopia Ecommerce/ecommerce-backend/node_modules/dotenv/lib/main.js:139:11)

  console.log
    [dotenv@17.3.1] injecting env (0) from .env -- tip: ΓÜí∩╕Å secrets for agents: https://dotenvx.com/as2

      at _log (C:\Users\hp\OneDrive - bdu.edu.et(Bahir Dar)../../../../../../Internship/Ethiopia Ecommerce/ecommerce-backend/node_modules/dotenv/lib/main.js:139:11)

  console.warn
    Firebase Service Account Key not found. Push Notifications will be disabled. Check PUSH_NOTIFICATIONS_SETUP_GUIDE.md for setup instructions.

    [0m [90m 20 |[39m   }
     [90m 21 |[39m } [36melse[39m {
    [31m[1m>[22m[39m[90m 22 |[39m   console[33m.[39mwarn([32m'Firebase Service Account Key not found. Push Notifications will be disabled. Check PUSH_NOTIFICATIONS_SETUP_GUIDE.md for setup instructions.'[39m)[33m;[39m
     [90m    |[39m           [31m[1m^[22m[39m
     [90m 23 |[39m }
     [90m 24 |[39m
     [90m 25 |[39m [90m/**[39m[0m

      at Object.warn (C:\Users\hp\OneDrive - bdu.edu.et(Bahir Dar)../../../../../../Internship/Ethiopia Ecommerce/ecommerce-backend/src/services/pushNotificationService.js:22:11)
      at Object.require (C:\Users\hp\OneDrive - bdu.edu.et(Bahir Dar)../../../../../../Internship/Ethiopia Ecommerce/ecommerce-backend/src/services/notificationService.js:1:34)
      at Object.require (C:\Users\hp\OneDrive - bdu.edu.et(Bahir Dar)../../../../../../Internship/Ethiopia Ecommerce/ecommerce-backend/src/services/orderStatusService.js:2:29)
      at Object.require (C:\Users\hp\OneDrive - bdu.edu.et(Bahir Dar)../../../../../../Internship/Ethiopia Ecommerce/ecommerce-backend/src/controllers/sellerController.js:9:28)
      at Object.require (C:\Users\hp\OneDrive - bdu.edu.et(Bahir Dar)../../../../../../Internship/Ethiopia Ecommerce/ecommerce-backend/src/routes/sellerRoutes.js:3:26)
      at Object.require (C:\Users\hp\OneDrive - bdu.edu.et(Bahir Dar)../../../../../../Internship/Ethiopia Ecommerce/ecommerce-backend/src/server.js:18:22)
      at Object.require (C:\Users\hp\OneDrive - bdu.edu.et(Bahir Dar)../../../../../../Internship/Ethiopia Ecommerce/ecommerce-backend/test/integration/payment-retry-transient-failures.integration.test.js:18:13)

  console.log
    Initializing database connection...

      at log (C:\Users\hp\OneDrive - bdu.edu.et(Bahir Dar)../../../../../../Internship/Ethiopia Ecommerce/ecommerce-backend/src/server.js:165:13)

  console.log
    Γ£ô Database 'ecommerce_db' is ready

      at log (C:\Users\hp\OneDrive - bdu.edu.et(Bahir Dar)../../../../../../Internship/Ethiopia Ecommerce/ecommerce-backend/src/config/database.js:19:13)

  console.log
    Γ£ô Database connection established successfully (attempt 1/3)

      at log (C:\Users\hp\OneDrive - bdu.edu.et(Bahir Dar)../../../../../../Internship/Ethiopia Ecommerce/ecommerce-backend/src/config/database.js:81:15)

  console.log
    Validating payment configuration...

      at log (C:\Users\hp\OneDrive - bdu.edu.et(Bahir Dar)../../../../../../Internship/Ethiopia Ecommerce/ecommerce-backend/src/server.js:169:13)

  console.log
    Γ£ô Payment configuration validated successfully

      at log (C:\Users\hp\OneDrive - bdu.edu.et(Bahir Dar)../../../../../../Internship/Ethiopia Ecommerce/ecommerce-backend/src/config/payment.js:78:11)

  console.log
      Environment: test

      at log (C:\Users\hp\OneDrive - bdu.edu.et(Bahir Dar)../../../../../../Internship/Ethiopia Ecommerce/ecommerce-backend/src/config/payment.js:79:11)

  console.log
      Test Mode: ENABLED

      at log (C:\Users\hp\OneDrive - bdu.edu.et(Bahir Dar)../../../../../../Internship/Ethiopia Ecommerce/ecommerce-backend/src/config/payment.js:80:11)

  console.log
      Currency: ETB

      at log (C:\Users\hp\OneDrive - bdu.edu.et(Bahir Dar)../../../../../../Internship/Ethiopia Ecommerce/ecommerce-backend/src/config/payment.js:81:11)

  console.log
    Validating Chapa URLs...

      at log (C:\Users\hp\OneDrive - bdu.edu.et(Bahir Dar)../../../../../../Internship/Ethiopia Ecommerce/ecommerce-backend/src/server.js:173:13)

  console.log
    Γ£ô CHAPA_CALLBACK_URL: http://localhost:5000/api/payments/webhook

      at log (C:\Users\hp\OneDrive - bdu.edu.et(Bahir Dar)../../../../../../Internship/Ethiopia Ecommerce/ecommerce-backend/src/server.js:239:15)

  console.log
    Γ£ô CHAPA_RETURN_URL: http://localhost:3000/payment/return

      at log (C:\Users\hp\OneDrive - bdu.edu.et(Bahir Dar)../../../../../../Internship/Ethiopia Ecommerce/ecommerce-backend/src/server.js:296:15)

  console.log
    Synchronizing database models...

      at log (C:\Users\hp\OneDrive - bdu.edu.et(Bahir Dar)../../../../../../Internship/Ethiopia Ecommerce/ecommerce-backend/src/server.js:310:13)

::ffff:127.0.0.1 - - [26/Feb/2026:18:56:53 +0000] "POST /api/orders HTTP/1.1" 400 251 "-" "-"
::ffff:127.0.0.1 - - [26/Feb/2026:18:56:53 +0000] "POST /api/orders HTTP/1.1" 400 251 "-" "-"
::ffff:127.0.0.1 - - [26/Feb/2026:18:56:53 +0000] "POST /api/orders HTTP/1.1" 400 251 "-" "-"
::ffff:127.0.0.1 - - [26/Feb/2026:18:56:53 +0000] "POST /api/orders HTTP/1.1" 400 251 "-" "-"
::ffff:127.0.0.1 - - [26/Feb/2026:18:56:53 +0000] "POST /api/orders HTTP/1.1" 400 251 "-" "-"
::ffff:127.0.0.1 - - [26/Feb/2026:18:56:53 +0000] "POST /api/orders HTTP/1.1" 400 251 "-" "-"
  console.log
    Γ£ô Database models synchronized

      at log (C:\Users\hp\OneDrive - bdu.edu.et(Bahir Dar)../../../../../../Internship/Ethiopia Ecommerce/ecommerce-backend/src/server.js:313:13)

  console.log
    Γ£ô Server is running on port 5000

      at Server.log (C:\Users\hp\OneDrive - bdu.edu.et(Bahir Dar)../../../../../../Internship/Ethiopia Ecommerce/ecommerce-backend/src/server.js:319:15)

  console.log
    Γ£ô Environment: test

      at Server.log (C:\Users\hp\OneDrive - bdu.edu.et(Bahir Dar)../../../../../../Internship/Ethiopia Ecommerce/ecommerce-backend/src/server.js:320:15)

  console.log
    Γ£ô API URL: http://localhost:5000

      at Server.log (C:\Users\hp\OneDrive - bdu.edu.et(Bahir Dar)../../../../../../Internship/Ethiopia Ecommerce/ecommerce-backend/src/server.js:321:15)

  console.log
    Γ£ô Local Network: http://192.168.100.105:5000

      at Server.log (C:\Users\hp\OneDrive - bdu.edu.et(Bahir Dar)../../../../../../Internship/Ethiopia Ecommerce/ecommerce-backend/src/server.js:322:15)

  console.log
    Γ£ô Rate Limiting: Unauthenticated (500/15min), Authenticated (5000/15min)

      at Server.log (C:\Users\hp\OneDrive - bdu.edu.et(Bahir Dar)../../../../../../Internship/Ethiopia Ecommerce/ecommerce-backend/src/server.js:323:15)

  console.log
    
    === Chapa Payment Configuration ===

      at Server.log (C:\Users\hp\OneDrive - bdu.edu.et(Bahir Dar)../../../../../../Internship/Ethiopia Ecommerce/ecommerce-backend/src/server.js:324:15)

  console.log
    Callback URL: http://localhost:5000/api/payments/webhook

      at Server.log (C:\Users\hp\OneDrive - bdu.edu.et(Bahir Dar)../../../../../../Internship/Ethiopia Ecommerce/ecommerce-backend/src/server.js:325:15)

  console.log
    Return URL: http://localhost:3000/payment/return

      at Server.log (C:\Users\hp\OneDrive - bdu.edu.et(Bahir Dar)../../../../../../Internship/Ethiopia Ecommerce/ecommerce-backend/src/server.js:326:15)

  console.log
    ===================================

      at Server.log (C:\Users\hp\OneDrive - bdu.edu.et(Bahir Dar)../../../../../../Internship/Ethiopia Ecommerce/ecommerce-backend/src/server.js:327:15)

::ffff:127.0.0.1 - - [26/Feb/2026:18:56:53 +0000] "POST /api/orders HTTP/1.1" 400 251 "-" "-"
::ffff:127.0.0.1 - - [26/Feb/2026:18:56:53 +0000] "POST /api/orders HTTP/1.1" 400 251 "-" "-"
::ffff:127.0.0.1 - - [26/Feb/2026:18:56:53 +0000] "POST /api/orders HTTP/1.1" 400 251 "-" "-"
::ffff:127.0.0.1 - - [26/Feb/2026:18:56:53 +0000] "POST /api/orders HTTP/1.1" 400 251 "-" "-"
FAIL test/integration/payment-retry-transient-failures.integration.test.js
  Integration Test: Payment Retry After Transient Failures
    Network Error Retry with Exponential Backoff
      ├ù should retry payment initialization on network errors with exponential 
backoff (54 ms)
      ├ù should use exponential backoff delays (1s, 2s, 4s) between retries (46 ms)
    5xx Server Error Retry
      ├ù should retry payment initialization on Chapa 5xx errors up to 3 times (46 
ms)
      ├ù should treat 500, 502, 503, 504 errors as retryable (52 ms)
    4xx Client Error - No Retry
      ├ù should NOT retry payment initialization on Chapa 4xx errors (46 ms)
      ├ù should NOT retry on 401, 403, 404, 422 errors (52 ms)
    All Retries Exhausted
      ├ù should fail gracefully when all 3 retry attempts are exhausted (38 ms)
      ├ù should provide clear error message when retries are exhausted (42 ms)
    Successful Retry Completes Payment Flow
      ├ù should complete full payment flow after successful retry (35 ms)
    Payment Verification Retry
      ├ù should retry payment verification on network errors (36 ms)

  ΓùÅ Integration Test: Payment Retry After Transient Failures ΓÇ║ Network Error 
Retry with Exponential Backoff ΓÇ║ should retry payment initialization on network 
errors with exponential backoff

    expect(received).toBe(expected) // Object.is equality

    Expected: 201
    Received: 400

    [0m [90m 201 |[39m
     [90m 202 |[39m       [90m// Verify order was created successfully after 
retries[39m
    [31m[1m>[22m[39m[90m 203 |[39m       
expect(orderResponse[33m.[39mstatus)[33m.[39mtoBe([35m201[39m)[33m;[39m
     [90m     |[39m                                    [31m[1m^[22m[39m
     [90m 204 |[39m       expect(orderResponse[33m.[39mbody[33m.[39msuccess)[3
3m.[39mtoBe([36mtrue[39m)[33m;[39m
     [90m 205 |[39m       expect(orderResponse[33m.[39mbody[33m.[39mdata[33m.
[39morder)[33m.[39mtoBeDefined()[33m;[39m
     [90m 206 |[39m       expect(orderResponse[33m.[39mbody[33m.[39mdata[33m.
[39mpaymentUrl)[33m.[39mtoBeDefined()[33m;[39m[0m

      at Object.toBe (C:\Users\hp\OneDrive - bdu.edu.et(Bahir 
Dar)../../../../../../Internship/Ethiopia Ecommerce/ecommerce-backend/test/integratio
n/payment-retry-transient-failures.integration.test.js:203:36)

  ΓùÅ Integration Test: Payment Retry After Transient Failures ΓÇ║ Network Error 
Retry with Exponential Backoff ΓÇ║ should use exponential backoff delays (1s, 2s, 
4s) between retries

    expect(received).toBe(expected) // Object.is equality

    Expected: 201
    Received: 400

    [0m [90m 265 |[39m         })[33m;[39m
     [90m 266 |[39m
    [31m[1m>[22m[39m[90m 267 |[39m       
expect(orderResponse[33m.[39mstatus)[33m.[39mtoBe([35m201[39m)[33m;[39m
     [90m     |[39m                                    [31m[1m^[22m[39m
     [90m 268 |[39m
     [90m 269 |[39m       [90m// Verify exponential backoff delays (approximately 
1s, 2s)[39m
     [90m 270 |[39m       [90m// Allow 500ms tolerance for execution time[39m[0m

      at Object.toBe (C:\Users\hp\OneDrive - bdu.edu.et(Bahir 
Dar)../../../../../../Internship/Ethiopia Ecommerce/ecommerce-backend/test/integratio
n/payment-retry-transient-failures.integration.test.js:267:36)

  ΓùÅ Integration Test: Payment Retry After Transient Failures ΓÇ║ 5xx Server Error 
Retry ΓÇ║ should retry payment initialization on Chapa 5xx errors up to 3 times

    expect(received).toBe(expected) // Object.is equality

    Expected: 201
    Received: 400

    [0m [90m 322 |[39m         })[33m;[39m
     [90m 323 |[39m
    [31m[1m>[22m[39m[90m 324 |[39m       
expect(orderResponse[33m.[39mstatus)[33m.[39mtoBe([35m201[39m)[33m;[39m
     [90m     |[39m                                    [31m[1m^[22m[39m
     [90m 325 |[39m       expect(orderResponse[33m.[39mbody[33m.[39msuccess)[3
3m.[39mtoBe([36mtrue[39m)[33m;[39m
     [90m 326 |[39m       
expect(axios[33m.[39mpost)[33m.[39mtoHaveBeenCalledTimes([35m3[39m)[33m;[39m
     [90m 327 |[39m[0m

      at Object.toBe (C:\Users\hp\OneDrive - bdu.edu.et(Bahir 
Dar)../../../../../../Internship/Ethiopia Ecommerce/ecommerce-backend/test/integratio
n/payment-retry-transient-failures.integration.test.js:324:36)

  ΓùÅ Integration Test: Payment Retry After Transient Failures ΓÇ║ 5xx Server Error 
Retry ΓÇ║ should treat 500, 502, 503, 504 errors as retryable

    expect(received).toBe(expected) // Object.is equality

    Expected: 201
    Received: 400

    [0m [90m 376 |[39m           })[33m;[39m
     [90m 377 |[39m
    [31m[1m>[22m[39m[90m 378 |[39m         
expect(orderResponse[33m.[39mstatus)[33m.[39mtoBe([35m201[39m)[33m;[39m
     [90m     |[39m                                      [31m[1m^[22m[39m
     [90m 379 |[39m         
expect(axios[33m.[39mpost)[33m.[39mtoHaveBeenCalledTimes([35m2[39m)[33m;[39m 
[90m// 1 failure + 1 success[39m
     [90m 380 |[39m
     [90m 381 |[39m         [90m// Clean up order[39m[0m

      at Object.toBe (C:\Users\hp\OneDrive - bdu.edu.et(Bahir 
Dar)../../../../../../Internship/Ethiopia Ecommerce/ecommerce-backend/test/integratio
n/payment-retry-transient-failures.integration.test.js:378:38)

  ΓùÅ Integration Test: Payment Retry After Transient Failures ΓÇ║ 4xx Client Error 
- No Retry ΓÇ║ should NOT retry payment initialization on Chapa 4xx errors

    expect(received).toContain(expected) // indexOf

    Expected substring: "Payment initialization failed"
    Received string:    "Street address is required"

    [0m [90m 422 |[39m       
expect(orderResponse[33m.[39mstatus)[33m.[39mtoBe([35m400[39m)[33m;[39m
     [90m 423 |[39m       expect(orderResponse[33m.[39mbody[33m.[39msuccess)[3
3m.[39mtoBe([36mfalse[39m)[33m;[39m
    [31m[1m>[22m[39m[90m 424 |[39m       expect(orderResponse[33m.[39mbody[3
3m.[39mmessage)[33m.[39mtoContain([32m'Payment initialization 
failed'[39m)[33m;[39m
     [90m     |[39m                                          [31m[1m^[22m[39m
     [90m 425 |[39m
     [90m 426 |[39m       [90m// Verify axios was called only once (no 
retries)[39m
     [90m 427 |[39m       expect(axios[33m.[39mpost)[33m.[39mtoHaveBeenCalledTi
mes([35m1[39m)[33m;[39m[0m

      at Object.toContain (C:\Users\hp\OneDrive - bdu.edu.et(Bahir 
Dar)../../../../../../Internship/Ethiopia Ecommerce/ecommerce-backend/test/integratio
n/payment-retry-transient-failures.integration.test.js:424:42)

  ΓùÅ Integration Test: Payment Retry After Transient Failures ΓÇ║ 4xx Client Error 
- No Retry ΓÇ║ should NOT retry on 401, 403, 404, 422 errors

    expect(jest.fn()).toHaveBeenCalledTimes(expected)

    Expected number of calls: 1
    Received number of calls: 0

    [0m [90m 462 |[39m
     [90m 463 |[39m         
expect(orderResponse[33m.[39mstatus)[33m.[39mtoBe([35m400[39m)[33m;[39m
    [31m[1m>[22m[39m[90m 464 |[39m         
expect(axios[33m.[39mpost)[33m.[39mtoHaveBeenCalledTimes([35m1[39m)[33m;[39m 
[90m// No retries[39m
     [90m     |[39m                            [31m[1m^[22m[39m
     [90m 465 |[39m       }
     [90m 466 |[39m     })[33m;[39m
     [90m 467 |[39m   })[33m;[39m[0m

      at Object.toHaveBeenCalledTimes (C:\Users\hp\OneDrive - bdu.edu.et(Bahir 
Dar)../../../../../../Internship/Ethiopia Ecommerce/ecommerce-backend/test/integratio
n/payment-retry-transient-failures.integration.test.js:464:28)

  ΓùÅ Integration Test: Payment Retry After Transient Failures ΓÇ║ All Retries 
Exhausted ΓÇ║ should fail gracefully when all 3 retry attempts are exhausted

    expect(received).toContain(expected) // indexOf

    Expected substring: "Payment initialization failed"
    Received string:    "Street address is required"

    [0m [90m 494 |[39m       
expect(orderResponse[33m.[39mstatus)[33m.[39mtoBe([35m400[39m)[33m;[39m
     [90m 495 |[39m       expect(orderResponse[33m.[39mbody[33m.[39msuccess)[3
3m.[39mtoBe([36mfalse[39m)[33m;[39m
    [31m[1m>[22m[39m[90m 496 |[39m       expect(orderResponse[33m.[39mbody[3
3m.[39mmessage)[33m.[39mtoContain([32m'Payment initialization 
failed'[39m)[33m;[39m
     [90m     |[39m                                          [31m[1m^[22m[39m
     [90m 497 |[39m
     [90m 498 |[39m       [90m// Verify axios was called 3 times (max 
retries)[39m
     [90m 499 |[39m       expect(axios[33m.[39mpost)[33m.[39mtoHaveBeenCalledTi
mes([35m3[39m)[33m;[39m[0m

      at Object.toContain (C:\Users\hp\OneDrive - bdu.edu.et(Bahir 
Dar)../../../../../../Internship/Ethiopia Ecommerce/ecommerce-backend/test/integratio
n/payment-retry-transient-failures.integration.test.js:496:42)

  ΓùÅ Integration Test: Payment Retry After Transient Failures ΓÇ║ All Retries 
Exhausted ΓÇ║ should provide clear error message when retries are exhausted

    expect(received).toBe(expected) // Object.is equality

    Expected: "Payment initialization failed. Please try again."
    Received: "Street address is required"

    [0m [90m 533 |[39m       
expect(orderResponse[33m.[39mstatus)[33m.[39mtoBe([35m400[39m)[33m;[39m
     [90m 534 |[39m       expect(orderResponse[33m.[39mbody[33m.[39msuccess)[3
3m.[39mtoBe([36mfalse[39m)[33m;[39m
    [31m[1m>[22m[39m[90m 535 |[39m       
expect(orderResponse[33m.[39mbody[33m.[39mmessage)[33m.[39mtoBe([32m'Payment 
initialization failed. Please try again.'[39m)[33m;[39m
     [90m     |[39m                                          [31m[1m^[22m[39m
     [90m 536 |[39m       expect(orderResponse[33m.[39mbody[33m.[39merror)[33m
.[39mtoBeDefined()[33m;[39m
     [90m 537 |[39m     }[33m,[39m [35m30000[39m)[33m;[39m
     [90m 538 |[39m   })[33m;[39m[0m

      at Object.toBe (C:\Users\hp\OneDrive - bdu.edu.et(Bahir 
Dar)../../../../../../Internship/Ethiopia Ecommerce/ecommerce-backend/test/integratio
n/payment-retry-transient-failures.integration.test.js:535:42)

  ΓùÅ Integration Test: Payment Retry After Transient Failures ΓÇ║ Successful Retry 
Completes Payment Flow ΓÇ║ should complete full payment flow after successful retry

    expect(received).toBe(expected) // Object.is equality

    Expected: 201
    Received: 400

    [0m [90m 580 |[39m
     [90m 581 |[39m       [90m// Verify order created successfully[39m
    [31m[1m>[22m[39m[90m 582 |[39m       
expect(orderResponse[33m.[39mstatus)[33m.[39mtoBe([35m201[39m)[33m;[39m
     [90m     |[39m                                    [31m[1m^[22m[39m
     [90m 583 |[39m       expect(orderResponse[33m.[39mbody[33m.[39msuccess)[3
3m.[39mtoBe([36mtrue[39m)[33m;[39m
     [90m 584 |[39m       expect(orderResponse[33m.[39mbody[33m.[39mdata[33m.
[39morder)[33m.[39mtoBeDefined()[33m;[39m
     [90m 585 |[39m       expect(orderResponse[33m.[39mbody[33m.[39mdata[33m.
[39mpaymentUrl)[33m.[39mtoBe([32m'https://checkout.chapa.co/test-checkout'[39m)[
33m;[39m[0m

      at Object.toBe (C:\Users\hp\OneDrive - bdu.edu.et(Bahir 
Dar)../../../../../../Internship/Ethiopia Ecommerce/ecommerce-backend/test/integratio
n/payment-retry-transient-failures.integration.test.js:582:36)

  ΓùÅ Integration Test: Payment Retry After Transient Failures ΓÇ║ Payment 
Verification Retry ΓÇ║ should retry payment verification on network errors

    expect(received).toBe(expected) // Object.is equality

    Expected: 201
    Received: 400

    [0m [90m 646 |[39m         })[33m;[39m
     [90m 647 |[39m
    [31m[1m>[22m[39m[90m 648 |[39m       
expect(orderResponse[33m.[39mstatus)[33m.[39mtoBe([35m201[39m)[33m;[39m
     [90m     |[39m                                    [31m[1m^[22m[39m
     [90m 649 |[39m       testOrder [33m=[39m 
orderResponse[33m.[39mbody[33m.[39mdata[33m.[39morder[33m;[39m
     [90m 650 |[39m       [36mconst[39m txRef [33m=[39m 
orderResponse[33m.[39mbody[33m.[39mdata[33m.[39mtxRef[33m;[39m
     [90m 651 |[39m[0m

      at Object.toBe (C:\Users\hp\OneDrive - bdu.edu.et(Bahir 
Dar)../../../../../../Internship/Ethiopia Ecommerce/ecommerce-backend/test/integratio
n/payment-retry-transient-failures.integration.test.js:648:36)

  console.log
    [dotenv@17.3.1] injecting env (32) from .env -- tip: ≡ƒ¢í∩╕Å auth for agents: https://vestauth.com

      at _log (C:\Users\hp\OneDrive - bdu.edu.et(Bahir Dar)../../../../../../Internship/Ethiopia Ecommerce/ecommerce-backend/node_modules/dotenv/lib/main.js:139:11)

  console.log
    [dotenv@17.3.1] injecting env (0) from .env -- tip: ΓÜÖ∩╕Å  override existing env vars with { override: true }

      at _log (C:\Users\hp\OneDrive - bdu.edu.et(Bahir Dar)../../../../../../Internship/Ethiopia Ecommerce/ecommerce-backend/node_modules/dotenv/lib/main.js:139:11)

  console.log
    [dotenv@17.3.1] injecting env (0) from .env -- tip: ≡ƒöÉ prevent committing .env to code: https://dotenvx.com/precommit

      at _log (C:\Users\hp\OneDrive - bdu.edu.et(Bahir Dar)../../../../../../Internship/Ethiopia Ecommerce/ecommerce-backend/node_modules/dotenv/lib/main.js:139:11)

  console.log
    [dotenv@17.3.1] injecting env (0) from .env -- tip: ΓÜÖ∩╕Å  enable debug logging with { debug: true }

      at _log (C:\Users\hp\OneDrive - bdu.edu.et(Bahir Dar)../../../../../../Internship/Ethiopia Ecommerce/ecommerce-backend/node_modules/dotenv/lib/main.js:139:11)

  console.log
    [dotenv@17.3.1] injecting env (0) from .env -- tip: ΓÜÖ∩╕Å  override existing env vars with { override: true }

      at _log (C:\Users\hp\OneDrive - bdu.edu.et(Bahir Dar)../../../../../../Internship/Ethiopia Ecommerce/ecommerce-backend/node_modules/dotenv/lib/main.js:139:11)

  console.log
    [dotenv@17.3.1] injecting env (0) from .env -- tip: ΓÜÖ∩╕Å  override existing env vars with { override: true }

      at _log (C:\Users\hp\OneDrive - bdu.edu.et(Bahir Dar)../../../../../../Internship/Ethiopia Ecommerce/ecommerce-backend/node_modules/dotenv/lib/main.js:139:11)

  console.warn
    Firebase Service Account Key not found. Push Notifications will be disabled. Check PUSH_NOTIFICATIONS_SETUP_GUIDE.md for setup instructions.

    [0m [90m 20 |[39m   }
     [90m 21 |[39m } [36melse[39m {
    [31m[1m>[22m[39m[90m 22 |[39m   console[33m.[39mwarn([32m'Firebase Service Account Key not found. Push Notifications will be disabled. Check PUSH_NOTIFICATIONS_SETUP_GUIDE.md for setup instructions.'[39m)[33m;[39m
     [90m    |[39m           [31m[1m^[22m[39m
     [90m 23 |[39m }
     [90m 24 |[39m
     [90m 25 |[39m [90m/**[39m[0m

      at Object.warn (C:\Users\hp\OneDrive - bdu.edu.et(Bahir Dar)../../../../../../Internship/Ethiopia Ecommerce/ecommerce-backend/src/services/pushNotificationService.js:22:11)
      at Object.require (C:\Users\hp\OneDrive - bdu.edu.et(Bahir Dar)../../../../../../Internship/Ethiopia Ecommerce/ecommerce-backend/src/services/notificationService.js:1:34)
      at Object.require (C:\Users\hp\OneDrive - bdu.edu.et(Bahir Dar)../../../../../../Internship/Ethiopia Ecommerce/ecommerce-backend/src/services/orderStatusService.js:2:29)
      at Object.require (C:\Users\hp\OneDrive - bdu.edu.et(Bahir Dar)../../../../../../Internship/Ethiopia Ecommerce/ecommerce-backend/src/controllers/sellerController.js:9:28)
      at Object.require (C:\Users\hp\OneDrive - bdu.edu.et(Bahir Dar)../../../../../../Internship/Ethiopia Ecommerce/ecommerce-backend/src/routes/sellerRoutes.js:3:26)
      at Object.require (C:\Users\hp\OneDrive - bdu.edu.et(Bahir Dar)../../../../../../Internship/Ethiopia Ecommerce/ecommerce-backend/src/server.js:18:22)
      at Object.require (C:\Users\hp\OneDrive - bdu.edu.et(Bahir Dar)../../../../../../Internship/Ethiopia Ecommerce/ecommerce-backend/test/bugfix/chapa-payment-database-validation-bug-exploration.test.js:27:13)

  console.log
    Initializing database connection...

      at log (C:\Users\hp\OneDrive - bdu.edu.et(Bahir Dar)../../../../../../Internship/Ethiopia Ecommerce/ecommerce-backend/src/server.js:165:13)

  console.log
    Γ£ô Database 'ecommerce_db' is ready

      at log (C:\Users\hp\OneDrive - bdu.edu.et(Bahir Dar)../../../../../../Internship/Ethiopia Ecommerce/ecommerce-backend/src/config/database.js:19:13)

  console.log
    Γ£ô Database connection established successfully (attempt 1/3)

      at log (C:\Users\hp\OneDrive - bdu.edu.et(Bahir Dar)../../../../../../Internship/Ethiopia Ecommerce/ecommerce-backend/src/config/database.js:81:15)

  console.log
    Validating payment configuration...

      at log (C:\Users\hp\OneDrive - bdu.edu.et(Bahir Dar)../../../../../../Internship/Ethiopia Ecommerce/ecommerce-backend/src/server.js:169:13)

  console.log
    Γ£ô Payment configuration validated successfully

      at log (C:\Users\hp\OneDrive - bdu.edu.et(Bahir Dar)../../../../../../Internship/Ethiopia Ecommerce/ecommerce-backend/src/config/payment.js:78:11)

  console.log
      Environment: test

      at log (C:\Users\hp\OneDrive - bdu.edu.et(Bahir Dar)../../../../../../Internship/Ethiopia Ecommerce/ecommerce-backend/src/config/payment.js:79:11)

  console.log
      Test Mode: ENABLED

      at log (C:\Users\hp\OneDrive - bdu.edu.et(Bahir Dar)../../../../../../Internship/Ethiopia Ecommerce/ecommerce-backend/src/config/payment.js:80:11)

  console.log
      Currency: ETB

      at log (C:\Users\hp\OneDrive - bdu.edu.et(Bahir Dar)../../../../../../Internship/Ethiopia Ecommerce/ecommerce-backend/src/config/payment.js:81:11)

  console.log
    Validating Chapa URLs...

      at log (C:\Users\hp\OneDrive - bdu.edu.et(Bahir Dar)../../../../../../Internship/Ethiopia Ecommerce/ecommerce-backend/src/server.js:173:13)

  console.log
    Γ£ô CHAPA_CALLBACK_URL: http://localhost:5000/api/payments/webhook

      at log (C:\Users\hp\OneDrive - bdu.edu.et(Bahir Dar)../../../../../../Internship/Ethiopia Ecommerce/ecommerce-backend/src/server.js:239:15)

  console.log
    Γ£ô CHAPA_RETURN_URL: http://localhost:3000/payment/return

      at log (C:\Users\hp\OneDrive - bdu.edu.et(Bahir Dar)../../../../../../Internship/Ethiopia Ecommerce/ecommerce-backend/src/server.js:296:15)

  console.log
    Synchronizing database models...

      at log (C:\Users\hp\OneDrive - bdu.edu.et(Bahir Dar)../../../../../../Internship/Ethiopia Ecommerce/ecommerce-backend/src/server.js:310:13)

::ffff:127.0.0.1 - - [26/Feb/2026:18:56:54 +0000] "POST /api/orders HTTP/1.1" 400 411 "-" "-"
  console.log
    
    === Test Case 1: Database Validation Error ===

      at Object.log (C:\Users\hp\OneDrive - bdu.edu.et(Bahir Dar)../../../../../../Internship/Ethiopia Ecommerce/ecommerce-backend/test/bugfix/chapa-payment-database-validation-bug-exploration.test.js:148:15)

  console.log
    Response Status: 400

      at Object.log (C:\Users\hp\OneDrive - bdu.edu.et(Bahir Dar)../../../../../../Internship/Ethiopia Ecommerce/ecommerce-backend/test/bugfix/chapa-payment-database-validation-bug-exploration.test.js:149:15)

  console.log
    Response Body: {
      "success": false,
      "message": "Shipping address must be an object",
      "error": "Shipping address must be an object",
      "field": "shippingAddress",
      "details": {
        "shippingAddress": [
          "Shipping address must be an object"
        ],
        "shippingAddress.street": [
          "Street address is required"
        ],
        "shippingAddress.city": [
          "City is required"
        ],
        "shippingAddress.postalCode": [
          "Postal code is required"
        ],
        "shippingAddress.country": [
          "Country is required"
        ]
      }
    }

      at Object.log (C:\Users\hp\OneDrive - bdu.edu.et(Bahir Dar)../../../../../../Internship/Ethiopia Ecommerce/ecommerce-backend/test/bugfix/chapa-payment-database-validation-bug-exploration.test.js:150:15)

::ffff:127.0.0.1 - - [26/Feb/2026:18:56:54 +0000] "POST /api/orders HTTP/1.1" 400 411 "-" "-"
::ffff:127.0.0.1 - - [26/Feb/2026:18:56:54 +0000] "POST /api/orders HTTP/1.1" 400 411 "-" "-"
::ffff:127.0.0.1 - - [26/Feb/2026:18:56:54 +0000] "POST /api/orders HTTP/1.1" 400 411 "-" "-"
::ffff:127.0.0.1 - - [26/Feb/2026:18:56:55 +0000] "POST /api/orders HTTP/1.1" 400 411 "-" "-"
  console.log
    
    === Test Case 6: Missing CHAPA_CALLBACK_URL Configuration ===

      at Object.log (C:\Users\hp\OneDrive - bdu.edu.et(Bahir Dar)../../../../../../Internship/Ethiopia Ecommerce/ecommerce-backend/test/bugfix/chapa-payment-database-validation-bug-exploration.test.js:434:15)

  console.log
    Payment Config: {
      exists: true,
      hasUrls: true,
      callbackUrl: 'http://localhost:5000/api/payments/webhook',
      returnUrl: 'http://localhost:3000/payment/return'
    }

      at Object.log (C:\Users\hp\OneDrive - bdu.edu.et(Bahir Dar)../../../../../../Internship/Ethiopia Ecommerce/ecommerce-backend/test/bugfix/chapa-payment-database-validation-bug-exploration.test.js:439:15)

  console.log
    Γ£ô CHAPA_CALLBACK_URL is properly configured

      at Object.log (C:\Users\hp\OneDrive - bdu.edu.et(Bahir Dar)../../../../../../Internship/Ethiopia Ecommerce/ecommerce-backend/test/bugfix/chapa-payment-database-validation-bug-exploration.test.js:453:15)

  console.log
    Callback URL: http://localhost:5000/api/payments/webhook

      at Object.log (C:\Users\hp\OneDrive - bdu.edu.et(Bahir Dar)../../../../../../Internship/Ethiopia Ecommerce/ecommerce-backend/test/bugfix/chapa-payment-database-validation-bug-exploration.test.js:454:15)

  console.log
    
    === Test Case 6b: Callback URL Usage Verification ===

      at Object.log (C:\Users\hp\OneDrive - bdu.edu.et(Bahir Dar)../../../../../../Internship/Ethiopia Ecommerce/ecommerce-backend/test/bugfix/chapa-payment-database-validation-bug-exploration.test.js:458:15)

  console.log
    Original Callback URL: http://localhost:5000/api/payments/webhook

      at Object.log (C:\Users\hp\OneDrive - bdu.edu.et(Bahir Dar)../../../../../../Internship/Ethiopia Ecommerce/ecommerce-backend/test/bugfix/chapa-payment-database-validation-bug-exploration.test.js:466:15)

  console.log
    Γ£ô Callback URL configuration is ready for payment initialization

      at Object.log (C:\Users\hp\OneDrive - bdu.edu.et(Bahir Dar)../../../../../../Internship/Ethiopia Ecommerce/ecommerce-backend/test/bugfix/chapa-payment-database-validation-bug-exploration.test.js:477:15)

  console.log
    When payment is initialized, this URL will be sent to Chapa

      at Object.log (C:\Users\hp\OneDrive - bdu.edu.et(Bahir Dar)../../../../../../Internship/Ethiopia Ecommerce/ecommerce-backend/test/bugfix/chapa-payment-database-validation-bug-exploration.test.js:478:15)

  console.log
    Chapa will use this URL to send webhook notifications

      at Object.log (C:\Users\hp\OneDrive - bdu.edu.et(Bahir Dar)../../../../../../Internship/Ethiopia Ecommerce/ecommerce-backend/test/bugfix/chapa-payment-database-validation-bug-exploration.test.js:479:15)

  console.log
    
    === Test Case 6c: Callback URL in Chapa API Request ===

      at Object.log (C:\Users\hp\OneDrive - bdu.edu.et(Bahir Dar)../../../../../../Internship/Ethiopia Ecommerce/ecommerce-backend/test/bugfix/chapa-payment-database-validation-bug-exploration.test.js:483:15)

  console.log
    Configured Callback URL: http://localhost:5000/api/payments/webhook

      at Object.log (C:\Users\hp\OneDrive - bdu.edu.et(Bahir Dar)../../../../../../Internship/Ethiopia Ecommerce/ecommerce-backend/test/bugfix/chapa-payment-database-validation-bug-exploration.test.js:491:15)

  console.log
    Γ£ô Callback URL is properly formatted and points to correct endpoint

      at Object.log (C:\Users\hp\OneDrive - bdu.edu.et(Bahir Dar)../../../../../../Internship/Ethiopia Ecommerce/ecommerce-backend/test/bugfix/chapa-payment-database-validation-bug-exploration.test.js:500:15)

  console.log
    Expected format: https://yourdomain.com/api/payments/callback or /webhook

      at Object.log (C:\Users\hp\OneDrive - bdu.edu.et(Bahir Dar)../../../../../../Internship/Ethiopia Ecommerce/ecommerce-backend/test/bugfix/chapa-payment-database-validation-bug-exploration.test.js:501:15)

  console.log
    Actual URL: http://localhost:5000/api/payments/webhook

      at Object.log (C:\Users\hp\OneDrive - bdu.edu.et(Bahir Dar)../../../../../../Internship/Ethiopia Ecommerce/ecommerce-backend/test/bugfix/chapa-payment-database-validation-bug-exploration.test.js:502:15)

  console.log
    
    === Test Case 7: Missing CHAPA_RETURN_URL Configuration ===

      at Object.log (C:\Users\hp\OneDrive - bdu.edu.et(Bahir Dar)../../../../../../Internship/Ethiopia Ecommerce/ecommerce-backend/test/bugfix/chapa-payment-database-validation-bug-exploration.test.js:526:15)

  console.log
    Payment Config: {
      exists: true,
      hasUrls: true,
      callbackUrl: 'http://localhost:5000/api/payments/webhook',
      returnUrl: 'http://localhost:3000/payment/return'
    }

      at Object.log (C:\Users\hp\OneDrive - bdu.edu.et(Bahir Dar)../../../../../../Internship/Ethiopia Ecommerce/ecommerce-backend/test/bugfix/chapa-payment-database-validation-bug-exploration.test.js:531:15)

  console.log
    Γ£ô CHAPA_RETURN_URL is properly configured

      at Object.log (C:\Users\hp\OneDrive - bdu.edu.et(Bahir Dar)../../../../../../Internship/Ethiopia Ecommerce/ecommerce-backend/test/bugfix/chapa-payment-database-validation-bug-exploration.test.js:545:15)

  console.log
    Return URL: http://localhost:3000/payment/return

      at Object.log (C:\Users\hp\OneDrive - bdu.edu.et(Bahir Dar)../../../../../../Internship/Ethiopia Ecommerce/ecommerce-backend/test/bugfix/chapa-payment-database-validation-bug-exploration.test.js:546:15)

  console.log
    
    === Test Case 7b: Return URL Usage Verification ===

      at Object.log (C:\Users\hp\OneDrive - bdu.edu.et(Bahir Dar)../../../../../../Internship/Ethiopia Ecommerce/ecommerce-backend/test/bugfix/chapa-payment-database-validation-bug-exploration.test.js:550:15)

  console.log
    Original Return URL: http://localhost:3000/payment/return

      at Object.log (C:\Users\hp\OneDrive - bdu.edu.et(Bahir Dar)../../../../../../Internship/Ethiopia Ecommerce/ecommerce-backend/test/bugfix/chapa-payment-database-validation-bug-exploration.test.js:558:15)

  console.log
    Γ£ô Return URL configuration is ready for payment initialization

      at Object.log (C:\Users\hp\OneDrive - bdu.edu.et(Bahir Dar)../../../../../../Internship/Ethiopia Ecommerce/ecommerce-backend/test/bugfix/chapa-payment-database-validation-bug-exploration.test.js:569:15)

  console.log
    When payment is initialized, this URL will be sent to Chapa

      at Object.log (C:\Users\hp\OneDrive - bdu.edu.et(Bahir Dar)../../../../../../Internship/Ethiopia Ecommerce/ecommerce-backend/test/bugfix/chapa-payment-database-validation-bug-exploration.test.js:570:15)

  console.log
    Chapa will redirect customers to this URL after payment completion

      at Object.log (C:\Users\hp\OneDrive - bdu.edu.et(Bahir Dar)../../../../../../Internship/Ethiopia Ecommerce/ecommerce-backend/test/bugfix/chapa-payment-database-validation-bug-exploration.test.js:571:15)

  console.log
    
    === Test Case 7c: Return URL in Chapa API Request ===

      at Object.log (C:\Users\hp\OneDrive - bdu.edu.et(Bahir Dar)../../../../../../Internship/Ethiopia Ecommerce/ecommerce-backend/test/bugfix/chapa-payment-database-validation-bug-exploration.test.js:575:15)

  console.log
    Configured Return URL: http://localhost:3000/payment/return

      at Object.log (C:\Users\hp\OneDrive - bdu.edu.et(Bahir Dar)../../../../../../Internship/Ethiopia Ecommerce/ecommerce-backend/test/bugfix/chapa-payment-database-validation-bug-exploration.test.js:583:15)

  console.log
    Γ£ô Return URL is properly formatted and points to correct endpoint

      at Object.log (C:\Users\hp\OneDrive - bdu.edu.et(Bahir Dar)../../../../../../Internship/Ethiopia Ecommerce/ecommerce-backend/test/bugfix/chapa-payment-database-validation-bug-exploration.test.js:599:15)

  console.log
    Accepted formats:

      at Object.log (C:\Users\hp\OneDrive - bdu.edu.et(Bahir Dar)../../../../../../Internship/Ethiopia Ecommerce/ecommerce-backend/test/bugfix/chapa-payment-database-validation-bug-exploration.test.js:600:15)

  console.log
      - Frontend: http://localhost:3000/payment/return

      at Object.log (C:\Users\hp\OneDrive - bdu.edu.et(Bahir Dar)../../../../../../Internship/Ethiopia Ecommerce/ecommerce-backend/test/bugfix/chapa-payment-database-validation-bug-exploration.test.js:601:15)

  console.log
      - Backend: https://yourdomain.com/api/payments/return or /redirect

      at Object.log (C:\Users\hp\OneDrive - bdu.edu.et(Bahir Dar)../../../../../../Internship/Ethiopia Ecommerce/ecommerce-backend/test/bugfix/chapa-payment-database-validation-bug-exploration.test.js:602:15)

  console.log
    Actual URL: http://localhost:3000/payment/return

      at Object.log (C:\Users\hp\OneDrive - bdu.edu.et(Bahir Dar)../../../../../../Internship/Ethiopia Ecommerce/ecommerce-backend/test/bugfix/chapa-payment-database-validation-bug-exploration.test.js:603:15)

  console.log
    
    === Test Case 7d: Return URL Customer Redirect Handling ===

      at Object.log (C:\Users\hp\OneDrive - bdu.edu.et(Bahir Dar)../../../../../../Internship/Ethiopia Ecommerce/ecommerce-backend/test/bugfix/chapa-payment-database-validation-bug-exploration.test.js:607:15)

  console.log
    Return URL for customer redirect: http://localhost:3000/payment/return

      at Object.log (C:\Users\hp\OneDrive - bdu.edu.et(Bahir Dar)../../../../../../Internship/Ethiopia Ecommerce/ecommerce-backend/test/bugfix/chapa-payment-database-validation-bug-exploration.test.js:615:15)

  console.log
    Γ£ô Return URL is configured for customer redirect handling

      at Object.log (C:\Users\hp\OneDrive - bdu.edu.et(Bahir Dar)../../../../../../Internship/Ethiopia Ecommerce/ecommerce-backend/test/bugfix/chapa-payment-database-validation-bug-exploration.test.js:626:15)

  console.log
    Expected behavior after payment:

      at Object.log (C:\Users\hp\OneDrive - bdu.edu.et(Bahir Dar)../../../../../../Internship/Ethiopia Ecommerce/ecommerce-backend/test/bugfix/chapa-payment-database-validation-bug-exploration.test.js:627:15)

  console.log
      1. Chapa redirects customer to: http://localhost:3000/payment/return

      at Object.log (C:\Users\hp\OneDrive - bdu.edu.et(Bahir Dar)../../../../../../Internship/Ethiopia Ecommerce/ecommerce-backend/test/bugfix/chapa-payment-database-validation-bug-exploration.test.js:628:15)

  console.log
      2. Backend returns HTML to close WebView

      at Object.log (C:\Users\hp\OneDrive - bdu.edu.et(Bahir Dar)../../../../../../Internship/Ethiopia Ecommerce/ecommerce-backend/test/bugfix/chapa-payment-database-validation-bug-exploration.test.js:629:15)

  console.log
      3. Flutter app polls for payment status

      at Object.log (C:\Users\hp\OneDrive - bdu.edu.et(Bahir Dar)../../../../../../Internship/Ethiopia Ecommerce/ecommerce-backend/test/bugfix/chapa-payment-database-validation-bug-exploration.test.js:630:15)

  console.log
      4. Customer sees success/failure screen

      at Object.log (C:\Users\hp\OneDrive - bdu.edu.et(Bahir Dar)../../../../../../Internship/Ethiopia Ecommerce/ecommerce-backend/test/bugfix/chapa-payment-database-validation-bug-exploration.test.js:631:15)

  console.log
    
    === Environment Variable Requirements ===

      at Object.log (C:\Users\hp\OneDrive - bdu.edu.et(Bahir Dar)../../../../../../Internship/Ethiopia Ecommerce/ecommerce-backend/test/bugfix/chapa-payment-database-validation-bug-exploration.test.js:637:15)

  console.log
    Required environment variables for Chapa payment integration:

      at Object.log (C:\Users\hp\OneDrive - bdu.edu.et(Bahir Dar)../../../../../../Internship/Ethiopia Ecommerce/ecommerce-backend/test/bugfix/chapa-payment-database-validation-bug-exploration.test.js:638:15)

  console.log
    1. CHAPA_CALLBACK_URL - Webhook endpoint for payment status updates

      at Object.log (C:\Users\hp\OneDrive - bdu.edu.et(Bahir Dar)../../../../../../Internship/Ethiopia Ecommerce/ecommerce-backend/test/bugfix/chapa-payment-database-validation-bug-exploration.test.js:639:15)

  console.log
    2. CHAPA_RETURN_URL - Redirect URL after payment completion

      at Object.log (C:\Users\hp\OneDrive - bdu.edu.et(Bahir Dar)../../../../../../Internship/Ethiopia Ecommerce/ecommerce-backend/test/bugfix/chapa-payment-database-validation-bug-exploration.test.js:640:15)

  console.log
    3. CHAPA_SECRET_KEY - Chapa API secret key

      at Object.log (C:\Users\hp\OneDrive - bdu.edu.et(Bahir Dar)../../../../../../Internship/Ethiopia Ecommerce/ecommerce-backend/test/bugfix/chapa-payment-database-validation-bug-exploration.test.js:641:15)

  console.log
    4. CHAPA_PUBLIC_KEY - Chapa API public key (optional)

      at Object.log (C:\Users\hp\OneDrive - bdu.edu.et(Bahir Dar)../../../../../../Internship/Ethiopia Ecommerce/ecommerce-backend/test/bugfix/chapa-payment-database-validation-bug-exploration.test.js:642:15)

  console.log
    
    These should be configured in .env file before starting the server

      at Object.log (C:\Users\hp\OneDrive - bdu.edu.et(Bahir Dar)../../../../../../Internship/Ethiopia Ecommerce/ecommerce-backend/test/bugfix/chapa-payment-database-validation-bug-exploration.test.js:643:15)

  console.log
    Example:

      at Object.log (C:\Users\hp\OneDrive - bdu.edu.et(Bahir Dar)../../../../../../Internship/Ethiopia Ecommerce/ecommerce-backend/test/bugfix/chapa-payment-database-validation-bug-exploration.test.js:644:15)

  console.log
    CHAPA_CALLBACK_URL=https://yourdomain.com/api/payments/callback

      at Object.log (C:\Users\hp\OneDrive - bdu.edu.et(Bahir Dar)../../../../../../Internship/Ethiopia Ecommerce/ecommerce-backend/test/bugfix/chapa-payment-database-validation-bug-exploration.test.js:645:15)

  console.log
    CHAPA_RETURN_URL=https://yourdomain.com/api/payments/return

      at Object.log (C:\Users\hp\OneDrive - bdu.edu.et(Bahir Dar)../../../../../../Internship/Ethiopia Ecommerce/ecommerce-backend/test/bugfix/chapa-payment-database-validation-bug-exploration.test.js:646:15)

  console.log
    ========================================

      at Object.log (C:\Users\hp\OneDrive - bdu.edu.et(Bahir Dar)../../../../../../Internship/Ethiopia Ecommerce/ecommerce-backend/test/bugfix/chapa-payment-database-validation-bug-exploration.test.js:647:15)

  console.log
    
    === PROPERTY TEST: Complete Checkout Flow ===

      at Object.log (C:\Users\hp\OneDrive - bdu.edu.et(Bahir Dar)../../../../../../Internship/Ethiopia Ecommerce/ecommerce-backend/test/bugfix/chapa-payment-database-validation-bug-exploration.test.js:671:15)

  console.log
    Generating random valid checkout scenarios...

      at Object.log (C:\Users\hp\OneDrive - bdu.edu.et(Bahir Dar)../../../../../../Internship/Ethiopia Ecommerce/ecommerce-backend/test/bugfix/chapa-payment-database-validation-bug-exploration.test.js:672:15)

  console.log
    Γ£ô Database models synchronized

      at log (C:\Users\hp\OneDrive - bdu.edu.et(Bahir Dar)../../../../../../Internship/Ethiopia Ecommerce/ecommerce-backend/src/server.js:313:13)

  console.log
    Γ£ô Server is running on port 5000

      at Server.log (C:\Users\hp\OneDrive - bdu.edu.et(Bahir Dar)../../../../../../Internship/Ethiopia Ecommerce/ecommerce-backend/src/server.js:319:15)

  console.log
    Γ£ô Environment: test

      at Server.log (C:\Users\hp\OneDrive - bdu.edu.et(Bahir Dar)../../../../../../Internship/Ethiopia Ecommerce/ecommerce-backend/src/server.js:320:15)

  console.log
    Γ£ô API URL: http://localhost:5000

      at Server.log (C:\Users\hp\OneDrive - bdu.edu.et(Bahir Dar)../../../../../../Internship/Ethiopia Ecommerce/ecommerce-backend/src/server.js:321:15)

  console.log
    Γ£ô Local Network: http://192.168.100.105:5000

      at Server.log (C:\Users\hp\OneDrive - bdu.edu.et(Bahir Dar)../../../../../../Internship/Ethiopia Ecommerce/ecommerce-backend/src/server.js:322:15)

  console.log
    Γ£ô Rate Limiting: Unauthenticated (500/15min), Authenticated (5000/15min)

      at Server.log (C:\Users\hp\OneDrive - bdu.edu.et(Bahir Dar)../../../../../../Internship/Ethiopia Ecommerce/ecommerce-backend/src/server.js:323:15)

  console.log
    
    === Chapa Payment Configuration ===

      at Server.log (C:\Users\hp\OneDrive - bdu.edu.et(Bahir Dar)../../../../../../Internship/Ethiopia Ecommerce/ecommerce-backend/src/server.js:324:15)

  console.log
    Callback URL: http://localhost:5000/api/payments/webhook

      at Server.log (C:\Users\hp\OneDrive - bdu.edu.et(Bahir Dar)../../../../../../Internship/Ethiopia Ecommerce/ecommerce-backend/src/server.js:325:15)

  console.log
    Return URL: http://localhost:3000/payment/return

      at Server.log (C:\Users\hp\OneDrive - bdu.edu.et(Bahir Dar)../../../../../../Internship/Ethiopia Ecommerce/ecommerce-backend/src/server.js:326:15)

  console.log
    ===================================

      at Server.log (C:\Users\hp\OneDrive - bdu.edu.et(Bahir Dar)../../../../../../Internship/Ethiopia Ecommerce/ecommerce-backend/src/server.js:327:15)

  console.log
    
    ========================================

      at Object.log (C:\Users\hp\OneDrive - bdu.edu.et(Bahir Dar)../../../../../../Internship/Ethiopia Ecommerce/ecommerce-backend/test/bugfix/chapa-payment-database-validation-bug-exploration.test.js:823:15)

  console.log
    BUG CONDITION EXPLORATION SUMMARY

      at Object.log (C:\Users\hp\OneDrive - bdu.edu.et(Bahir Dar)../../../../../../Internship/Ethiopia Ecommerce/ecommerce-backend/test/bugfix/chapa-payment-database-validation-bug-exploration.test.js:824:15)

  console.log
    ========================================

      at Object.log (C:\Users\hp\OneDrive - bdu.edu.et(Bahir Dar)../../../../../../Internship/Ethiopia Ecommerce/ecommerce-backend/test/bugfix/chapa-payment-database-validation-bug-exploration.test.js:825:15)

  console.log
    This test suite explores the bug condition where customers complete

      at Object.log (C:\Users\hp\OneDrive - bdu.edu.et(Bahir Dar)../../../../../../Internship/Ethiopia Ecommerce/ecommerce-backend/test/bugfix/chapa-payment-database-validation-bug-exploration.test.js:826:15)

  console.log
    checkout steps 1-2 and click "Place Order" at step 3, causing:

      at Object.log (C:\Users\hp\OneDrive - bdu.edu.et(Bahir Dar)../../../../../../Internship/Ethiopia Ecommerce/ecommerce-backend/test/bugfix/chapa-payment-database-validation-bug-exploration.test.js:827:15)

  console.log
    - "Exception: Bad request: Database validation error"

      at Object.log (C:\Users\hp\OneDrive - bdu.edu.et(Bahir Dar)../../../../../../Internship/Ethiopia Ecommerce/ecommerce-backend/test/bugfix/chapa-payment-database-validation-bug-exploration.test.js:828:15)

  console.log
    - Payment initialization failures

      at Object.log (C:\Users\hp\OneDrive - bdu.edu.et(Bahir Dar)../../../../../../Internship/Ethiopia Ecommerce/ecommerce-backend/test/bugfix/chapa-payment-database-validation-bug-exploration.test.js:829:15)

  console.log
    - Missing callback/return URL configuration

      at Object.log (C:\Users\hp\OneDrive - bdu.edu.et(Bahir Dar)../../../../../../Internship/Ethiopia Ecommerce/ecommerce-backend/test/bugfix/chapa-payment-database-validation-bug-exploration.test.js:830:15)

  console.log
    - Transaction persistence issues

      at Object.log (C:\Users\hp\OneDrive - bdu.edu.et(Bahir Dar)../../../../../../Internship/Ethiopia Ecommerce/ecommerce-backend/test/bugfix/chapa-payment-database-validation-bug-exploration.test.js:831:15)

  console.log
    Expected Outcome: Tests PASS on FIXED code

      at Object.log (C:\Users\hp\OneDrive - bdu.edu.et(Bahir Dar)../../../../../../Internship/Ethiopia Ecommerce/ecommerce-backend/test/bugfix/chapa-payment-database-validation-bug-exploration.test.js:832:15)

  console.log
    Counterexamples tested:

      at Object.log (C:\Users\hp\OneDrive - bdu.edu.et(Bahir Dar)../../../../../../Internship/Ethiopia Ecommerce/ecommerce-backend/test/bugfix/chapa-payment-database-validation-bug-exploration.test.js:833:15)

  console.log
    1. Database Validation Error ΓåÆ Order creation should succeed

      at Object.log (C:\Users\hp\OneDrive - bdu.edu.et(Bahir Dar)../../../../../../Internship/Ethiopia Ecommerce/ecommerce-backend/test/bugfix/chapa-payment-database-validation-bug-exploration.test.js:834:15)

  console.log
    2. Missing Callback URL ΓåÆ Payment initialization should succeed

      at Object.log (C:\Users\hp\OneDrive - bdu.edu.et(Bahir Dar)../../../../../../Internship/Ethiopia Ecommerce/ecommerce-backend/test/bugfix/chapa-payment-database-validation-bug-exploration.test.js:835:15)

  console.log
    3. Missing Return URL ΓåÆ Payment initialization should succeed

      at Object.log (C:\Users\hp\OneDrive - bdu.edu.et(Bahir Dar)../../../../../../Internship/Ethiopia Ecommerce/ecommerce-backend/test/bugfix/chapa-payment-database-validation-bug-exploration.test.js:836:15)

  console.log
    4. Payment Record Persistence ΓåÆ Payment record should be created

      at Object.log (C:\Users\hp\OneDrive - bdu.edu.et(Bahir Dar)../../../../../../Internship/Ethiopia Ecommerce/ecommerce-backend/test/bugfix/chapa-payment-database-validation-bug-exploration.test.js:837:15)

  console.log
    5. Customer Visibility ΓåÆ Transaction should be visible in order history

      at Object.log (C:\Users\hp\OneDrive - bdu.edu.et(Bahir Dar)../../../../../../Internship/Ethiopia Ecommerce/ecommerce-backend/test/bugfix/chapa-payment-database-validation-bug-exploration.test.js:838:15)

  console.log
    6. Missing CHAPA_CALLBACK_URL ΓåÆ Callback URL should be configured and validated

      at Object.log (C:\Users\hp\OneDrive - bdu.edu.et(Bahir Dar)../../../../../../Internship/Ethiopia Ecommerce/ecommerce-backend/test/bugfix/chapa-payment-database-validation-bug-exploration.test.js:839:15)

  console.log
    7. Missing CHAPA_RETURN_URL ΓåÆ Return URL should be configured and validated

      at Object.log (C:\Users\hp\OneDrive - bdu.edu.et(Bahir Dar)../../../../../../Internship/Ethiopia Ecommerce/ecommerce-backend/test/bugfix/chapa-payment-database-validation-bug-exploration.test.js:840:15)

  console.log
    8. Environment Configuration ΓåÆ All required URLs should be set

      at Object.log (C:\Users\hp\OneDrive - bdu.edu.et(Bahir Dar)../../../../../../Internship/Ethiopia Ecommerce/ecommerce-backend/test/bugfix/chapa-payment-database-validation-bug-exploration.test.js:841:15)

  console.log
    9. PROPERTY TEST ΓåÆ Complete checkout flow with 10 random valid scenarios

      at Object.log (C:\Users\hp\OneDrive - bdu.edu.et(Bahir Dar)../../../../../../Internship/Ethiopia Ecommerce/ecommerce-backend/test/bugfix/chapa-payment-database-validation-bug-exploration.test.js:842:15)

  console.log
    
    ========================================

      at Object.log (C:\Users\hp\OneDrive - bdu.edu.et(Bahir Dar)../../../../../../Internship/Ethiopia Ecommerce/ecommerce-backend/test/bugfix/chapa-payment-database-validation-bug-exploration.test.js:843:15)

FAIL test/bugfix/chapa-payment-database-validation-bug-exploration.test.js
  Bug Condition Exploration: Chapa Payment Database Validation Error
    Test Case 1: Database Validation Error on Order Creation
      ├ù should successfully create order without database validation errors (33 ms)
    Test Case 2: Payment Initialization with Callback URL
      ├ù should initialize payment with properly configured callback URL (26 ms)
    Test Case 3: Payment Initialization with Return URL
      ├ù should initialize payment with properly configured return URL (25 ms)
    Test Case 4: Payment Record Persistence
      ├ù should create payment record with pending status after initialization (27 
ms)
    Test Case 5: Transaction Visibility - Customer Interface
      ├ù should make transaction visible in customer order history after payment (28 
ms)
    Test Case 6: Missing CHAPA_CALLBACK_URL Configuration
      ΓêÜ should validate CHAPA_CALLBACK_URL is configured before payment 
initialization (6 ms)
      ΓêÜ should verify callback URL is used in payment initialization flow (7 ms)
      ΓêÜ should include callback URL in Chapa API request (5 ms)
    Test Case 7: Missing CHAPA_RETURN_URL Configuration
      ΓêÜ should validate CHAPA_RETURN_URL is configured before payment 
initialization (6 ms)
      ΓêÜ should verify return URL is used in payment initialization flow (5 ms)
      ΓêÜ should include return URL in Chapa API request (7 ms)
      ΓêÜ should verify return URL handles customer redirect after payment (7 ms)
    Test Case 8: Missing Environment Variables Summary
      ΓêÜ should document environment variable requirements (11 ms)
    PROPERTY TEST: Complete Checkout Flow with Valid Data
      ├ù should successfully complete checkout flow for any valid customer data (289 
ms)
    Summary: Bug Condition Counterexamples
      ΓêÜ should document all counterexamples found (18 ms)

  ΓùÅ Bug Condition Exploration: Chapa Payment Database Validation Error ΓÇ║ Test 
Case 1: Database Validation Error on Order Creation ΓÇ║ should successfully create 
order without database validation errors

    expect(received).toBe(expected) // Object.is equality

    Expected: 201
    Received: 400

    [0m [90m 151 |[39m
     [90m 152 |[39m       [90m// Expected behavior: Order creation should 
succeed[39m
    [31m[1m>[22m[39m[90m 153 |[39m       
expect(response[33m.[39mstatus)[33m.[39mtoBe([35m201[39m)[33m;[39m
     [90m     |[39m                               [31m[1m^[22m[39m
     [90m 154 |[39m       expect(response[33m.[39mbody[33m.[39msuccess)[33m.[
39mtoBe([36mtrue[39m)[33m;[39m
     [90m 155 |[39m       expect(response[33m.[39mbody[33m.[39mdata)[33m.[39m
toHaveProperty([32m'order'[39m)[33m;[39m
     [90m 156 |[39m       expect(response[33m.[39mbody[33m.[39mdata[33m.[39mo
rder)[33m.[39mtoHaveProperty([32m'id'[39m)[33m;[39m[0m

      at Object.toBe (C:\Users\hp\OneDrive - bdu.edu.et(Bahir 
Dar)../../../../../../Internship/Ethiopia Ecommerce/ecommerce-backend/test/bugfix/cha
pa-payment-database-validation-bug-exploration.test.js:153:31)

  ΓùÅ Bug Condition Exploration: Chapa Payment Database Validation Error ΓÇ║ Test 
Case 2: Payment Initialization with Callback URL ΓÇ║ should initialize payment with 
properly configured callback URL

    expect(received).toBe(expected) // Object.is equality

    Expected: 201
    Received: 400

    [0m [90m 200 |[39m         })[33m;[39m
     [90m 201 |[39m
    [31m[1m>[22m[39m[90m 202 |[39m       
expect(orderResponse[33m.[39mstatus)[33m.[39mtoBe([35m201[39m)[33m;[39m
     [90m     |[39m                                    [31m[1m^[22m[39m
     [90m 203 |[39m       [36mconst[39m orderId [33m=[39m 
orderResponse[33m.[39mbody[33m.[39mdata[33m.[39morder[33m.[39mid[33m;[39m
     [90m 204 |[39m       [36mconst[39m totalAmount [33m=[39m parseFloat(orderR
esponse[33m.[39mbody[33m.[39mdata[33m.[39morder[33m.[39mtotalAmount)[33m;[3
9m
     [90m 205 |[39m[0m

      at Object.toBe (C:\Users\hp\OneDrive - bdu.edu.et(Bahir 
Dar)../../../../../../Internship/Ethiopia Ecommerce/ecommerce-backend/test/bugfix/cha
pa-payment-database-validation-bug-exploration.test.js:202:36)

  ΓùÅ Bug Condition Exploration: Chapa Payment Database Validation Error ΓÇ║ Test 
Case 3: Payment Initialization with Return URL ΓÇ║ should initialize payment with 
properly configured return URL

    expect(received).toBe(expected) // Object.is equality

    Expected: 201
    Received: 400

    [0m [90m 261 |[39m         })[33m;[39m
     [90m 262 |[39m
    [31m[1m>[22m[39m[90m 263 |[39m       
expect(orderResponse[33m.[39mstatus)[33m.[39mtoBe([35m201[39m)[33m;[39m
     [90m     |[39m                                    [31m[1m^[22m[39m
     [90m 264 |[39m       [36mconst[39m orderId [33m=[39m 
orderResponse[33m.[39mbody[33m.[39mdata[33m.[39morder[33m.[39mid[33m;[39m
     [90m 265 |[39m       [36mconst[39m totalAmount [33m=[39m parseFloat(orderR
esponse[33m.[39mbody[33m.[39mdata[33m.[39morder[33m.[39mtotalAmount)[33m;[3
9m
     [90m 266 |[39m[0m

      at Object.toBe (C:\Users\hp\OneDrive - bdu.edu.et(Bahir 
Dar)../../../../../../Internship/Ethiopia Ecommerce/ecommerce-backend/test/bugfix/cha
pa-payment-database-validation-bug-exploration.test.js:263:36)

  ΓùÅ Bug Condition Exploration: Chapa Payment Database Validation Error ΓÇ║ Test 
Case 4: Payment Record Persistence ΓÇ║ should create payment record with pending 
status after initialization

    expect(received).toBe(expected) // Object.is equality

    Expected: 201
    Received: 400

    [0m [90m 316 |[39m         })[33m;[39m
     [90m 317 |[39m
    [31m[1m>[22m[39m[90m 318 |[39m       
expect(orderResponse[33m.[39mstatus)[33m.[39mtoBe([35m201[39m)[33m;[39m
     [90m     |[39m                                    [31m[1m^[22m[39m
     [90m 319 |[39m       [36mconst[39m orderId [33m=[39m 
orderResponse[33m.[39mbody[33m.[39mdata[33m.[39morder[33m.[39mid[33m;[39m
     [90m 320 |[39m       [36mconst[39m totalAmount [33m=[39m parseFloat(orderR
esponse[33m.[39mbody[33m.[39mdata[33m.[39morder[33m.[39mtotalAmount)[33m;[3
9m
     [90m 321 |[39m[0m

      at Object.toBe (C:\Users\hp\OneDrive - bdu.edu.et(Bahir 
Dar)../../../../../../Internship/Ethiopia Ecommerce/ecommerce-backend/test/bugfix/cha
pa-payment-database-validation-bug-exploration.test.js:318:36)

  ΓùÅ Bug Condition Exploration: Chapa Payment Database Validation Error ΓÇ║ Test 
Case 5: Transaction Visibility - Customer Interface ΓÇ║ should make transaction 
visible in customer order history after payment

    expect(received).toBe(expected) // Object.is equality

    Expected: 201
    Received: 400

    [0m [90m 386 |[39m         })[33m;[39m
     [90m 387 |[39m
    [31m[1m>[22m[39m[90m 388 |[39m       
expect(orderResponse[33m.[39mstatus)[33m.[39mtoBe([35m201[39m)[33m;[39m
     [90m     |[39m                                    [31m[1m^[22m[39m
     [90m 389 |[39m       [36mconst[39m orderId [33m=[39m 
orderResponse[33m.[39mbody[33m.[39mdata[33m.[39morder[33m.[39mid[33m;[39m
     [90m 390 |[39m
     [90m 391 |[39m       [90m// Query customer orders[39m[0m

      at Object.toBe (C:\Users\hp\OneDrive - bdu.edu.et(Bahir 
Dar)../../../../../../Internship/Ethiopia Ecommerce/ecommerce-backend/test/bugfix/cha
pa-payment-database-validation-bug-exploration.test.js:388:36)

  ΓùÅ Bug Condition Exploration: Chapa Payment Database Validation Error ΓÇ║ 
PROPERTY TEST: Complete Checkout Flow with Valid Data ΓÇ║ should successfully 
complete checkout flow for any valid customer data

    Property failed after 1 tests
    { seed: -931521255, path: "0", endOnFailure: true }
    Counterexample: [{"street":"BXDX3V|w#ArmF","city":"Addis Ababa","state":"SNNPR","
postalCode":"9996","phone":"+251984440849","shippingCost":0,"quantity":3,"notes":unde
fined}]
    Shrunk 0 time(s)

    Encountered failures were:
    - [{"street":"BXDX3V|w#ArmF","city":"Addis Ababa","state":"SNNPR","postalCode":"9
996","phone":"+251984440849","shippingCost":0,"quantity":3,"notes":undefined}]

      at buildError (C:\Users\hp\OneDrive - bdu.edu.et(Bahir 
Dar)../../../../../../Internship/Ethiopia Ecommerce/ecommerce-backend/node_modules/fa
st-check/lib/cjs/check/runner/utils/RunDetailsFormatter.js:162:19)
      at asyncThrowIfFailed (C:\Users\hp\OneDrive - bdu.edu.et(Bahir 
Dar)../../../../../../Internship/Ethiopia Ecommerce/ecommerce-backend/node_modules/fa
st-check/lib/cjs/check/runner/utils/RunDetailsFormatter.js:176:11)

    Cause:


    [0m [90m 698 |[39m         
fc[33m.[39masyncProperty(checkoutRequestArb[33m,[39m [36masync[39m 
(checkoutData) [33m=>[39m {
     [90m 699 |[39m           [90m// Create a unique cart for this property test 
iteration[39m
    [31m[1m>[22m[39m[90m 700 |[39m           [36mconst[39m uniqueCart 
[33m=[39m [36mawait[39m [33mCart[39m[33m.[39mcreate({
     [90m     |[39m                              [31m[1m^[22m[39m
     [90m 701 |[39m             user_id[33m:[39m testUser[33m.[39mid
     [90m 702 |[39m           })[33m;[39m
     [90m 703 |[39m[0m

      at Query.run (C:\Users\hp\OneDrive - bdu.edu.et(Bahir 
Dar)../../../../../../Internship/Ethiopia 
Ecommerce/ecommerce-backend/node_modules/sequelize/src/dialects/mysql/query.js:46:25)
      at C:\Users\hp\OneDrive - bdu.edu.et(Bahir 
Dar)../../../../../../Internship/Ethiopia 
Ecommerce/ecommerce-backend/node_modules/sequelize/src/sequelize.js:650:28
      at MySQLQueryInterface.insert (C:\Users\hp\OneDrive - bdu.edu.et(Bahir 
Dar)../../../../../../Internship/Ethiopia Ecommerce/ecommerce-backend/node_modules/se
quelize/src/dialects/abstract/query-interface.js:795:21)
      at model.save (C:\Users\hp\OneDrive - bdu.edu.et(Bahir 
Dar)../../../../../../Internship/Ethiopia 
Ecommerce/ecommerce-backend/node_modules/sequelize/src/model.js:4154:35)
      at Cart.create (C:\Users\hp\OneDrive - bdu.edu.et(Bahir 
Dar)../../../../../../Internship/Ethiopia 
Ecommerce/ecommerce-backend/node_modules/sequelize/src/model.js:2305:12)
      at C:\Users\hp\OneDrive - bdu.edu.et(Bahir 
Dar)../../../../../../Internship/Ethiopia Ecommerce/ecommerce-backend/test/bugfix/cha
pa-payment-database-validation-bug-exploration.test.js:700:30
      at AsyncProperty.run (C:\Users\hp\OneDrive - bdu.edu.et(Bahir 
Dar)../../../../../../Internship/Ethiopia Ecommerce/ecommerce-backend/node_modules/fa
st-check/lib/cjs/check/property/AsyncProperty.generic.js:46:28)
      at asyncRunIt (C:\Users\hp\OneDrive - bdu.edu.et(Bahir 
Dar)../../../../../../Internship/Ethiopia Ecommerce/ecommerce-backend/node_modules/fa
st-check/lib/cjs/check/runner/Runner.js:28:21)
      at Object.<anonymous> (C:\Users\hp\OneDrive - bdu.edu.et(Bahir 
Dar)../../../../../../Internship/Ethiopia Ecommerce/ecommerce-backend/test/bugfix/cha
pa-payment-database-validation-bug-exploration.test.js:697:7)

  console.log
    [dotenv@17.3.1] injecting env (32) from .env -- tip: ΓÜí∩╕Å secrets for agents: https://dotenvx.com/as2

      at _log (C:\Users\hp\OneDrive - bdu.edu.et(Bahir Dar)../../../../../../Internship/Ethiopia Ecommerce/ecommerce-backend/node_modules/dotenv/lib/main.js:139:11)

  console.log
    [dotenv@17.3.1] injecting env (0) from .env -- tip: ΓÜÖ∩╕Å  specify custom .env file path with { path: '/custom/path/.env' }

      at _log (C:\Users\hp\OneDrive - bdu.edu.et(Bahir Dar)../../../../../../Internship/Ethiopia Ecommerce/ecommerce-backend/node_modules/dotenv/lib/main.js:139:11)

  console.log
    [dotenv@17.3.1] injecting env (0) from .env -- tip: ΓÜÖ∩╕Å  load multiple .env files with { path: ['.env.local', '.env'] }

      at _log (C:\Users\hp\OneDrive - bdu.edu.et(Bahir Dar)../../../../../../Internship/Ethiopia Ecommerce/ecommerce-backend/node_modules/dotenv/lib/main.js:139:11)

  console.log
    [dotenv@17.3.1] injecting env (0) from .env -- tip: ≡ƒöÉ prevent building .env in docker: https://dotenvx.com/prebuild

      at _log (C:\Users\hp\OneDrive - bdu.edu.et(Bahir Dar)../../../../../../Internship/Ethiopia Ecommerce/ecommerce-backend/node_modules/dotenv/lib/main.js:139:11)

  console.log
    [dotenv@17.3.1] injecting env (0) from .env -- tip: ≡ƒñû agentic secret storage: https://dotenvx.com/as2

      at _log (C:\Users\hp\OneDrive - bdu.edu.et(Bahir Dar)../../../../../../Internship/Ethiopia Ecommerce/ecommerce-backend/node_modules/dotenv/lib/main.js:139:11)

  console.log
    [dotenv@17.3.1] injecting env (0) from .env -- tip: ΓÜÖ∩╕Å  specify custom .env file path with { path: '/custom/path/.env' }

      at _log (C:\Users\hp\OneDrive - bdu.edu.et(Bahir Dar)../../../../../../Internship/Ethiopia Ecommerce/ecommerce-backend/node_modules/dotenv/lib/main.js:139:11)

  console.warn
    Firebase Service Account Key not found. Push Notifications will be disabled. Check PUSH_NOTIFICATIONS_SETUP_GUIDE.md for setup instructions.

    [0m [90m 20 |[39m   }
     [90m 21 |[39m } [36melse[39m {
    [31m[1m>[22m[39m[90m 22 |[39m   console[33m.[39mwarn([32m'Firebase Service Account Key not found. Push Notifications will be disabled. Check PUSH_NOTIFICATIONS_SETUP_GUIDE.md for setup instructions.'[39m)[33m;[39m
     [90m    |[39m           [31m[1m^[22m[39m
     [90m 23 |[39m }
     [90m 24 |[39m
     [90m 25 |[39m [90m/**[39m[0m

      at Object.warn (C:\Users\hp\OneDrive - bdu.edu.et(Bahir Dar)../../../../../../Internship/Ethiopia Ecommerce/ecommerce-backend/src/services/pushNotificationService.js:22:11)
      at Object.require (C:\Users\hp\OneDrive - bdu.edu.et(Bahir Dar)../../../../../../Internship/Ethiopia Ecommerce/ecommerce-backend/src/services/notificationService.js:1:34)
      at Object.require (C:\Users\hp\OneDrive - bdu.edu.et(Bahir Dar)../../../../../../Internship/Ethiopia Ecommerce/ecommerce-backend/src/services/orderStatusService.js:2:29)
      at Object.require (C:\Users\hp\OneDrive - bdu.edu.et(Bahir Dar)../../../../../../Internship/Ethiopia Ecommerce/ecommerce-backend/src/controllers/sellerController.js:9:28)
      at Object.require (C:\Users\hp\OneDrive - bdu.edu.et(Bahir Dar)../../../../../../Internship/Ethiopia Ecommerce/ecommerce-backend/src/routes/sellerRoutes.js:3:26)
      at Object.require (C:\Users\hp\OneDrive - bdu.edu.et(Bahir Dar)../../../../../../Internship/Ethiopia Ecommerce/ecommerce-backend/src/server.js:18:22)
      at Object.require (C:\Users\hp\OneDrive - bdu.edu.et(Bahir Dar)../../../../../../Internship/Ethiopia Ecommerce/ecommerce-backend/test/bugfix/chapa-payment-admin-functionality-preservation.test.js:15:13)

  console.log
    Initializing database connection...

      at log (C:\Users\hp\OneDrive - bdu.edu.et(Bahir Dar)../../../../../../Internship/Ethiopia Ecommerce/ecommerce-backend/src/server.js:165:13)

  console.log
    Γ£ô Database 'ecommerce_db' is ready

      at log (C:\Users\hp\OneDrive - bdu.edu.et(Bahir Dar)../../../../../../Internship/Ethiopia Ecommerce/ecommerce-backend/src/config/database.js:19:13)

  console.log
    Γ£ô Database connection established successfully (attempt 1/3)

      at log (C:\Users\hp\OneDrive - bdu.edu.et(Bahir Dar)../../../../../../Internship/Ethiopia Ecommerce/ecommerce-backend/src/config/database.js:81:15)

  console.log
    Validating payment configuration...

      at log (C:\Users\hp\OneDrive - bdu.edu.et(Bahir Dar)../../../../../../Internship/Ethiopia Ecommerce/ecommerce-backend/src/server.js:169:13)

  console.log
    Γ£ô Payment configuration validated successfully

      at log (C:\Users\hp\OneDrive - bdu.edu.et(Bahir Dar)../../../../../../Internship/Ethiopia Ecommerce/ecommerce-backend/src/config/payment.js:78:11)

  console.log
      Environment: test

      at log (C:\Users\hp\OneDrive - bdu.edu.et(Bahir Dar)../../../../../../Internship/Ethiopia Ecommerce/ecommerce-backend/src/config/payment.js:79:11)

  console.log
      Test Mode: ENABLED

      at log (C:\Users\hp\OneDrive - bdu.edu.et(Bahir Dar)../../../../../../Internship/Ethiopia Ecommerce/ecommerce-backend/src/config/payment.js:80:11)

  console.log
      Currency: ETB

      at log (C:\Users\hp\OneDrive - bdu.edu.et(Bahir Dar)../../../../../../Internship/Ethiopia Ecommerce/ecommerce-backend/src/config/payment.js:81:11)

  console.log
    Validating Chapa URLs...

      at log (C:\Users\hp\OneDrive - bdu.edu.et(Bahir Dar)../../../../../../Internship/Ethiopia Ecommerce/ecommerce-backend/src/server.js:173:13)

  console.log
    Γ£ô CHAPA_CALLBACK_URL: http://localhost:5000/api/payments/webhook

      at log (C:\Users\hp\OneDrive - bdu.edu.et(Bahir Dar)../../../../../../Internship/Ethiopia Ecommerce/ecommerce-backend/src/server.js:239:15)

  console.log
    Γ£ô CHAPA_RETURN_URL: http://localhost:3000/payment/return

      at log (C:\Users\hp\OneDrive - bdu.edu.et(Bahir Dar)../../../../../../Internship/Ethiopia Ecommerce/ecommerce-backend/src/server.js:296:15)

  console.log
    Synchronizing database models...

      at log (C:\Users\hp\OneDrive - bdu.edu.et(Bahir Dar)../../../../../../Internship/Ethiopia Ecommerce/ecommerce-backend/src/server.js:310:13)

  console.log
    Γ£ô Database models synchronized

      at log (C:\Users\hp\OneDrive - bdu.edu.et(Bahir Dar)../../../../../../Internship/Ethiopia Ecommerce/ecommerce-backend/src/server.js:313:13)

  console.log
    Γ£ô Server is running on port 5000

      at Server.log (C:\Users\hp\OneDrive - bdu.edu.et(Bahir Dar)../../../../../../Internship/Ethiopia Ecommerce/ecommerce-backend/src/server.js:319:15)

  console.log
    Γ£ô Environment: test

      at Server.log (C:\Users\hp\OneDrive - bdu.edu.et(Bahir Dar)../../../../../../Internship/Ethiopia Ecommerce/ecommerce-backend/src/server.js:320:15)

  console.log
    Γ£ô API URL: http://localhost:5000

      at Server.log (C:\Users\hp\OneDrive - bdu.edu.et(Bahir Dar)../../../../../../Internship/Ethiopia Ecommerce/ecommerce-backend/src/server.js:321:15)

  console.log
    Γ£ô Local Network: http://192.168.100.105:5000

      at Server.log (C:\Users\hp\OneDrive - bdu.edu.et(Bahir Dar)../../../../../../Internship/Ethiopia Ecommerce/ecommerce-backend/src/server.js:322:15)

  console.log
    Γ£ô Rate Limiting: Unauthenticated (500/15min), Authenticated (5000/15min)

      at Server.log (C:\Users\hp\OneDrive - bdu.edu.et(Bahir Dar)../../../../../../Internship/Ethiopia Ecommerce/ecommerce-backend/src/server.js:323:15)

  console.log
    
    === Chapa Payment Configuration ===

      at Server.log (C:\Users\hp\OneDrive - bdu.edu.et(Bahir Dar)../../../../../../Internship/Ethiopia Ecommerce/ecommerce-backend/src/server.js:324:15)

  console.log
    Callback URL: http://localhost:5000/api/payments/webhook

      at Server.log (C:\Users\hp\OneDrive - bdu.edu.et(Bahir Dar)../../../../../../Internship/Ethiopia Ecommerce/ecommerce-backend/src/server.js:325:15)

  console.log
    Return URL: http://localhost:3000/payment/return

      at Server.log (C:\Users\hp\OneDrive - bdu.edu.et(Bahir Dar)../../../../../../Internship/Ethiopia Ecommerce/ecommerce-backend/src/server.js:326:15)

  console.log
    ===================================

      at Server.log (C:\Users\hp\OneDrive - bdu.edu.et(Bahir Dar)../../../../../../Internship/Ethiopia Ecommerce/ecommerce-backend/src/server.js:327:15)

FAIL test/bugfix/chapa-payment-admin-functionality-preservation.test.js
  ΓùÅ Admin Functionality Preservation Tests ΓÇ║ Payment History Query Preservation 
(Requirement 3.13) ΓÇ║ should return all transactions without filters



    [0m [90m 27 |[39m   beforeAll([36masync[39m () [33m=>[39m {
     [90m 28 |[39m     [90m// Create admin user[39m
    [31m[1m>[22m[39m[90m 29 |[39m     adminUser [33m=[39m [36mawait[39m 
[33mUser[39m[33m.[39mcreate({
     [90m    |[39m                 [31m[1m^[22m[39m
     [90m 30 |[39m       first_name[33m:[39m [32m'Admin'[39m[33m,[39m
     [90m 31 |[39m       last_name[33m:[39m [32m'User'[39m[33m,[39m
     [90m 32 |[39m       email[33m:[39m [32m'admin@test.com'[39m[33m,[39m[0m

      at Query.run (C:\Users\hp\OneDrive - bdu.edu.et(Bahir 
Dar)../../../../../../Internship/Ethiopia 
Ecommerce/ecommerce-backend/node_modules/sequelize/src/dialects/mysql/query.js:46:25)
      at C:\Users\hp\OneDrive - bdu.edu.et(Bahir 
Dar)../../../../../../Internship/Ethiopia 
Ecommerce/ecommerce-backend/node_modules/sequelize/src/sequelize.js:650:28
      at MySQLQueryInterface.insert (C:\Users\hp\OneDrive - bdu.edu.et(Bahir 
Dar)../../../../../../Internship/Ethiopia Ecommerce/ecommerce-backend/node_modules/se
quelize/src/dialects/abstract/query-interface.js:795:21)
      at model.save (C:\Users\hp\OneDrive - bdu.edu.et(Bahir 
Dar)../../../../../../Internship/Ethiopia 
Ecommerce/ecommerce-backend/node_modules/sequelize/src/model.js:4154:35)
      at User.create (C:\Users\hp\OneDrive - bdu.edu.et(Bahir 
Dar)../../../../../../Internship/Ethiopia 
Ecommerce/ecommerce-backend/node_modules/sequelize/src/model.js:2305:12)
      at Object.<anonymous> (C:\Users\hp\OneDrive - bdu.edu.et(Bahir 
Dar)../../../../../../Internship/Ethiopia Ecommerce/ecommerce-backend/test/bugfix/cha
pa-payment-admin-functionality-preservation.test.js:29:17)

  ΓùÅ Admin Functionality Preservation Tests ΓÇ║ Payment History Query Preservation 
(Requirement 3.13) ΓÇ║ should filter transactions by status



    [0m [90m 27 |[39m   beforeAll([36masync[39m () [33m=>[39m {
     [90m 28 |[39m     [90m// Create admin user[39m
    [31m[1m>[22m[39m[90m 29 |[39m     adminUser [33m=[39m [36mawait[39m 
[33mUser[39m[33m.[39mcreate({
     [90m    |[39m                 [31m[1m^[22m[39m
     [90m 30 |[39m       first_name[33m:[39m [32m'Admin'[39m[33m,[39m
     [90m 31 |[39m       last_name[33m:[39m [32m'User'[39m[33m,[39m
     [90m 32 |[39m       email[33m:[39m [32m'admin@test.com'[39m[33m,[39m[0m

      at Query.run (C:\Users\hp\OneDrive - bdu.edu.et(Bahir 
Dar)../../../../../../Internship/Ethiopia 
Ecommerce/ecommerce-backend/node_modules/sequelize/src/dialects/mysql/query.js:46:25)
      at C:\Users\hp\OneDrive - bdu.edu.et(Bahir 
Dar)../../../../../../Internship/Ethiopia 
Ecommerce/ecommerce-backend/node_modules/sequelize/src/sequelize.js:650:28
      at MySQLQueryInterface.insert (C:\Users\hp\OneDrive - bdu.edu.et(Bahir 
Dar)../../../../../../Internship/Ethiopia Ecommerce/ecommerce-backend/node_modules/se
quelize/src/dialects/abstract/query-interface.js:795:21)
      at model.save (C:\Users\hp\OneDrive - bdu.edu.et(Bahir 
Dar)../../../../../../Internship/Ethiopia 
Ecommerce/ecommerce-backend/node_modules/sequelize/src/model.js:4154:35)
      at User.create (C:\Users\hp\OneDrive - bdu.edu.et(Bahir 
Dar)../../../../../../Internship/Ethiopia 
Ecommerce/ecommerce-backend/node_modules/sequelize/src/model.js:2305:12)
      at Object.<anonymous> (C:\Users\hp\OneDrive - bdu.edu.et(Bahir 
Dar)../../../../../../Internship/Ethiopia Ecommerce/ecommerce-backend/test/bugfix/cha
pa-payment-admin-functionality-preservation.test.js:29:17)

  ΓùÅ Admin Functionality Preservation Tests ΓÇ║ Payment History Query Preservation 
(Requirement 3.13) ΓÇ║ should filter transactions by order_id



    [0m [90m 27 |[39m   beforeAll([36masync[39m () [33m=>[39m {
     [90m 28 |[39m     [90m// Create admin user[39m
    [31m[1m>[22m[39m[90m 29 |[39m     adminUser [33m=[39m [36mawait[39m 
[33mUser[39m[33m.[39mcreate({
     [90m    |[39m                 [31m[1m^[22m[39m
     [90m 30 |[39m       first_name[33m:[39m [32m'Admin'[39m[33m,[39m
     [90m 31 |[39m       last_name[33m:[39m [32m'User'[39m[33m,[39m
     [90m 32 |[39m       email[33m:[39m [32m'admin@test.com'[39m[33m,[39m[0m

      at Query.run (C:\Users\hp\OneDrive - bdu.edu.et(Bahir 
Dar)../../../../../../Internship/Ethiopia 
Ecommerce/ecommerce-backend/node_modules/sequelize/src/dialects/mysql/query.js:46:25)
      at C:\Users\hp\OneDrive - bdu.edu.et(Bahir 
Dar)../../../../../../Internship/Ethiopia 
Ecommerce/ecommerce-backend/node_modules/sequelize/src/sequelize.js:650:28
      at MySQLQueryInterface.insert (C:\Users\hp\OneDrive - bdu.edu.et(Bahir 
Dar)../../../../../../Internship/Ethiopia Ecommerce/ecommerce-backend/node_modules/se
quelize/src/dialects/abstract/query-interface.js:795:21)
      at model.save (C:\Users\hp\OneDrive - bdu.edu.et(Bahir 
Dar)../../../../../../Internship/Ethiopia 
Ecommerce/ecommerce-backend/node_modules/sequelize/src/model.js:4154:35)
      at User.create (C:\Users\hp\OneDrive - bdu.edu.et(Bahir 
Dar)../../../../../../Internship/Ethiopia 
Ecommerce/ecommerce-backend/node_modules/sequelize/src/model.js:2305:12)
      at Object.<anonymous> (C:\Users\hp\OneDrive - bdu.edu.et(Bahir 
Dar)../../../../../../Internship/Ethiopia Ecommerce/ecommerce-backend/test/bugfix/cha
pa-payment-admin-functionality-preservation.test.js:29:17)

  ΓùÅ Admin Functionality Preservation Tests ΓÇ║ Payment History Query Preservation 
(Requirement 3.13) ΓÇ║ should filter transactions by tx_ref (partial match)



    [0m [90m 27 |[39m   beforeAll([36masync[39m () [33m=>[39m {
     [90m 28 |[39m     [90m// Create admin user[39m
    [31m[1m>[22m[39m[90m 29 |[39m     adminUser [33m=[39m [36mawait[39m 
[33mUser[39m[33m.[39mcreate({
     [90m    |[39m                 [31m[1m^[22m[39m
     [90m 30 |[39m       first_name[33m:[39m [32m'Admin'[39m[33m,[39m
     [90m 31 |[39m       last_name[33m:[39m [32m'User'[39m[33m,[39m
     [90m 32 |[39m       email[33m:[39m [32m'admin@test.com'[39m[33m,[39m[0m

      at Query.run (C:\Users\hp\OneDrive - bdu.edu.et(Bahir 
Dar)../../../../../../Internship/Ethiopia 
Ecommerce/ecommerce-backend/node_modules/sequelize/src/dialects/mysql/query.js:46:25)
      at C:\Users\hp\OneDrive - bdu.edu.et(Bahir 
Dar)../../../../../../Internship/Ethiopia 
Ecommerce/ecommerce-backend/node_modules/sequelize/src/sequelize.js:650:28
      at MySQLQueryInterface.insert (C:\Users\hp\OneDrive - bdu.edu.et(Bahir 
Dar)../../../../../../Internship/Ethiopia Ecommerce/ecommerce-backend/node_modules/se
quelize/src/dialects/abstract/query-interface.js:795:21)
      at model.save (C:\Users\hp\OneDrive - bdu.edu.et(Bahir 
Dar)../../../../../../Internship/Ethiopia 
Ecommerce/ecommerce-backend/node_modules/sequelize/src/model.js:4154:35)
      at User.create (C:\Users\hp\OneDrive - bdu.edu.et(Bahir 
Dar)../../../../../../Internship/Ethiopia 
Ecommerce/ecommerce-backend/node_modules/sequelize/src/model.js:2305:12)
      at Object.<anonymous> (C:\Users\hp\OneDrive - bdu.edu.et(Bahir 
Dar)../../../../../../Internship/Ethiopia Ecommerce/ecommerce-backend/test/bugfix/cha
pa-payment-admin-functionality-preservation.test.js:29:17)

  ΓùÅ Admin Functionality Preservation Tests ΓÇ║ Payment History Query Preservation 
(Requirement 3.13) ΓÇ║ should return comprehensive transaction details



    [0m [90m 27 |[39m   beforeAll([36masync[39m () [33m=>[39m {
     [90m 28 |[39m     [90m// Create admin user[39m
    [31m[1m>[22m[39m[90m 29 |[39m     adminUser [33m=[39m [36mawait[39m 
[33mUser[39m[33m.[39mcreate({
     [90m    |[39m                 [31m[1m^[22m[39m
     [90m 30 |[39m       first_name[33m:[39m [32m'Admin'[39m[33m,[39m
     [90m 31 |[39m       last_name[33m:[39m [32m'User'[39m[33m,[39m
     [90m 32 |[39m       email[33m:[39m [32m'admin@test.com'[39m[33m,[39m[0m

      at Query.run (C:\Users\hp\OneDrive - bdu.edu.et(Bahir 
Dar)../../../../../../Internship/Ethiopia 
Ecommerce/ecommerce-backend/node_modules/sequelize/src/dialects/mysql/query.js:46:25)
      at C:\Users\hp\OneDrive - bdu.edu.et(Bahir 
Dar)../../../../../../Internship/Ethiopia 
Ecommerce/ecommerce-backend/node_modules/sequelize/src/sequelize.js:650:28
      at MySQLQueryInterface.insert (C:\Users\hp\OneDrive - bdu.edu.et(Bahir 
Dar)../../../../../../Internship/Ethiopia Ecommerce/ecommerce-backend/node_modules/se
quelize/src/dialects/abstract/query-interface.js:795:21)
      at model.save (C:\Users\hp\OneDrive - bdu.edu.et(Bahir 
Dar)../../../../../../Internship/Ethiopia 
Ecommerce/ecommerce-backend/node_modules/sequelize/src/model.js:4154:35)
      at User.create (C:\Users\hp\OneDrive - bdu.edu.et(Bahir 
Dar)../../../../../../Internship/Ethiopia 
Ecommerce/ecommerce-backend/node_modules/sequelize/src/model.js:2305:12)
      at Object.<anonymous> (C:\Users\hp\OneDrive - bdu.edu.et(Bahir 
Dar)../../../../../../Internship/Ethiopia Ecommerce/ecommerce-backend/test/bugfix/cha
pa-payment-admin-functionality-preservation.test.js:29:17)

  ΓùÅ Admin Functionality Preservation Tests ΓÇ║ Payment History Query Preservation 
(Requirement 3.13) ΓÇ║ should support pagination



    [0m [90m 27 |[39m   beforeAll([36masync[39m () [33m=>[39m {
     [90m 28 |[39m     [90m// Create admin user[39m
    [31m[1m>[22m[39m[90m 29 |[39m     adminUser [33m=[39m [36mawait[39m 
[33mUser[39m[33m.[39mcreate({
     [90m    |[39m                 [31m[1m^[22m[39m
     [90m 30 |[39m       first_name[33m:[39m [32m'Admin'[39m[33m,[39m
     [90m 31 |[39m       last_name[33m:[39m [32m'User'[39m[33m,[39m
     [90m 32 |[39m       email[33m:[39m [32m'admin@test.com'[39m[33m,[39m[0m

      at Query.run (C:\Users\hp\OneDrive - bdu.edu.et(Bahir 
Dar)../../../../../../Internship/Ethiopia 
Ecommerce/ecommerce-backend/node_modules/sequelize/src/dialects/mysql/query.js:46:25)
      at C:\Users\hp\OneDrive - bdu.edu.et(Bahir 
Dar)../../../../../../Internship/Ethiopia 
Ecommerce/ecommerce-backend/node_modules/sequelize/src/sequelize.js:650:28
      at MySQLQueryInterface.insert (C:\Users\hp\OneDrive - bdu.edu.et(Bahir 
Dar)../../../../../../Internship/Ethiopia Ecommerce/ecommerce-backend/node_modules/se
quelize/src/dialects/abstract/query-interface.js:795:21)
      at model.save (C:\Users\hp\OneDrive - bdu.edu.et(Bahir 
Dar)../../../../../../Internship/Ethiopia 
Ecommerce/ecommerce-backend/node_modules/sequelize/src/model.js:4154:35)
      at User.create (C:\Users\hp\OneDrive - bdu.edu.et(Bahir 
Dar)../../../../../../Internship/Ethiopia 
Ecommerce/ecommerce-backend/node_modules/sequelize/src/model.js:2305:12)
      at Object.<anonymous> (C:\Users\hp\OneDrive - bdu.edu.et(Bahir 
Dar)../../../../../../Internship/Ethiopia Ecommerce/ecommerce-backend/test/bugfix/cha
pa-payment-admin-functionality-preservation.test.js:29:17)

  ΓùÅ Admin Functionality Preservation Tests ΓÇ║ Payment History Query Preservation 
(Requirement 3.13) ΓÇ║ should return transactions ordered by created_at DESC



    [0m [90m 27 |[39m   beforeAll([36masync[39m () [33m=>[39m {
     [90m 28 |[39m     [90m// Create admin user[39m
    [31m[1m>[22m[39m[90m 29 |[39m     adminUser [33m=[39m [36mawait[39m 
[33mUser[39m[33m.[39mcreate({
     [90m    |[39m                 [31m[1m^[22m[39m
     [90m 30 |[39m       first_name[33m:[39m [32m'Admin'[39m[33m,[39m
     [90m 31 |[39m       last_name[33m:[39m [32m'User'[39m[33m,[39m
     [90m 32 |[39m       email[33m:[39m [32m'admin@test.com'[39m[33m,[39m[0m

      at Query.run (C:\Users\hp\OneDrive - bdu.edu.et(Bahir 
Dar)../../../../../../Internship/Ethiopia 
Ecommerce/ecommerce-backend/node_modules/sequelize/src/dialects/mysql/query.js:46:25)
      at C:\Users\hp\OneDrive - bdu.edu.et(Bahir 
Dar)../../../../../../Internship/Ethiopia 
Ecommerce/ecommerce-backend/node_modules/sequelize/src/sequelize.js:650:28
      at MySQLQueryInterface.insert (C:\Users\hp\OneDrive - bdu.edu.et(Bahir 
Dar)../../../../../../Internship/Ethiopia Ecommerce/ecommerce-backend/node_modules/se
quelize/src/dialects/abstract/query-interface.js:795:21)
      at model.save (C:\Users\hp\OneDrive - bdu.edu.et(Bahir 
Dar)../../../../../../Internship/Ethiopia 
Ecommerce/ecommerce-backend/node_modules/sequelize/src/model.js:4154:35)
      at User.create (C:\Users\hp\OneDrive - bdu.edu.et(Bahir 
Dar)../../../../../../Internship/Ethiopia 
Ecommerce/ecommerce-backend/node_modules/sequelize/src/model.js:2305:12)
      at Object.<anonymous> (C:\Users\hp\OneDrive - bdu.edu.et(Bahir 
Dar)../../../../../../Internship/Ethiopia Ecommerce/ecommerce-backend/test/bugfix/cha
pa-payment-admin-functionality-preservation.test.js:29:17)

  ΓùÅ Admin Functionality Preservation Tests ΓÇ║ Manual Verification Preservation 
(Requirement 3.14) ΓÇ║ should accept manual verification request with tx_ref



    [0m [90m 27 |[39m   beforeAll([36masync[39m () [33m=>[39m {
     [90m 28 |[39m     [90m// Create admin user[39m
    [31m[1m>[22m[39m[90m 29 |[39m     adminUser [33m=[39m [36mawait[39m 
[33mUser[39m[33m.[39mcreate({
     [90m    |[39m                 [31m[1m^[22m[39m
     [90m 30 |[39m       first_name[33m:[39m [32m'Admin'[39m[33m,[39m
     [90m 31 |[39m       last_name[33m:[39m [32m'User'[39m[33m,[39m
     [90m 32 |[39m       email[33m:[39m [32m'admin@test.com'[39m[33m,[39m[0m

      at Query.run (C:\Users\hp\OneDrive - bdu.edu.et(Bahir 
Dar)../../../../../../Internship/Ethiopia 
Ecommerce/ecommerce-backend/node_modules/sequelize/src/dialects/mysql/query.js:46:25)
      at C:\Users\hp\OneDrive - bdu.edu.et(Bahir 
Dar)../../../../../../Internship/Ethiopia 
Ecommerce/ecommerce-backend/node_modules/sequelize/src/sequelize.js:650:28
      at MySQLQueryInterface.insert (C:\Users\hp\OneDrive - bdu.edu.et(Bahir 
Dar)../../../../../../Internship/Ethiopia Ecommerce/ecommerce-backend/node_modules/se
quelize/src/dialects/abstract/query-interface.js:795:21)
      at model.save (C:\Users\hp\OneDrive - bdu.edu.et(Bahir 
Dar)../../../../../../Internship/Ethiopia 
Ecommerce/ecommerce-backend/node_modules/sequelize/src/model.js:4154:35)
      at User.create (C:\Users\hp\OneDrive - bdu.edu.et(Bahir 
Dar)../../../../../../Internship/Ethiopia 
Ecommerce/ecommerce-backend/node_modules/sequelize/src/model.js:2305:12)
      at Object.<anonymous> (C:\Users\hp\OneDrive - bdu.edu.et(Bahir 
Dar)../../../../../../Internship/Ethiopia Ecommerce/ecommerce-backend/test/bugfix/cha
pa-payment-admin-functionality-preservation.test.js:29:17)

  ΓùÅ Admin Functionality Preservation Tests ΓÇ║ Manual Verification Preservation 
(Requirement 3.14) ΓÇ║ should accept manual verification request with tx_ref

    TypeError: Cannot read properties of undefined (reading 'id')

    [0m [90m 279 |[39m       [90m// Create a pending payment for manual 
verification tests[39m
     [90m 280 |[39m       pendingOrder [33m=[39m [36mawait[39m 
[33mOrder[39m[33m.[39mcreate({
    [31m[1m>[22m[39m[90m 281 |[39m         user_id[33m:[39m 
testCustomer[33m.[39mid[33m,[39m
     [90m     |[39m                               [31m[1m^[22m[39m
     [90m 282 |[39m         order_number[33m:[39m 
[32m`ORD-VERIFY-${Date.now()}`[39m[33m,[39m
     [90m 283 |[39m         total_amount[33m:[39m [35m250.00[39m[33m,[39m
     [90m 284 |[39m         order_status[33m:[39m 
[32m'pending'[39m[33m,[39m[0m

      at Object.id (C:\Users\hp\OneDrive - bdu.edu.et(Bahir 
Dar)../../../../../../Internship/Ethiopia Ecommerce/ecommerce-backend/test/bugfix/cha
pa-payment-admin-functionality-preservation.test.js:281:31)

  ΓùÅ Admin Functionality Preservation Tests ΓÇ║ Manual Verification Preservation 
(Requirement 3.14) ΓÇ║ should reject manual verification without tx_ref



    [0m [90m 27 |[39m   beforeAll([36masync[39m () [33m=>[39m {
     [90m 28 |[39m     [90m// Create admin user[39m
    [31m[1m>[22m[39m[90m 29 |[39m     adminUser [33m=[39m [36mawait[39m 
[33mUser[39m[33m.[39mcreate({
     [90m    |[39m                 [31m[1m^[22m[39m
     [90m 30 |[39m       first_name[33m:[39m [32m'Admin'[39m[33m,[39m
     [90m 31 |[39m       last_name[33m:[39m [32m'User'[39m[33m,[39m
     [90m 32 |[39m       email[33m:[39m [32m'admin@test.com'[39m[33m,[39m[0m

      at Query.run (C:\Users\hp\OneDrive - bdu.edu.et(Bahir 
Dar)../../../../../../Internship/Ethiopia 
Ecommerce/ecommerce-backend/node_modules/sequelize/src/dialects/mysql/query.js:46:25)
      at C:\Users\hp\OneDrive - bdu.edu.et(Bahir 
Dar)../../../../../../Internship/Ethiopia 
Ecommerce/ecommerce-backend/node_modules/sequelize/src/sequelize.js:650:28
      at MySQLQueryInterface.insert (C:\Users\hp\OneDrive - bdu.edu.et(Bahir 
Dar)../../../../../../Internship/Ethiopia Ecommerce/ecommerce-backend/node_modules/se
quelize/src/dialects/abstract/query-interface.js:795:21)
      at model.save (C:\Users\hp\OneDrive - bdu.edu.et(Bahir 
Dar)../../../../../../Internship/Ethiopia 
Ecommerce/ecommerce-backend/node_modules/sequelize/src/model.js:4154:35)
      at User.create (C:\Users\hp\OneDrive - bdu.edu.et(Bahir 
Dar)../../../../../../Internship/Ethiopia 
Ecommerce/ecommerce-backend/node_modules/sequelize/src/model.js:2305:12)
      at Object.<anonymous> (C:\Users\hp\OneDrive - bdu.edu.et(Bahir 
Dar)../../../../../../Internship/Ethiopia Ecommerce/ecommerce-backend/test/bugfix/cha
pa-payment-admin-functionality-preservation.test.js:29:17)

  ΓùÅ Admin Functionality Preservation Tests ΓÇ║ Manual Verification Preservation 
(Requirement 3.14) ΓÇ║ should reject manual verification without tx_ref

    TypeError: Cannot read properties of undefined (reading 'id')

    [0m [90m 279 |[39m       [90m// Create a pending payment for manual 
verification tests[39m
     [90m 280 |[39m       pendingOrder [33m=[39m [36mawait[39m 
[33mOrder[39m[33m.[39mcreate({
    [31m[1m>[22m[39m[90m 281 |[39m         user_id[33m:[39m 
testCustomer[33m.[39mid[33m,[39m
     [90m     |[39m                               [31m[1m^[22m[39m
     [90m 282 |[39m         order_number[33m:[39m 
[32m`ORD-VERIFY-${Date.now()}`[39m[33m,[39m
     [90m 283 |[39m         total_amount[33m:[39m [35m250.00[39m[33m,[39m
     [90m 284 |[39m         order_status[33m:[39m 
[32m'pending'[39m[33m,[39m[0m

      at Object.id (C:\Users\hp\OneDrive - bdu.edu.et(Bahir 
Dar)../../../../../../Internship/Ethiopia Ecommerce/ecommerce-backend/test/bugfix/cha
pa-payment-admin-functionality-preservation.test.js:281:31)

  ΓùÅ Admin Functionality Preservation Tests ΓÇ║ Manual Verification Preservation 
(Requirement 3.14) ΓÇ║ should return 404 for non-existent tx_ref



    [0m [90m 27 |[39m   beforeAll([36masync[39m () [33m=>[39m {
     [90m 28 |[39m     [90m// Create admin user[39m
    [31m[1m>[22m[39m[90m 29 |[39m     adminUser [33m=[39m [36mawait[39m 
[33mUser[39m[33m.[39mcreate({
     [90m    |[39m                 [31m[1m^[22m[39m
     [90m 30 |[39m       first_name[33m:[39m [32m'Admin'[39m[33m,[39m
     [90m 31 |[39m       last_name[33m:[39m [32m'User'[39m[33m,[39m
     [90m 32 |[39m       email[33m:[39m [32m'admin@test.com'[39m[33m,[39m[0m

      at Query.run (C:\Users\hp\OneDrive - bdu.edu.et(Bahir 
Dar)../../../../../../Internship/Ethiopia 
Ecommerce/ecommerce-backend/node_modules/sequelize/src/dialects/mysql/query.js:46:25)
      at C:\Users\hp\OneDrive - bdu.edu.et(Bahir 
Dar)../../../../../../Internship/Ethiopia 
Ecommerce/ecommerce-backend/node_modules/sequelize/src/sequelize.js:650:28
      at MySQLQueryInterface.insert (C:\Users\hp\OneDrive - bdu.edu.et(Bahir 
Dar)../../../../../../Internship/Ethiopia Ecommerce/ecommerce-backend/node_modules/se
quelize/src/dialects/abstract/query-interface.js:795:21)
      at model.save (C:\Users\hp\OneDrive - bdu.edu.et(Bahir 
Dar)../../../../../../Internship/Ethiopia 
Ecommerce/ecommerce-backend/node_modules/sequelize/src/model.js:4154:35)
      at User.create (C:\Users\hp\OneDrive - bdu.edu.et(Bahir 
Dar)../../../../../../Internship/Ethiopia 
Ecommerce/ecommerce-backend/node_modules/sequelize/src/model.js:2305:12)
      at Object.<anonymous> (C:\Users\hp\OneDrive - bdu.edu.et(Bahir 
Dar)../../../../../../Internship/Ethiopia Ecommerce/ecommerce-backend/test/bugfix/cha
pa-payment-admin-functionality-preservation.test.js:29:17)

  ΓùÅ Admin Functionality Preservation Tests ΓÇ║ Manual Verification Preservation 
(Requirement 3.14) ΓÇ║ should return 404 for non-existent tx_ref

    TypeError: Cannot read properties of undefined (reading 'id')

    [0m [90m 279 |[39m       [90m// Create a pending payment for manual 
verification tests[39m
     [90m 280 |[39m       pendingOrder [33m=[39m [36mawait[39m 
[33mOrder[39m[33m.[39mcreate({
    [31m[1m>[22m[39m[90m 281 |[39m         user_id[33m:[39m 
testCustomer[33m.[39mid[33m,[39m
     [90m     |[39m                               [31m[1m^[22m[39m
     [90m 282 |[39m         order_number[33m:[39m 
[32m`ORD-VERIFY-${Date.now()}`[39m[33m,[39m
     [90m 283 |[39m         total_amount[33m:[39m [35m250.00[39m[33m,[39m
     [90m 284 |[39m         order_status[33m:[39m 
[32m'pending'[39m[33m,[39m[0m

      at Object.id (C:\Users\hp\OneDrive - bdu.edu.et(Bahir 
Dar)../../../../../../Internship/Ethiopia Ecommerce/ecommerce-backend/test/bugfix/cha
pa-payment-admin-functionality-preservation.test.js:281:31)

  ΓùÅ Admin Functionality Preservation Tests ΓÇ║ Manual Verification Preservation 
(Requirement 3.14) ΓÇ║ should log manual verification attempts



    [0m [90m 27 |[39m   beforeAll([36masync[39m () [33m=>[39m {
     [90m 28 |[39m     [90m// Create admin user[39m
    [31m[1m>[22m[39m[90m 29 |[39m     adminUser [33m=[39m [36mawait[39m 
[33mUser[39m[33m.[39mcreate({
     [90m    |[39m                 [31m[1m^[22m[39m
     [90m 30 |[39m       first_name[33m:[39m [32m'Admin'[39m[33m,[39m
     [90m 31 |[39m       last_name[33m:[39m [32m'User'[39m[33m,[39m
     [90m 32 |[39m       email[33m:[39m [32m'admin@test.com'[39m[33m,[39m[0m

      at Query.run (C:\Users\hp\OneDrive - bdu.edu.et(Bahir 
Dar)../../../../../../Internship/Ethiopia 
Ecommerce/ecommerce-backend/node_modules/sequelize/src/dialects/mysql/query.js:46:25)
      at C:\Users\hp\OneDrive - bdu.edu.et(Bahir 
Dar)../../../../../../Internship/Ethiopia 
Ecommerce/ecommerce-backend/node_modules/sequelize/src/sequelize.js:650:28
      at MySQLQueryInterface.insert (C:\Users\hp\OneDrive - bdu.edu.et(Bahir 
Dar)../../../../../../Internship/Ethiopia Ecommerce/ecommerce-backend/node_modules/se
quelize/src/dialects/abstract/query-interface.js:795:21)
      at model.save (C:\Users\hp\OneDrive - bdu.edu.et(Bahir 
Dar)../../../../../../Internship/Ethiopia 
Ecommerce/ecommerce-backend/node_modules/sequelize/src/model.js:4154:35)
      at User.create (C:\Users\hp\OneDrive - bdu.edu.et(Bahir 
Dar)../../../../../../Internship/Ethiopia 
Ecommerce/ecommerce-backend/node_modules/sequelize/src/model.js:2305:12)
      at Object.<anonymous> (C:\Users\hp\OneDrive - bdu.edu.et(Bahir 
Dar)../../../../../../Internship/Ethiopia Ecommerce/ecommerce-backend/test/bugfix/cha
pa-payment-admin-functionality-preservation.test.js:29:17)

  ΓùÅ Admin Functionality Preservation Tests ΓÇ║ Manual Verification Preservation 
(Requirement 3.14) ΓÇ║ should log manual verification attempts

    TypeError: Cannot read properties of undefined (reading 'id')

    [0m [90m 279 |[39m       [90m// Create a pending payment for manual 
verification tests[39m
     [90m 280 |[39m       pendingOrder [33m=[39m [36mawait[39m 
[33mOrder[39m[33m.[39mcreate({
    [31m[1m>[22m[39m[90m 281 |[39m         user_id[33m:[39m 
testCustomer[33m.[39mid[33m,[39m
     [90m     |[39m                               [31m[1m^[22m[39m
     [90m 282 |[39m         order_number[33m:[39m 
[32m`ORD-VERIFY-${Date.now()}`[39m[33m,[39m
     [90m 283 |[39m         total_amount[33m:[39m [35m250.00[39m[33m,[39m
     [90m 284 |[39m         order_status[33m:[39m 
[32m'pending'[39m[33m,[39m[0m

      at Object.id (C:\Users\hp\OneDrive - bdu.edu.et(Bahir 
Dar)../../../../../../Internship/Ethiopia Ecommerce/ecommerce-backend/test/bugfix/cha
pa-payment-admin-functionality-preservation.test.js:281:31)

  ΓùÅ Admin Functionality Preservation Tests ΓÇ║ Manual Verification Preservation 
(Requirement 3.14) ΓÇ║ should require admin authentication



    [0m [90m 27 |[39m   beforeAll([36masync[39m () [33m=>[39m {
     [90m 28 |[39m     [90m// Create admin user[39m
    [31m[1m>[22m[39m[90m 29 |[39m     adminUser [33m=[39m [36mawait[39m 
[33mUser[39m[33m.[39mcreate({
     [90m    |[39m                 [31m[1m^[22m[39m
     [90m 30 |[39m       first_name[33m:[39m [32m'Admin'[39m[33m,[39m
     [90m 31 |[39m       last_name[33m:[39m [32m'User'[39m[33m,[39m
     [90m 32 |[39m       email[33m:[39m [32m'admin@test.com'[39m[33m,[39m[0m

      at Query.run (C:\Users\hp\OneDrive - bdu.edu.et(Bahir 
Dar)../../../../../../Internship/Ethiopia 
Ecommerce/ecommerce-backend/node_modules/sequelize/src/dialects/mysql/query.js:46:25)
      at C:\Users\hp\OneDrive - bdu.edu.et(Bahir 
Dar)../../../../../../Internship/Ethiopia 
Ecommerce/ecommerce-backend/node_modules/sequelize/src/sequelize.js:650:28
      at MySQLQueryInterface.insert (C:\Users\hp\OneDrive - bdu.edu.et(Bahir 
Dar)../../../../../../Internship/Ethiopia Ecommerce/ecommerce-backend/node_modules/se
quelize/src/dialects/abstract/query-interface.js:795:21)
      at model.save (C:\Users\hp\OneDrive - bdu.edu.et(Bahir 
Dar)../../../../../../Internship/Ethiopia 
Ecommerce/ecommerce-backend/node_modules/sequelize/src/model.js:4154:35)
      at User.create (C:\Users\hp\OneDrive - bdu.edu.et(Bahir 
Dar)../../../../../../Internship/Ethiopia 
Ecommerce/ecommerce-backend/node_modules/sequelize/src/model.js:2305:12)
      at Object.<anonymous> (C:\Users\hp\OneDrive - bdu.edu.et(Bahir 
Dar)../../../../../../Internship/Ethiopia Ecommerce/ecommerce-backend/test/bugfix/cha
pa-payment-admin-functionality-preservation.test.js:29:17)

  ΓùÅ Admin Functionality Preservation Tests ΓÇ║ Manual Verification Preservation 
(Requirement 3.14) ΓÇ║ should require admin authentication

    TypeError: Cannot read properties of undefined (reading 'id')

    [0m [90m 279 |[39m       [90m// Create a pending payment for manual 
verification tests[39m
     [90m 280 |[39m       pendingOrder [33m=[39m [36mawait[39m 
[33mOrder[39m[33m.[39mcreate({
    [31m[1m>[22m[39m[90m 281 |[39m         user_id[33m:[39m 
testCustomer[33m.[39mid[33m,[39m
     [90m     |[39m                               [31m[1m^[22m[39m
     [90m 282 |[39m         order_number[33m:[39m 
[32m`ORD-VERIFY-${Date.now()}`[39m[33m,[39m
     [90m 283 |[39m         total_amount[33m:[39m [35m250.00[39m[33m,[39m
     [90m 284 |[39m         order_status[33m:[39m 
[32m'pending'[39m[33m,[39m[0m

      at Object.id (C:\Users\hp\OneDrive - bdu.edu.et(Bahir 
Dar)../../../../../../Internship/Ethiopia Ecommerce/ecommerce-backend/test/bugfix/cha
pa-payment-admin-functionality-preservation.test.js:281:31)

  ΓùÅ Admin Functionality Preservation Tests ΓÇ║ Property-Based Admin Functionality 
Tests ΓÇ║ PROPERTY: All query filters should return valid transaction data



    [0m [90m 27 |[39m   beforeAll([36masync[39m () [33m=>[39m {
     [90m 28 |[39m     [90m// Create admin user[39m
    [31m[1m>[22m[39m[90m 29 |[39m     adminUser [33m=[39m [36mawait[39m 
[33mUser[39m[33m.[39mcreate({
     [90m    |[39m                 [31m[1m^[22m[39m
     [90m 30 |[39m       first_name[33m:[39m [32m'Admin'[39m[33m,[39m
     [90m 31 |[39m       last_name[33m:[39m [32m'User'[39m[33m,[39m
     [90m 32 |[39m       email[33m:[39m [32m'admin@test.com'[39m[33m,[39m[0m

      at Query.run (C:\Users\hp\OneDrive - bdu.edu.et(Bahir 
Dar)../../../../../../Internship/Ethiopia 
Ecommerce/ecommerce-backend/node_modules/sequelize/src/dialects/mysql/query.js:46:25)
      at C:\Users\hp\OneDrive - bdu.edu.et(Bahir 
Dar)../../../../../../Internship/Ethiopia 
Ecommerce/ecommerce-backend/node_modules/sequelize/src/sequelize.js:650:28
      at MySQLQueryInterface.insert (C:\Users\hp\OneDrive - bdu.edu.et(Bahir 
Dar)../../../../../../Internship/Ethiopia Ecommerce/ecommerce-backend/node_modules/se
quelize/src/dialects/abstract/query-interface.js:795:21)
      at model.save (C:\Users\hp\OneDrive - bdu.edu.et(Bahir 
Dar)../../../../../../Internship/Ethiopia 
Ecommerce/ecommerce-backend/node_modules/sequelize/src/model.js:4154:35)
      at User.create (C:\Users\hp\OneDrive - bdu.edu.et(Bahir 
Dar)../../../../../../Internship/Ethiopia 
Ecommerce/ecommerce-backend/node_modules/sequelize/src/model.js:2305:12)
      at Object.<anonymous> (C:\Users\hp\OneDrive - bdu.edu.et(Bahir 
Dar)../../../../../../Internship/Ethiopia Ecommerce/ecommerce-backend/test/bugfix/cha
pa-payment-admin-functionality-preservation.test.js:29:17)

  ΓùÅ Admin Functionality Preservation Tests ΓÇ║ Property-Based Admin Functionality 
Tests ΓÇ║ PROPERTY: Manual verification should always validate tx_ref



    [0m [90m 27 |[39m   beforeAll([36masync[39m () [33m=>[39m {
     [90m 28 |[39m     [90m// Create admin user[39m
    [31m[1m>[22m[39m[90m 29 |[39m     adminUser [33m=[39m [36mawait[39m 
[33mUser[39m[33m.[39mcreate({
     [90m    |[39m                 [31m[1m^[22m[39m
     [90m 30 |[39m       first_name[33m:[39m [32m'Admin'[39m[33m,[39m
     [90m 31 |[39m       last_name[33m:[39m [32m'User'[39m[33m,[39m
     [90m 32 |[39m       email[33m:[39m [32m'admin@test.com'[39m[33m,[39m[0m

      at Query.run (C:\Users\hp\OneDrive - bdu.edu.et(Bahir 
Dar)../../../../../../Internship/Ethiopia 
Ecommerce/ecommerce-backend/node_modules/sequelize/src/dialects/mysql/query.js:46:25)
      at C:\Users\hp\OneDrive - bdu.edu.et(Bahir 
Dar)../../../../../../Internship/Ethiopia 
Ecommerce/ecommerce-backend/node_modules/sequelize/src/sequelize.js:650:28
      at MySQLQueryInterface.insert (C:\Users\hp\OneDrive - bdu.edu.et(Bahir 
Dar)../../../../../../Internship/Ethiopia Ecommerce/ecommerce-backend/node_modules/se
quelize/src/dialects/abstract/query-interface.js:795:21)
      at model.save (C:\Users\hp\OneDrive - bdu.edu.et(Bahir 
Dar)../../../../../../Internship/Ethiopia 
Ecommerce/ecommerce-backend/node_modules/sequelize/src/model.js:4154:35)
      at User.create (C:\Users\hp\OneDrive - bdu.edu.et(Bahir 
Dar)../../../../../../Internship/Ethiopia 
Ecommerce/ecommerce-backend/node_modules/sequelize/src/model.js:2305:12)
      at Object.<anonymous> (C:\Users\hp\OneDrive - bdu.edu.et(Bahir 
Dar)../../../../../../Internship/Ethiopia Ecommerce/ecommerce-backend/test/bugfix/cha
pa-payment-admin-functionality-preservation.test.js:29:17)

  ΓùÅ Admin Functionality Preservation Tests ΓÇ║ Property-Based Admin Functionality 
Tests ΓÇ║ PROPERTY: Query results should respect pagination limits



    [0m [90m 27 |[39m   beforeAll([36masync[39m () [33m=>[39m {
     [90m 28 |[39m     [90m// Create admin user[39m
    [31m[1m>[22m[39m[90m 29 |[39m     adminUser [33m=[39m [36mawait[39m 
[33mUser[39m[33m.[39mcreate({
     [90m    |[39m                 [31m[1m^[22m[39m
     [90m 30 |[39m       first_name[33m:[39m [32m'Admin'[39m[33m,[39m
     [90m 31 |[39m       last_name[33m:[39m [32m'User'[39m[33m,[39m
     [90m 32 |[39m       email[33m:[39m [32m'admin@test.com'[39m[33m,[39m[0m

      at Query.run (C:\Users\hp\OneDrive - bdu.edu.et(Bahir 
Dar)../../../../../../Internship/Ethiopia 
Ecommerce/ecommerce-backend/node_modules/sequelize/src/dialects/mysql/query.js:46:25)
      at C:\Users\hp\OneDrive - bdu.edu.et(Bahir 
Dar)../../../../../../Internship/Ethiopia 
Ecommerce/ecommerce-backend/node_modules/sequelize/src/sequelize.js:650:28
      at MySQLQueryInterface.insert (C:\Users\hp\OneDrive - bdu.edu.et(Bahir 
Dar)../../../../../../Internship/Ethiopia Ecommerce/ecommerce-backend/node_modules/se
quelize/src/dialects/abstract/query-interface.js:795:21)
      at model.save (C:\Users\hp\OneDrive - bdu.edu.et(Bahir 
Dar)../../../../../../Internship/Ethiopia 
Ecommerce/ecommerce-backend/node_modules/sequelize/src/model.js:4154:35)
      at User.create (C:\Users\hp\OneDrive - bdu.edu.et(Bahir 
Dar)../../../../../../Internship/Ethiopia 
Ecommerce/ecommerce-backend/node_modules/sequelize/src/model.js:2305:12)
      at Object.<anonymous> (C:\Users\hp\OneDrive - bdu.edu.et(Bahir 
Dar)../../../../../../Internship/Ethiopia Ecommerce/ecommerce-backend/test/bugfix/cha
pa-payment-admin-functionality-preservation.test.js:29:17)

  ΓùÅ Admin Functionality Preservation Tests ΓÇ║ Admin Functionality Regression 
Prevention ΓÇ║ should maintain backward compatibility with existing query parameters



    [0m [90m 27 |[39m   beforeAll([36masync[39m () [33m=>[39m {
     [90m 28 |[39m     [90m// Create admin user[39m
    [31m[1m>[22m[39m[90m 29 |[39m     adminUser [33m=[39m [36mawait[39m 
[33mUser[39m[33m.[39mcreate({
     [90m    |[39m                 [31m[1m^[22m[39m
     [90m 30 |[39m       first_name[33m:[39m [32m'Admin'[39m[33m,[39m
     [90m 31 |[39m       last_name[33m:[39m [32m'User'[39m[33m,[39m
     [90m 32 |[39m       email[33m:[39m [32m'admin@test.com'[39m[33m,[39m[0m

      at Query.run (C:\Users\hp\OneDrive - bdu.edu.et(Bahir 
Dar)../../../../../../Internship/Ethiopia 
Ecommerce/ecommerce-backend/node_modules/sequelize/src/dialects/mysql/query.js:46:25)
      at C:\Users\hp\OneDrive - bdu.edu.et(Bahir 
Dar)../../../../../../Internship/Ethiopia 
Ecommerce/ecommerce-backend/node_modules/sequelize/src/sequelize.js:650:28
      at MySQLQueryInterface.insert (C:\Users\hp\OneDrive - bdu.edu.et(Bahir 
Dar)../../../../../../Internship/Ethiopia Ecommerce/ecommerce-backend/node_modules/se
quelize/src/dialects/abstract/query-interface.js:795:21)
      at model.save (C:\Users\hp\OneDrive - bdu.edu.et(Bahir 
Dar)../../../../../../Internship/Ethiopia 
Ecommerce/ecommerce-backend/node_modules/sequelize/src/model.js:4154:35)
      at User.create (C:\Users\hp\OneDrive - bdu.edu.et(Bahir 
Dar)../../../../../../Internship/Ethiopia 
Ecommerce/ecommerce-backend/node_modules/sequelize/src/model.js:2305:12)
      at Object.<anonymous> (C:\Users\hp\OneDrive - bdu.edu.et(Bahir 
Dar)../../../../../../Internship/Ethiopia Ecommerce/ecommerce-backend/test/bugfix/cha
pa-payment-admin-functionality-preservation.test.js:29:17)

  ΓùÅ Admin Functionality Preservation Tests ΓÇ║ Admin Functionality Regression 
Prevention ΓÇ║ should maintain response structure for transaction queries



    [0m [90m 27 |[39m   beforeAll([36masync[39m () [33m=>[39m {
     [90m 28 |[39m     [90m// Create admin user[39m
    [31m[1m>[22m[39m[90m 29 |[39m     adminUser [33m=[39m [36mawait[39m 
[33mUser[39m[33m.[39mcreate({
     [90m    |[39m                 [31m[1m^[22m[39m
     [90m 30 |[39m       first_name[33m:[39m [32m'Admin'[39m[33m,[39m
     [90m 31 |[39m       last_name[33m:[39m [32m'User'[39m[33m,[39m
     [90m 32 |[39m       email[33m:[39m [32m'admin@test.com'[39m[33m,[39m[0m

      at Query.run (C:\Users\hp\OneDrive - bdu.edu.et(Bahir 
Dar)../../../../../../Internship/Ethiopia 
Ecommerce/ecommerce-backend/node_modules/sequelize/src/dialects/mysql/query.js:46:25)
      at C:\Users\hp\OneDrive - bdu.edu.et(Bahir 
Dar)../../../../../../Internship/Ethiopia 
Ecommerce/ecommerce-backend/node_modules/sequelize/src/sequelize.js:650:28
      at MySQLQueryInterface.insert (C:\Users\hp\OneDrive - bdu.edu.et(Bahir 
Dar)../../../../../../Internship/Ethiopia Ecommerce/ecommerce-backend/node_modules/se
quelize/src/dialects/abstract/query-interface.js:795:21)
      at model.save (C:\Users\hp\OneDrive - bdu.edu.et(Bahir 
Dar)../../../../../../Internship/Ethiopia 
Ecommerce/ecommerce-backend/node_modules/sequelize/src/model.js:4154:35)
      at User.create (C:\Users\hp\OneDrive - bdu.edu.et(Bahir 
Dar)../../../../../../Internship/Ethiopia 
Ecommerce/ecommerce-backend/node_modules/sequelize/src/model.js:2305:12)
      at Object.<anonymous> (C:\Users\hp\OneDrive - bdu.edu.et(Bahir 
Dar)../../../../../../Internship/Ethiopia Ecommerce/ecommerce-backend/test/bugfix/cha
pa-payment-admin-functionality-preservation.test.js:29:17)

  ΓùÅ Admin Functionality Preservation Tests ΓÇ║ Admin Functionality Regression 
Prevention ΓÇ║ should maintain response structure for manual verification



    [0m [90m 27 |[39m   beforeAll([36masync[39m () [33m=>[39m {
     [90m 28 |[39m     [90m// Create admin user[39m
    [31m[1m>[22m[39m[90m 29 |[39m     adminUser [33m=[39m [36mawait[39m 
[33mUser[39m[33m.[39mcreate({
     [90m    |[39m                 [31m[1m^[22m[39m
     [90m 30 |[39m       first_name[33m:[39m [32m'Admin'[39m[33m,[39m
     [90m 31 |[39m       last_name[33m:[39m [32m'User'[39m[33m,[39m
     [90m 32 |[39m       email[33m:[39m [32m'admin@test.com'[39m[33m,[39m[0m

      at Query.run (C:\Users\hp\OneDrive - bdu.edu.et(Bahir 
Dar)../../../../../../Internship/Ethiopia 
Ecommerce/ecommerce-backend/node_modules/sequelize/src/dialects/mysql/query.js:46:25)
      at C:\Users\hp\OneDrive - bdu.edu.et(Bahir 
Dar)../../../../../../Internship/Ethiopia 
Ecommerce/ecommerce-backend/node_modules/sequelize/src/sequelize.js:650:28
      at MySQLQueryInterface.insert (C:\Users\hp\OneDrive - bdu.edu.et(Bahir 
Dar)../../../../../../Internship/Ethiopia Ecommerce/ecommerce-backend/node_modules/se
quelize/src/dialects/abstract/query-interface.js:795:21)
      at model.save (C:\Users\hp\OneDrive - bdu.edu.et(Bahir 
Dar)../../../../../../Internship/Ethiopia 
Ecommerce/ecommerce-backend/node_modules/sequelize/src/model.js:4154:35)
      at User.create (C:\Users\hp\OneDrive - bdu.edu.et(Bahir 
Dar)../../../../../../Internship/Ethiopia 
Ecommerce/ecommerce-backend/node_modules/sequelize/src/model.js:2305:12)
      at Object.<anonymous> (C:\Users\hp\OneDrive - bdu.edu.et(Bahir 
Dar)../../../../../../Internship/Ethiopia Ecommerce/ecommerce-backend/test/bugfix/cha
pa-payment-admin-functionality-preservation.test.js:29:17)


  ΓùÅ Test suite failed to run

    TypeError: Cannot read properties of undefined (reading 'id')

    [0m [90m 305 |[39m
     [90m 306 |[39m     afterAll([36masync[39m () [33m=>[39m {
    [31m[1m>[22m[39m[90m 307 |[39m       [36mawait[39m 
[33mPayment[39m[33m.[39mdestroy({ where[33m:[39m { id[33m:[39m 
pendingPayment[33m.[39mid } })[33m;[39m
     [90m     |[39m                                                           
[31m[1m^[22m[39m
     [90m 308 |[39m       [36mawait[39m [33mOrderItem[39m[33m.[39mdestroy({ 
where[33m:[39m { order_id[33m:[39m pendingOrder[33m.[39mid } })[33m;[39m
     [90m 309 |[39m       [36mawait[39m [33mOrder[39m[33m.[39mdestroy({ 
where[33m:[39m { id[33m:[39m pendingOrder[33m.[39mid } })[33m;[39m
     [90m 310 |[39m     })[33m;[39m[0m

      at Object.id (C:\Users\hp\OneDrive - bdu.edu.et(Bahir 
Dar)../../../../../../Internship/Ethiopia Ecommerce/ecommerce-backend/test/bugfix/cha
pa-payment-admin-functionality-preservation.test.js:307:59)

  ΓùÅ Test suite failed to run

    TypeError: Cannot read properties of undefined (reading 'id')

    [0m [90m 121 |[39m     [36mawait[39m 
[33mOrderItem[39m[33m.[39mdestroy({ where[33m:[39m { order_id[33m:[39m 
testOrders[33m.[39mmap(o [33m=>[39m o[33m.[39mid) } })[33m;[39m
     [90m 122 |[39m     [36mawait[39m [33mOrder[39m[33m.[39mdestroy({ 
where[33m:[39m { id[33m:[39m testOrders[33m.[39mmap(o [33m=>[39m 
o[33m.[39mid) } })[33m;[39m
    [31m[1m>[22m[39m[90m 123 |[39m     [36mawait[39m 
[33mProduct[39m[33m.[39mdestroy({ where[33m:[39m { seller_id[33m:[39m 
testSeller[33m.[39mid } })[33m;[39m
     [90m     |[39m                                                            
[31m[1m^[22m[39m
     [90m 124 |[39m     [36mawait[39m [33mSeller[39m[33m.[39mdestroy({ 
where[33m:[39m { id[33m:[39m testSeller[33m.[39mid } })[33m;[39m
     [90m 125 |[39m     [36mawait[39m [33mUser[39m[33m.[39mdestroy({ 
where[33m:[39m { id[33m:[39m [adminUser[33m.[39mid[33m,[39m 
testCustomer[33m.[39mid] } })[33m;[39m
     [90m 126 |[39m   })[33m;[39m[0m

      at Object.id (C:\Users\hp\OneDrive - bdu.edu.et(Bahir 
Dar)../../../../../../Internship/Ethiopia Ecommerce/ecommerce-backend/test/bugfix/cha
pa-payment-admin-functionality-preservation.test.js:123:60)

  console.log
    [dotenv@17.3.1] injecting env (32) from .env -- tip: ΓÜÖ∩╕Å  suppress all logs with { quiet: true }

      at _log (C:\Users\hp\OneDrive - bdu.edu.et(Bahir Dar)../../../../../../Internship/Ethiopia Ecommerce/ecommerce-backend/node_modules/dotenv/lib/main.js:139:11)

  console.log
    [dotenv@17.3.1] injecting env (0) from .env -- tip: ΓÜí∩╕Å secrets for agents: https://dotenvx.com/as2

      at _log (C:\Users\hp\OneDrive - bdu.edu.et(Bahir Dar)../../../../../../Internship/Ethiopia Ecommerce/ecommerce-backend/node_modules/dotenv/lib/main.js:139:11)

  console.log
    [dotenv@17.3.1] injecting env (0) from .env -- tip: ≡ƒöÉ prevent committing .env to code: https://dotenvx.com/precommit

      at _log (C:\Users\hp\OneDrive - bdu.edu.et(Bahir Dar)../../../../../../Internship/Ethiopia Ecommerce/ecommerce-backend/node_modules/dotenv/lib/main.js:139:11)

  console.log
    [dotenv@17.3.1] injecting env (0) from .env -- tip: ΓÜÖ∩╕Å  specify custom .env file path with { path: '/custom/path/.env' }

      at _log (C:\Users\hp\OneDrive - bdu.edu.et(Bahir Dar)../../../../../../Internship/Ethiopia Ecommerce/ecommerce-backend/node_modules/dotenv/lib/main.js:139:11)

  console.log
    [dotenv@17.3.1] injecting env (0) from .env -- tip: ≡ƒöÉ encrypt with Dotenvx: https://dotenvx.com

      at _log (C:\Users\hp\OneDrive - bdu.edu.et(Bahir Dar)../../../../../../Internship/Ethiopia Ecommerce/ecommerce-backend/node_modules/dotenv/lib/main.js:139:11)

  console.log
    [dotenv@17.3.1] injecting env (0) from .env -- tip: ΓÜÖ∩╕Å  load multiple .env files with { path: ['.env.local', '.env'] }

      at _log (C:\Users\hp\OneDrive - bdu.edu.et(Bahir Dar)../../../../../../Internship/Ethiopia Ecommerce/ecommerce-backend/node_modules/dotenv/lib/main.js:139:11)

  console.warn
    Firebase Service Account Key not found. Push Notifications will be disabled. Check PUSH_NOTIFICATIONS_SETUP_GUIDE.md for setup instructions.

    [0m [90m 20 |[39m   }
     [90m 21 |[39m } [36melse[39m {
    [31m[1m>[22m[39m[90m 22 |[39m   console[33m.[39mwarn([32m'Firebase Service Account Key not found. Push Notifications will be disabled. Check PUSH_NOTIFICATIONS_SETUP_GUIDE.md for setup instructions.'[39m)[33m;[39m
     [90m    |[39m           [31m[1m^[22m[39m
     [90m 23 |[39m }
     [90m 24 |[39m
     [90m 25 |[39m [90m/**[39m[0m

      at Object.warn (C:\Users\hp\OneDrive - bdu.edu.et(Bahir Dar)../../../../../../Internship/Ethiopia Ecommerce/ecommerce-backend/src/services/pushNotificationService.js:22:11)
      at Object.require (C:\Users\hp\OneDrive - bdu.edu.et(Bahir Dar)../../../../../../Internship/Ethiopia Ecommerce/ecommerce-backend/src/services/notificationService.js:1:34)
      at Object.require (C:\Users\hp\OneDrive - bdu.edu.et(Bahir Dar)../../../../../../Internship/Ethiopia Ecommerce/ecommerce-backend/src/services/orderStatusService.js:2:29)
      at Object.require (C:\Users\hp\OneDrive - bdu.edu.et(Bahir Dar)../../../../../../Internship/Ethiopia Ecommerce/ecommerce-backend/src/controllers/sellerController.js:9:28)
      at Object.require (C:\Users\hp\OneDrive - bdu.edu.et(Bahir Dar)../../../../../../Internship/Ethiopia Ecommerce/ecommerce-backend/src/routes/sellerRoutes.js:3:26)
      at Object.require (C:\Users\hp\OneDrive - bdu.edu.et(Bahir Dar)../../../../../../Internship/Ethiopia Ecommerce/ecommerce-backend/src/server.js:18:22)
      at Object.require (C:\Users\hp\OneDrive - bdu.edu.et(Bahir Dar)../../../../../../Internship/Ethiopia Ecommerce/ecommerce-backend/test/bugfix/payment-initialization-bug-exploration.test.js:22:13)

  console.log
    Initializing database connection...

      at log (C:\Users\hp\OneDrive - bdu.edu.et(Bahir Dar)../../../../../../Internship/Ethiopia Ecommerce/ecommerce-backend/src/server.js:165:13)

  console.log
    Γ£ô Database 'ecommerce_db' is ready

      at log (C:\Users\hp\OneDrive - bdu.edu.et(Bahir Dar)../../../../../../Internship/Ethiopia Ecommerce/ecommerce-backend/src/config/database.js:19:13)

  console.log
    Γ£ô Database connection established successfully (attempt 1/3)

      at log (C:\Users\hp\OneDrive - bdu.edu.et(Bahir Dar)../../../../../../Internship/Ethiopia Ecommerce/ecommerce-backend/src/config/database.js:81:15)

  console.log
    Validating payment configuration...

      at log (C:\Users\hp\OneDrive - bdu.edu.et(Bahir Dar)../../../../../../Internship/Ethiopia Ecommerce/ecommerce-backend/src/server.js:169:13)

  console.log
    Γ£ô Payment configuration validated successfully

      at log (C:\Users\hp\OneDrive - bdu.edu.et(Bahir Dar)../../../../../../Internship/Ethiopia Ecommerce/ecommerce-backend/src/config/payment.js:78:11)

  console.log
      Environment: test

      at log (C:\Users\hp\OneDrive - bdu.edu.et(Bahir Dar)../../../../../../Internship/Ethiopia Ecommerce/ecommerce-backend/src/config/payment.js:79:11)

  console.log
      Test Mode: ENABLED

      at log (C:\Users\hp\OneDrive - bdu.edu.et(Bahir Dar)../../../../../../Internship/Ethiopia Ecommerce/ecommerce-backend/src/config/payment.js:80:11)

  console.log
      Currency: ETB

      at log (C:\Users\hp\OneDrive - bdu.edu.et(Bahir Dar)../../../../../../Internship/Ethiopia Ecommerce/ecommerce-backend/src/config/payment.js:81:11)

  console.log
    Validating Chapa URLs...

      at log (C:\Users\hp\OneDrive - bdu.edu.et(Bahir Dar)../../../../../../Internship/Ethiopia Ecommerce/ecommerce-backend/src/server.js:173:13)

  console.log
    Γ£ô CHAPA_CALLBACK_URL: http://localhost:5000/api/payments/webhook

      at log (C:\Users\hp\OneDrive - bdu.edu.et(Bahir Dar)../../../../../../Internship/Ethiopia Ecommerce/ecommerce-backend/src/server.js:239:15)

  console.log
    Γ£ô CHAPA_RETURN_URL: http://localhost:3000/payment/return

      at log (C:\Users\hp\OneDrive - bdu.edu.et(Bahir Dar)../../../../../../Internship/Ethiopia Ecommerce/ecommerce-backend/src/server.js:296:15)

  console.log
    Synchronizing database models...

      at log (C:\Users\hp\OneDrive - bdu.edu.et(Bahir Dar)../../../../../../Internship/Ethiopia Ecommerce/ecommerce-backend/src/server.js:310:13)

FAIL test/bugfix/payment-initialization-bug-exploration.test.js
  Bug Condition Exploration: Payment Initialization Generic Error
    Test Case 1: Missing Order ID
      ├ù should return "Order ID is required" instead of generic error
    Test Case 2: Invalid Email Format
      ├ù should return "Invalid email format" instead of generic error (1 ms)
    Test Case 3: Negative Amount
      ├ù should return "Amount must be positive" instead of generic error
    Test Case 4: Missing Required Field (First Name)
      ├ù should return "First name is required" instead of generic error
    Test Case 5: Missing Required Field (Last Name)
      ├ù should return "Last name is required" instead of generic error
    Test Case 6: Order Not Found
      ├ù should return "Order not found" instead of generic error
    Test Case 7: Zero Amount
      ├ù should return "Amount must be positive" instead of generic error
    Summary: Bug Condition Counterexamples
      ├ù should document all counterexamples found

  ΓùÅ Bug Condition Exploration: Payment Initialization Generic Error ΓÇ║ Test Case 
1: Missing Order ID ΓÇ║ should return "Order ID is required" instead of generic error

    SequelizeValidationError: Validation error: Missing required address fields: 
full_name, phone, street_address, city, country

    [0m [90m 47 |[39m
     [90m 48 |[39m     [90m// Create test order[39m
    [31m[1m>[22m[39m[90m 49 |[39m     testOrder [33m=[39m [36mawait[39m 
[33mOrder[39m[33m.[39mcreate({
     [90m    |[39m                 [31m[1m^[22m[39m
     [90m 50 |[39m       user_id[33m:[39m testUser[33m.[39mid[33m,[39m
     [90m 51 |[39m       order_number[33m:[39m 
[32m`ORD-BUGTEST-${Date.now()}`[39m[33m,[39m
     [90m 52 |[39m       total_amount[33m:[39m [35m1000.00[39m[33m,[39m[0m

      at InstanceValidator._validate (C:\Users\hp\OneDrive - bdu.edu.et(Bahir 
Dar)../../../../../../Internship/Ethiopia 
Ecommerce/ecommerce-backend/node_modules/sequelize/src/instance-validator.js:78:13)
      at InstanceValidator._validateAndRunHooks (C:\Users\hp\OneDrive - 
bdu.edu.et(Bahir Dar)../../../../../../Internship/Ethiopia 
Ecommerce/ecommerce-backend/node_modules/sequelize/src/instance-validator.js:111:7)
      at InstanceValidator.validate (C:\Users\hp\OneDrive - bdu.edu.et(Bahir 
Dar)../../../../../../Internship/Ethiopia 
Ecommerce/ecommerce-backend/node_modules/sequelize/src/instance-validator.js:93:12)
      at model.save (C:\Users\hp\OneDrive - bdu.edu.et(Bahir 
Dar)../../../../../../Internship/Ethiopia 
Ecommerce/ecommerce-backend/node_modules/sequelize/src/model.js:4077:7)
      at Order.create (C:\Users\hp\OneDrive - bdu.edu.et(Bahir 
Dar)../../../../../../Internship/Ethiopia 
Ecommerce/ecommerce-backend/node_modules/sequelize/src/model.js:2305:12)
      at Object.<anonymous> (C:\Users\hp\OneDrive - bdu.edu.et(Bahir 
Dar)../../../../../../Internship/Ethiopia Ecommerce/ecommerce-backend/test/bugfix/pay
ment-initialization-bug-exploration.test.js:49:17)

  ΓùÅ Bug Condition Exploration: Payment Initialization Generic Error ΓÇ║ Test Case 
2: Invalid Email Format ΓÇ║ should return "Invalid email format" instead of generic 
error

    SequelizeValidationError: Validation error: Missing required address fields: 
full_name, phone, street_address, city, country

    [0m [90m 47 |[39m
     [90m 48 |[39m     [90m// Create test order[39m
    [31m[1m>[22m[39m[90m 49 |[39m     testOrder [33m=[39m [36mawait[39m 
[33mOrder[39m[33m.[39mcreate({
     [90m    |[39m                 [31m[1m^[22m[39m
     [90m 50 |[39m       user_id[33m:[39m testUser[33m.[39mid[33m,[39m
     [90m 51 |[39m       order_number[33m:[39m 
[32m`ORD-BUGTEST-${Date.now()}`[39m[33m,[39m
     [90m 52 |[39m       total_amount[33m:[39m [35m1000.00[39m[33m,[39m[0m

      at InstanceValidator._validate (C:\Users\hp\OneDrive - bdu.edu.et(Bahir 
Dar)../../../../../../Internship/Ethiopia 
Ecommerce/ecommerce-backend/node_modules/sequelize/src/instance-validator.js:78:13)
      at InstanceValidator._validateAndRunHooks (C:\Users\hp\OneDrive - 
bdu.edu.et(Bahir Dar)../../../../../../Internship/Ethiopia 
Ecommerce/ecommerce-backend/node_modules/sequelize/src/instance-validator.js:111:7)
      at InstanceValidator.validate (C:\Users\hp\OneDrive - bdu.edu.et(Bahir 
Dar)../../../../../../Internship/Ethiopia 
Ecommerce/ecommerce-backend/node_modules/sequelize/src/instance-validator.js:93:12)
      at model.save (C:\Users\hp\OneDrive - bdu.edu.et(Bahir 
Dar)../../../../../../Internship/Ethiopia 
Ecommerce/ecommerce-backend/node_modules/sequelize/src/model.js:4077:7)
      at Order.create (C:\Users\hp\OneDrive - bdu.edu.et(Bahir 
Dar)../../../../../../Internship/Ethiopia 
Ecommerce/ecommerce-backend/node_modules/sequelize/src/model.js:2305:12)
      at Object.<anonymous> (C:\Users\hp\OneDrive - bdu.edu.et(Bahir 
Dar)../../../../../../Internship/Ethiopia Ecommerce/ecommerce-backend/test/bugfix/pay
ment-initialization-bug-exploration.test.js:49:17)

  ΓùÅ Bug Condition Exploration: Payment Initialization Generic Error ΓÇ║ Test Case 
3: Negative Amount ΓÇ║ should return "Amount must be positive" instead of generic 
error

    SequelizeValidationError: Validation error: Missing required address fields: 
full_name, phone, street_address, city, country

    [0m [90m 47 |[39m
     [90m 48 |[39m     [90m// Create test order[39m
    [31m[1m>[22m[39m[90m 49 |[39m     testOrder [33m=[39m [36mawait[39m 
[33mOrder[39m[33m.[39mcreate({
     [90m    |[39m                 [31m[1m^[22m[39m
     [90m 50 |[39m       user_id[33m:[39m testUser[33m.[39mid[33m,[39m
     [90m 51 |[39m       order_number[33m:[39m 
[32m`ORD-BUGTEST-${Date.now()}`[39m[33m,[39m
     [90m 52 |[39m       total_amount[33m:[39m [35m1000.00[39m[33m,[39m[0m

      at InstanceValidator._validate (C:\Users\hp\OneDrive - bdu.edu.et(Bahir 
Dar)../../../../../../Internship/Ethiopia 
Ecommerce/ecommerce-backend/node_modules/sequelize/src/instance-validator.js:78:13)
      at InstanceValidator._validateAndRunHooks (C:\Users\hp\OneDrive - 
bdu.edu.et(Bahir Dar)../../../../../../Internship/Ethiopia 
Ecommerce/ecommerce-backend/node_modules/sequelize/src/instance-validator.js:111:7)
      at InstanceValidator.validate (C:\Users\hp\OneDrive - bdu.edu.et(Bahir 
Dar)../../../../../../Internship/Ethiopia 
Ecommerce/ecommerce-backend/node_modules/sequelize/src/instance-validator.js:93:12)
      at model.save (C:\Users\hp\OneDrive - bdu.edu.et(Bahir 
Dar)../../../../../../Internship/Ethiopia 
Ecommerce/ecommerce-backend/node_modules/sequelize/src/model.js:4077:7)
      at Order.create (C:\Users\hp\OneDrive - bdu.edu.et(Bahir 
Dar)../../../../../../Internship/Ethiopia 
Ecommerce/ecommerce-backend/node_modules/sequelize/src/model.js:2305:12)
      at Object.<anonymous> (C:\Users\hp\OneDrive - bdu.edu.et(Bahir 
Dar)../../../../../../Internship/Ethiopia Ecommerce/ecommerce-backend/test/bugfix/pay
ment-initialization-bug-exploration.test.js:49:17)

  ΓùÅ Bug Condition Exploration: Payment Initialization Generic Error ΓÇ║ Test Case 
4: Missing Required Field (First Name) ΓÇ║ should return "First name is required" 
instead of generic error

    SequelizeValidationError: Validation error: Missing required address fields: 
full_name, phone, street_address, city, country

    [0m [90m 47 |[39m
     [90m 48 |[39m     [90m// Create test order[39m
    [31m[1m>[22m[39m[90m 49 |[39m     testOrder [33m=[39m [36mawait[39m 
[33mOrder[39m[33m.[39mcreate({
     [90m    |[39m                 [31m[1m^[22m[39m
     [90m 50 |[39m       user_id[33m:[39m testUser[33m.[39mid[33m,[39m
     [90m 51 |[39m       order_number[33m:[39m 
[32m`ORD-BUGTEST-${Date.now()}`[39m[33m,[39m
     [90m 52 |[39m       total_amount[33m:[39m [35m1000.00[39m[33m,[39m[0m

      at InstanceValidator._validate (C:\Users\hp\OneDrive - bdu.edu.et(Bahir 
Dar)../../../../../../Internship/Ethiopia 
Ecommerce/ecommerce-backend/node_modules/sequelize/src/instance-validator.js:78:13)
      at InstanceValidator._validateAndRunHooks (C:\Users\hp\OneDrive - 
bdu.edu.et(Bahir Dar)../../../../../../Internship/Ethiopia 
Ecommerce/ecommerce-backend/node_modules/sequelize/src/instance-validator.js:111:7)
      at InstanceValidator.validate (C:\Users\hp\OneDrive - bdu.edu.et(Bahir 
Dar)../../../../../../Internship/Ethiopia 
Ecommerce/ecommerce-backend/node_modules/sequelize/src/instance-validator.js:93:12)
      at model.save (C:\Users\hp\OneDrive - bdu.edu.et(Bahir 
Dar)../../../../../../Internship/Ethiopia 
Ecommerce/ecommerce-backend/node_modules/sequelize/src/model.js:4077:7)
      at Order.create (C:\Users\hp\OneDrive - bdu.edu.et(Bahir 
Dar)../../../../../../Internship/Ethiopia 
Ecommerce/ecommerce-backend/node_modules/sequelize/src/model.js:2305:12)
      at Object.<anonymous> (C:\Users\hp\OneDrive - bdu.edu.et(Bahir 
Dar)../../../../../../Internship/Ethiopia Ecommerce/ecommerce-backend/test/bugfix/pay
ment-initialization-bug-exploration.test.js:49:17)

  ΓùÅ Bug Condition Exploration: Payment Initialization Generic Error ΓÇ║ Test Case 
5: Missing Required Field (Last Name) ΓÇ║ should return "Last name is required" 
instead of generic error

    SequelizeValidationError: Validation error: Missing required address fields: 
full_name, phone, street_address, city, country

    [0m [90m 47 |[39m
     [90m 48 |[39m     [90m// Create test order[39m
    [31m[1m>[22m[39m[90m 49 |[39m     testOrder [33m=[39m [36mawait[39m 
[33mOrder[39m[33m.[39mcreate({
     [90m    |[39m                 [31m[1m^[22m[39m
     [90m 50 |[39m       user_id[33m:[39m testUser[33m.[39mid[33m,[39m
     [90m 51 |[39m       order_number[33m:[39m 
[32m`ORD-BUGTEST-${Date.now()}`[39m[33m,[39m
     [90m 52 |[39m       total_amount[33m:[39m [35m1000.00[39m[33m,[39m[0m

      at InstanceValidator._validate (C:\Users\hp\OneDrive - bdu.edu.et(Bahir 
Dar)../../../../../../Internship/Ethiopia 
Ecommerce/ecommerce-backend/node_modules/sequelize/src/instance-validator.js:78:13)
      at InstanceValidator._validateAndRunHooks (C:\Users\hp\OneDrive - 
bdu.edu.et(Bahir Dar)../../../../../../Internship/Ethiopia 
Ecommerce/ecommerce-backend/node_modules/sequelize/src/instance-validator.js:111:7)
      at InstanceValidator.validate (C:\Users\hp\OneDrive - bdu.edu.et(Bahir 
Dar)../../../../../../Internship/Ethiopia 
Ecommerce/ecommerce-backend/node_modules/sequelize/src/instance-validator.js:93:12)
      at model.save (C:\Users\hp\OneDrive - bdu.edu.et(Bahir 
Dar)../../../../../../Internship/Ethiopia 
Ecommerce/ecommerce-backend/node_modules/sequelize/src/model.js:4077:7)
      at Order.create (C:\Users\hp\OneDrive - bdu.edu.et(Bahir 
Dar)../../../../../../Internship/Ethiopia 
Ecommerce/ecommerce-backend/node_modules/sequelize/src/model.js:2305:12)
      at Object.<anonymous> (C:\Users\hp\OneDrive - bdu.edu.et(Bahir 
Dar)../../../../../../Internship/Ethiopia Ecommerce/ecommerce-backend/test/bugfix/pay
ment-initialization-bug-exploration.test.js:49:17)

  ΓùÅ Bug Condition Exploration: Payment Initialization Generic Error ΓÇ║ Test Case 
6: Order Not Found ΓÇ║ should return "Order not found" instead of generic error

    SequelizeValidationError: Validation error: Missing required address fields: 
full_name, phone, street_address, city, country

    [0m [90m 47 |[39m
     [90m 48 |[39m     [90m// Create test order[39m
    [31m[1m>[22m[39m[90m 49 |[39m     testOrder [33m=[39m [36mawait[39m 
[33mOrder[39m[33m.[39mcreate({
     [90m    |[39m                 [31m[1m^[22m[39m
     [90m 50 |[39m       user_id[33m:[39m testUser[33m.[39mid[33m,[39m
     [90m 51 |[39m       order_number[33m:[39m 
[32m`ORD-BUGTEST-${Date.now()}`[39m[33m,[39m
     [90m 52 |[39m       total_amount[33m:[39m [35m1000.00[39m[33m,[39m[0m

      at InstanceValidator._validate (C:\Users\hp\OneDrive - bdu.edu.et(Bahir 
Dar)../../../../../../Internship/Ethiopia 
Ecommerce/ecommerce-backend/node_modules/sequelize/src/instance-validator.js:78:13)
      at InstanceValidator._validateAndRunHooks (C:\Users\hp\OneDrive - 
bdu.edu.et(Bahir Dar)../../../../../../Internship/Ethiopia 
Ecommerce/ecommerce-backend/node_modules/sequelize/src/instance-validator.js:111:7)
      at InstanceValidator.validate (C:\Users\hp\OneDrive - bdu.edu.et(Bahir 
Dar)../../../../../../Internship/Ethiopia 
Ecommerce/ecommerce-backend/node_modules/sequelize/src/instance-validator.js:93:12)
      at model.save (C:\Users\hp\OneDrive - bdu.edu.et(Bahir 
Dar)../../../../../../Internship/Ethiopia 
Ecommerce/ecommerce-backend/node_modules/sequelize/src/model.js:4077:7)
      at Order.create (C:\Users\hp\OneDrive - bdu.edu.et(Bahir 
Dar)../../../../../../Internship/Ethiopia 
Ecommerce/ecommerce-backend/node_modules/sequelize/src/model.js:2305:12)
      at Object.<anonymous> (C:\Users\hp\OneDrive - bdu.edu.et(Bahir 
Dar)../../../../../../Internship/Ethiopia Ecommerce/ecommerce-backend/test/bugfix/pay
ment-initialization-bug-exploration.test.js:49:17)

  ΓùÅ Bug Condition Exploration: Payment Initialization Generic Error ΓÇ║ Test Case 
7: Zero Amount ΓÇ║ should return "Amount must be positive" instead of generic error

    SequelizeValidationError: Validation error: Missing required address fields: 
full_name, phone, street_address, city, country

    [0m [90m 47 |[39m
     [90m 48 |[39m     [90m// Create test order[39m
    [31m[1m>[22m[39m[90m 49 |[39m     testOrder [33m=[39m [36mawait[39m 
[33mOrder[39m[33m.[39mcreate({
     [90m    |[39m                 [31m[1m^[22m[39m
     [90m 50 |[39m       user_id[33m:[39m testUser[33m.[39mid[33m,[39m
     [90m 51 |[39m       order_number[33m:[39m 
[32m`ORD-BUGTEST-${Date.now()}`[39m[33m,[39m
     [90m 52 |[39m       total_amount[33m:[39m [35m1000.00[39m[33m,[39m[0m

      at InstanceValidator._validate (C:\Users\hp\OneDrive - bdu.edu.et(Bahir 
Dar)../../../../../../Internship/Ethiopia 
Ecommerce/ecommerce-backend/node_modules/sequelize/src/instance-validator.js:78:13)
      at InstanceValidator._validateAndRunHooks (C:\Users\hp\OneDrive - 
bdu.edu.et(Bahir Dar)../../../../../../Internship/Ethiopia 
Ecommerce/ecommerce-backend/node_modules/sequelize/src/instance-validator.js:111:7)
      at InstanceValidator.validate (C:\Users\hp\OneDrive - bdu.edu.et(Bahir 
Dar)../../../../../../Internship/Ethiopia 
Ecommerce/ecommerce-backend/node_modules/sequelize/src/instance-validator.js:93:12)
      at model.save (C:\Users\hp\OneDrive - bdu.edu.et(Bahir 
Dar)../../../../../../Internship/Ethiopia 
Ecommerce/ecommerce-backend/node_modules/sequelize/src/model.js:4077:7)
      at Order.create (C:\Users\hp\OneDrive - bdu.edu.et(Bahir 
Dar)../../../../../../Internship/Ethiopia 
Ecommerce/ecommerce-backend/node_modules/sequelize/src/model.js:2305:12)
      at Object.<anonymous> (C:\Users\hp\OneDrive - bdu.edu.et(Bahir 
Dar)../../../../../../Internship/Ethiopia Ecommerce/ecommerce-backend/test/bugfix/pay
ment-initialization-bug-exploration.test.js:49:17)

  ΓùÅ Bug Condition Exploration: Payment Initialization Generic Error ΓÇ║ Summary: 
Bug Condition Counterexamples ΓÇ║ should document all counterexamples found

    SequelizeValidationError: Validation error: Missing required address fields: 
full_name, phone, street_address, city, country

    [0m [90m 47 |[39m
     [90m 48 |[39m     [90m// Create test order[39m
    [31m[1m>[22m[39m[90m 49 |[39m     testOrder [33m=[39m [36mawait[39m 
[33mOrder[39m[33m.[39mcreate({
     [90m    |[39m                 [31m[1m^[22m[39m
     [90m 50 |[39m       user_id[33m:[39m testUser[33m.[39mid[33m,[39m
     [90m 51 |[39m       order_number[33m:[39m 
[32m`ORD-BUGTEST-${Date.now()}`[39m[33m,[39m
     [90m 52 |[39m       total_amount[33m:[39m [35m1000.00[39m[33m,[39m[0m

      at InstanceValidator._validate (C:\Users\hp\OneDrive - bdu.edu.et(Bahir 
Dar)../../../../../../Internship/Ethiopia 
Ecommerce/ecommerce-backend/node_modules/sequelize/src/instance-validator.js:78:13)
      at InstanceValidator._validateAndRunHooks (C:\Users\hp\OneDrive - 
bdu.edu.et(Bahir Dar)../../../../../../Internship/Ethiopia 
Ecommerce/ecommerce-backend/node_modules/sequelize/src/instance-validator.js:111:7)
      at InstanceValidator.validate (C:\Users\hp\OneDrive - bdu.edu.et(Bahir 
Dar)../../../../../../Internship/Ethiopia 
Ecommerce/ecommerce-backend/node_modules/sequelize/src/instance-validator.js:93:12)
      at model.save (C:\Users\hp\OneDrive - bdu.edu.et(Bahir 
Dar)../../../../../../Internship/Ethiopia 
Ecommerce/ecommerce-backend/node_modules/sequelize/src/model.js:4077:7)
      at Order.create (C:\Users\hp\OneDrive - bdu.edu.et(Bahir 
Dar)../../../../../../Internship/Ethiopia 
Ecommerce/ecommerce-backend/node_modules/sequelize/src/model.js:2305:12)
      at Object.<anonymous> (C:\Users\hp\OneDrive - bdu.edu.et(Bahir 
Dar)../../../../../../Internship/Ethiopia Ecommerce/ecommerce-backend/test/bugfix/pay
ment-initialization-bug-exploration.test.js:49:17)

  console.log
    [dotenv@17.3.1] injecting env (32) from .env -- tip: ΓÜí∩╕Å secrets for agents: https://dotenvx.com/as2

      at _log (C:\Users\hp\OneDrive - bdu.edu.et(Bahir Dar)../../../../../../Internship/Ethiopia Ecommerce/ecommerce-backend/node_modules/dotenv/lib/main.js:139:11)

  console.log
    [dotenv@17.3.1] injecting env (0) from .env -- tip: ΓÜí∩╕Å secrets for agents: https://dotenvx.com/as2

      at _log (C:\Users\hp\OneDrive - bdu.edu.et(Bahir Dar)../../../../../../Internship/Ethiopia Ecommerce/ecommerce-backend/node_modules/dotenv/lib/main.js:139:11)

  console.log
    [dotenv@17.3.1] injecting env (0) from .env -- tip: ΓÜÖ∩╕Å  override existing env vars with { override: true }

      at _log (C:\Users\hp\OneDrive - bdu.edu.et(Bahir Dar)../../../../../../Internship/Ethiopia Ecommerce/ecommerce-backend/node_modules/dotenv/lib/main.js:139:11)

  console.log
    [dotenv@17.3.1] injecting env (0) from .env -- tip: ΓÜÖ∩╕Å  write to custom object with { processEnv: myObject }

      at _log (C:\Users\hp\OneDrive - bdu.edu.et(Bahir Dar)../../../../../../Internship/Ethiopia Ecommerce/ecommerce-backend/node_modules/dotenv/lib/main.js:139:11)

  console.log
    [dotenv@17.3.1] injecting env (0) from .env -- tip: ≡ƒ¢á∩╕Å  run anywhere with `dotenvx run -- yourcommand`

      at _log (C:\Users\hp\OneDrive - bdu.edu.et(Bahir Dar)../../../../../../Internship/Ethiopia Ecommerce/ecommerce-backend/node_modules/dotenv/lib/main.js:139:11)

  console.log
    [dotenv@17.3.1] injecting env (0) from .env -- tip: ΓÜÖ∩╕Å  specify custom .env file path with { path: '/custom/path/.env' }

      at _log (C:\Users\hp\OneDrive - bdu.edu.et(Bahir Dar)../../../../../../Internship/Ethiopia Ecommerce/ecommerce-backend/node_modules/dotenv/lib/main.js:139:11)

  console.warn
    Firebase Service Account Key not found. Push Notifications will be disabled. Check PUSH_NOTIFICATIONS_SETUP_GUIDE.md for setup instructions.

    [0m [90m 20 |[39m   }
     [90m 21 |[39m } [36melse[39m {
    [31m[1m>[22m[39m[90m 22 |[39m   console[33m.[39mwarn([32m'Firebase Service Account Key not found. Push Notifications will be disabled. Check PUSH_NOTIFICATIONS_SETUP_GUIDE.md for setup instructions.'[39m)[33m;[39m
     [90m    |[39m           [31m[1m^[22m[39m
     [90m 23 |[39m }
     [90m 24 |[39m
     [90m 25 |[39m [90m/**[39m[0m

      at Object.warn (C:\Users\hp\OneDrive - bdu.edu.et(Bahir Dar)../../../../../../Internship/Ethiopia Ecommerce/ecommerce-backend/src/services/pushNotificationService.js:22:11)
      at Object.require (C:\Users\hp\OneDrive - bdu.edu.et(Bahir Dar)../../../../../../Internship/Ethiopia Ecommerce/ecommerce-backend/src/services/notificationService.js:1:34)
      at Object.require (C:\Users\hp\OneDrive - bdu.edu.et(Bahir Dar)../../../../../../Internship/Ethiopia Ecommerce/ecommerce-backend/src/services/orderStatusService.js:2:29)
      at Object.require (C:\Users\hp\OneDrive - bdu.edu.et(Bahir Dar)../../../../../../Internship/Ethiopia Ecommerce/ecommerce-backend/src/controllers/sellerController.js:9:28)
      at Object.require (C:\Users\hp\OneDrive - bdu.edu.et(Bahir Dar)../../../../../../Internship/Ethiopia Ecommerce/ecommerce-backend/src/routes/sellerRoutes.js:3:26)
      at Object.require (C:\Users\hp\OneDrive - bdu.edu.et(Bahir Dar)../../../../../../Internship/Ethiopia Ecommerce/ecommerce-backend/src/server.js:18:22)
      at Object.require (C:\Users\hp\OneDrive - bdu.edu.et(Bahir Dar)../../../../../../Internship/Ethiopia Ecommerce/ecommerce-backend/test/bugfix/payment-initialization-preservation.test.js:20:13)

  console.log
    [dotenv@17.3.1] injecting env (0) from .env -- tip: ΓÜÖ∩╕Å  write to custom object with { processEnv: myObject }

      at _log (C:\Users\hp\OneDrive - bdu.edu.et(Bahir Dar)../../../../../../Internship/Ethiopia Ecommerce/ecommerce-backend/node_modules/dotenv/lib/main.js:139:11)

  console.log
    Initializing database connection...

      at log (C:\Users\hp\OneDrive - bdu.edu.et(Bahir Dar)../../../../../../Internship/Ethiopia Ecommerce/ecommerce-backend/src/server.js:165:13)

  console.log
    Γ£ô Database 'ecommerce_db' is ready

      at log (C:\Users\hp\OneDrive - bdu.edu.et(Bahir Dar)../../../../../../Internship/Ethiopia Ecommerce/ecommerce-backend/src/config/database.js:19:13)

  console.log
    Γ£ô Database connection established successfully (attempt 1/3)

      at log (C:\Users\hp\OneDrive - bdu.edu.et(Bahir Dar)../../../../../../Internship/Ethiopia Ecommerce/ecommerce-backend/src/config/database.js:81:15)

  console.log
    Validating payment configuration...

      at log (C:\Users\hp\OneDrive - bdu.edu.et(Bahir Dar)../../../../../../Internship/Ethiopia Ecommerce/ecommerce-backend/src/server.js:169:13)

  console.log
    Γ£ô Payment configuration validated successfully

      at log (C:\Users\hp\OneDrive - bdu.edu.et(Bahir Dar)../../../../../../Internship/Ethiopia Ecommerce/ecommerce-backend/src/config/payment.js:78:11)

  console.log
      Environment: test

      at log (C:\Users\hp\OneDrive - bdu.edu.et(Bahir Dar)../../../../../../Internship/Ethiopia Ecommerce/ecommerce-backend/src/config/payment.js:79:11)

  console.log
      Test Mode: ENABLED

      at log (C:\Users\hp\OneDrive - bdu.edu.et(Bahir Dar)../../../../../../Internship/Ethiopia Ecommerce/ecommerce-backend/src/config/payment.js:80:11)

  console.log
      Currency: ETB

      at log (C:\Users\hp\OneDrive - bdu.edu.et(Bahir Dar)../../../../../../Internship/Ethiopia Ecommerce/ecommerce-backend/src/config/payment.js:81:11)

  console.log
    Validating Chapa URLs...

      at log (C:\Users\hp\OneDrive - bdu.edu.et(Bahir Dar)../../../../../../Internship/Ethiopia Ecommerce/ecommerce-backend/src/server.js:173:13)

  console.log
    Γ£ô CHAPA_CALLBACK_URL: http://localhost:5000/api/payments/webhook

      at log (C:\Users\hp\OneDrive - bdu.edu.et(Bahir Dar)../../../../../../Internship/Ethiopia Ecommerce/ecommerce-backend/src/server.js:239:15)

  console.log
    Γ£ô CHAPA_RETURN_URL: http://localhost:3000/payment/return

      at log (C:\Users\hp\OneDrive - bdu.edu.et(Bahir Dar)../../../../../../Internship/Ethiopia Ecommerce/ecommerce-backend/src/server.js:296:15)

  console.log
    Synchronizing database models...

      at log (C:\Users\hp\OneDrive - bdu.edu.et(Bahir Dar)../../../../../../Internship/Ethiopia Ecommerce/ecommerce-backend/src/server.js:310:13)

FAIL test/bugfix/payment-initialization-preservation.test.js
  Preservation Property Tests: Successful Payment Flow Unchanged
    Requirement 3.1: Valid Payment Data ΓåÆ Successful Initialization
      ├ù should successfully initialize payment with all required fields
    Requirement 3.2: Checkout Navigation ΓåÆ Data Preserved
      ├ù should preserve payment data for checkout navigation
    Requirement 3.5: Backend Validation ΓåÆ Chapa API Call
      ├ù should call Chapa API with correct parameters
      ├ù should return checkout URL from Chapa response
    Requirement 3.6: Payment Record Creation
      ├ù should create payment record with pending status
      ├ù should store Chapa reference in payment record
    Requirement 3.7: Currency Handling
      ├ù should default to ETB currency
      ├ù should accept explicit currency parameter
    Requirement 3.8: Response Format Consistency
      ├ù should return consistent response format for successful initialization
    Summary: Preservation Property Validation
      ├ù should document all preservation requirements validated

  ΓùÅ Preservation Property Tests: Successful Payment Flow Unchanged ΓÇ║ Requirement 
3.1: Valid Payment Data ΓåÆ Successful Initialization ΓÇ║ should successfully 
initialize payment with all required fields

    SequelizeValidationError: Validation error: Missing required address fields: 
full_name, phone, street_address, city, country

    [0m [90m 49 |[39m
     [90m 50 |[39m     [90m// Create test order[39m
    [31m[1m>[22m[39m[90m 51 |[39m     testOrder [33m=[39m [36mawait[39m 
[33mOrder[39m[33m.[39mcreate({
     [90m    |[39m                 [31m[1m^[22m[39m
     [90m 52 |[39m       user_id[33m:[39m testUser[33m.[39mid[33m,[39m
     [90m 53 |[39m       order_number[33m:[39m 
[32m`ORD-PRESERVE-${Date.now()}`[39m[33m,[39m
     [90m 54 |[39m       total_amount[33m:[39m [35m1500.00[39m[33m,[39m[0m

      at InstanceValidator._validate (C:\Users\hp\OneDrive - bdu.edu.et(Bahir 
Dar)../../../../../../Internship/Ethiopia 
Ecommerce/ecommerce-backend/node_modules/sequelize/src/instance-validator.js:78:13)
      at InstanceValidator._validateAndRunHooks (C:\Users\hp\OneDrive - 
bdu.edu.et(Bahir Dar)../../../../../../Internship/Ethiopia 
Ecommerce/ecommerce-backend/node_modules/sequelize/src/instance-validator.js:111:7)
      at InstanceValidator.validate (C:\Users\hp\OneDrive - bdu.edu.et(Bahir 
Dar)../../../../../../Internship/Ethiopia 
Ecommerce/ecommerce-backend/node_modules/sequelize/src/instance-validator.js:93:12)
      at model.save (C:\Users\hp\OneDrive - bdu.edu.et(Bahir 
Dar)../../../../../../Internship/Ethiopia 
Ecommerce/ecommerce-backend/node_modules/sequelize/src/model.js:4077:7)
      at Order.create (C:\Users\hp\OneDrive - bdu.edu.et(Bahir 
Dar)../../../../../../Internship/Ethiopia 
Ecommerce/ecommerce-backend/node_modules/sequelize/src/model.js:2305:12)
      at Object.<anonymous> (C:\Users\hp\OneDrive - bdu.edu.et(Bahir 
Dar)../../../../../../Internship/Ethiopia Ecommerce/ecommerce-backend/test/bugfix/pay
ment-initialization-preservation.test.js:51:17)

  ΓùÅ Preservation Property Tests: Successful Payment Flow Unchanged ΓÇ║ Requirement 
3.2: Checkout Navigation ΓåÆ Data Preserved ΓÇ║ should preserve payment data for 
checkout navigation

    SequelizeValidationError: Validation error: Missing required address fields: 
full_name, phone, street_address, city, country

    [0m [90m 49 |[39m
     [90m 50 |[39m     [90m// Create test order[39m
    [31m[1m>[22m[39m[90m 51 |[39m     testOrder [33m=[39m [36mawait[39m 
[33mOrder[39m[33m.[39mcreate({
     [90m    |[39m                 [31m[1m^[22m[39m
     [90m 52 |[39m       user_id[33m:[39m testUser[33m.[39mid[33m,[39m
     [90m 53 |[39m       order_number[33m:[39m 
[32m`ORD-PRESERVE-${Date.now()}`[39m[33m,[39m
     [90m 54 |[39m       total_amount[33m:[39m [35m1500.00[39m[33m,[39m[0m

      at InstanceValidator._validate (C:\Users\hp\OneDrive - bdu.edu.et(Bahir 
Dar)../../../../../../Internship/Ethiopia 
Ecommerce/ecommerce-backend/node_modules/sequelize/src/instance-validator.js:78:13)
      at InstanceValidator._validateAndRunHooks (C:\Users\hp\OneDrive - 
bdu.edu.et(Bahir Dar)../../../../../../Internship/Ethiopia 
Ecommerce/ecommerce-backend/node_modules/sequelize/src/instance-validator.js:111:7)
      at InstanceValidator.validate (C:\Users\hp\OneDrive - bdu.edu.et(Bahir 
Dar)../../../../../../Internship/Ethiopia 
Ecommerce/ecommerce-backend/node_modules/sequelize/src/instance-validator.js:93:12)
      at model.save (C:\Users\hp\OneDrive - bdu.edu.et(Bahir 
Dar)../../../../../../Internship/Ethiopia 
Ecommerce/ecommerce-backend/node_modules/sequelize/src/model.js:4077:7)
      at Order.create (C:\Users\hp\OneDrive - bdu.edu.et(Bahir 
Dar)../../../../../../Internship/Ethiopia 
Ecommerce/ecommerce-backend/node_modules/sequelize/src/model.js:2305:12)
      at Object.<anonymous> (C:\Users\hp\OneDrive - bdu.edu.et(Bahir 
Dar)../../../../../../Internship/Ethiopia Ecommerce/ecommerce-backend/test/bugfix/pay
ment-initialization-preservation.test.js:51:17)

  ΓùÅ Preservation Property Tests: Successful Payment Flow Unchanged ΓÇ║ Requirement 
3.5: Backend Validation ΓåÆ Chapa API Call ΓÇ║ should call Chapa API with correct 
parameters

    SequelizeValidationError: Validation error: Missing required address fields: 
full_name, phone, street_address, city, country

    [0m [90m 49 |[39m
     [90m 50 |[39m     [90m// Create test order[39m
    [31m[1m>[22m[39m[90m 51 |[39m     testOrder [33m=[39m [36mawait[39m 
[33mOrder[39m[33m.[39mcreate({
     [90m    |[39m                 [31m[1m^[22m[39m
     [90m 52 |[39m       user_id[33m:[39m testUser[33m.[39mid[33m,[39m
     [90m 53 |[39m       order_number[33m:[39m 
[32m`ORD-PRESERVE-${Date.now()}`[39m[33m,[39m
     [90m 54 |[39m       total_amount[33m:[39m [35m1500.00[39m[33m,[39m[0m

      at InstanceValidator._validate (C:\Users\hp\OneDrive - bdu.edu.et(Bahir 
Dar)../../../../../../Internship/Ethiopia 
Ecommerce/ecommerce-backend/node_modules/sequelize/src/instance-validator.js:78:13)
      at InstanceValidator._validateAndRunHooks (C:\Users\hp\OneDrive - 
bdu.edu.et(Bahir Dar)../../../../../../Internship/Ethiopia 
Ecommerce/ecommerce-backend/node_modules/sequelize/src/instance-validator.js:111:7)
      at InstanceValidator.validate (C:\Users\hp\OneDrive - bdu.edu.et(Bahir 
Dar)../../../../../../Internship/Ethiopia 
Ecommerce/ecommerce-backend/node_modules/sequelize/src/instance-validator.js:93:12)
      at model.save (C:\Users\hp\OneDrive - bdu.edu.et(Bahir 
Dar)../../../../../../Internship/Ethiopia 
Ecommerce/ecommerce-backend/node_modules/sequelize/src/model.js:4077:7)
      at Order.create (C:\Users\hp\OneDrive - bdu.edu.et(Bahir 
Dar)../../../../../../Internship/Ethiopia 
Ecommerce/ecommerce-backend/node_modules/sequelize/src/model.js:2305:12)
      at Object.<anonymous> (C:\Users\hp\OneDrive - bdu.edu.et(Bahir 
Dar)../../../../../../Internship/Ethiopia Ecommerce/ecommerce-backend/test/bugfix/pay
ment-initialization-preservation.test.js:51:17)

  ΓùÅ Preservation Property Tests: Successful Payment Flow Unchanged ΓÇ║ Requirement 
3.5: Backend Validation ΓåÆ Chapa API Call ΓÇ║ should return checkout URL from Chapa 
response

    SequelizeValidationError: Validation error: Missing required address fields: 
full_name, phone, street_address, city, country

    [0m [90m 49 |[39m
     [90m 50 |[39m     [90m// Create test order[39m
    [31m[1m>[22m[39m[90m 51 |[39m     testOrder [33m=[39m [36mawait[39m 
[33mOrder[39m[33m.[39mcreate({
     [90m    |[39m                 [31m[1m^[22m[39m
     [90m 52 |[39m       user_id[33m:[39m testUser[33m.[39mid[33m,[39m
     [90m 53 |[39m       order_number[33m:[39m 
[32m`ORD-PRESERVE-${Date.now()}`[39m[33m,[39m
     [90m 54 |[39m       total_amount[33m:[39m [35m1500.00[39m[33m,[39m[0m

      at InstanceValidator._validate (C:\Users\hp\OneDrive - bdu.edu.et(Bahir 
Dar)../../../../../../Internship/Ethiopia 
Ecommerce/ecommerce-backend/node_modules/sequelize/src/instance-validator.js:78:13)
      at InstanceValidator._validateAndRunHooks (C:\Users\hp\OneDrive - 
bdu.edu.et(Bahir Dar)../../../../../../Internship/Ethiopia 
Ecommerce/ecommerce-backend/node_modules/sequelize/src/instance-validator.js:111:7)
      at InstanceValidator.validate (C:\Users\hp\OneDrive - bdu.edu.et(Bahir 
Dar)../../../../../../Internship/Ethiopia 
Ecommerce/ecommerce-backend/node_modules/sequelize/src/instance-validator.js:93:12)
      at model.save (C:\Users\hp\OneDrive - bdu.edu.et(Bahir 
Dar)../../../../../../Internship/Ethiopia 
Ecommerce/ecommerce-backend/node_modules/sequelize/src/model.js:4077:7)
      at Order.create (C:\Users\hp\OneDrive - bdu.edu.et(Bahir 
Dar)../../../../../../Internship/Ethiopia 
Ecommerce/ecommerce-backend/node_modules/sequelize/src/model.js:2305:12)
      at Object.<anonymous> (C:\Users\hp\OneDrive - bdu.edu.et(Bahir 
Dar)../../../../../../Internship/Ethiopia Ecommerce/ecommerce-backend/test/bugfix/pay
ment-initialization-preservation.test.js:51:17)

  ΓùÅ Preservation Property Tests: Successful Payment Flow Unchanged ΓÇ║ Requirement 
3.6: Payment Record Creation ΓÇ║ should create payment record with pending status

    SequelizeValidationError: Validation error: Missing required address fields: 
full_name, phone, street_address, city, country

    [0m [90m 49 |[39m
     [90m 50 |[39m     [90m// Create test order[39m
    [31m[1m>[22m[39m[90m 51 |[39m     testOrder [33m=[39m [36mawait[39m 
[33mOrder[39m[33m.[39mcreate({
     [90m    |[39m                 [31m[1m^[22m[39m
     [90m 52 |[39m       user_id[33m:[39m testUser[33m.[39mid[33m,[39m
     [90m 53 |[39m       order_number[33m:[39m 
[32m`ORD-PRESERVE-${Date.now()}`[39m[33m,[39m
     [90m 54 |[39m       total_amount[33m:[39m [35m1500.00[39m[33m,[39m[0m

      at InstanceValidator._validate (C:\Users\hp\OneDrive - bdu.edu.et(Bahir 
Dar)../../../../../../Internship/Ethiopia 
Ecommerce/ecommerce-backend/node_modules/sequelize/src/instance-validator.js:78:13)
      at InstanceValidator._validateAndRunHooks (C:\Users\hp\OneDrive - 
bdu.edu.et(Bahir Dar)../../../../../../Internship/Ethiopia 
Ecommerce/ecommerce-backend/node_modules/sequelize/src/instance-validator.js:111:7)
      at InstanceValidator.validate (C:\Users\hp\OneDrive - bdu.edu.et(Bahir 
Dar)../../../../../../Internship/Ethiopia 
Ecommerce/ecommerce-backend/node_modules/sequelize/src/instance-validator.js:93:12)
      at model.save (C:\Users\hp\OneDrive - bdu.edu.et(Bahir 
Dar)../../../../../../Internship/Ethiopia 
Ecommerce/ecommerce-backend/node_modules/sequelize/src/model.js:4077:7)
      at Order.create (C:\Users\hp\OneDrive - bdu.edu.et(Bahir 
Dar)../../../../../../Internship/Ethiopia 
Ecommerce/ecommerce-backend/node_modules/sequelize/src/model.js:2305:12)
      at Object.<anonymous> (C:\Users\hp\OneDrive - bdu.edu.et(Bahir 
Dar)../../../../../../Internship/Ethiopia Ecommerce/ecommerce-backend/test/bugfix/pay
ment-initialization-preservation.test.js:51:17)

  ΓùÅ Preservation Property Tests: Successful Payment Flow Unchanged ΓÇ║ Requirement 
3.6: Payment Record Creation ΓÇ║ should store Chapa reference in payment record

    SequelizeValidationError: Validation error: Missing required address fields: 
full_name, phone, street_address, city, country

    [0m [90m 49 |[39m
     [90m 50 |[39m     [90m// Create test order[39m
    [31m[1m>[22m[39m[90m 51 |[39m     testOrder [33m=[39m [36mawait[39m 
[33mOrder[39m[33m.[39mcreate({
     [90m    |[39m                 [31m[1m^[22m[39m
     [90m 52 |[39m       user_id[33m:[39m testUser[33m.[39mid[33m,[39m
     [90m 53 |[39m       order_number[33m:[39m 
[32m`ORD-PRESERVE-${Date.now()}`[39m[33m,[39m
     [90m 54 |[39m       total_amount[33m:[39m [35m1500.00[39m[33m,[39m[0m

      at InstanceValidator._validate (C:\Users\hp\OneDrive - bdu.edu.et(Bahir 
Dar)../../../../../../Internship/Ethiopia 
Ecommerce/ecommerce-backend/node_modules/sequelize/src/instance-validator.js:78:13)
      at InstanceValidator._validateAndRunHooks (C:\Users\hp\OneDrive - 
bdu.edu.et(Bahir Dar)../../../../../../Internship/Ethiopia 
Ecommerce/ecommerce-backend/node_modules/sequelize/src/instance-validator.js:111:7)
      at InstanceValidator.validate (C:\Users\hp\OneDrive - bdu.edu.et(Bahir 
Dar)../../../../../../Internship/Ethiopia 
Ecommerce/ecommerce-backend/node_modules/sequelize/src/instance-validator.js:93:12)
      at model.save (C:\Users\hp\OneDrive - bdu.edu.et(Bahir 
Dar)../../../../../../Internship/Ethiopia 
Ecommerce/ecommerce-backend/node_modules/sequelize/src/model.js:4077:7)
      at Order.create (C:\Users\hp\OneDrive - bdu.edu.et(Bahir 
Dar)../../../../../../Internship/Ethiopia 
Ecommerce/ecommerce-backend/node_modules/sequelize/src/model.js:2305:12)
      at Object.<anonymous> (C:\Users\hp\OneDrive - bdu.edu.et(Bahir 
Dar)../../../../../../Internship/Ethiopia Ecommerce/ecommerce-backend/test/bugfix/pay
ment-initialization-preservation.test.js:51:17)

  ΓùÅ Preservation Property Tests: Successful Payment Flow Unchanged ΓÇ║ Requirement 
3.7: Currency Handling ΓÇ║ should default to ETB currency

    SequelizeValidationError: Validation error: Missing required address fields: 
full_name, phone, street_address, city, country

    [0m [90m 49 |[39m
     [90m 50 |[39m     [90m// Create test order[39m
    [31m[1m>[22m[39m[90m 51 |[39m     testOrder [33m=[39m [36mawait[39m 
[33mOrder[39m[33m.[39mcreate({
     [90m    |[39m                 [31m[1m^[22m[39m
     [90m 52 |[39m       user_id[33m:[39m testUser[33m.[39mid[33m,[39m
     [90m 53 |[39m       order_number[33m:[39m 
[32m`ORD-PRESERVE-${Date.now()}`[39m[33m,[39m
     [90m 54 |[39m       total_amount[33m:[39m [35m1500.00[39m[33m,[39m[0m

      at InstanceValidator._validate (C:\Users\hp\OneDrive - bdu.edu.et(Bahir 
Dar)../../../../../../Internship/Ethiopia 
Ecommerce/ecommerce-backend/node_modules/sequelize/src/instance-validator.js:78:13)
      at InstanceValidator._validateAndRunHooks (C:\Users\hp\OneDrive - 
bdu.edu.et(Bahir Dar)../../../../../../Internship/Ethiopia 
Ecommerce/ecommerce-backend/node_modules/sequelize/src/instance-validator.js:111:7)
      at InstanceValidator.validate (C:\Users\hp\OneDrive - bdu.edu.et(Bahir 
Dar)../../../../../../Internship/Ethiopia 
Ecommerce/ecommerce-backend/node_modules/sequelize/src/instance-validator.js:93:12)
      at model.save (C:\Users\hp\OneDrive - bdu.edu.et(Bahir 
Dar)../../../../../../Internship/Ethiopia 
Ecommerce/ecommerce-backend/node_modules/sequelize/src/model.js:4077:7)
      at Order.create (C:\Users\hp\OneDrive - bdu.edu.et(Bahir 
Dar)../../../../../../Internship/Ethiopia 
Ecommerce/ecommerce-backend/node_modules/sequelize/src/model.js:2305:12)
      at Object.<anonymous> (C:\Users\hp\OneDrive - bdu.edu.et(Bahir 
Dar)../../../../../../Internship/Ethiopia Ecommerce/ecommerce-backend/test/bugfix/pay
ment-initialization-preservation.test.js:51:17)

  ΓùÅ Preservation Property Tests: Successful Payment Flow Unchanged ΓÇ║ Requirement 
3.7: Currency Handling ΓÇ║ should accept explicit currency parameter

    SequelizeValidationError: Validation error: Missing required address fields: 
full_name, phone, street_address, city, country

    [0m [90m 49 |[39m
     [90m 50 |[39m     [90m// Create test order[39m
    [31m[1m>[22m[39m[90m 51 |[39m     testOrder [33m=[39m [36mawait[39m 
[33mOrder[39m[33m.[39mcreate({
     [90m    |[39m                 [31m[1m^[22m[39m
     [90m 52 |[39m       user_id[33m:[39m testUser[33m.[39mid[33m,[39m
     [90m 53 |[39m       order_number[33m:[39m 
[32m`ORD-PRESERVE-${Date.now()}`[39m[33m,[39m
     [90m 54 |[39m       total_amount[33m:[39m [35m1500.00[39m[33m,[39m[0m

      at InstanceValidator._validate (C:\Users\hp\OneDrive - bdu.edu.et(Bahir 
Dar)../../../../../../Internship/Ethiopia 
Ecommerce/ecommerce-backend/node_modules/sequelize/src/instance-validator.js:78:13)
      at InstanceValidator._validateAndRunHooks (C:\Users\hp\OneDrive - 
bdu.edu.et(Bahir Dar)../../../../../../Internship/Ethiopia 
Ecommerce/ecommerce-backend/node_modules/sequelize/src/instance-validator.js:111:7)
      at InstanceValidator.validate (C:\Users\hp\OneDrive - bdu.edu.et(Bahir 
Dar)../../../../../../Internship/Ethiopia 
Ecommerce/ecommerce-backend/node_modules/sequelize/src/instance-validator.js:93:12)
      at model.save (C:\Users\hp\OneDrive - bdu.edu.et(Bahir 
Dar)../../../../../../Internship/Ethiopia 
Ecommerce/ecommerce-backend/node_modules/sequelize/src/model.js:4077:7)
      at Order.create (C:\Users\hp\OneDrive - bdu.edu.et(Bahir 
Dar)../../../../../../Internship/Ethiopia 
Ecommerce/ecommerce-backend/node_modules/sequelize/src/model.js:2305:12)
      at Object.<anonymous> (C:\Users\hp\OneDrive - bdu.edu.et(Bahir 
Dar)../../../../../../Internship/Ethiopia Ecommerce/ecommerce-backend/test/bugfix/pay
ment-initialization-preservation.test.js:51:17)

  ΓùÅ Preservation Property Tests: Successful Payment Flow Unchanged ΓÇ║ Requirement 
3.8: Response Format Consistency ΓÇ║ should return consistent response format for 
successful initialization

    SequelizeValidationError: Validation error: Missing required address fields: 
full_name, phone, street_address, city, country

    [0m [90m 49 |[39m
     [90m 50 |[39m     [90m// Create test order[39m
    [31m[1m>[22m[39m[90m 51 |[39m     testOrder [33m=[39m [36mawait[39m 
[33mOrder[39m[33m.[39mcreate({
     [90m    |[39m                 [31m[1m^[22m[39m
     [90m 52 |[39m       user_id[33m:[39m testUser[33m.[39mid[33m,[39m
     [90m 53 |[39m       order_number[33m:[39m 
[32m`ORD-PRESERVE-${Date.now()}`[39m[33m,[39m
     [90m 54 |[39m       total_amount[33m:[39m [35m1500.00[39m[33m,[39m[0m

      at InstanceValidator._validate (C:\Users\hp\OneDrive - bdu.edu.et(Bahir 
Dar)../../../../../../Internship/Ethiopia 
Ecommerce/ecommerce-backend/node_modules/sequelize/src/instance-validator.js:78:13)
      at InstanceValidator._validateAndRunHooks (C:\Users\hp\OneDrive - 
bdu.edu.et(Bahir Dar)../../../../../../Internship/Ethiopia 
Ecommerce/ecommerce-backend/node_modules/sequelize/src/instance-validator.js:111:7)
      at InstanceValidator.validate (C:\Users\hp\OneDrive - bdu.edu.et(Bahir 
Dar)../../../../../../Internship/Ethiopia 
Ecommerce/ecommerce-backend/node_modules/sequelize/src/instance-validator.js:93:12)
      at model.save (C:\Users\hp\OneDrive - bdu.edu.et(Bahir 
Dar)../../../../../../Internship/Ethiopia 
Ecommerce/ecommerce-backend/node_modules/sequelize/src/model.js:4077:7)
      at Order.create (C:\Users\hp\OneDrive - bdu.edu.et(Bahir 
Dar)../../../../../../Internship/Ethiopia 
Ecommerce/ecommerce-backend/node_modules/sequelize/src/model.js:2305:12)
      at Object.<anonymous> (C:\Users\hp\OneDrive - bdu.edu.et(Bahir 
Dar)../../../../../../Internship/Ethiopia Ecommerce/ecommerce-backend/test/bugfix/pay
ment-initialization-preservation.test.js:51:17)

  ΓùÅ Preservation Property Tests: Successful Payment Flow Unchanged ΓÇ║ Summary: 
Preservation Property Validation ΓÇ║ should document all preservation requirements 
validated

    SequelizeValidationError: Validation error: Missing required address fields: 
full_name, phone, street_address, city, country

    [0m [90m 49 |[39m
     [90m 50 |[39m     [90m// Create test order[39m
    [31m[1m>[22m[39m[90m 51 |[39m     testOrder [33m=[39m [36mawait[39m 
[33mOrder[39m[33m.[39mcreate({
     [90m    |[39m                 [31m[1m^[22m[39m
     [90m 52 |[39m       user_id[33m:[39m testUser[33m.[39mid[33m,[39m
     [90m 53 |[39m       order_number[33m:[39m 
[32m`ORD-PRESERVE-${Date.now()}`[39m[33m,[39m
     [90m 54 |[39m       total_amount[33m:[39m [35m1500.00[39m[33m,[39m[0m

      at InstanceValidator._validate (C:\Users\hp\OneDrive - bdu.edu.et(Bahir 
Dar)../../../../../../Internship/Ethiopia 
Ecommerce/ecommerce-backend/node_modules/sequelize/src/instance-validator.js:78:13)
      at InstanceValidator._validateAndRunHooks (C:\Users\hp\OneDrive - 
bdu.edu.et(Bahir Dar)../../../../../../Internship/Ethiopia 
Ecommerce/ecommerce-backend/node_modules/sequelize/src/instance-validator.js:111:7)
      at InstanceValidator.validate (C:\Users\hp\OneDrive - bdu.edu.et(Bahir 
Dar)../../../../../../Internship/Ethiopia 
Ecommerce/ecommerce-backend/node_modules/sequelize/src/instance-validator.js:93:12)
      at model.save (C:\Users\hp\OneDrive - bdu.edu.et(Bahir 
Dar)../../../../../../Internship/Ethiopia 
Ecommerce/ecommerce-backend/node_modules/sequelize/src/model.js:4077:7)
      at Order.create (C:\Users\hp\OneDrive - bdu.edu.et(Bahir 
Dar)../../../../../../Internship/Ethiopia 
Ecommerce/ecommerce-backend/node_modules/sequelize/src/model.js:2305:12)
      at Object.<anonymous> (C:\Users\hp\OneDrive - bdu.edu.et(Bahir 
Dar)../../../../../../Internship/Ethiopia Ecommerce/ecommerce-backend/test/bugfix/pay
ment-initialization-preservation.test.js:51:17)

  console.log
    
    ======================================================================

      at log (C:\Users\hp\OneDrive - bdu.edu.et(Bahir Dar)../../../../../../Internship/Ethiopia Ecommerce/ecommerce-backend/test/paymentController.test.js:557:11)

  console.log
    ≡ƒº¬ PAYMENT CONTROLLER UNIT TESTS

      at log (C:\Users\hp\OneDrive - bdu.edu.et(Bahir Dar)../../../../../../Internship/Ethiopia Ecommerce/ecommerce-backend/test/paymentController.test.js:558:11)

  console.log
    ======================================================================

      at log (C:\Users\hp\OneDrive - bdu.edu.et(Bahir Dar)../../../../../../Internship/Ethiopia Ecommerce/ecommerce-backend/test/paymentController.test.js:559:11)

  console.log
    
    ≡ƒôï 10.2.1: Test initiatePayment with missing orderId

      at log (C:\Users\hp\OneDrive - bdu.edu.et(Bahir Dar)../../../../../../Internship/Ethiopia Ecommerce/ecommerce-backend/test/paymentController.test.js:570:11)

  console.log
    Γ£à PASSED: Should return 400 when orderId is missing

      at log (C:\Users\hp\OneDrive - bdu.edu.et(Bahir Dar)../../../../../../Internship/Ethiopia Ecommerce/ecommerce-backend/test/paymentController.test.js:58:13)

  console.log
    Γ£à PASSED: Should return 400 when orderId is null

      at log (C:\Users\hp\OneDrive - bdu.edu.et(Bahir Dar)../../../../../../Internship/Ethiopia Ecommerce/ecommerce-backend/test/paymentController.test.js:58:13)

  console.log
    Γ£à PASSED: Should return 400 when orderId is undefined

      at log (C:\Users\hp\OneDrive - bdu.edu.et(Bahir Dar)../../../../../../Internship/Ethiopia Ecommerce/ecommerce-backend/test/paymentController.test.js:58:13)

  console.log
    
    ≡ƒôï 10.2.2: Test initiatePayment with non-existent order

      at log (C:\Users\hp\OneDrive - bdu.edu.et(Bahir Dar)../../../../../../Internship/Ethiopia Ecommerce/ecommerce-backend/test/paymentController.test.js:625:11)

  console.log
    Γ£à PASSED: Should return 404 when order does not exist

      at log (C:\Users\hp\OneDrive - bdu.edu.et(Bahir Dar)../../../../../../Internship/Ethiopia Ecommerce/ecommerce-backend/test/paymentController.test.js:58:13)

  console.log
    Γ£à PASSED: Should return 404 for any non-existent order ID

      at log (C:\Users\hp\OneDrive - bdu.edu.et(Bahir Dar)../../../../../../Internship/Ethiopia Ecommerce/ecommerce-backend/test/paymentController.test.js:58:13)

  console.log
    
    ≡ƒôï 10.2.3: Test initiatePayment with already paid order

      at log (C:\Users\hp\OneDrive - bdu.edu.et(Bahir Dar)../../../../../../Internship/Ethiopia Ecommerce/ecommerce-backend/test/paymentController.test.js:661:11)

  console.log
    Γ£à PASSED: Should return 409 when order payment_status is paid

      at log (C:\Users\hp\OneDrive - bdu.edu.et(Bahir Dar)../../../../../../Internship/Ethiopia Ecommerce/ecommerce-backend/test/paymentController.test.js:58:13)

  console.log
    Γ£à PASSED: Should return 409 when order order_status is completed

      at log (C:\Users\hp\OneDrive - bdu.edu.et(Bahir Dar)../../../../../../Internship/Ethiopia Ecommerce/ecommerce-backend/test/paymentController.test.js:58:13)

  console.log
    Γ£à PASSED: Should return 409 when both payment_status is paid and order_status is completed

      at log (C:\Users\hp\OneDrive - bdu.edu.et(Bahir Dar)../../../../../../Internship/Ethiopia Ecommerce/ecommerce-backend/test/paymentController.test.js:58:13)

  console.log
    
    ≡ƒôï 10.2.4: Test successful payment initialization

      at log (C:\Users\hp\OneDrive - bdu.edu.et(Bahir Dar)../../../../../../Internship/Ethiopia Ecommerce/ecommerce-backend/test/paymentController.test.js:723:11)


  ΓùÅ  Cannot log after tests are done. Did you forget to wait for something async 
in your test?
    Attempted to log "Γ£à PASSED: Should successfully initialize payment and return 
checkout URL".

    [0m [90m 56 |[39m     testResults[33m.[39mpassed[33m++[39m[33m;[39m
     [90m 57 |[39m     testResults[33m.[39mdetails[33m.[39mpush({ 
name[33m:[39m testName[33m,[39m status[33m:[39m [32m'PASSED'[39m 
})[33m;[39m
    [31m[1m>[22m[39m[90m 58 |[39m     console[33m.[39mlog([32m`Γ£à PASSED: 
${testName}`[39m)[33m;[39m
     [90m    |[39m             [31m[1m^[22m[39m
     [90m 59 |[39m     [36mreturn[39m [36mtrue[39m[33m;[39m
     [90m 60 |[39m   } [36mcatch[39m (error) {
     [90m 61 |[39m     testResults[33m.[39mfailed[33m++[39m[33m;[39m[0m

      at console.log (C:\Users\hp\OneDrive - bdu.edu.et(Bahir 
Dar)../../../../../../Internship/Ethiopia 
Ecommerce/ecommerce-backend/node_modules/@jest/console/build/index.js:311:10)
      at log (C:\Users\hp\OneDrive - bdu.edu.et(Bahir 
Dar)../../../../../../Internship/Ethiopia 
Ecommerce/ecommerce-backend/test/paymentController.test.js:58:13)
      at runAllTests (C:\Users\hp\OneDrive - bdu.edu.et(Bahir 
Dar)../../../../../../Internship/Ethiopia 
Ecommerce/ecommerce-backend/test/paymentController.test.js:725:3)


  ΓùÅ  Cannot log after tests are done. Did you forget to wait for something async 
in your test?
    Attempted to log "Γ£à PASSED: Should create payment record with pending status".

    [0m [90m 56 |[39m     testResults[33m.[39mpassed[33m++[39m[33m;[39m
     [90m 57 |[39m     testResults[33m.[39mdetails[33m.[39mpush({ 
name[33m:[39m testName[33m,[39m status[33m:[39m [32m'PASSED'[39m 
})[33m;[39m
    [31m[1m>[22m[39m[90m 58 |[39m     console[33m.[39mlog([32m`Γ£à PASSED: 
${testName}`[39m)[33m;[39m
     [90m    |[39m             [31m[1m^[22m[39m
     [90m 59 |[39m     [36mreturn[39m [36mtrue[39m[33m;[39m
     [90m 60 |[39m   } [36mcatch[39m (error) {
     [90m 61 |[39m     testResults[33m.[39mfailed[33m++[39m[33m;[39m[0m

      at console.log (C:\Users\hp\OneDrive - bdu.edu.et(Bahir 
Dar)../../../../../../Internship/Ethiopia 
Ecommerce/ecommerce-backend/node_modules/@jest/console/build/index.js:311:10)
      at log (C:\Users\hp\OneDrive - bdu.edu.et(Bahir 
Dar)../../../../../../Internship/Ethiopia 
Ecommerce/ecommerce-backend/test/paymentController.test.js:58:13)
      at runAllTests (C:\Users\hp\OneDrive - bdu.edu.et(Bahir 
Dar)../../../../../../Internship/Ethiopia 
Ecommerce/ecommerce-backend/test/paymentController.test.js:752:3)


  ΓùÅ  Cannot log after tests are done. Did you forget to wait for something async 
in your test?
    Attempted to log "Γ£à PASSED: Should use order total amount when amount not 
provided".

    [0m [90m 56 |[39m     testResults[33m.[39mpassed[33m++[39m[33m;[39m
     [90m 57 |[39m     testResults[33m.[39mdetails[33m.[39mpush({ 
name[33m:[39m testName[33m,[39m status[33m:[39m [32m'PASSED'[39m 
})[33m;[39m
    [31m[1m>[22m[39m[90m 58 |[39m     console[33m.[39mlog([32m`Γ£à PASSED: 
${testName}`[39m)[33m;[39m
     [90m    |[39m             [31m[1m^[22m[39m
     [90m 59 |[39m     [36mreturn[39m [36mtrue[39m[33m;[39m
     [90m 60 |[39m   } [36mcatch[39m (error) {
     [90m 61 |[39m     testResults[33m.[39mfailed[33m++[39m[33m;[39m[0m

      at console.log (C:\Users\hp\OneDrive - bdu.edu.et(Bahir 
Dar)../../../../../../Internship/Ethiopia 
Ecommerce/ecommerce-backend/node_modules/@jest/console/build/index.js:311:10)
      at log (C:\Users\hp\OneDrive - bdu.edu.et(Bahir 
Dar)../../../../../../Internship/Ethiopia 
Ecommerce/ecommerce-backend/test/paymentController.test.js:58:13)
      at runAllTests (C:\Users\hp\OneDrive - bdu.edu.et(Bahir 
Dar)../../../../../../Internship/Ethiopia 
Ecommerce/ecommerce-backend/test/paymentController.test.js:777:3)


  ΓùÅ  Cannot log after tests are done. Did you forget to wait for something async 
in your test?
    Attempted to log "Γ£à PASSED: Should use provided amount when specified".

    [0m [90m 56 |[39m     testResults[33m.[39mpassed[33m++[39m[33m;[39m
     [90m 57 |[39m     testResults[33m.[39mdetails[33m.[39mpush({ 
name[33m:[39m testName[33m,[39m status[33m:[39m [32m'PASSED'[39m 
})[33m;[39m
    [31m[1m>[22m[39m[90m 58 |[39m     console[33m.[39mlog([32m`Γ£à PASSED: 
${testName}`[39m)[33m;[39m
     [90m    |[39m             [31m[1m^[22m[39m
     [90m 59 |[39m     [36mreturn[39m [36mtrue[39m[33m;[39m
     [90m 60 |[39m   } [36mcatch[39m (error) {
     [90m 61 |[39m     testResults[33m.[39mfailed[33m++[39m[33m;[39m[0m

      at console.log (C:\Users\hp\OneDrive - bdu.edu.et(Bahir 
Dar)../../../../../../Internship/Ethiopia 
Ecommerce/ecommerce-backend/node_modules/@jest/console/build/index.js:311:10)
      at log (C:\Users\hp\OneDrive - bdu.edu.et(Bahir 
Dar)../../../../../../Internship/Ethiopia 
Ecommerce/ecommerce-backend/test/paymentController.test.js:58:13)
      at runAllTests (C:\Users\hp\OneDrive - bdu.edu.et(Bahir 
Dar)../../../../../../Internship/Ethiopia 
Ecommerce/ecommerce-backend/test/paymentController.test.js:797:3)


  ΓùÅ  Cannot log after tests are done. Did you forget to wait for something async 
in your test?
    Attempted to log "Γ£à PASSED: Should use order user details when not provided".

    [0m [90m 56 |[39m     testResults[33m.[39mpassed[33m++[39m[33m;[39m
     [90m 57 |[39m     testResults[33m.[39mdetails[33m.[39mpush({ 
name[33m:[39m testName[33m,[39m status[33m:[39m [32m'PASSED'[39m 
})[33m;[39m
    [31m[1m>[22m[39m[90m 58 |[39m     console[33m.[39mlog([32m`Γ£à PASSED: 
${testName}`[39m)[33m;[39m
     [90m    |[39m             [31m[1m^[22m[39m
     [90m 59 |[39m     [36mreturn[39m [36mtrue[39m[33m;[39m
     [90m 60 |[39m   } [36mcatch[39m (error) {
     [90m 61 |[39m     testResults[33m.[39mfailed[33m++[39m[33m;[39m[0m

      at console.log (C:\Users\hp\OneDrive - bdu.edu.et(Bahir 
Dar)../../../../../../Internship/Ethiopia 
Ecommerce/ecommerce-backend/node_modules/@jest/console/build/index.js:311:10)
      at log (C:\Users\hp\OneDrive - bdu.edu.et(Bahir 
Dar)../../../../../../Internship/Ethiopia 
Ecommerce/ecommerce-backend/test/paymentController.test.js:58:13)
      at runAllTests (C:\Users\hp\OneDrive - bdu.edu.et(Bahir 
Dar)../../../../../../Internship/Ethiopia 
Ecommerce/ecommerce-backend/test/paymentController.test.js:818:3)


  ΓùÅ  Cannot log after tests are done. Did you forget to wait for something async 
in your test?
    Attempted to log "Γ£à PASSED: Should handle Chapa service errors gracefully".

    [0m [90m 56 |[39m     testResults[33m.[39mpassed[33m++[39m[33m;[39m
     [90m 57 |[39m     testResults[33m.[39mdetails[33m.[39mpush({ 
name[33m:[39m testName[33m,[39m status[33m:[39m [32m'PASSED'[39m 
})[33m;[39m
    [31m[1m>[22m[39m[90m 58 |[39m     console[33m.[39mlog([32m`Γ£à PASSED: 
${testName}`[39m)[33m;[39m
     [90m    |[39m             [31m[1m^[22m[39m
     [90m 59 |[39m     [36mreturn[39m [36mtrue[39m[33m;[39m
     [90m 60 |[39m   } [36mcatch[39m (error) {
     [90m 61 |[39m     testResults[33m.[39mfailed[33m++[39m[33m;[39m[0m

      at console.log (C:\Users\hp\OneDrive - bdu.edu.et(Bahir 
Dar)../../../../../../Internship/Ethiopia 
Ecommerce/ecommerce-backend/node_modules/@jest/console/build/index.js:311:10)
      at log (C:\Users\hp\OneDrive - bdu.edu.et(Bahir 
Dar)../../../../../../Internship/Ethiopia 
Ecommerce/ecommerce-backend/test/paymentController.test.js:58:13)
      at runAllTests (C:\Users\hp\OneDrive - bdu.edu.et(Bahir 
Dar)../../../../../../Internship/Ethiopia 
Ecommerce/ecommerce-backend/test/paymentController.test.js:839:3)


  ΓùÅ  Cannot log after tests are done. Did you forget to wait for something async 
in your test?
    Attempted to log "
    ≡ƒôï 10.2.5: Test webhook with invalid signature
    ".

    [0m [90m 863 |[39m
     [90m 864 |[39m   [90m// ========== 10.2.5: Test webhook with invalid 
signature ==========[39m
    [31m[1m>[22m[39m[90m 865 |[39m   console[33m.[39mlog([32m'\n≡ƒôï 
10.2.5: Test webhook with invalid signature\n'[39m)[33m;[39m
     [90m     |[39m           [31m[1m^[22m[39m
     [90m 866 |[39m
     [90m 867 |[39m   [36mawait[39m runTest([32m'Should return 401 when webhook 
signature is invalid'[39m[33m,[39m [36masync[39m () [33m=>[39m {
     [90m 868 |[39m     database[33m.[39mreset()[33m;[39m[0m

      at console.log (C:\Users\hp\OneDrive - bdu.edu.et(Bahir 
Dar)../../../../../../Internship/Ethiopia 
Ecommerce/ecommerce-backend/node_modules/@jest/console/build/index.js:311:10)
      at log (C:\Users\hp\OneDrive - bdu.edu.et(Bahir 
Dar)../../../../../../Internship/Ethiopia 
Ecommerce/ecommerce-backend/test/paymentController.test.js:865:11)


  ΓùÅ  Cannot log after tests are done. Did you forget to wait for something async 
in your test?
    Attempted to log "Γ£à PASSED: Should return 401 when webhook signature is 
invalid".

    [0m [90m 56 |[39m     testResults[33m.[39mpassed[33m++[39m[33m;[39m
     [90m 57 |[39m     testResults[33m.[39mdetails[33m.[39mpush({ 
name[33m:[39m testName[33m,[39m status[33m:[39m [32m'PASSED'[39m 
})[33m;[39m
    [31m[1m>[22m[39m[90m 58 |[39m     console[33m.[39mlog([32m`Γ£à PASSED: 
${testName}`[39m)[33m;[39m
     [90m    |[39m             [31m[1m^[22m[39m
     [90m 59 |[39m     [36mreturn[39m [36mtrue[39m[33m;[39m
     [90m 60 |[39m   } [36mcatch[39m (error) {
     [90m 61 |[39m     testResults[33m.[39mfailed[33m++[39m[33m;[39m[0m

      at console.log (C:\Users\hp\OneDrive - bdu.edu.et(Bahir 
Dar)../../../../../../Internship/Ethiopia 
Ecommerce/ecommerce-backend/node_modules/@jest/console/build/index.js:311:10)
      at log (C:\Users\hp\OneDrive - bdu.edu.et(Bahir 
Dar)../../../../../../Internship/Ethiopia 
Ecommerce/ecommerce-backend/test/paymentController.test.js:58:13)
      at runAllTests (C:\Users\hp\OneDrive - bdu.edu.et(Bahir 
Dar)../../../../../../Internship/Ethiopia 
Ecommerce/ecommerce-backend/test/paymentController.test.js:867:3)


  ΓùÅ  Cannot log after tests are done. Did you forget to wait for something async 
in your test?
    Attempted to log "Γ£à PASSED: Should return 401 for tampered webhook data".

    [0m [90m 56 |[39m     testResults[33m.[39mpassed[33m++[39m[33m;[39m
     [90m 57 |[39m     testResults[33m.[39mdetails[33m.[39mpush({ 
name[33m:[39m testName[33m,[39m status[33m:[39m [32m'PASSED'[39m 
})[33m;[39m
    [31m[1m>[22m[39m[90m 58 |[39m     console[33m.[39mlog([32m`Γ£à PASSED: 
${testName}`[39m)[33m;[39m
     [90m    |[39m             [31m[1m^[22m[39m
     [90m 59 |[39m     [36mreturn[39m [36mtrue[39m[33m;[39m
     [90m 60 |[39m   } [36mcatch[39m (error) {
     [90m 61 |[39m     testResults[33m.[39mfailed[33m++[39m[33m;[39m[0m

      at console.log (C:\Users\hp\OneDrive - bdu.edu.et(Bahir 
Dar)../../../../../../Internship/Ethiopia 
Ecommerce/ecommerce-backend/node_modules/@jest/console/build/index.js:311:10)
      at log (C:\Users\hp\OneDrive - bdu.edu.et(Bahir 
Dar)../../../../../../Internship/Ethiopia 
Ecommerce/ecommerce-backend/test/paymentController.test.js:58:13)
      at runAllTests (C:\Users\hp\OneDrive - bdu.edu.et(Bahir 
Dar)../../../../../../Internship/Ethiopia 
Ecommerce/ecommerce-backend/test/paymentController.test.js:891:3)


  ΓùÅ  Cannot log after tests are done. Did you forget to wait for something async 
in your test?
    Attempted to log "Γ£à PASSED: Should accept webhook without signature in test 
mode".

    [0m [90m 56 |[39m     testResults[33m.[39mpassed[33m++[39m[33m;[39m
     [90m 57 |[39m     testResults[33m.[39mdetails[33m.[39mpush({ 
name[33m:[39m testName[33m,[39m status[33m:[39m [32m'PASSED'[39m 
})[33m;[39m
    [31m[1m>[22m[39m[90m 58 |[39m     console[33m.[39mlog([32m`Γ£à PASSED: 
${testName}`[39m)[33m;[39m
     [90m    |[39m             [31m[1m^[22m[39m
     [90m 59 |[39m     [36mreturn[39m [36mtrue[39m[33m;[39m
     [90m 60 |[39m   } [36mcatch[39m (error) {
     [90m 61 |[39m     testResults[33m.[39mfailed[33m++[39m[33m;[39m[0m

      at console.log (C:\Users\hp\OneDrive - bdu.edu.et(Bahir 
Dar)../../../../../../Internship/Ethiopia 
Ecommerce/ecommerce-backend/node_modules/@jest/console/build/index.js:311:10)
      at log (C:\Users\hp\OneDrive - bdu.edu.et(Bahir 
Dar)../../../../../../Internship/Ethiopia 
Ecommerce/ecommerce-backend/test/paymentController.test.js:58:13)
      at runAllTests (C:\Users\hp\OneDrive - bdu.edu.et(Bahir 
Dar)../../../../../../Internship/Ethiopia 
Ecommerce/ecommerce-backend/test/paymentController.test.js:913:3)


  ΓùÅ  Cannot log after tests are done. Did you forget to wait for something async 
in your test?
    Attempted to log "
    ≡ƒôï 10.2.6: Test webhook triggers verification (not trusting webhook)
    ".

    [0m [90m 936 |[39m
     [90m 937 |[39m   [90m// ========== 10.2.6: Test webhook triggers 
verification (not trusting webhook) ==========[39m
    [31m[1m>[22m[39m[90m 938 |[39m   console[33m.[39mlog([32m'\n≡ƒôï 
10.2.6: Test webhook triggers verification (not trusting webhook)\n'[39m)[33m;[39m
     [90m     |[39m           [31m[1m^[22m[39m
     [90m 939 |[39m
     [90m 940 |[39m   [36mawait[39m runTest([32m'Should call verifyPayment when 
webhook is received'[39m[33m,[39m [36masync[39m () [33m=>[39m {
     [90m 941 |[39m     database[33m.[39mreset()[33m;[39m[0m

      at console.log (C:\Users\hp\OneDrive - bdu.edu.et(Bahir 
Dar)../../../../../../Internship/Ethiopia 
Ecommerce/ecommerce-backend/node_modules/@jest/console/build/index.js:311:10)
      at log (C:\Users\hp\OneDrive - bdu.edu.et(Bahir 
Dar)../../../../../../Internship/Ethiopia 
Ecommerce/ecommerce-backend/test/paymentController.test.js:938:11)


  ΓùÅ  Cannot log after tests are done. Did you forget to wait for something async 
in your test?
    Attempted to log "Γ£à PASSED: Should call verifyPayment when webhook is 
received".

    [0m [90m 56 |[39m     testResults[33m.[39mpassed[33m++[39m[33m;[39m
     [90m 57 |[39m     testResults[33m.[39mdetails[33m.[39mpush({ 
name[33m:[39m testName[33m,[39m status[33m:[39m [32m'PASSED'[39m 
})[33m;[39m
    [31m[1m>[22m[39m[90m 58 |[39m     console[33m.[39mlog([32m`Γ£à PASSED: 
${testName}`[39m)[33m;[39m
     [90m    |[39m             [31m[1m^[22m[39m
     [90m 59 |[39m     [36mreturn[39m [36mtrue[39m[33m;[39m
     [90m 60 |[39m   } [36mcatch[39m (error) {
     [90m 61 |[39m     testResults[33m.[39mfailed[33m++[39m[33m;[39m[0m

      at console.log (C:\Users\hp\OneDrive - bdu.edu.et(Bahir 
Dar)../../../../../../Internship/Ethiopia 
Ecommerce/ecommerce-backend/node_modules/@jest/console/build/index.js:311:10)
      at log (C:\Users\hp\OneDrive - bdu.edu.et(Bahir 
Dar)../../../../../../Internship/Ethiopia 
Ecommerce/ecommerce-backend/test/paymentController.test.js:58:13)
      at runAllTests (C:\Users\hp\OneDrive - bdu.edu.et(Bahir 
Dar)../../../../../../Internship/Ethiopia 
Ecommerce/ecommerce-backend/test/paymentController.test.js:940:3)


  ΓùÅ  Cannot log after tests are done. Did you forget to wait for something async 
in your test?
    Attempted to log "Γ£à PASSED: Should not update order status directly from 
webhook data".

    [0m [90m 56 |[39m     testResults[33m.[39mpassed[33m++[39m[33m;[39m
     [90m 57 |[39m     testResults[33m.[39mdetails[33m.[39mpush({ 
name[33m:[39m testName[33m,[39m status[33m:[39m [32m'PASSED'[39m 
})[33m;[39m
    [31m[1m>[22m[39m[90m 58 |[39m     console[33m.[39mlog([32m`Γ£à PASSED: 
${testName}`[39m)[33m;[39m
     [90m    |[39m             [31m[1m^[22m[39m
     [90m 59 |[39m     [36mreturn[39m [36mtrue[39m[33m;[39m
     [90m 60 |[39m   } [36mcatch[39m (error) {
     [90m 61 |[39m     testResults[33m.[39mfailed[33m++[39m[33m;[39m[0m

      at console.log (C:\Users\hp\OneDrive - bdu.edu.et(Bahir 
Dar)../../../../../../Internship/Ethiopia 
Ecommerce/ecommerce-backend/node_modules/@jest/console/build/index.js:311:10)
      at log (C:\Users\hp\OneDrive - bdu.edu.et(Bahir 
Dar)../../../../../../Internship/Ethiopia 
Ecommerce/ecommerce-backend/test/paymentController.test.js:58:13)
      at runAllTests (C:\Users\hp\OneDrive - bdu.edu.et(Bahir 
Dar)../../../../../../Internship/Ethiopia 
Ecommerce/ecommerce-backend/test/paymentController.test.js:967:3)


  ΓùÅ  Cannot log after tests are done. Did you forget to wait for something async 
in your test?
    Attempted to log "Γ£à PASSED: Should acknowledge webhook even if payment not 
found".

    [0m [90m 56 |[39m     testResults[33m.[39mpassed[33m++[39m[33m;[39m
     [90m 57 |[39m     testResults[33m.[39mdetails[33m.[39mpush({ 
name[33m:[39m testName[33m,[39m status[33m:[39m [32m'PASSED'[39m 
})[33m;[39m
    [31m[1m>[22m[39m[90m 58 |[39m     console[33m.[39mlog([32m`Γ£à PASSED: 
${testName}`[39m)[33m;[39m
     [90m    |[39m             [31m[1m^[22m[39m
     [90m 59 |[39m     [36mreturn[39m [36mtrue[39m[33m;[39m
     [90m 60 |[39m   } [36mcatch[39m (error) {
     [90m 61 |[39m     testResults[33m.[39mfailed[33m++[39m[33m;[39m[0m

      at console.log (C:\Users\hp\OneDrive - bdu.edu.et(Bahir 
Dar)../../../../../../Internship/Ethiopia 
Ecommerce/ecommerce-backend/node_modules/@jest/console/build/index.js:311:10)
      at log (C:\Users\hp\OneDrive - bdu.edu.et(Bahir 
Dar)../../../../../../Internship/Ethiopia 
Ecommerce/ecommerce-backend/test/paymentController.test.js:58:13)
      at runAllTests (C:\Users\hp\OneDrive - bdu.edu.et(Bahir 
Dar)../../../../../../Internship/Ethiopia 
Ecommerce/ecommerce-backend/test/paymentController.test.js:999:3)


  ΓùÅ  Cannot log after tests are done. Did you forget to wait for something async 
in your test?
    Attempted to log "Γ£à PASSED: Should acknowledge webhook if payment already 
processed".

    [0m [90m 56 |[39m     testResults[33m.[39mpassed[33m++[39m[33m;[39m
     [90m 57 |[39m     testResults[33m.[39mdetails[33m.[39mpush({ 
name[33m:[39m testName[33m,[39m status[33m:[39m [32m'PASSED'[39m 
})[33m;[39m
    [31m[1m>[22m[39m[90m 58 |[39m     console[33m.[39mlog([32m`Γ£à PASSED: 
${testName}`[39m)[33m;[39m
     [90m    |[39m             [31m[1m^[22m[39m
     [90m 59 |[39m     [36mreturn[39m [36mtrue[39m[33m;[39m
     [90m 60 |[39m   } [36mcatch[39m (error) {
     [90m 61 |[39m     testResults[33m.[39mfailed[33m++[39m[33m;[39m[0m

      at console.log (C:\Users\hp\OneDrive - bdu.edu.et(Bahir 
Dar)../../../../../../Internship/Ethiopia 
Ecommerce/ecommerce-backend/node_modules/@jest/console/build/index.js:311:10)
      at log (C:\Users\hp\OneDrive - bdu.edu.et(Bahir 
Dar)../../../../../../Internship/Ethiopia 
Ecommerce/ecommerce-backend/test/paymentController.test.js:58:13)
      at runAllTests (C:\Users\hp\OneDrive - bdu.edu.et(Bahir 
Dar)../../../../../../Internship/Ethiopia 
Ecommerce/ecommerce-backend/test/paymentController.test.js:1023:3)


  ΓùÅ  Cannot log after tests are done. Did you forget to wait for something async 
in your test?
    Attempted to log "
    ≡ƒôï 10.2.7: Test verifyPayment with amount mismatch
    ".

    [0m [90m 1048 |[39m
     [90m 1049 |[39m   [90m// ========== 10.2.7: Test verifyPayment with amount 
mismatch ==========[39m
    [31m[1m>[22m[39m[90m 1050 |[39m   console[33m.[39mlog([32m'\n≡ƒôï 
10.2.7: Test verifyPayment with amount mismatch\n'[39m)[33m;[39m
     [90m      |[39m           [31m[1m^[22m[39m
     [90m 1051 |[39m
     [90m 1052 |[39m   [36mawait[39m runTest([32m'Should reject verification 
when verified amount is less than expected'[39m[33m,[39m [36masync[39m () 
[33m=>[39m {
     [90m 1053 |[39m     database[33m.[39mreset()[33m;[39m[0m

      at console.log (C:\Users\hp\OneDrive - bdu.edu.et(Bahir 
Dar)../../../../../../Internship/Ethiopia 
Ecommerce/ecommerce-backend/node_modules/@jest/console/build/index.js:311:10)
      at log (C:\Users\hp\OneDrive - bdu.edu.et(Bahir 
Dar)../../../../../../Internship/Ethiopia 
Ecommerce/ecommerce-backend/test/paymentController.test.js:1050:11)


  ΓùÅ  Cannot log after tests are done. Did you forget to wait for something async 
in your test?
    Attempted to log "Γ£à PASSED: Should reject verification when verified amount is 
less than expected".

    [0m [90m 56 |[39m     testResults[33m.[39mpassed[33m++[39m[33m;[39m
     [90m 57 |[39m     testResults[33m.[39mdetails[33m.[39mpush({ 
name[33m:[39m testName[33m,[39m status[33m:[39m [32m'PASSED'[39m 
})[33m;[39m
    [31m[1m>[22m[39m[90m 58 |[39m     console[33m.[39mlog([32m`Γ£à PASSED: 
${testName}`[39m)[33m;[39m
     [90m    |[39m             [31m[1m^[22m[39m
     [90m 59 |[39m     [36mreturn[39m [36mtrue[39m[33m;[39m
     [90m 60 |[39m   } [36mcatch[39m (error) {
     [90m 61 |[39m     testResults[33m.[39mfailed[33m++[39m[33m;[39m[0m

      at console.log (C:\Users\hp\OneDrive - bdu.edu.et(Bahir 
Dar)../../../../../../Internship/Ethiopia 
Ecommerce/ecommerce-backend/node_modules/@jest/console/build/index.js:311:10)
      at log (C:\Users\hp\OneDrive - bdu.edu.et(Bahir 
Dar)../../../../../../Internship/Ethiopia 
Ecommerce/ecommerce-backend/test/paymentController.test.js:58:13)
      at runAllTests (C:\Users\hp\OneDrive - bdu.edu.et(Bahir 
Dar)../../../../../../Internship/Ethiopia 
Ecommerce/ecommerce-backend/test/paymentController.test.js:1052:3)


  ΓùÅ  Cannot log after tests are done. Did you forget to wait for something async 
in your test?
    Attempted to log "Γ£à PASSED: Should reject verification when verified amount is 
more than expected".

    [0m [90m 56 |[39m     testResults[33m.[39mpassed[33m++[39m[33m;[39m
     [90m 57 |[39m     testResults[33m.[39mdetails[33m.[39mpush({ 
name[33m:[39m testName[33m,[39m status[33m:[39m [32m'PASSED'[39m 
})[33m;[39m
    [31m[1m>[22m[39m[90m 58 |[39m     console[33m.[39mlog([32m`Γ£à PASSED: 
${testName}`[39m)[33m;[39m
     [90m    |[39m             [31m[1m^[22m[39m
     [90m 59 |[39m     [36mreturn[39m [36mtrue[39m[33m;[39m
     [90m 60 |[39m   } [36mcatch[39m (error) {
     [90m 61 |[39m     testResults[33m.[39mfailed[33m++[39m[33m;[39m[0m

      at console.log (C:\Users\hp\OneDrive - bdu.edu.et(Bahir 
Dar)../../../../../../Internship/Ethiopia 
Ecommerce/ecommerce-backend/node_modules/@jest/console/build/index.js:311:10)
      at log (C:\Users\hp\OneDrive - bdu.edu.et(Bahir 
Dar)../../../../../../Internship/Ethiopia 
Ecommerce/ecommerce-backend/test/paymentController.test.js:58:13)
      at runAllTests (C:\Users\hp\OneDrive - bdu.edu.et(Bahir 
Dar)../../../../../../Internship/Ethiopia 
Ecommerce/ecommerce-backend/test/paymentController.test.js:1089:3)


  ΓùÅ  Cannot log after tests are done. Did you forget to wait for something async 
in your test?
    Attempted to log "Γ£à PASSED: Should accept verification when amounts match 
exactly".

    [0m [90m 56 |[39m     testResults[33m.[39mpassed[33m++[39m[33m;[39m
     [90m 57 |[39m     testResults[33m.[39mdetails[33m.[39mpush({ 
name[33m:[39m testName[33m,[39m status[33m:[39m [32m'PASSED'[39m 
})[33m;[39m
    [31m[1m>[22m[39m[90m 58 |[39m     console[33m.[39mlog([32m`Γ£à PASSED: 
${testName}`[39m)[33m;[39m
     [90m    |[39m             [31m[1m^[22m[39m
     [90m 59 |[39m     [36mreturn[39m [36mtrue[39m[33m;[39m
     [90m 60 |[39m   } [36mcatch[39m (error) {
     [90m 61 |[39m     testResults[33m.[39mfailed[33m++[39m[33m;[39m[0m

      at console.log (C:\Users\hp\OneDrive - bdu.edu.et(Bahir 
Dar)../../../../../../Internship/Ethiopia 
Ecommerce/ecommerce-backend/node_modules/@jest/console/build/index.js:311:10)
      at log (C:\Users\hp\OneDrive - bdu.edu.et(Bahir 
Dar)../../../../../../Internship/Ethiopia 
Ecommerce/ecommerce-backend/test/paymentController.test.js:58:13)
      at runAllTests (C:\Users\hp\OneDrive - bdu.edu.et(Bahir 
Dar)../../../../../../Internship/Ethiopia 
Ecommerce/ecommerce-backend/test/paymentController.test.js:1122:3)


  ΓùÅ  Cannot log after tests are done. Did you forget to wait for something async 
in your test?
    Attempted to log "Γ£à PASSED: Should accept verification with minor floating 
point differences".

    [0m [90m 56 |[39m     testResults[33m.[39mpassed[33m++[39m[33m;[39m
     [90m 57 |[39m     testResults[33m.[39mdetails[33m.[39mpush({ 
name[33m:[39m testName[33m,[39m status[33m:[39m [32m'PASSED'[39m 
})[33m;[39m
    [31m[1m>[22m[39m[90m 58 |[39m     console[33m.[39mlog([32m`Γ£à PASSED: 
${testName}`[39m)[33m;[39m
     [90m    |[39m             [31m[1m^[22m[39m
     [90m 59 |[39m     [36mreturn[39m [36mtrue[39m[33m;[39m
     [90m 60 |[39m   } [36mcatch[39m (error) {
     [90m 61 |[39m     testResults[33m.[39mfailed[33m++[39m[33m;[39m[0m

      at console.log (C:\Users\hp\OneDrive - bdu.edu.et(Bahir 
Dar)../../../../../../Internship/Ethiopia 
Ecommerce/ecommerce-backend/node_modules/@jest/console/build/index.js:311:10)
      at log (C:\Users\hp\OneDrive - bdu.edu.et(Bahir 
Dar)../../../../../../Internship/Ethiopia 
Ecommerce/ecommerce-backend/test/paymentController.test.js:58:13)
      at runAllTests (C:\Users\hp\OneDrive - bdu.edu.et(Bahir 
Dar)../../../../../../Internship/Ethiopia 
Ecommerce/ecommerce-backend/test/paymentController.test.js:1153:3)


  ΓùÅ  Cannot log after tests are done. Did you forget to wait for something async 
in your test?
    Attempted to log "Γ£à PASSED: Should reject verification when currency mismatch".

    [0m [90m 56 |[39m     testResults[33m.[39mpassed[33m++[39m[33m;[39m
     [90m 57 |[39m     testResults[33m.[39mdetails[33m.[39mpush({ 
name[33m:[39m testName[33m,[39m status[33m:[39m [32m'PASSED'[39m 
})[33m;[39m
    [31m[1m>[22m[39m[90m 58 |[39m     console[33m.[39mlog([32m`Γ£à PASSED: 
${testName}`[39m)[33m;[39m
     [90m    |[39m             [31m[1m^[22m[39m
     [90m 59 |[39m     [36mreturn[39m [36mtrue[39m[33m;[39m
     [90m 60 |[39m   } [36mcatch[39m (error) {
     [90m 61 |[39m     testResults[33m.[39mfailed[33m++[39m[33m;[39m[0m

      at console.log (C:\Users\hp\OneDrive - bdu.edu.et(Bahir 
Dar)../../../../../../Internship/Ethiopia 
Ecommerce/ecommerce-backend/node_modules/@jest/console/build/index.js:311:10)
      at log (C:\Users\hp\OneDrive - bdu.edu.et(Bahir 
Dar)../../../../../../Internship/Ethiopia 
Ecommerce/ecommerce-backend/test/paymentController.test.js:58:13)
      at runAllTests (C:\Users\hp\OneDrive - bdu.edu.et(Bahir 
Dar)../../../../../../Internship/Ethiopia 
Ecommerce/ecommerce-backend/test/paymentController.test.js:1184:3)


  ΓùÅ  Cannot log after tests are done. Did you forget to wait for something async 
in your test?
    Attempted to log "
    ≡ƒôï 10.2.8: Test successful payment verification and order update
    ".

    [0m [90m 1217 |[39m
     [90m 1218 |[39m   [90m// ========== 10.2.8: Test successful payment 
verification and order update ==========[39m
    [31m[1m>[22m[39m[90m 1219 |[39m   console[33m.[39mlog([32m'\n≡ƒôï 
10.2.8: Test successful payment verification and order update\n'[39m)[33m;[39m
     [90m      |[39m           [31m[1m^[22m[39m
     [90m 1220 |[39m
     [90m 1221 |[39m   [36mawait[39m runTest([32m'Should successfully verify 
payment and update payment status'[39m[33m,[39m [36masync[39m () [33m=>[39m {
     [90m 1222 |[39m     database[33m.[39mreset()[33m;[39m[0m

      at console.log (C:\Users\hp\OneDrive - bdu.edu.et(Bahir 
Dar)../../../../../../Internship/Ethiopia 
Ecommerce/ecommerce-backend/node_modules/@jest/console/build/index.js:311:10)
      at log (C:\Users\hp\OneDrive - bdu.edu.et(Bahir 
Dar)../../../../../../Internship/Ethiopia 
Ecommerce/ecommerce-backend/test/paymentController.test.js:1219:11)


  ΓùÅ  Cannot log after tests are done. Did you forget to wait for something async 
in your test?
    Attempted to log "Γ£à PASSED: Should successfully verify payment and update 
payment status".

    [0m [90m 56 |[39m     testResults[33m.[39mpassed[33m++[39m[33m;[39m
     [90m 57 |[39m     testResults[33m.[39mdetails[33m.[39mpush({ 
name[33m:[39m testName[33m,[39m status[33m:[39m [32m'PASSED'[39m 
})[33m;[39m
    [31m[1m>[22m[39m[90m 58 |[39m     console[33m.[39mlog([32m`Γ£à PASSED: 
${testName}`[39m)[33m;[39m
     [90m    |[39m             [31m[1m^[22m[39m
     [90m 59 |[39m     [36mreturn[39m [36mtrue[39m[33m;[39m
     [90m 60 |[39m   } [36mcatch[39m (error) {
     [90m 61 |[39m     testResults[33m.[39mfailed[33m++[39m[33m;[39m[0m

      at console.log (C:\Users\hp\OneDrive - bdu.edu.et(Bahir 
Dar)../../../../../../Internship/Ethiopia 
Ecommerce/ecommerce-backend/node_modules/@jest/console/build/index.js:311:10)
      at log (C:\Users\hp\OneDrive - bdu.edu.et(Bahir 
Dar)../../../../../../Internship/Ethiopia 
Ecommerce/ecommerce-backend/test/paymentController.test.js:58:13)
      at runAllTests (C:\Users\hp\OneDrive - bdu.edu.et(Bahir 
Dar)../../../../../../Internship/Ethiopia 
Ecommerce/ecommerce-backend/test/paymentController.test.js:1221:3)


  ΓùÅ  Cannot log after tests are done. Did you forget to wait for something async 
in your test?
    Attempted to log "Γ£à PASSED: Should update order status to paid and confirmed".

    [0m [90m 56 |[39m     testResults[33m.[39mpassed[33m++[39m[33m;[39m
     [90m 57 |[39m     testResults[33m.[39mdetails[33m.[39mpush({ 
name[33m:[39m testName[33m,[39m status[33m:[39m [32m'PASSED'[39m 
})[33m;[39m
    [31m[1m>[22m[39m[90m 58 |[39m     console[33m.[39mlog([32m`Γ£à PASSED: 
${testName}`[39m)[33m;[39m
     [90m    |[39m             [31m[1m^[22m[39m
     [90m 59 |[39m     [36mreturn[39m [36mtrue[39m[33m;[39m
     [90m 60 |[39m   } [36mcatch[39m (error) {
     [90m 61 |[39m     testResults[33m.[39mfailed[33m++[39m[33m;[39m[0m

      at console.log (C:\Users\hp\OneDrive - bdu.edu.et(Bahir 
Dar)../../../../../../Internship/Ethiopia 
Ecommerce/ecommerce-backend/node_modules/@jest/console/build/index.js:311:10)
      at log (C:\Users\hp\OneDrive - bdu.edu.et(Bahir 
Dar)../../../../../../Internship/Ethiopia 
Ecommerce/ecommerce-backend/test/paymentController.test.js:58:13)
      at runAllTests (C:\Users\hp\OneDrive - bdu.edu.et(Bahir 
Dar)../../../../../../Internship/Ethiopia 
Ecommerce/ecommerce-backend/test/paymentController.test.js:1261:3)


  ΓùÅ  Cannot log after tests are done. Did you forget to wait for something async 
in your test?
    Attempted to log "Γ£à PASSED: Should return payment and verification details in 
response".

    [0m [90m 56 |[39m     testResults[33m.[39mpassed[33m++[39m[33m;[39m
     [90m 57 |[39m     testResults[33m.[39mdetails[33m.[39mpush({ 
name[33m:[39m testName[33m,[39m status[33m:[39m [32m'PASSED'[39m 
})[33m;[39m
    [31m[1m>[22m[39m[90m 58 |[39m     console[33m.[39mlog([32m`Γ£à PASSED: 
${testName}`[39m)[33m;[39m
     [90m    |[39m             [31m[1m^[22m[39m
     [90m 59 |[39m     [36mreturn[39m [36mtrue[39m[33m;[39m
     [90m 60 |[39m   } [36mcatch[39m (error) {
     [90m 61 |[39m     testResults[33m.[39mfailed[33m++[39m[33m;[39m[0m

      at console.log (C:\Users\hp\OneDrive - bdu.edu.et(Bahir 
Dar)../../../../../../Internship/Ethiopia 
Ecommerce/ecommerce-backend/node_modules/@jest/console/build/index.js:311:10)
      at log (C:\Users\hp\OneDrive - bdu.edu.et(Bahir 
Dar)../../../../../../Internship/Ethiopia 
Ecommerce/ecommerce-backend/test/paymentController.test.js:58:13)
      at runAllTests (C:\Users\hp\OneDrive - bdu.edu.et(Bahir 
Dar)../../../../../../Internship/Ethiopia 
Ecommerce/ecommerce-backend/test/paymentController.test.js:1295:3)


  ΓùÅ  Cannot log after tests are done. Did you forget to wait for something async 
in your test?
    Attempted to log "Γ£à PASSED: Should handle failed payment verification".

    [0m [90m 56 |[39m     testResults[33m.[39mpassed[33m++[39m[33m;[39m
     [90m 57 |[39m     testResults[33m.[39mdetails[33m.[39mpush({ 
name[33m:[39m testName[33m,[39m status[33m:[39m [32m'PASSED'[39m 
})[33m;[39m
    [31m[1m>[22m[39m[90m 58 |[39m     console[33m.[39mlog([32m`Γ£à PASSED: 
${testName}`[39m)[33m;[39m
     [90m    |[39m             [31m[1m^[22m[39m
     [90m 59 |[39m     [36mreturn[39m [36mtrue[39m[33m;[39m
     [90m 60 |[39m   } [36mcatch[39m (error) {
     [90m 61 |[39m     testResults[33m.[39mfailed[33m++[39m[33m;[39m[0m

      at console.log (C:\Users\hp\OneDrive - bdu.edu.et(Bahir 
Dar)../../../../../../Internship/Ethiopia 
Ecommerce/ecommerce-backend/node_modules/@jest/console/build/index.js:311:10)
      at log (C:\Users\hp\OneDrive - bdu.edu.et(Bahir 
Dar)../../../../../../Internship/Ethiopia 
Ecommerce/ecommerce-backend/test/paymentController.test.js:58:13)
      at runAllTests (C:\Users\hp\OneDrive - bdu.edu.et(Bahir 
Dar)../../../../../../Internship/Ethiopia 
Ecommerce/ecommerce-backend/test/paymentController.test.js:1330:3)


  ΓùÅ  Cannot log after tests are done. Did you forget to wait for something async 
in your test?
    Attempted to log "Γ£à PASSED: Should not update order if already paid".

    [0m [90m 56 |[39m     testResults[33m.[39mpassed[33m++[39m[33m;[39m
     [90m 57 |[39m     testResults[33m.[39mdetails[33m.[39mpush({ 
name[33m:[39m testName[33m,[39m status[33m:[39m [32m'PASSED'[39m 
})[33m;[39m
    [31m[1m>[22m[39m[90m 58 |[39m     console[33m.[39mlog([32m`Γ£à PASSED: 
${testName}`[39m)[33m;[39m
     [90m    |[39m             [31m[1m^[22m[39m
     [90m 59 |[39m     [36mreturn[39m [36mtrue[39m[33m;[39m
     [90m 60 |[39m   } [36mcatch[39m (error) {
     [90m 61 |[39m     testResults[33m.[39mfailed[33m++[39m[33m;[39m[0m

      at console.log (C:\Users\hp\OneDrive - bdu.edu.et(Bahir 
Dar)../../../../../../Internship/Ethiopia 
Ecommerce/ecommerce-backend/node_modules/@jest/console/build/index.js:311:10)
      at log (C:\Users\hp\OneDrive - bdu.edu.et(Bahir 
Dar)../../../../../../Internship/Ethiopia 
Ecommerce/ecommerce-backend/test/paymentController.test.js:58:13)
      at runAllTests (C:\Users\hp\OneDrive - bdu.edu.et(Bahir 
Dar)../../../../../../Internship/Ethiopia 
Ecommerce/ecommerce-backend/test/paymentController.test.js:1369:3)


  ΓùÅ  Cannot log after tests are done. Did you forget to wait for something async 
in your test?
    Attempted to log "Γ£à PASSED: Should return 404 when payment reference not 
found".

    [0m [90m 56 |[39m     testResults[33m.[39mpassed[33m++[39m[33m;[39m
     [90m 57 |[39m     testResults[33m.[39mdetails[33m.[39mpush({ 
name[33m:[39m testName[33m,[39m status[33m:[39m [32m'PASSED'[39m 
})[33m;[39m
    [31m[1m>[22m[39m[90m 58 |[39m     console[33m.[39mlog([32m`Γ£à PASSED: 
${testName}`[39m)[33m;[39m
     [90m    |[39m             [31m[1m^[22m[39m
     [90m 59 |[39m     [36mreturn[39m [36mtrue[39m[33m;[39m
     [90m 60 |[39m   } [36mcatch[39m (error) {
     [90m 61 |[39m     testResults[33m.[39mfailed[33m++[39m[33m;[39m[0m

      at console.log (C:\Users\hp\OneDrive - bdu.edu.et(Bahir 
Dar)../../../../../../Internship/Ethiopia 
Ecommerce/ecommerce-backend/node_modules/@jest/console/build/index.js:311:10)
      at log (C:\Users\hp\OneDrive - bdu.edu.et(Bahir 
Dar)../../../../../../Internship/Ethiopia 
Ecommerce/ecommerce-backend/test/paymentController.test.js:58:13)
      at runAllTests (C:\Users\hp\OneDrive - bdu.edu.et(Bahir 
Dar)../../../../../../Internship/Ethiopia 
Ecommerce/ecommerce-backend/test/paymentController.test.js:1403:3)


  ΓùÅ  Cannot log after tests are done. Did you forget to wait for something async 
in your test?
    Attempted to log "Γ£à PASSED: Should return 400 when reference parameter is 
missing".

    [0m [90m 56 |[39m     testResults[33m.[39mpassed[33m++[39m[33m;[39m
     [90m 57 |[39m     testResults[33m.[39mdetails[33m.[39mpush({ 
name[33m:[39m testName[33m,[39m status[33m:[39m [32m'PASSED'[39m 
})[33m;[39m
    [31m[1m>[22m[39m[90m 58 |[39m     console[33m.[39mlog([32m`Γ£à PASSED: 
${testName}`[39m)[33m;[39m
     [90m    |[39m             [31m[1m^[22m[39m
     [90m 59 |[39m     [36mreturn[39m [36mtrue[39m[33m;[39m
     [90m 60 |[39m   } [36mcatch[39m (error) {
     [90m 61 |[39m     testResults[33m.[39mfailed[33m++[39m[33m;[39m[0m

      at console.log (C:\Users\hp\OneDrive - bdu.edu.et(Bahir 
Dar)../../../../../../Internship/Ethiopia 
Ecommerce/ecommerce-backend/node_modules/@jest/console/build/index.js:311:10)
      at log (C:\Users\hp\OneDrive - bdu.edu.et(Bahir 
Dar)../../../../../../Internship/Ethiopia 
Ecommerce/ecommerce-backend/test/paymentController.test.js:58:13)
      at runAllTests (C:\Users\hp\OneDrive - bdu.edu.et(Bahir 
Dar)../../../../../../Internship/Ethiopia 
Ecommerce/ecommerce-backend/test/paymentController.test.js:1422:3)


  ΓùÅ  Cannot log after tests are done. Did you forget to wait for something async 
in your test?
    Attempted to log "Γ£à PASSED: Should handle Chapa verification errors 
gracefully".

    [0m [90m 56 |[39m     testResults[33m.[39mpassed[33m++[39m[33m;[39m
     [90m 57 |[39m     testResults[33m.[39mdetails[33m.[39mpush({ 
name[33m:[39m testName[33m,[39m status[33m:[39m [32m'PASSED'[39m 
})[33m;[39m
    [31m[1m>[22m[39m[90m 58 |[39m     console[33m.[39mlog([32m`Γ£à PASSED: 
${testName}`[39m)[33m;[39m
     [90m    |[39m             [31m[1m^[22m[39m
     [90m 59 |[39m     [36mreturn[39m [36mtrue[39m[33m;[39m
     [90m 60 |[39m   } [36mcatch[39m (error) {
     [90m 61 |[39m     testResults[33m.[39mfailed[33m++[39m[33m;[39m[0m

      at console.log (C:\Users\hp\OneDrive - bdu.edu.et(Bahir 
Dar)../../../../../../Internship/Ethiopia 
Ecommerce/ecommerce-backend/node_modules/@jest/console/build/index.js:311:10)
      at log (C:\Users\hp\OneDrive - bdu.edu.et(Bahir 
Dar)../../../../../../Internship/Ethiopia 
Ecommerce/ecommerce-backend/test/paymentController.test.js:58:13)
      at runAllTests (C:\Users\hp\OneDrive - bdu.edu.et(Bahir 
Dar)../../../../../../Internship/Ethiopia 
Ecommerce/ecommerce-backend/test/paymentController.test.js:1438:3)


  ΓùÅ  Cannot log after tests are done. Did you forget to wait for something async 
in your test?
    Attempted to log "
    ======================================================================".

    [0m [90m 1465 |[39m
     [90m 1466 |[39m   [90m// Print summary[39m
    [31m[1m>[22m[39m[90m 1467 |[39m   console[33m.[39mlog([32m'\n'[39m 
[33m+[39m [32m'='[39m[33m.[39mrepeat([35m70[39m))[33m;[39m
     [90m      |[39m           [31m[1m^[22m[39m
     [90m 1468 |[39m   console[33m.[39mlog([32m'≡ƒôè TEST 
SUMMARY'[39m)[33m;[39m
     [90m 1469 |[39m   
console[33m.[39mlog([32m'='[39m[33m.[39mrepeat([35m70[39m))[33m;[39m
     [90m 1470 |[39m   console[33m.[39mlog([32m`Total Tests: 
${testResults.total}`[39m)[33m;[39m[0m

      at console.log (C:\Users\hp\OneDrive - bdu.edu.et(Bahir 
Dar)../../../../../../Internship/Ethiopia 
Ecommerce/ecommerce-backend/node_modules/@jest/console/build/index.js:311:10)
      at log (C:\Users\hp\OneDrive - bdu.edu.et(Bahir 
Dar)../../../../../../Internship/Ethiopia 
Ecommerce/ecommerce-backend/test/paymentController.test.js:1467:11)


  ΓùÅ  Cannot log after tests are done. Did you forget to wait for something async 
in your test?
    Attempted to log "≡ƒôè TEST SUMMARY".

    [0m [90m 1466 |[39m   [90m// Print summary[39m
     [90m 1467 |[39m   console[33m.[39mlog([32m'\n'[39m [33m+[39m 
[32m'='[39m[33m.[39mrepeat([35m70[39m))[33m;[39m
    [31m[1m>[22m[39m[90m 1468 |[39m   console[33m.[39mlog([32m'≡ƒôè TEST 
SUMMARY'[39m)[33m;[39m
     [90m      |[39m           [31m[1m^[22m[39m
     [90m 1469 |[39m   
console[33m.[39mlog([32m'='[39m[33m.[39mrepeat([35m70[39m))[33m;[39m
     [90m 1470 |[39m   console[33m.[39mlog([32m`Total Tests: 
${testResults.total}`[39m)[33m;[39m
     [90m 1471 |[39m   console[33m.[39mlog([32m`Passed: ${testResults.passed} 
Γ£à`[39m)[33m;[39m[0m

      at console.log (C:\Users\hp\OneDrive - bdu.edu.et(Bahir 
Dar)../../../../../../Internship/Ethiopia 
Ecommerce/ecommerce-backend/node_modules/@jest/console/build/index.js:311:10)
      at log (C:\Users\hp\OneDrive - bdu.edu.et(Bahir 
Dar)../../../../../../Internship/Ethiopia 
Ecommerce/ecommerce-backend/test/paymentController.test.js:1468:11)


  ΓùÅ  Cannot log after tests are done. Did you forget to wait for something async 
in your test?
    Attempted to log 
"======================================================================".

    [0m [90m 1467 |[39m   console[33m.[39mlog([32m'\n'[39m [33m+[39m 
[32m'='[39m[33m.[39mrepeat([35m70[39m))[33m;[39m
     [90m 1468 |[39m   console[33m.[39mlog([32m'≡ƒôè TEST 
SUMMARY'[39m)[33m;[39m
    [31m[1m>[22m[39m[90m 1469 |[39m   
console[33m.[39mlog([32m'='[39m[33m.[39mrepeat([35m70[39m))[33m;[39m
     [90m      |[39m           [31m[1m^[22m[39m
     [90m 1470 |[39m   console[33m.[39mlog([32m`Total Tests: 
${testResults.total}`[39m)[33m;[39m
     [90m 1471 |[39m   console[33m.[39mlog([32m`Passed: ${testResults.passed} 
Γ£à`[39m)[33m;[39m
     [90m 1472 |[39m   console[33m.[39mlog([32m`Failed: ${testResults.failed} 
Γ¥î`[39m)[33m;[39m[0m

      at console.log (C:\Users\hp\OneDrive - bdu.edu.et(Bahir 
Dar)../../../../../../Internship/Ethiopia 
Ecommerce/ecommerce-backend/node_modules/@jest/console/build/index.js:311:10)
      at log (C:\Users\hp\OneDrive - bdu.edu.et(Bahir 
Dar)../../../../../../Internship/Ethiopia 
Ecommerce/ecommerce-backend/test/paymentController.test.js:1469:11)


  ΓùÅ  Cannot log after tests are done. Did you forget to wait for something async 
in your test?
    Attempted to log "Total Tests: 34".

    [0m [90m 1468 |[39m   console[33m.[39mlog([32m'≡ƒôè TEST 
SUMMARY'[39m)[33m;[39m
     [90m 1469 |[39m   
console[33m.[39mlog([32m'='[39m[33m.[39mrepeat([35m70[39m))[33m;[39m
    [31m[1m>[22m[39m[90m 1470 |[39m   console[33m.[39mlog([32m`Total Tests: 
${testResults.total}`[39m)[33m;[39m
     [90m      |[39m           [31m[1m^[22m[39m
     [90m 1471 |[39m   console[33m.[39mlog([32m`Passed: ${testResults.passed} 
Γ£à`[39m)[33m;[39m
     [90m 1472 |[39m   console[33m.[39mlog([32m`Failed: ${testResults.failed} 
Γ¥î`[39m)[33m;[39m
     [90m 1473 |[39m   console[33m.[39mlog([32m`Success Rate: 
${((testResults.passed / testResults.total) * 100).toFixed(2)}%`[39m)[33m;[39m[0m

      at console.log (C:\Users\hp\OneDrive - bdu.edu.et(Bahir 
Dar)../../../../../../Internship/Ethiopia 
Ecommerce/ecommerce-backend/node_modules/@jest/console/build/index.js:311:10)
      at log (C:\Users\hp\OneDrive - bdu.edu.et(Bahir 
Dar)../../../../../../Internship/Ethiopia 
Ecommerce/ecommerce-backend/test/paymentController.test.js:1470:11)


  ΓùÅ  Cannot log after tests are done. Did you forget to wait for something async 
in your test?
    Attempted to log "Passed: 34 Γ£à".

    [0m [90m 1469 |[39m   
console[33m.[39mlog([32m'='[39m[33m.[39mrepeat([35m70[39m))[33m;[39m
     [90m 1470 |[39m   console[33m.[39mlog([32m`Total Tests: 
${testResults.total}`[39m)[33m;[39m
    [31m[1m>[22m[39m[90m 1471 |[39m   console[33m.[39mlog([32m`Passed: 
${testResults.passed} Γ£à`[39m)[33m;[39m
     [90m      |[39m           [31m[1m^[22m[39m
     [90m 1472 |[39m   console[33m.[39mlog([32m`Failed: ${testResults.failed} 
Γ¥î`[39m)[33m;[39m
     [90m 1473 |[39m   console[33m.[39mlog([32m`Success Rate: 
${((testResults.passed / testResults.total) * 100).toFixed(2)}%`[39m)[33m;[39m
     [90m 1474 |[39m   
console[33m.[39mlog([32m'='[39m[33m.[39mrepeat([35m70[39m) [33m+[39m 
[32m'\n'[39m)[33m;[39m[0m

      at console.log (C:\Users\hp\OneDrive - bdu.edu.et(Bahir 
Dar)../../../../../../Internship/Ethiopia 
Ecommerce/ecommerce-backend/node_modules/@jest/console/build/index.js:311:10)
      at log (C:\Users\hp\OneDrive - bdu.edu.et(Bahir 
Dar)../../../../../../Internship/Ethiopia 
Ecommerce/ecommerce-backend/test/paymentController.test.js:1471:11)


  ΓùÅ  Cannot log after tests are done. Did you forget to wait for something async 
in your test?
    Attempted to log "Failed: 0 Γ¥î".

    [0m [90m 1470 |[39m   console[33m.[39mlog([32m`Total Tests: 
${testResults.total}`[39m)[33m;[39m
     [90m 1471 |[39m   console[33m.[39mlog([32m`Passed: ${testResults.passed} 
Γ£à`[39m)[33m;[39m
    [31m[1m>[22m[39m[90m 1472 |[39m   console[33m.[39mlog([32m`Failed: 
${testResults.failed} Γ¥î`[39m)[33m;[39m
     [90m      |[39m           [31m[1m^[22m[39m
     [90m 1473 |[39m   console[33m.[39mlog([32m`Success Rate: 
${((testResults.passed / testResults.total) * 100).toFixed(2)}%`[39m)[33m;[39m
     [90m 1474 |[39m   
console[33m.[39mlog([32m'='[39m[33m.[39mrepeat([35m70[39m) [33m+[39m 
[32m'\n'[39m)[33m;[39m
     [90m 1475 |[39m[0m

      at console.log (C:\Users\hp\OneDrive - bdu.edu.et(Bahir 
Dar)../../../../../../Internship/Ethiopia 
Ecommerce/ecommerce-backend/node_modules/@jest/console/build/index.js:311:10)
      at log (C:\Users\hp\OneDrive - bdu.edu.et(Bahir 
Dar)../../../../../../Internship/Ethiopia 
Ecommerce/ecommerce-backend/test/paymentController.test.js:1472:11)


  ΓùÅ  Cannot log after tests are done. Did you forget to wait for something async 
in your test?
    Attempted to log "Success Rate: 100.00%".

    [0m [90m 1471 |[39m   console[33m.[39mlog([32m`Passed: 
${testResults.passed} Γ£à`[39m)[33m;[39m
     [90m 1472 |[39m   console[33m.[39mlog([32m`Failed: ${testResults.failed} 
Γ¥î`[39m)[33m;[39m
    [31m[1m>[22m[39m[90m 1473 |[39m   console[33m.[39mlog([32m`Success 
Rate: ${((testResults.passed / testResults.total) * 
100).toFixed(2)}%`[39m)[33m;[39m
     [90m      |[39m           [31m[1m^[22m[39m
     [90m 1474 |[39m   
console[33m.[39mlog([32m'='[39m[33m.[39mrepeat([35m70[39m) [33m+[39m 
[32m'\n'[39m)[33m;[39m
     [90m 1475 |[39m
     [90m 1476 |[39m   [36mif[39m (testResults[33m.[39mfailed [33m>[39m 
[35m0[39m) {[0m

      at console.log (C:\Users\hp\OneDrive - bdu.edu.et(Bahir 
Dar)../../../../../../Internship/Ethiopia 
Ecommerce/ecommerce-backend/node_modules/@jest/console/build/index.js:311:10)
      at log (C:\Users\hp\OneDrive - bdu.edu.et(Bahir 
Dar)../../../../../../Internship/Ethiopia 
Ecommerce/ecommerce-backend/test/paymentController.test.js:1473:11)


  ΓùÅ  Cannot log after tests are done. Did you forget to wait for something async 
in your test?
    Attempted to log 
"======================================================================
    ".

    [0m [90m 1472 |[39m   console[33m.[39mlog([32m`Failed: 
${testResults.failed} Γ¥î`[39m)[33m;[39m
     [90m 1473 |[39m   console[33m.[39mlog([32m`Success Rate: 
${((testResults.passed / testResults.total) * 100).toFixed(2)}%`[39m)[33m;[39m
    [31m[1m>[22m[39m[90m 1474 |[39m   
console[33m.[39mlog([32m'='[39m[33m.[39mrepeat([35m70[39m) [33m+[39m 
[32m'\n'[39m)[33m;[39m
     [90m      |[39m           [31m[1m^[22m[39m
     [90m 1475 |[39m
     [90m 1476 |[39m   [36mif[39m (testResults[33m.[39mfailed [33m>[39m 
[35m0[39m) {
     [90m 1477 |[39m     console[33m.[39mlog([32m'Γ¥î FAILED 
TESTS:'[39m)[33m;[39m[0m

      at console.log (C:\Users\hp\OneDrive - bdu.edu.et(Bahir 
Dar)../../../../../../Internship/Ethiopia 
Ecommerce/ecommerce-backend/node_modules/@jest/console/build/index.js:311:10)
      at log (C:\Users\hp\OneDrive - bdu.edu.et(Bahir 
Dar)../../../../../../Internship/Ethiopia 
Ecommerce/ecommerce-backend/test/paymentController.test.js:1474:11)

  ΓùÅ  process.exit called with "0"

    [0m [90m 1486 |[39m
     [90m 1487 |[39m   [90m// Exit with appropriate code[39m
    [31m[1m>[22m[39m[90m 1488 |[39m   
process[33m.[39mexit(testResults[33m.[39mfailed [33m>[39m [35m0[39m 
[33m?[39m [35m1[39m [33m:[39m [35m0[39m)[33m;[39m
     [90m      |[39m           [31m[1m^[22m[39m
     [90m 1489 |[39m }
     [90m 1490 |[39m
     [90m 1491 |[39m [90m// Run tests[39m[0m

      at exit (C:\Users\hp\OneDrive - bdu.edu.et(Bahir 
Dar)../../../../../../Internship/Ethiopia 
Ecommerce/ecommerce-backend/test/paymentController.test.js:1488:11)
npm verbose cwd C:\Users\hp\OneDrive - bdu.edu.et(Bahir Dar)\Internship\Ethiopia 
Ecommerce\ecommerce-backend
npm verbose os Windows_NT 10.0.26200
npm verbose node v24.2.0
npm verbose npm  v11.3.0
npm verbose exit 0
npm info ok
